Archive member included because of file (symbol)

c:/altera/13.0sp1/nios2eds/bin/gnu/h-i686-mingw32/bin/../lib/gcc/nios2-elf/4.1.2/mno-hw-mul\libgcc.a(lib2-mul.o)
                              obj/default/hello_world.o (__mulsi3)
c:/altera/13.0sp1/nios2eds/bin/gnu/h-i686-mingw32/bin/../lib/gcc/nios2-elf/4.1.2/../../../../nios2-elf/lib/mno-hw-mul\libsmallc.a(lib_a-printf.o)
                              obj/default/hello_world.o (printf)
c:/altera/13.0sp1/nios2eds/bin/gnu/h-i686-mingw32/bin/../lib/gcc/nios2-elf/4.1.2/../../../../nios2-elf/lib/mno-hw-mul\libsmallc.a(lib_a-putchar.o)
                              obj/default/hello_world.o (putchar)
c:/altera/13.0sp1/nios2eds/bin/gnu/h-i686-mingw32/bin/../lib/gcc/nios2-elf/4.1.2/../../../../nios2-elf/lib/mno-hw-mul\libsmallc.a(lib_a-puts.o)
                              obj/default/hello_world.o (puts)
c:/altera/13.0sp1/nios2eds/bin/gnu/h-i686-mingw32/bin/../lib/gcc/nios2-elf/4.1.2/../../../../nios2-elf/lib/mno-hw-mul\libsmallc.a(lib_a-strlen.o)
                              c:/altera/13.0sp1/nios2eds/bin/gnu/h-i686-mingw32/bin/../lib/gcc/nios2-elf/4.1.2/../../../../nios2-elf/lib/mno-hw-mul\libsmallc.a(lib_a-puts.o) (strlen)
c:/altera/13.0sp1/nios2eds/bin/gnu/h-i686-mingw32/bin/../lib/gcc/nios2-elf/4.1.2/../../../../nios2-elf/lib/mno-hw-mul\libsmallc.a(lib_a-vfprintf.o)
                              c:/altera/13.0sp1/nios2eds/bin/gnu/h-i686-mingw32/bin/../lib/gcc/nios2-elf/4.1.2/../../../../nios2-elf/lib/mno-hw-mul\libsmallc.a(lib_a-printf.o) (___vfprintf_internal_r)
c:/altera/13.0sp1/nios2eds/bin/gnu/h-i686-mingw32/bin/../lib/gcc/nios2-elf/4.1.2/../../../../nios2-elf/lib/mno-hw-mul\libsmallc.a(lib_a-fvwrite_small_dev.o)
                              c:/altera/13.0sp1/nios2eds/bin/gnu/h-i686-mingw32/bin/../lib/gcc/nios2-elf/4.1.2/../../../../nios2-elf/lib/mno-hw-mul\libsmallc.a(lib_a-printf.o) (__sfvwrite_small_dev)
c:/altera/13.0sp1/nios2eds/bin/gnu/h-i686-mingw32/bin/../lib/gcc/nios2-elf/4.1.2/../../../../nios2-elf/lib/mno-hw-mul\libsmallc.a(lib_a-impure.o)
                              c:/altera/13.0sp1/nios2eds/bin/gnu/h-i686-mingw32/bin/../lib/gcc/nios2-elf/4.1.2/../../../../nios2-elf/lib/mno-hw-mul\libsmallc.a(lib_a-printf.o) (_impure_ptr)
c:/altera/13.0sp1/nios2eds/bin/gnu/h-i686-mingw32/bin/../lib/gcc/nios2-elf/4.1.2/../../../../nios2-elf/lib/mno-hw-mul\libsmallc.a(lib_a-putc.o)
                              c:/altera/13.0sp1/nios2eds/bin/gnu/h-i686-mingw32/bin/../lib/gcc/nios2-elf/4.1.2/../../../../nios2-elf/lib/mno-hw-mul\libsmallc.a(lib_a-putchar.o) (_putc_r)
c:/altera/13.0sp1/nios2eds/bin/gnu/h-i686-mingw32/bin/../lib/gcc/nios2-elf/4.1.2/../../../../nios2-elf/lib/mno-hw-mul\libsmallc.a(lib_a-writer.o)
                              c:/altera/13.0sp1/nios2eds/bin/gnu/h-i686-mingw32/bin/../lib/gcc/nios2-elf/4.1.2/../../../../nios2-elf/lib/mno-hw-mul\libsmallc.a(lib_a-fvwrite_small_dev.o) (_write_r)
c:/altera/13.0sp1/nios2eds/bin/gnu/h-i686-mingw32/bin/../lib/gcc/nios2-elf/4.1.2/../../../../nios2-elf/lib/mno-hw-mul\libsmallc.a(lib_a-int_errno.o)
                              c:/altera/13.0sp1/nios2eds/bin/gnu/h-i686-mingw32/bin/../lib/gcc/nios2-elf/4.1.2/../../../../nios2-elf/lib/mno-hw-mul\libsmallc.a(lib_a-writer.o) (errno)
c:/altera/13.0sp1/nios2eds/bin/gnu/h-i686-mingw32/bin/../lib/gcc/nios2-elf/4.1.2/mno-hw-mul\libgcc.a(lib2-divmod.o)
                              c:/altera/13.0sp1/nios2eds/bin/gnu/h-i686-mingw32/bin/../lib/gcc/nios2-elf/4.1.2/../../../../nios2-elf/lib/mno-hw-mul\libsmallc.a(lib_a-vfprintf.o) (__udivsi3)
../P3_f_bsp/\libhal_bsp.a(alt_irq_register.o)
                              obj/default/hello_world.o (alt_irq_register)
../P3_f_bsp/\libhal_bsp.a(alt_irq_vars.o)
                              ../P3_f_bsp/\libhal_bsp.a(alt_irq_register.o) (alt_irq_active)
../P3_f_bsp/\libhal_bsp.a(alt_load.o)
                              ../P3_f_bsp//obj/HAL/src/crt0.o (alt_load)
../P3_f_bsp/\libhal_bsp.a(alt_main.o)
                              ../P3_f_bsp//obj/HAL/src/crt0.o (alt_main)
../P3_f_bsp/\libhal_bsp.a(alt_usleep.o)
                              obj/default/hello_world.o (usleep)
../P3_f_bsp/\libhal_bsp.a(alt_write.o)
                              c:/altera/13.0sp1/nios2eds/bin/gnu/h-i686-mingw32/bin/../lib/gcc/nios2-elf/4.1.2/../../../../nios2-elf/lib/mno-hw-mul\libsmallc.a(lib_a-writer.o) (write)
../P3_f_bsp/\libhal_bsp.a(alt_sys_init.o)
                              ../P3_f_bsp/\libhal_bsp.a(alt_main.o) (alt_irq_init)
../P3_f_bsp/\libhal_bsp.a(altera_avalon_jtag_uart_fd.o)
                              ../P3_f_bsp/\libhal_bsp.a(alt_sys_init.o) (altera_avalon_jtag_uart_read_fd)
../P3_f_bsp/\libhal_bsp.a(altera_avalon_jtag_uart_read.o)
                              ../P3_f_bsp/\libhal_bsp.a(altera_avalon_jtag_uart_fd.o) (altera_avalon_jtag_uart_read)
../P3_f_bsp/\libhal_bsp.a(altera_avalon_jtag_uart_write.o)
                              ../P3_f_bsp/\libhal_bsp.a(altera_avalon_jtag_uart_fd.o) (altera_avalon_jtag_uart_write)
../P3_f_bsp/\libhal_bsp.a(altera_avalon_timer_sc.o)
                              ../P3_f_bsp/\libhal_bsp.a(alt_sys_init.o) (alt_avalon_timer_sc_init)
../P3_f_bsp/\libhal_bsp.a(alt_busy_sleep.o)
                              ../P3_f_bsp/\libhal_bsp.a(alt_usleep.o) (alt_busy_sleep)
../P3_f_bsp/\libhal_bsp.a(alt_close.o)
                              ../P3_f_bsp/\libhal_bsp.a(alt_main.o) (close)
../P3_f_bsp/\libhal_bsp.a(alt_dcache_flush_all.o)
                              ../P3_f_bsp/\libhal_bsp.a(alt_load.o) (alt_dcache_flush_all)
../P3_f_bsp/\libhal_bsp.a(alt_dev.o)
                              ../P3_f_bsp/\libhal_bsp.a(alt_sys_init.o) (alt_dev_list)
../P3_f_bsp/\libhal_bsp.a(alt_dev_llist_insert.o)
                              ../P3_f_bsp/\libhal_bsp.a(alt_sys_init.o) (alt_dev_llist_insert)
../P3_f_bsp/\libhal_bsp.a(alt_errno.o)
                              ../P3_f_bsp/\libhal_bsp.a(alt_write.o) (alt_errno)
../P3_f_bsp/\libhal_bsp.a(alt_icache_flush_all.o)
                              ../P3_f_bsp/\libhal_bsp.a(alt_load.o) (alt_icache_flush_all)
../P3_f_bsp/\libhal_bsp.a(alt_iic.o)
                              ../P3_f_bsp/\libhal_bsp.a(altera_avalon_timer_sc.o) (alt_ic_isr_register)
../P3_f_bsp/\libhal_bsp.a(alt_iic_isr_register.o)
                              ../P3_f_bsp/\libhal_bsp.a(alt_iic.o) (alt_iic_isr_register)
../P3_f_bsp/\libhal_bsp.a(alt_io_redirect.o)
                              ../P3_f_bsp/\libhal_bsp.a(alt_main.o) (alt_io_redirect)
../P3_f_bsp/\libhal_bsp.a(alt_irq_entry.o)
                              ../P3_f_bsp/\libhal_bsp.a(alt_irq_register.o) (alt_irq_entry)
../P3_f_bsp/\libhal_bsp.a(alt_irq_handler.o)
                              ../P3_f_bsp/\libhal_bsp.a(alt_irq_register.o) (alt_irq_handler)
../P3_f_bsp/\libhal_bsp.a(alt_open.o)
                              ../P3_f_bsp/\libhal_bsp.a(alt_io_redirect.o) (open)
../P3_f_bsp/\libhal_bsp.a(alt_release_fd.o)
                              ../P3_f_bsp/\libhal_bsp.a(alt_close.o) (alt_release_fd)
../P3_f_bsp/\libhal_bsp.a(alt_tick.o)
                              ../P3_f_bsp/\libhal_bsp.a(altera_avalon_timer_sc.o) (_alt_tick_rate)
../P3_f_bsp/\libhal_bsp.a(altera_nios2_qsys_irq.o)
                              ../P3_f_bsp/\libhal_bsp.a(alt_sys_init.o) (altera_nios2_qsys_irq_init)
../P3_f_bsp/\libhal_bsp.a(alt_exception_entry.o)
                              ../P3_f_bsp/\libhal_bsp.a(alt_irq_entry.o) (alt_exception)
../P3_f_bsp/\libhal_bsp.a(alt_find_dev.o)
                              ../P3_f_bsp/\libhal_bsp.a(alt_open.o) (alt_find_dev)
../P3_f_bsp/\libhal_bsp.a(alt_find_file.o)
                              ../P3_f_bsp/\libhal_bsp.a(alt_open.o) (alt_find_file)
../P3_f_bsp/\libhal_bsp.a(alt_get_fd.o)
                              ../P3_f_bsp/\libhal_bsp.a(alt_open.o) (alt_get_fd)
c:/altera/13.0sp1/nios2eds/bin/gnu/h-i686-mingw32/bin/../lib/gcc/nios2-elf/4.1.2/../../../../nios2-elf/lib/mno-hw-mul\libsmallc.a(lib_a-exit.o)
                              ../P3_f_bsp/\libhal_bsp.a(alt_main.o) (exit)
c:/altera/13.0sp1/nios2eds/bin/gnu/h-i686-mingw32/bin/../lib/gcc/nios2-elf/4.1.2/../../../../nios2-elf/lib/mno-hw-mul\libsmallc.a(lib_a-memcmp.o)
                              ../P3_f_bsp/\libhal_bsp.a(alt_find_dev.o) (memcmp)
c:/altera/13.0sp1/nios2eds/bin/gnu/h-i686-mingw32/bin/../lib/gcc/nios2-elf/4.1.2/../../../../nios2-elf/lib/mno-hw-mul\libsmallc.a(lib_a-__call_atexit.o)
                              c:/altera/13.0sp1/nios2eds/bin/gnu/h-i686-mingw32/bin/../lib/gcc/nios2-elf/4.1.2/../../../../nios2-elf/lib/mno-hw-mul\libsmallc.a(lib_a-exit.o) (__call_exitprocs)
../P3_f_bsp/\libhal_bsp.a(alt_exit.o)
                              c:/altera/13.0sp1/nios2eds/bin/gnu/h-i686-mingw32/bin/../lib/gcc/nios2-elf/4.1.2/../../../../nios2-elf/lib/mno-hw-mul\libsmallc.a(lib_a-exit.o) (_exit)

Allocating common symbols
Common symbol       size              file

alt_irq             0x100             ../P3_f_bsp/\libhal_bsp.a(alt_irq_handler.o)
x                   0x4               obj/default/hello_world.o
errno               0x4               c:/altera/13.0sp1/nios2eds/bin/gnu/h-i686-mingw32/bin/../lib/gcc/nios2-elf/4.1.2/../../../../nios2-elf/lib/mno-hw-mul\libsmallc.a(lib_a-int_errno.o)
jx                  0x4               obj/default/hello_world.o
mat1                0x20              obj/default/hello_world.o
kx                  0x4               obj/default/hello_world.o
mat2                0x20              obj/default/hello_world.o
lfsr                0x1               obj/default/hello_world.o
ix                  0x4               obj/default/hello_world.o
res                 0x80              obj/default/hello_world.o

Memory Configuration

Name             Origin             Length             Attributes
reset            0x00004000         0x00000020
RAM              0x00004020         0x00003fe0
*default*        0x00000000         0xffffffff

Linker script and memory map

LOAD ../P3_f_bsp//obj/HAL/src/crt0.o
LOAD obj/default/hello_world.o
LOAD c:/altera/13.0sp1/nios2eds/bin/gnu/h-i686-mingw32/bin/../lib/gcc/nios2-elf/4.1.2/../../../../nios2-elf/lib/mno-hw-mul\libstdc++.a
LOAD c:/altera/13.0sp1/nios2eds/bin/gnu/h-i686-mingw32/bin/../lib/gcc/nios2-elf/4.1.2/../../../../nios2-elf/lib/mno-hw-mul\libm.a
LOAD c:/altera/13.0sp1/nios2eds/bin/gnu/h-i686-mingw32/bin/../lib/gcc/nios2-elf/4.1.2/mno-hw-mul\libgcc.a
START GROUP
LOAD c:/altera/13.0sp1/nios2eds/bin/gnu/h-i686-mingw32/bin/../lib/gcc/nios2-elf/4.1.2/../../../../nios2-elf/lib/mno-hw-mul\libsmallc.a
LOAD c:/altera/13.0sp1/nios2eds/bin/gnu/h-i686-mingw32/bin/../lib/gcc/nios2-elf/4.1.2/mno-hw-mul\libgcc.a
LOAD ../P3_f_bsp/\libhal_bsp.a
END GROUP
LOAD c:/altera/13.0sp1/nios2eds/bin/gnu/h-i686-mingw32/bin/../lib/gcc/nios2-elf/4.1.2/mno-hw-mul\libgcc.a
                0x00004000                __alt_mem_RAM = 0x4000

.entry          0x00004000       0x20
 *(.entry)
 .entry         0x00004000       0x20 ../P3_f_bsp//obj/HAL/src/crt0.o
                0x00004000                __reset

.exceptions     0x00004020      0x194
                0x00004020                PROVIDE (__ram_exceptions_start, ABSOLUTE (.))
                0x00004020                . = ALIGN (0x20)
 *(.irq)
 *(.exceptions.entry.label)
 .exceptions.entry.label
                0x00004020        0x0 ../P3_f_bsp/\libhal_bsp.a(alt_irq_entry.o)
                0x00004020                alt_irq_entry
 .exceptions.entry.label
                0x00004020        0x0 ../P3_f_bsp/\libhal_bsp.a(alt_exception_entry.o)
                0x00004020                alt_exception
 *(.exceptions.entry.user)
 *(.exceptions.entry)
 .exceptions.entry
                0x00004020       0x54 ../P3_f_bsp/\libhal_bsp.a(alt_exception_entry.o)
 *(.exceptions.irqtest.user)
 *(.exceptions.irqtest)
 .exceptions.irqtest
                0x00004074       0x10 ../P3_f_bsp/\libhal_bsp.a(alt_irq_entry.o)
 *(.exceptions.irqhandler.user)
 *(.exceptions.irqhandler)
 .exceptions.irqhandler
                0x00004084        0x4 ../P3_f_bsp/\libhal_bsp.a(alt_irq_entry.o)
 *(.exceptions.irqreturn.user)
 *(.exceptions.irqreturn)
 .exceptions.irqreturn
                0x00004088        0x4 ../P3_f_bsp/\libhal_bsp.a(alt_irq_entry.o)
 *(.exceptions.notirq.label)
 .exceptions.notirq.label
                0x0000408c        0x0 ../P3_f_bsp/\libhal_bsp.a(alt_irq_entry.o)
 *(.exceptions.notirq.user)
 *(.exceptions.notirq)
 .exceptions.notirq
                0x0000408c        0x8 ../P3_f_bsp/\libhal_bsp.a(alt_exception_entry.o)
 *(.exceptions.soft.user)
 *(.exceptions.soft)
 *(.exceptions.unknown.user)
 *(.exceptions.unknown)
 .exceptions.unknown
                0x00004094        0x4 ../P3_f_bsp/\libhal_bsp.a(alt_exception_entry.o)
 *(.exceptions.exit.label)
 .exceptions.exit.label
                0x00004098        0x0 ../P3_f_bsp/\libhal_bsp.a(alt_irq_entry.o)
 .exceptions.exit.label
                0x00004098        0x0 ../P3_f_bsp/\libhal_bsp.a(alt_exception_entry.o)
 *(.exceptions.exit.user)
 *(.exceptions.exit)
 .exceptions.exit
                0x00004098       0x54 ../P3_f_bsp/\libhal_bsp.a(alt_exception_entry.o)
 *(.exceptions)
 .exceptions    0x000040ec       0xc8 ../P3_f_bsp/\libhal_bsp.a(alt_irq_handler.o)
                0x000040ec                alt_irq_handler
                0x000041b4                PROVIDE (__ram_exceptions_end, ABSOLUTE (.))
                0x00004020                PROVIDE (__flash_exceptions_start, LOADADDR (.exceptions))

.text           0x000041b4     0x307c
                0x000041b4                PROVIDE (stext, ABSOLUTE (.))
 *(.interp)
 *(.hash)
 *(.dynsym)
 *(.dynstr)
 *(.gnu.version)
 *(.gnu.version_d)
 *(.gnu.version_r)
 *(.rel.init)
 *(.rela.init)
 *(.rel.text .rel.text.* .rel.gnu.linkonce.t.*)
 *(.rela.text .rela.text.* .rela.gnu.linkonce.t.*)
 *(.rel.fini)
 *(.rela.fini)
 *(.rel.rodata .rel.rodata.* .rel.gnu.linkonce.r.*)
 *(.rela.rodata .rela.rodata.* .rela.gnu.linkonce.r.*)
 *(.rel.data .rel.data.* .rel.gnu.linkonce.d.*)
 *(.rela.data .rela.data.* .rela.gnu.linkonce.d.*)
 *(.rel.tdata .rel.tdata.* .rel.gnu.linkonce.td.*)
 *(.rela.tdata .rela.tdata.* .rela.gnu.linkonce.td.*)
 *(.rel.tbss .rel.tbss.* .rel.gnu.linkonce.tb.*)
 *(.rela.tbss .rela.tbss.* .rela.gnu.linkonce.tb.*)
 *(.rel.ctors)
 *(.rela.ctors)
 *(.rel.dtors)
 *(.rela.dtors)
 *(.rel.got)
 *(.rela.got)
 *(.rel.sdata .rel.sdata.* .rel.gnu.linkonce.s.*)
 *(.rela.sdata .rela.sdata.* .rela.gnu.linkonce.s.*)
 *(.rel.sbss .rel.sbss.* .rel.gnu.linkonce.sb.*)
 *(.rela.sbss .rela.sbss.* .rela.gnu.linkonce.sb.*)
 *(.rel.sdata2 .rel.sdata2.* .rel.gnu.linkonce.s2.*)
 *(.rela.sdata2 .rela.sdata2.* .rela.gnu.linkonce.s2.*)
 *(.rel.sbss2 .rel.sbss2.* .rel.gnu.linkonce.sb2.*)
 *(.rela.sbss2 .rela.sbss2.* .rela.gnu.linkonce.sb2.*)
 *(.rel.bss .rel.bss.* .rel.gnu.linkonce.b.*)
 *(.rela.bss .rela.bss.* .rela.gnu.linkonce.b.*)
 *(.rel.plt)
 *(.rela.plt)
 *(.rel.dyn)
 *(.init)
 *(.plt)
 *(.text .stub .text.* .gnu.linkonce.t.*)
 .text          0x000041b4       0x3c ../P3_f_bsp//obj/HAL/src/crt0.o
                0x000041b4                _start
 .text          0x000041f0      0x8ac obj/default/hello_world.o
                0x000041f0                interrupt_handler
                0x00004230                init_timer
                0x0000426c                init_mat
                0x0000438c                print_mat
                0x00004524                mult_mat
                0x00004814                get_random
                0x00004884                parte_1
                0x0000496c                init_interrupt
                0x000049b4                main
 .text          0x00004a9c       0x38 c:/altera/13.0sp1/nios2eds/bin/gnu/h-i686-mingw32/bin/../lib/gcc/nios2-elf/4.1.2/mno-hw-mul\libgcc.a(lib2-mul.o)
                0x00004a9c                __mulsi3
 .text          0x00004ad4       0x98 c:/altera/13.0sp1/nios2eds/bin/gnu/h-i686-mingw32/bin/../lib/gcc/nios2-elf/4.1.2/../../../../nios2-elf/lib/mno-hw-mul\libsmallc.a(lib_a-printf.o)
                0x00004ad4                printf
                0x00004b28                _printf_r
 .text          0x00004b6c       0x24 c:/altera/13.0sp1/nios2eds/bin/gnu/h-i686-mingw32/bin/../lib/gcc/nios2-elf/4.1.2/../../../../nios2-elf/lib/mno-hw-mul\libsmallc.a(lib_a-putchar.o)
                0x00004b6c                putchar
                0x00004b88                _putchar_r
 .text          0x00004b90       0xa4 c:/altera/13.0sp1/nios2eds/bin/gnu/h-i686-mingw32/bin/../lib/gcc/nios2-elf/4.1.2/../../../../nios2-elf/lib/mno-hw-mul\libsmallc.a(lib_a-puts.o)
                0x00004b90                _puts_r
                0x00004c20                puts
 .text          0x00004c34       0x20 c:/altera/13.0sp1/nios2eds/bin/gnu/h-i686-mingw32/bin/../lib/gcc/nios2-elf/4.1.2/../../../../nios2-elf/lib/mno-hw-mul\libsmallc.a(lib_a-strlen.o)
                0x00004c34                strlen
 .text          0x00004c54      0x740 c:/altera/13.0sp1/nios2eds/bin/gnu/h-i686-mingw32/bin/../lib/gcc/nios2-elf/4.1.2/../../../../nios2-elf/lib/mno-hw-mul\libsmallc.a(lib_a-vfprintf.o)
                0x00004cd4                ___vfprintf_internal_r
                0x00005370                __vfprintf_internal
 .text          0x00005394       0xbc c:/altera/13.0sp1/nios2eds/bin/gnu/h-i686-mingw32/bin/../lib/gcc/nios2-elf/4.1.2/../../../../nios2-elf/lib/mno-hw-mul\libsmallc.a(lib_a-fvwrite_small_dev.o)
                0x00005394                __sfvwrite_small_dev
 .text          0x00005450        0x0 c:/altera/13.0sp1/nios2eds/bin/gnu/h-i686-mingw32/bin/../lib/gcc/nios2-elf/4.1.2/../../../../nios2-elf/lib/mno-hw-mul\libsmallc.a(lib_a-impure.o)
 .text          0x00005450       0xe4 c:/altera/13.0sp1/nios2eds/bin/gnu/h-i686-mingw32/bin/../lib/gcc/nios2-elf/4.1.2/../../../../nios2-elf/lib/mno-hw-mul\libsmallc.a(lib_a-putc.o)
                0x00005450                putc
                0x000054c0                _putc_r
 .text          0x00005534       0x78 c:/altera/13.0sp1/nios2eds/bin/gnu/h-i686-mingw32/bin/../lib/gcc/nios2-elf/4.1.2/../../../../nios2-elf/lib/mno-hw-mul\libsmallc.a(lib_a-writer.o)
                0x00005534                _write_r
 .text          0x000055ac        0x0 c:/altera/13.0sp1/nios2eds/bin/gnu/h-i686-mingw32/bin/../lib/gcc/nios2-elf/4.1.2/../../../../nios2-elf/lib/mno-hw-mul\libsmallc.a(lib_a-int_errno.o)
 .text          0x000055ac      0x14c c:/altera/13.0sp1/nios2eds/bin/gnu/h-i686-mingw32/bin/../lib/gcc/nios2-elf/4.1.2/mno-hw-mul\libgcc.a(lib2-divmod.o)
                0x00005628                __divsi3
                0x00005688                __modsi3
                0x000056e8                __udivsi3
                0x000056f0                __umodsi3
 .text          0x000056f8      0x1c0 ../P3_f_bsp/\libhal_bsp.a(alt_irq_register.o)
                0x000056f8                alt_irq_register
 .text          0x000058b8        0x0 ../P3_f_bsp/\libhal_bsp.a(alt_irq_vars.o)
 .text          0x000058b8       0xec ../P3_f_bsp/\libhal_bsp.a(alt_load.o)
                0x000058b8                alt_load
 .text          0x000059a4       0x5c ../P3_f_bsp/\libhal_bsp.a(alt_main.o)
                0x000059a4                alt_main
 .text          0x00005a00       0x30 ../P3_f_bsp/\libhal_bsp.a(alt_usleep.o)
                0x00005a00                usleep
 .text          0x00005a30      0x184 ../P3_f_bsp/\libhal_bsp.a(alt_write.o)
                0x00005a30                write
 .text          0x00005bb4       0xb0 ../P3_f_bsp/\libhal_bsp.a(alt_sys_init.o)
                0x00005bb4                alt_irq_init
                0x00005be8                alt_sys_init
 .text          0x00005c64       0xb0 ../P3_f_bsp/\libhal_bsp.a(altera_avalon_jtag_uart_fd.o)
                0x00005c64                altera_avalon_jtag_uart_read_fd
                0x00005cbc                altera_avalon_jtag_uart_write_fd
 .text          0x00005d14      0x104 ../P3_f_bsp/\libhal_bsp.a(altera_avalon_jtag_uart_read.o)
                0x00005d14                altera_avalon_jtag_uart_read
 .text          0x00005e18       0xa4 ../P3_f_bsp/\libhal_bsp.a(altera_avalon_jtag_uart_write.o)
                0x00005e18                altera_avalon_jtag_uart_write
 .text          0x00005ebc      0x100 ../P3_f_bsp/\libhal_bsp.a(altera_avalon_timer_sc.o)
                0x00005f2c                alt_avalon_timer_sc_init
 .text          0x00005fbc      0x15c ../P3_f_bsp/\libhal_bsp.a(alt_busy_sleep.o)
                0x00005fbc                alt_busy_sleep
 .text          0x00006118      0x160 ../P3_f_bsp/\libhal_bsp.a(alt_close.o)
                0x00006118                close
 .text          0x00006278       0x1c ../P3_f_bsp/\libhal_bsp.a(alt_dcache_flush_all.o)
                0x00006278                alt_dcache_flush_all
 .text          0x00006294       0x2c ../P3_f_bsp/\libhal_bsp.a(alt_dev.o)
 .text          0x000062c0      0x114 ../P3_f_bsp/\libhal_bsp.a(alt_dev_llist_insert.o)
                0x000062c0                alt_dev_llist_insert
 .text          0x000063d4        0x0 ../P3_f_bsp/\libhal_bsp.a(alt_errno.o)
 .text          0x000063d4       0x1c ../P3_f_bsp/\libhal_bsp.a(alt_icache_flush_all.o)
                0x000063d4                alt_icache_flush_all
 .text          0x000063f0      0x1d4 ../P3_f_bsp/\libhal_bsp.a(alt_iic.o)
                0x000063f0                alt_ic_isr_register
                0x00006440                alt_ic_irq_enable
                0x000064dc                alt_ic_irq_disable
                0x0000657c                alt_ic_irq_enabled
 .text          0x000065c4       0xf8 ../P3_f_bsp/\libhal_bsp.a(alt_iic_isr_register.o)
                0x000065c4                alt_iic_isr_register
 .text          0x000066bc      0x150 ../P3_f_bsp/\libhal_bsp.a(alt_io_redirect.o)
                0x00006794                alt_io_redirect
 .text          0x0000680c        0x0 ../P3_f_bsp/\libhal_bsp.a(alt_irq_entry.o)
 .text          0x0000680c        0x0 ../P3_f_bsp/\libhal_bsp.a(alt_irq_handler.o)
 .text          0x0000680c      0x2e4 ../P3_f_bsp/\libhal_bsp.a(alt_open.o)
                0x00006904                open
 .text          0x00006af0       0x78 ../P3_f_bsp/\libhal_bsp.a(alt_release_fd.o)
                0x00006af0                alt_release_fd
 .text          0x00006b68      0x1a4 ../P3_f_bsp/\libhal_bsp.a(alt_tick.o)
                0x00006b68                alt_alarm_stop
                0x00006c00                alt_tick
 .text          0x00006d0c       0x20 ../P3_f_bsp/\libhal_bsp.a(altera_nios2_qsys_irq.o)
                0x00006d0c                altera_nios2_qsys_irq_init
 .text          0x00006d2c        0x0 ../P3_f_bsp/\libhal_bsp.a(alt_exception_entry.o)
 .text          0x00006d2c       0x94 ../P3_f_bsp/\libhal_bsp.a(alt_find_dev.o)
                0x00006d2c                alt_find_dev
 .text          0x00006dc0      0x120 ../P3_f_bsp/\libhal_bsp.a(alt_find_file.o)
                0x00006dc0                alt_find_file
 .text          0x00006ee0       0xd0 ../P3_f_bsp/\libhal_bsp.a(alt_get_fd.o)
                0x00006ee0                alt_get_fd
 .text          0x00006fb0       0x20 c:/altera/13.0sp1/nios2eds/bin/gnu/h-i686-mingw32/bin/../lib/gcc/nios2-elf/4.1.2/../../../../nios2-elf/lib/mno-hw-mul\libsmallc.a(lib_a-exit.o)
                0x00006fb0                exit
 .text          0x00006fd0       0x3c c:/altera/13.0sp1/nios2eds/bin/gnu/h-i686-mingw32/bin/../lib/gcc/nios2-elf/4.1.2/../../../../nios2-elf/lib/mno-hw-mul\libsmallc.a(lib_a-memcmp.o)
                0x00006fd0                memcmp
 .text          0x0000700c      0x1c0 c:/altera/13.0sp1/nios2eds/bin/gnu/h-i686-mingw32/bin/../lib/gcc/nios2-elf/4.1.2/../../../../nios2-elf/lib/mno-hw-mul\libsmallc.a(lib_a-__call_atexit.o)
                0x00007010                __call_exitprocs
 .text          0x000071cc       0x60 ../P3_f_bsp/\libhal_bsp.a(alt_exit.o)
                0x0000720c                _exit
 *(.gnu.warning.*)
 *(.fini)
                0x0000722c                PROVIDE (__etext, ABSOLUTE (.))
                0x0000722c                PROVIDE (_etext, ABSOLUTE (.))
                0x0000722c                PROVIDE (etext, ABSOLUTE (.))
 *(.eh_frame_hdr)
                0x0000722c                . = ALIGN (0x4)
                0x0000722c                PROVIDE (__preinit_array_start, ABSOLUTE (.))
 *(.preinit_array)
                0x0000722c                PROVIDE (__preinit_array_end, ABSOLUTE (.))
                0x0000722c                PROVIDE (__init_array_start, ABSOLUTE (.))
 *(.init_array)
                0x0000722c                PROVIDE (__init_array_end, ABSOLUTE (.))
                0x0000722c                PROVIDE (__fini_array_start, ABSOLUTE (.))
 *(.fini_array)
                0x0000722c                PROVIDE (__fini_array_end, ABSOLUTE (.))
 *(.eh_frame)
 *(.gcc_except_table)
 *(.dynamic)
                0x0000722c                PROVIDE (__CTOR_LIST__, ABSOLUTE (.))
 *(.ctors)
 *(SORT(.ctors.*))
 .ctors.65535   0x0000722c        0x4 c:/altera/13.0sp1/nios2eds/bin/gnu/h-i686-mingw32/bin/../lib/gcc/nios2-elf/4.1.2/../../../../nios2-elf/lib/mno-hw-mul\libsmallc.a(lib_a-__call_atexit.o)
                0x00007230                PROVIDE (__CTOR_END__, ABSOLUTE (.))
                0x00007230                PROVIDE (__DTOR_LIST__, ABSOLUTE (.))
 *(.dtors)
 *(SORT(.dtors.*))
                0x00007230                PROVIDE (__DTOR_END__, ABSOLUTE (.))
 *(.jcr)
                0x00007230                . = ALIGN (0x4)

.rodata         0x00007230       0x88
                0x00007230                PROVIDE (__ram_rodata_start, ABSOLUTE (.))
                0x00007230                . = ALIGN (0x4)
 *(.rodata .rodata.* .gnu.linkonce.r.*)
 .rodata        0x00007230       0x50 obj/default/hello_world.o
 .rodata.str1.4
                0x00007280        0x4 c:/altera/13.0sp1/nios2eds/bin/gnu/h-i686-mingw32/bin/../lib/gcc/nios2-elf/4.1.2/../../../../nios2-elf/lib/mno-hw-mul\libsmallc.a(lib_a-puts.o)
 .rodata        0x00007284       0x14 ../P3_f_bsp/\libhal_bsp.a(alt_main.o)
 .rodata        0x00007298       0x14 ../P3_f_bsp/\libhal_bsp.a(alt_sys_init.o)
 .rodata        0x000072ac        0xc ../P3_f_bsp/\libhal_bsp.a(alt_dev.o)
 *(.rodata1)
                0x000072b8                . = ALIGN (0x4)
                0x000072b8                PROVIDE (__ram_rodata_end, ABSOLUTE (.))
                0x00007230                PROVIDE (__flash_rodata_start, LOADADDR (.rodata))

.rwdata         0x000072b8      0x310 load address 0x000075c8
                0x000072b8                PROVIDE (__ram_rwdata_start, ABSOLUTE (.))
                0x000072b8                . = ALIGN (0x4)
 *(.got.plt)
 *(.got)
 *(.data1)
 *(.data .data.* .gnu.linkonce.d.*)
 .data          0x000072b8        0x0 ../P3_f_bsp//obj/HAL/src/crt0.o
 .data          0x000072b8        0x0 obj/default/hello_world.o
 .data          0x000072b8        0x0 c:/altera/13.0sp1/nios2eds/bin/gnu/h-i686-mingw32/bin/../lib/gcc/nios2-elf/4.1.2/mno-hw-mul\libgcc.a(lib2-mul.o)
 .data          0x000072b8        0x0 c:/altera/13.0sp1/nios2eds/bin/gnu/h-i686-mingw32/bin/../lib/gcc/nios2-elf/4.1.2/../../../../nios2-elf/lib/mno-hw-mul\libsmallc.a(lib_a-printf.o)
 .data          0x000072b8        0x0 c:/altera/13.0sp1/nios2eds/bin/gnu/h-i686-mingw32/bin/../lib/gcc/nios2-elf/4.1.2/../../../../nios2-elf/lib/mno-hw-mul\libsmallc.a(lib_a-putchar.o)
 .data          0x000072b8        0x0 c:/altera/13.0sp1/nios2eds/bin/gnu/h-i686-mingw32/bin/../lib/gcc/nios2-elf/4.1.2/../../../../nios2-elf/lib/mno-hw-mul\libsmallc.a(lib_a-puts.o)
 .data          0x000072b8        0x0 c:/altera/13.0sp1/nios2eds/bin/gnu/h-i686-mingw32/bin/../lib/gcc/nios2-elf/4.1.2/../../../../nios2-elf/lib/mno-hw-mul\libsmallc.a(lib_a-strlen.o)
 .data          0x000072b8        0x0 c:/altera/13.0sp1/nios2eds/bin/gnu/h-i686-mingw32/bin/../lib/gcc/nios2-elf/4.1.2/../../../../nios2-elf/lib/mno-hw-mul\libsmallc.a(lib_a-vfprintf.o)
 .data          0x000072b8        0x0 c:/altera/13.0sp1/nios2eds/bin/gnu/h-i686-mingw32/bin/../lib/gcc/nios2-elf/4.1.2/../../../../nios2-elf/lib/mno-hw-mul\libsmallc.a(lib_a-fvwrite_small_dev.o)
 .data          0x000072b8       0xe0 c:/altera/13.0sp1/nios2eds/bin/gnu/h-i686-mingw32/bin/../lib/gcc/nios2-elf/4.1.2/../../../../nios2-elf/lib/mno-hw-mul\libsmallc.a(lib_a-impure.o)
 .data          0x00007398        0x0 c:/altera/13.0sp1/nios2eds/bin/gnu/h-i686-mingw32/bin/../lib/gcc/nios2-elf/4.1.2/../../../../nios2-elf/lib/mno-hw-mul\libsmallc.a(lib_a-putc.o)
 .data          0x00007398        0x0 c:/altera/13.0sp1/nios2eds/bin/gnu/h-i686-mingw32/bin/../lib/gcc/nios2-elf/4.1.2/../../../../nios2-elf/lib/mno-hw-mul\libsmallc.a(lib_a-writer.o)
 .data          0x00007398        0x0 c:/altera/13.0sp1/nios2eds/bin/gnu/h-i686-mingw32/bin/../lib/gcc/nios2-elf/4.1.2/../../../../nios2-elf/lib/mno-hw-mul\libsmallc.a(lib_a-int_errno.o)
 .data          0x00007398        0x0 c:/altera/13.0sp1/nios2eds/bin/gnu/h-i686-mingw32/bin/../lib/gcc/nios2-elf/4.1.2/mno-hw-mul\libgcc.a(lib2-divmod.o)
 .data          0x00007398        0x0 ../P3_f_bsp/\libhal_bsp.a(alt_irq_register.o)
 .data          0x00007398        0x0 ../P3_f_bsp/\libhal_bsp.a(alt_irq_vars.o)
 .data          0x00007398        0x0 ../P3_f_bsp/\libhal_bsp.a(alt_load.o)
 .data          0x00007398        0x0 ../P3_f_bsp/\libhal_bsp.a(alt_main.o)
 .data          0x00007398        0x0 ../P3_f_bsp/\libhal_bsp.a(alt_usleep.o)
 .data          0x00007398        0x0 ../P3_f_bsp/\libhal_bsp.a(alt_write.o)
 .data          0x00007398       0x2c ../P3_f_bsp/\libhal_bsp.a(alt_sys_init.o)
 .data          0x000073c4        0x0 ../P3_f_bsp/\libhal_bsp.a(altera_avalon_jtag_uart_fd.o)
 .data          0x000073c4        0x0 ../P3_f_bsp/\libhal_bsp.a(altera_avalon_jtag_uart_read.o)
 .data          0x000073c4        0x0 ../P3_f_bsp/\libhal_bsp.a(altera_avalon_jtag_uart_write.o)
 .data          0x000073c4        0x0 ../P3_f_bsp/\libhal_bsp.a(altera_avalon_timer_sc.o)
 .data          0x000073c4        0x0 ../P3_f_bsp/\libhal_bsp.a(alt_busy_sleep.o)
 .data          0x000073c4        0x0 ../P3_f_bsp/\libhal_bsp.a(alt_close.o)
 .data          0x000073c4        0x0 ../P3_f_bsp/\libhal_bsp.a(alt_dcache_flush_all.o)
 .data          0x000073c4      0x1a8 ../P3_f_bsp/\libhal_bsp.a(alt_dev.o)
                0x000073c4                alt_dev_null
                0x000073ec                alt_fd_list
 .data          0x0000756c        0x0 ../P3_f_bsp/\libhal_bsp.a(alt_dev_llist_insert.o)
 .data          0x0000756c        0x0 ../P3_f_bsp/\libhal_bsp.a(alt_errno.o)
 .data          0x0000756c        0x0 ../P3_f_bsp/\libhal_bsp.a(alt_icache_flush_all.o)
 .data          0x0000756c        0x0 ../P3_f_bsp/\libhal_bsp.a(alt_iic.o)
 .data          0x0000756c        0x0 ../P3_f_bsp/\libhal_bsp.a(alt_iic_isr_register.o)
 .data          0x0000756c        0x0 ../P3_f_bsp/\libhal_bsp.a(alt_io_redirect.o)
 .data          0x0000756c        0x0 ../P3_f_bsp/\libhal_bsp.a(alt_irq_entry.o)
 .data          0x0000756c        0x0 ../P3_f_bsp/\libhal_bsp.a(alt_irq_handler.o)
 .data          0x0000756c        0x0 ../P3_f_bsp/\libhal_bsp.a(alt_open.o)
 .data          0x0000756c        0x0 ../P3_f_bsp/\libhal_bsp.a(alt_release_fd.o)
 .data          0x0000756c        0x0 ../P3_f_bsp/\libhal_bsp.a(alt_tick.o)
 .data          0x0000756c        0x0 ../P3_f_bsp/\libhal_bsp.a(altera_nios2_qsys_irq.o)
 .data          0x0000756c        0x0 ../P3_f_bsp/\libhal_bsp.a(alt_exception_entry.o)
 .data          0x0000756c        0x0 ../P3_f_bsp/\libhal_bsp.a(alt_find_dev.o)
 .data          0x0000756c        0x0 ../P3_f_bsp/\libhal_bsp.a(alt_find_file.o)
 .data          0x0000756c        0x0 ../P3_f_bsp/\libhal_bsp.a(alt_get_fd.o)
 .data          0x0000756c        0x0 c:/altera/13.0sp1/nios2eds/bin/gnu/h-i686-mingw32/bin/../lib/gcc/nios2-elf/4.1.2/../../../../nios2-elf/lib/mno-hw-mul\libsmallc.a(lib_a-exit.o)
 .data          0x0000756c        0x0 c:/altera/13.0sp1/nios2eds/bin/gnu/h-i686-mingw32/bin/../lib/gcc/nios2-elf/4.1.2/../../../../nios2-elf/lib/mno-hw-mul\libsmallc.a(lib_a-memcmp.o)
 .data          0x0000756c        0x0 c:/altera/13.0sp1/nios2eds/bin/gnu/h-i686-mingw32/bin/../lib/gcc/nios2-elf/4.1.2/../../../../nios2-elf/lib/mno-hw-mul\libsmallc.a(lib_a-__call_atexit.o)
 .data          0x0000756c        0x0 ../P3_f_bsp/\libhal_bsp.a(alt_exit.o)
                0x0000f56c                _gp = ABSOLUTE ((. + 0x8000))
                0x0000f56c                PROVIDE (gp, _gp)
 *(.rwdata .rwdata.*)
 *(.sdata .sdata.* .gnu.linkonce.s.*)
 .sdata         0x0000756c       0x30 obj/default/hello_world.o
                0x0000756c                hw_acc
                0x00007570                start_mult
                0x00007574                out
                0x00007578                random
                0x0000757c                timer
                0x00007580                T_status
                0x00007584                T_control
                0x00007588                T_low
                0x0000758c                T_high
                0x00007590                T_snap_low
                0x00007594                T_snap_high
                0x00007598                ticks
 .sdata         0x0000759c        0x8 c:/altera/13.0sp1/nios2eds/bin/gnu/h-i686-mingw32/bin/../lib/gcc/nios2-elf/4.1.2/../../../../nios2-elf/lib/mno-hw-mul\libsmallc.a(lib_a-impure.o)
                0x0000759c                _impure_ptr
                0x000075a0                _global_impure_ptr
 .sdata         0x000075a4        0x4 ../P3_f_bsp/\libhal_bsp.a(alt_irq_vars.o)
                0x000075a4                alt_priority_mask
 .sdata         0x000075a8       0x14 ../P3_f_bsp/\libhal_bsp.a(alt_dev.o)
                0x000075a8                alt_fs_list
                0x000075b0                alt_dev_list
                0x000075b8                alt_max_fd
 .sdata         0x000075bc        0x4 ../P3_f_bsp/\libhal_bsp.a(alt_errno.o)
                0x000075bc                alt_errno
 .sdata         0x000075c0        0x8 ../P3_f_bsp/\libhal_bsp.a(alt_tick.o)
                0x000075c0                alt_alarm_list
 *(.sdata2 .sdata2.* .gnu.linkonce.s2.*)
                0x000075c8                . = ALIGN (0x4)
                0x000075c8                _edata = ABSOLUTE (.)
                0x000075c8                PROVIDE (edata, ABSOLUTE (.))
                0x000075c8                PROVIDE (__ram_rwdata_end, ABSOLUTE (.))
                0x000075c8                PROVIDE (__flash_rwdata_start, LOADADDR (.rwdata))

.bss            0x000078d8      0x1f8
                0x000078d8                __bss_start = ABSOLUTE (.)
                0x000078d8                PROVIDE (__sbss_start, ABSOLUTE (.))
                0x000078d8                PROVIDE (___sbss_start, ABSOLUTE (.))
 *(.dynsbss)
 *(.sbss .sbss.* .gnu.linkonce.sb.*)
 .sbss          0x000078d8        0x8 obj/default/hello_world.o
                0x000078d8                leds
                0x000078dc                time_slapsed
 .sbss          0x000078e0       0x14 obj/default/hello_world.o
                0x000078e0                x
                0x000078e4                jx
                0x000078e8                kx
                0x000078ec                lfsr
                0x000078f0                ix
 .sbss          0x000078f4        0x4 c:/altera/13.0sp1/nios2eds/bin/gnu/h-i686-mingw32/bin/../lib/gcc/nios2-elf/4.1.2/../../../../nios2-elf/lib/mno-hw-mul\libsmallc.a(lib_a-int_errno.o)
                0x000078f4                errno
 .sbss          0x000078f8        0x4 ../P3_f_bsp/\libhal_bsp.a(alt_irq_vars.o)
                0x000078f8                alt_irq_active
 .sbss          0x000078fc        0xc ../P3_f_bsp/\libhal_bsp.a(alt_main.o)
                0x000078fc                alt_argc
                0x00007900                alt_argv
                0x00007904                alt_envp
 .sbss          0x00007908        0x8 ../P3_f_bsp/\libhal_bsp.a(alt_tick.o)
                0x00007908                _alt_tick_rate
                0x0000790c                _alt_nticks
 *(.sbss2 .sbss2.* .gnu.linkonce.sb2.*)
 *(.scommon)
                0x00007910                PROVIDE (__sbss_end, ABSOLUTE (.))
                0x00007910                PROVIDE (___sbss_end, ABSOLUTE (.))
 *(.dynbss)
 *(.bss .bss.* .gnu.linkonce.b.*)
 .bss           0x00007910        0x0 ../P3_f_bsp//obj/HAL/src/crt0.o
 .bss           0x00007910        0x0 obj/default/hello_world.o
 .bss           0x00007910        0x0 c:/altera/13.0sp1/nios2eds/bin/gnu/h-i686-mingw32/bin/../lib/gcc/nios2-elf/4.1.2/mno-hw-mul\libgcc.a(lib2-mul.o)
 .bss           0x00007910        0x0 c:/altera/13.0sp1/nios2eds/bin/gnu/h-i686-mingw32/bin/../lib/gcc/nios2-elf/4.1.2/../../../../nios2-elf/lib/mno-hw-mul\libsmallc.a(lib_a-printf.o)
 .bss           0x00007910        0x0 c:/altera/13.0sp1/nios2eds/bin/gnu/h-i686-mingw32/bin/../lib/gcc/nios2-elf/4.1.2/../../../../nios2-elf/lib/mno-hw-mul\libsmallc.a(lib_a-putchar.o)
 .bss           0x00007910        0x0 c:/altera/13.0sp1/nios2eds/bin/gnu/h-i686-mingw32/bin/../lib/gcc/nios2-elf/4.1.2/../../../../nios2-elf/lib/mno-hw-mul\libsmallc.a(lib_a-puts.o)
 .bss           0x00007910        0x0 c:/altera/13.0sp1/nios2eds/bin/gnu/h-i686-mingw32/bin/../lib/gcc/nios2-elf/4.1.2/../../../../nios2-elf/lib/mno-hw-mul\libsmallc.a(lib_a-strlen.o)
 .bss           0x00007910        0x0 c:/altera/13.0sp1/nios2eds/bin/gnu/h-i686-mingw32/bin/../lib/gcc/nios2-elf/4.1.2/../../../../nios2-elf/lib/mno-hw-mul\libsmallc.a(lib_a-vfprintf.o)
 .bss           0x00007910        0x0 c:/altera/13.0sp1/nios2eds/bin/gnu/h-i686-mingw32/bin/../lib/gcc/nios2-elf/4.1.2/../../../../nios2-elf/lib/mno-hw-mul\libsmallc.a(lib_a-fvwrite_small_dev.o)
 .bss           0x00007910        0x0 c:/altera/13.0sp1/nios2eds/bin/gnu/h-i686-mingw32/bin/../lib/gcc/nios2-elf/4.1.2/../../../../nios2-elf/lib/mno-hw-mul\libsmallc.a(lib_a-impure.o)
 .bss           0x00007910        0x0 c:/altera/13.0sp1/nios2eds/bin/gnu/h-i686-mingw32/bin/../lib/gcc/nios2-elf/4.1.2/../../../../nios2-elf/lib/mno-hw-mul\libsmallc.a(lib_a-putc.o)
 .bss           0x00007910        0x0 c:/altera/13.0sp1/nios2eds/bin/gnu/h-i686-mingw32/bin/../lib/gcc/nios2-elf/4.1.2/../../../../nios2-elf/lib/mno-hw-mul\libsmallc.a(lib_a-writer.o)
 .bss           0x00007910        0x0 c:/altera/13.0sp1/nios2eds/bin/gnu/h-i686-mingw32/bin/../lib/gcc/nios2-elf/4.1.2/../../../../nios2-elf/lib/mno-hw-mul\libsmallc.a(lib_a-int_errno.o)
 .bss           0x00007910        0x0 c:/altera/13.0sp1/nios2eds/bin/gnu/h-i686-mingw32/bin/../lib/gcc/nios2-elf/4.1.2/mno-hw-mul\libgcc.a(lib2-divmod.o)
 .bss           0x00007910        0x0 ../P3_f_bsp/\libhal_bsp.a(alt_irq_register.o)
 .bss           0x00007910        0x0 ../P3_f_bsp/\libhal_bsp.a(alt_irq_vars.o)
 .bss           0x00007910        0x0 ../P3_f_bsp/\libhal_bsp.a(alt_load.o)
 .bss           0x00007910        0x0 ../P3_f_bsp/\libhal_bsp.a(alt_main.o)
 .bss           0x00007910        0x0 ../P3_f_bsp/\libhal_bsp.a(alt_usleep.o)
 .bss           0x00007910        0x0 ../P3_f_bsp/\libhal_bsp.a(alt_write.o)
 .bss           0x00007910        0x0 ../P3_f_bsp/\libhal_bsp.a(alt_sys_init.o)
 .bss           0x00007910        0x0 ../P3_f_bsp/\libhal_bsp.a(altera_avalon_jtag_uart_fd.o)
 .bss           0x00007910        0x0 ../P3_f_bsp/\libhal_bsp.a(altera_avalon_jtag_uart_read.o)
 .bss           0x00007910        0x0 ../P3_f_bsp/\libhal_bsp.a(altera_avalon_jtag_uart_write.o)
 .bss           0x00007910        0x0 ../P3_f_bsp/\libhal_bsp.a(altera_avalon_timer_sc.o)
 .bss           0x00007910        0x0 ../P3_f_bsp/\libhal_bsp.a(alt_busy_sleep.o)
 .bss           0x00007910        0x0 ../P3_f_bsp/\libhal_bsp.a(alt_close.o)
 .bss           0x00007910        0x0 ../P3_f_bsp/\libhal_bsp.a(alt_dcache_flush_all.o)
 .bss           0x00007910        0x0 ../P3_f_bsp/\libhal_bsp.a(alt_dev.o)
 .bss           0x00007910        0x0 ../P3_f_bsp/\libhal_bsp.a(alt_dev_llist_insert.o)
 .bss           0x00007910        0x0 ../P3_f_bsp/\libhal_bsp.a(alt_errno.o)
 .bss           0x00007910        0x0 ../P3_f_bsp/\libhal_bsp.a(alt_icache_flush_all.o)
 .bss           0x00007910        0x0 ../P3_f_bsp/\libhal_bsp.a(alt_iic.o)
 .bss           0x00007910        0x0 ../P3_f_bsp/\libhal_bsp.a(alt_iic_isr_register.o)
 .bss           0x00007910        0x0 ../P3_f_bsp/\libhal_bsp.a(alt_io_redirect.o)
 .bss           0x00007910        0x0 ../P3_f_bsp/\libhal_bsp.a(alt_irq_entry.o)
 .bss           0x00007910        0x0 ../P3_f_bsp/\libhal_bsp.a(alt_irq_handler.o)
 .bss           0x00007910        0x0 ../P3_f_bsp/\libhal_bsp.a(alt_open.o)
 .bss           0x00007910        0x0 ../P3_f_bsp/\libhal_bsp.a(alt_release_fd.o)
 .bss           0x00007910        0x0 ../P3_f_bsp/\libhal_bsp.a(alt_tick.o)
 .bss           0x00007910        0x0 ../P3_f_bsp/\libhal_bsp.a(altera_nios2_qsys_irq.o)
 .bss           0x00007910        0x0 ../P3_f_bsp/\libhal_bsp.a(alt_exception_entry.o)
 .bss           0x00007910        0x0 ../P3_f_bsp/\libhal_bsp.a(alt_find_dev.o)
 .bss           0x00007910        0x0 ../P3_f_bsp/\libhal_bsp.a(alt_find_file.o)
 .bss           0x00007910        0x0 ../P3_f_bsp/\libhal_bsp.a(alt_get_fd.o)
 .bss           0x00007910        0x0 c:/altera/13.0sp1/nios2eds/bin/gnu/h-i686-mingw32/bin/../lib/gcc/nios2-elf/4.1.2/../../../../nios2-elf/lib/mno-hw-mul\libsmallc.a(lib_a-exit.o)
 .bss           0x00007910        0x0 c:/altera/13.0sp1/nios2eds/bin/gnu/h-i686-mingw32/bin/../lib/gcc/nios2-elf/4.1.2/../../../../nios2-elf/lib/mno-hw-mul\libsmallc.a(lib_a-memcmp.o)
 .bss           0x00007910        0x0 c:/altera/13.0sp1/nios2eds/bin/gnu/h-i686-mingw32/bin/../lib/gcc/nios2-elf/4.1.2/../../../../nios2-elf/lib/mno-hw-mul\libsmallc.a(lib_a-__call_atexit.o)
 .bss           0x00007910        0x0 ../P3_f_bsp/\libhal_bsp.a(alt_exit.o)
 *(COMMON)
 COMMON         0x00007910       0xc0 obj/default/hello_world.o
                0x00007910                mat1
                0x00007930                mat2
                0x00007950                res
 COMMON         0x000079d0      0x100 ../P3_f_bsp/\libhal_bsp.a(alt_irq_handler.o)
                0x000079d0                alt_irq
                0x00007ad0                . = ALIGN (0x4)
                0x00007ad0                __bss_end = ABSOLUTE (.)

.RAM            0x00007ad0        0x0
                0x00007ad0                PROVIDE (_alt_partition_RAM_start, ABSOLUTE (.))
 *(.RAM. RAM.*)
                0x00007ad0                . = ALIGN (0x4)
                0x00007ad0                PROVIDE (_alt_partition_RAM_end, ABSOLUTE (.))
                0x00007ad0                _end = ABSOLUTE (.)
                0x00007ad0                end = ABSOLUTE (.)
                0x00007ad0                __alt_stack_base = ABSOLUTE (.)
                0x00007ad0                PROVIDE (_alt_partition_RAM_load_addr, LOADADDR (.RAM))

.stab
 *(.stab)

.stabstr
 *(.stabstr)

.stab.excl
 *(.stab.excl)

.stab.exclstr
 *(.stab.exclstr)

.stab.index
 *(.stab.index)

.stab.indexstr
 *(.stab.indexstr)

.comment        0x00000000       0x26
 *(.comment)
 .comment       0x00000000       0x26 obj/default/hello_world.o
                                 0x27 (size before relaxing)
 .comment       0x00000000       0x27 c:/altera/13.0sp1/nios2eds/bin/gnu/h-i686-mingw32/bin/../lib/gcc/nios2-elf/4.1.2/mno-hw-mul\libgcc.a(lib2-mul.o)
 .comment       0x00000000       0x27 c:/altera/13.0sp1/nios2eds/bin/gnu/h-i686-mingw32/bin/../lib/gcc/nios2-elf/4.1.2/../../../../nios2-elf/lib/mno-hw-mul\libsmallc.a(lib_a-printf.o)
 .comment       0x00000000       0x27 c:/altera/13.0sp1/nios2eds/bin/gnu/h-i686-mingw32/bin/../lib/gcc/nios2-elf/4.1.2/../../../../nios2-elf/lib/mno-hw-mul\libsmallc.a(lib_a-putchar.o)
 .comment       0x00000000       0x27 c:/altera/13.0sp1/nios2eds/bin/gnu/h-i686-mingw32/bin/../lib/gcc/nios2-elf/4.1.2/../../../../nios2-elf/lib/mno-hw-mul\libsmallc.a(lib_a-puts.o)
 .comment       0x00000000       0x27 c:/altera/13.0sp1/nios2eds/bin/gnu/h-i686-mingw32/bin/../lib/gcc/nios2-elf/4.1.2/../../../../nios2-elf/lib/mno-hw-mul\libsmallc.a(lib_a-strlen.o)
 .comment       0x00000000       0x27 c:/altera/13.0sp1/nios2eds/bin/gnu/h-i686-mingw32/bin/../lib/gcc/nios2-elf/4.1.2/../../../../nios2-elf/lib/mno-hw-mul\libsmallc.a(lib_a-vfprintf.o)
 .comment       0x00000000       0x27 c:/altera/13.0sp1/nios2eds/bin/gnu/h-i686-mingw32/bin/../lib/gcc/nios2-elf/4.1.2/../../../../nios2-elf/lib/mno-hw-mul\libsmallc.a(lib_a-fvwrite_small_dev.o)
 .comment       0x00000000       0x27 c:/altera/13.0sp1/nios2eds/bin/gnu/h-i686-mingw32/bin/../lib/gcc/nios2-elf/4.1.2/../../../../nios2-elf/lib/mno-hw-mul\libsmallc.a(lib_a-impure.o)
 .comment       0x00000000       0x27 c:/altera/13.0sp1/nios2eds/bin/gnu/h-i686-mingw32/bin/../lib/gcc/nios2-elf/4.1.2/../../../../nios2-elf/lib/mno-hw-mul\libsmallc.a(lib_a-putc.o)
 .comment       0x00000000       0x27 c:/altera/13.0sp1/nios2eds/bin/gnu/h-i686-mingw32/bin/../lib/gcc/nios2-elf/4.1.2/../../../../nios2-elf/lib/mno-hw-mul\libsmallc.a(lib_a-writer.o)
 .comment       0x00000000       0x27 c:/altera/13.0sp1/nios2eds/bin/gnu/h-i686-mingw32/bin/../lib/gcc/nios2-elf/4.1.2/../../../../nios2-elf/lib/mno-hw-mul\libsmallc.a(lib_a-int_errno.o)
 .comment       0x00000000       0x27 c:/altera/13.0sp1/nios2eds/bin/gnu/h-i686-mingw32/bin/../lib/gcc/nios2-elf/4.1.2/mno-hw-mul\libgcc.a(lib2-divmod.o)
 .comment       0x00000000       0x27 ../P3_f_bsp/\libhal_bsp.a(alt_irq_register.o)
 .comment       0x00000000       0x27 ../P3_f_bsp/\libhal_bsp.a(alt_irq_vars.o)
 .comment       0x00000000       0x27 ../P3_f_bsp/\libhal_bsp.a(alt_load.o)
 .comment       0x00000000       0x27 ../P3_f_bsp/\libhal_bsp.a(alt_main.o)
 .comment       0x00000000       0x27 ../P3_f_bsp/\libhal_bsp.a(alt_usleep.o)
 .comment       0x00000000       0x27 ../P3_f_bsp/\libhal_bsp.a(alt_write.o)
 .comment       0x00000000       0x27 ../P3_f_bsp/\libhal_bsp.a(alt_sys_init.o)
 .comment       0x00000000       0x27 ../P3_f_bsp/\libhal_bsp.a(altera_avalon_jtag_uart_fd.o)
 .comment       0x00000000       0x27 ../P3_f_bsp/\libhal_bsp.a(altera_avalon_jtag_uart_read.o)
 .comment       0x00000000       0x27 ../P3_f_bsp/\libhal_bsp.a(altera_avalon_jtag_uart_write.o)
 .comment       0x00000000       0x27 ../P3_f_bsp/\libhal_bsp.a(altera_avalon_timer_sc.o)
 .comment       0x00000000       0x27 ../P3_f_bsp/\libhal_bsp.a(alt_busy_sleep.o)
 .comment       0x00000000       0x27 ../P3_f_bsp/\libhal_bsp.a(alt_close.o)
 .comment       0x00000000       0x27 ../P3_f_bsp/\libhal_bsp.a(alt_dcache_flush_all.o)
 .comment       0x00000000       0x27 ../P3_f_bsp/\libhal_bsp.a(alt_dev.o)
 .comment       0x00000000       0x27 ../P3_f_bsp/\libhal_bsp.a(alt_dev_llist_insert.o)
 .comment       0x00000000       0x27 ../P3_f_bsp/\libhal_bsp.a(alt_errno.o)
 .comment       0x00000000       0x27 ../P3_f_bsp/\libhal_bsp.a(alt_icache_flush_all.o)
 .comment       0x00000000       0x27 ../P3_f_bsp/\libhal_bsp.a(alt_iic.o)
 .comment       0x00000000       0x27 ../P3_f_bsp/\libhal_bsp.a(alt_iic_isr_register.o)
 .comment       0x00000000       0x27 ../P3_f_bsp/\libhal_bsp.a(alt_io_redirect.o)
 .comment       0x00000000       0x27 ../P3_f_bsp/\libhal_bsp.a(alt_irq_handler.o)
 .comment       0x00000000       0x27 ../P3_f_bsp/\libhal_bsp.a(alt_open.o)
 .comment       0x00000000       0x27 ../P3_f_bsp/\libhal_bsp.a(alt_release_fd.o)
 .comment       0x00000000       0x27 ../P3_f_bsp/\libhal_bsp.a(alt_tick.o)
 .comment       0x00000000       0x27 ../P3_f_bsp/\libhal_bsp.a(altera_nios2_qsys_irq.o)
 .comment       0x00000000       0x27 ../P3_f_bsp/\libhal_bsp.a(alt_find_dev.o)
 .comment       0x00000000       0x27 ../P3_f_bsp/\libhal_bsp.a(alt_find_file.o)
 .comment       0x00000000       0x27 ../P3_f_bsp/\libhal_bsp.a(alt_get_fd.o)
 .comment       0x00000000       0x27 c:/altera/13.0sp1/nios2eds/bin/gnu/h-i686-mingw32/bin/../lib/gcc/nios2-elf/4.1.2/../../../../nios2-elf/lib/mno-hw-mul\libsmallc.a(lib_a-exit.o)
 .comment       0x00000000       0x27 c:/altera/13.0sp1/nios2eds/bin/gnu/h-i686-mingw32/bin/../lib/gcc/nios2-elf/4.1.2/../../../../nios2-elf/lib/mno-hw-mul\libsmallc.a(lib_a-memcmp.o)
 .comment       0x00000000       0x27 c:/altera/13.0sp1/nios2eds/bin/gnu/h-i686-mingw32/bin/../lib/gcc/nios2-elf/4.1.2/../../../../nios2-elf/lib/mno-hw-mul\libsmallc.a(lib_a-__call_atexit.o)
 .comment       0x00000000       0x27 ../P3_f_bsp/\libhal_bsp.a(alt_exit.o)

.debug
 *(.debug)

.line
 *(.line)

.debug_srcinfo
 *(.debug_srcinfo)

.debug_sfnames
 *(.debug_sfnames)

.debug_aranges  0x00000000      0x5d8
 *(.debug_aranges)
 .debug_aranges
                0x00000000       0x28 ../P3_f_bsp//obj/HAL/src/crt0.o
 .debug_aranges
                0x00000028       0x20 obj/default/hello_world.o
 .debug_aranges
                0x00000048       0x20 c:/altera/13.0sp1/nios2eds/bin/gnu/h-i686-mingw32/bin/../lib/gcc/nios2-elf/4.1.2/mno-hw-mul\libgcc.a(lib2-mul.o)
 .debug_aranges
                0x00000068       0x20 c:/altera/13.0sp1/nios2eds/bin/gnu/h-i686-mingw32/bin/../lib/gcc/nios2-elf/4.1.2/../../../../nios2-elf/lib/mno-hw-mul\libsmallc.a(lib_a-printf.o)
 .debug_aranges
                0x00000088       0x20 c:/altera/13.0sp1/nios2eds/bin/gnu/h-i686-mingw32/bin/../lib/gcc/nios2-elf/4.1.2/../../../../nios2-elf/lib/mno-hw-mul\libsmallc.a(lib_a-putchar.o)
 .debug_aranges
                0x000000a8       0x20 c:/altera/13.0sp1/nios2eds/bin/gnu/h-i686-mingw32/bin/../lib/gcc/nios2-elf/4.1.2/../../../../nios2-elf/lib/mno-hw-mul\libsmallc.a(lib_a-puts.o)
 .debug_aranges
                0x000000c8       0x20 c:/altera/13.0sp1/nios2eds/bin/gnu/h-i686-mingw32/bin/../lib/gcc/nios2-elf/4.1.2/../../../../nios2-elf/lib/mno-hw-mul\libsmallc.a(lib_a-strlen.o)
 .debug_aranges
                0x000000e8       0x20 c:/altera/13.0sp1/nios2eds/bin/gnu/h-i686-mingw32/bin/../lib/gcc/nios2-elf/4.1.2/../../../../nios2-elf/lib/mno-hw-mul\libsmallc.a(lib_a-vfprintf.o)
 .debug_aranges
                0x00000108       0x20 c:/altera/13.0sp1/nios2eds/bin/gnu/h-i686-mingw32/bin/../lib/gcc/nios2-elf/4.1.2/../../../../nios2-elf/lib/mno-hw-mul\libsmallc.a(lib_a-fvwrite_small_dev.o)
 .debug_aranges
                0x00000128       0x20 c:/altera/13.0sp1/nios2eds/bin/gnu/h-i686-mingw32/bin/../lib/gcc/nios2-elf/4.1.2/../../../../nios2-elf/lib/mno-hw-mul\libsmallc.a(lib_a-putc.o)
 .debug_aranges
                0x00000148       0x20 c:/altera/13.0sp1/nios2eds/bin/gnu/h-i686-mingw32/bin/../lib/gcc/nios2-elf/4.1.2/../../../../nios2-elf/lib/mno-hw-mul\libsmallc.a(lib_a-writer.o)
 .debug_aranges
                0x00000168       0x20 c:/altera/13.0sp1/nios2eds/bin/gnu/h-i686-mingw32/bin/../lib/gcc/nios2-elf/4.1.2/mno-hw-mul\libgcc.a(lib2-divmod.o)
 .debug_aranges
                0x00000188       0x20 ../P3_f_bsp/\libhal_bsp.a(alt_irq_register.o)
 .debug_aranges
                0x000001a8       0x20 ../P3_f_bsp/\libhal_bsp.a(alt_load.o)
 .debug_aranges
                0x000001c8       0x20 ../P3_f_bsp/\libhal_bsp.a(alt_main.o)
 .debug_aranges
                0x000001e8       0x20 ../P3_f_bsp/\libhal_bsp.a(alt_usleep.o)
 .debug_aranges
                0x00000208       0x20 ../P3_f_bsp/\libhal_bsp.a(alt_write.o)
 .debug_aranges
                0x00000228       0x20 ../P3_f_bsp/\libhal_bsp.a(alt_sys_init.o)
 .debug_aranges
                0x00000248       0x20 ../P3_f_bsp/\libhal_bsp.a(altera_avalon_jtag_uart_fd.o)
 .debug_aranges
                0x00000268       0x20 ../P3_f_bsp/\libhal_bsp.a(altera_avalon_jtag_uart_read.o)
 .debug_aranges
                0x00000288       0x20 ../P3_f_bsp/\libhal_bsp.a(altera_avalon_jtag_uart_write.o)
 .debug_aranges
                0x000002a8       0x20 ../P3_f_bsp/\libhal_bsp.a(altera_avalon_timer_sc.o)
 .debug_aranges
                0x000002c8       0x20 ../P3_f_bsp/\libhal_bsp.a(alt_busy_sleep.o)
 .debug_aranges
                0x000002e8       0x20 ../P3_f_bsp/\libhal_bsp.a(alt_close.o)
 .debug_aranges
                0x00000308       0x20 ../P3_f_bsp/\libhal_bsp.a(alt_dcache_flush_all.o)
 .debug_aranges
                0x00000328       0x20 ../P3_f_bsp/\libhal_bsp.a(alt_dev.o)
 .debug_aranges
                0x00000348       0x20 ../P3_f_bsp/\libhal_bsp.a(alt_dev_llist_insert.o)
 .debug_aranges
                0x00000368       0x20 ../P3_f_bsp/\libhal_bsp.a(alt_icache_flush_all.o)
 .debug_aranges
                0x00000388       0x20 ../P3_f_bsp/\libhal_bsp.a(alt_iic.o)
 .debug_aranges
                0x000003a8       0x20 ../P3_f_bsp/\libhal_bsp.a(alt_iic_isr_register.o)
 .debug_aranges
                0x000003c8       0x20 ../P3_f_bsp/\libhal_bsp.a(alt_io_redirect.o)
 .debug_aranges
                0x000003e8       0x30 ../P3_f_bsp/\libhal_bsp.a(alt_irq_entry.o)
 .debug_aranges
                0x00000418       0x28 ../P3_f_bsp/\libhal_bsp.a(alt_irq_handler.o)
 .debug_aranges
                0x00000440       0x20 ../P3_f_bsp/\libhal_bsp.a(alt_open.o)
 .debug_aranges
                0x00000460       0x20 ../P3_f_bsp/\libhal_bsp.a(alt_release_fd.o)
 .debug_aranges
                0x00000480       0x20 ../P3_f_bsp/\libhal_bsp.a(alt_tick.o)
 .debug_aranges
                0x000004a0       0x20 ../P3_f_bsp/\libhal_bsp.a(altera_nios2_qsys_irq.o)
 .debug_aranges
                0x000004c0       0x38 ../P3_f_bsp/\libhal_bsp.a(alt_exception_entry.o)
 .debug_aranges
                0x000004f8       0x20 ../P3_f_bsp/\libhal_bsp.a(alt_find_dev.o)
 .debug_aranges
                0x00000518       0x20 ../P3_f_bsp/\libhal_bsp.a(alt_find_file.o)
 .debug_aranges
                0x00000538       0x20 ../P3_f_bsp/\libhal_bsp.a(alt_get_fd.o)
 .debug_aranges
                0x00000558       0x20 c:/altera/13.0sp1/nios2eds/bin/gnu/h-i686-mingw32/bin/../lib/gcc/nios2-elf/4.1.2/../../../../nios2-elf/lib/mno-hw-mul\libsmallc.a(lib_a-exit.o)
 .debug_aranges
                0x00000578       0x20 c:/altera/13.0sp1/nios2eds/bin/gnu/h-i686-mingw32/bin/../lib/gcc/nios2-elf/4.1.2/../../../../nios2-elf/lib/mno-hw-mul\libsmallc.a(lib_a-memcmp.o)
 .debug_aranges
                0x00000598       0x20 c:/altera/13.0sp1/nios2eds/bin/gnu/h-i686-mingw32/bin/../lib/gcc/nios2-elf/4.1.2/../../../../nios2-elf/lib/mno-hw-mul\libsmallc.a(lib_a-__call_atexit.o)
 .debug_aranges
                0x000005b8       0x20 ../P3_f_bsp/\libhal_bsp.a(alt_exit.o)

.debug_pubnames
                0x00000000      0x9a3
 *(.debug_pubnames)
 .debug_pubnames
                0x00000000      0x17e obj/default/hello_world.o
 .debug_pubnames
                0x0000017e       0x1f c:/altera/13.0sp1/nios2eds/bin/gnu/h-i686-mingw32/bin/../lib/gcc/nios2-elf/4.1.2/mno-hw-mul\libgcc.a(lib2-mul.o)
 .debug_pubnames
                0x0000019d       0x2b c:/altera/13.0sp1/nios2eds/bin/gnu/h-i686-mingw32/bin/../lib/gcc/nios2-elf/4.1.2/../../../../nios2-elf/lib/mno-hw-mul\libsmallc.a(lib_a-printf.o)
 .debug_pubnames
                0x000001c8       0x2d c:/altera/13.0sp1/nios2eds/bin/gnu/h-i686-mingw32/bin/../lib/gcc/nios2-elf/4.1.2/../../../../nios2-elf/lib/mno-hw-mul\libsmallc.a(lib_a-putchar.o)
 .debug_pubnames
                0x000001f5       0x27 c:/altera/13.0sp1/nios2eds/bin/gnu/h-i686-mingw32/bin/../lib/gcc/nios2-elf/4.1.2/../../../../nios2-elf/lib/mno-hw-mul\libsmallc.a(lib_a-puts.o)
 .debug_pubnames
                0x0000021c       0x1d c:/altera/13.0sp1/nios2eds/bin/gnu/h-i686-mingw32/bin/../lib/gcc/nios2-elf/4.1.2/../../../../nios2-elf/lib/mno-hw-mul\libsmallc.a(lib_a-strlen.o)
 .debug_pubnames
                0x00000239       0x45 c:/altera/13.0sp1/nios2eds/bin/gnu/h-i686-mingw32/bin/../lib/gcc/nios2-elf/4.1.2/../../../../nios2-elf/lib/mno-hw-mul\libsmallc.a(lib_a-vfprintf.o)
 .debug_pubnames
                0x0000027e       0x2b c:/altera/13.0sp1/nios2eds/bin/gnu/h-i686-mingw32/bin/../lib/gcc/nios2-elf/4.1.2/../../../../nios2-elf/lib/mno-hw-mul\libsmallc.a(lib_a-fvwrite_small_dev.o)
 .debug_pubnames
                0x000002a9       0x39 c:/altera/13.0sp1/nios2eds/bin/gnu/h-i686-mingw32/bin/../lib/gcc/nios2-elf/4.1.2/../../../../nios2-elf/lib/mno-hw-mul\libsmallc.a(lib_a-impure.o)
 .debug_pubnames
                0x000002e2       0x27 c:/altera/13.0sp1/nios2eds/bin/gnu/h-i686-mingw32/bin/../lib/gcc/nios2-elf/4.1.2/../../../../nios2-elf/lib/mno-hw-mul\libsmallc.a(lib_a-putc.o)
 .debug_pubnames
                0x00000309       0x1f c:/altera/13.0sp1/nios2eds/bin/gnu/h-i686-mingw32/bin/../lib/gcc/nios2-elf/4.1.2/../../../../nios2-elf/lib/mno-hw-mul\libsmallc.a(lib_a-writer.o)
 .debug_pubnames
                0x00000328       0x1c c:/altera/13.0sp1/nios2eds/bin/gnu/h-i686-mingw32/bin/../lib/gcc/nios2-elf/4.1.2/../../../../nios2-elf/lib/mno-hw-mul\libsmallc.a(lib_a-int_errno.o)
 .debug_pubnames
                0x00000344       0x48 c:/altera/13.0sp1/nios2eds/bin/gnu/h-i686-mingw32/bin/../lib/gcc/nios2-elf/4.1.2/mno-hw-mul\libgcc.a(lib2-divmod.o)
 .debug_pubnames
                0x0000038c       0x27 ../P3_f_bsp/\libhal_bsp.a(alt_irq_register.o)
 .debug_pubnames
                0x000003b3       0x3b ../P3_f_bsp/\libhal_bsp.a(alt_irq_vars.o)
 .debug_pubnames
                0x000003ee       0x1f ../P3_f_bsp/\libhal_bsp.a(alt_load.o)
 .debug_pubnames
                0x0000040d       0x46 ../P3_f_bsp/\libhal_bsp.a(alt_main.o)
 .debug_pubnames
                0x00000453       0x1d ../P3_f_bsp/\libhal_bsp.a(alt_usleep.o)
 .debug_pubnames
                0x00000470       0x1c ../P3_f_bsp/\libhal_bsp.a(alt_write.o)
 .debug_pubnames
                0x0000048c       0x34 ../P3_f_bsp/\libhal_bsp.a(alt_sys_init.o)
 .debug_pubnames
                0x000004c0       0x5b ../P3_f_bsp/\libhal_bsp.a(altera_avalon_jtag_uart_fd.o)
 .debug_pubnames
                0x0000051b       0x33 ../P3_f_bsp/\libhal_bsp.a(altera_avalon_jtag_uart_read.o)
 .debug_pubnames
                0x0000054e       0x34 ../P3_f_bsp/\libhal_bsp.a(altera_avalon_jtag_uart_write.o)
 .debug_pubnames
                0x00000582       0x2f ../P3_f_bsp/\libhal_bsp.a(altera_avalon_timer_sc.o)
 .debug_pubnames
                0x000005b1       0x25 ../P3_f_bsp/\libhal_bsp.a(alt_busy_sleep.o)
 .debug_pubnames
                0x000005d6       0x1c ../P3_f_bsp/\libhal_bsp.a(alt_close.o)
 .debug_pubnames
                0x000005f2       0x2b ../P3_f_bsp/\libhal_bsp.a(alt_dcache_flush_all.o)
 .debug_pubnames
                0x0000061d       0x63 ../P3_f_bsp/\libhal_bsp.a(alt_dev.o)
 .debug_pubnames
                0x00000680       0x2b ../P3_f_bsp/\libhal_bsp.a(alt_dev_llist_insert.o)
 .debug_pubnames
                0x000006ab       0x20 ../P3_f_bsp/\libhal_bsp.a(alt_errno.o)
 .debug_pubnames
                0x000006cb       0x2b ../P3_f_bsp/\libhal_bsp.a(alt_icache_flush_all.o)
 .debug_pubnames
                0x000006f6       0x6e ../P3_f_bsp/\libhal_bsp.a(alt_iic.o)
 .debug_pubnames
                0x00000764       0x2b ../P3_f_bsp/\libhal_bsp.a(alt_iic_isr_register.o)
 .debug_pubnames
                0x0000078f       0x26 ../P3_f_bsp/\libhal_bsp.a(alt_io_redirect.o)
 .debug_pubnames
                0x000007b5       0x32 ../P3_f_bsp/\libhal_bsp.a(alt_irq_handler.o)
 .debug_pubnames
                0x000007e7       0x1b ../P3_f_bsp/\libhal_bsp.a(alt_open.o)
 .debug_pubnames
                0x00000802       0x25 ../P3_f_bsp/\libhal_bsp.a(alt_release_fd.o)
 .debug_pubnames
                0x00000827       0x68 ../P3_f_bsp/\libhal_bsp.a(alt_tick.o)
 .debug_pubnames
                0x0000088f       0x31 ../P3_f_bsp/\libhal_bsp.a(altera_nios2_qsys_irq.o)
 .debug_pubnames
                0x000008c0       0x23 ../P3_f_bsp/\libhal_bsp.a(alt_find_dev.o)
 .debug_pubnames
                0x000008e3       0x24 ../P3_f_bsp/\libhal_bsp.a(alt_find_file.o)
 .debug_pubnames
                0x00000907       0x21 ../P3_f_bsp/\libhal_bsp.a(alt_get_fd.o)
 .debug_pubnames
                0x00000928       0x1b c:/altera/13.0sp1/nios2eds/bin/gnu/h-i686-mingw32/bin/../lib/gcc/nios2-elf/4.1.2/../../../../nios2-elf/lib/mno-hw-mul\libsmallc.a(lib_a-exit.o)
 .debug_pubnames
                0x00000943       0x1d c:/altera/13.0sp1/nios2eds/bin/gnu/h-i686-mingw32/bin/../lib/gcc/nios2-elf/4.1.2/../../../../nios2-elf/lib/mno-hw-mul\libsmallc.a(lib_a-memcmp.o)
 .debug_pubnames
                0x00000960       0x27 c:/altera/13.0sp1/nios2eds/bin/gnu/h-i686-mingw32/bin/../lib/gcc/nios2-elf/4.1.2/../../../../nios2-elf/lib/mno-hw-mul\libsmallc.a(lib_a-__call_atexit.o)
 .debug_pubnames
                0x00000987       0x1c ../P3_f_bsp/\libhal_bsp.a(alt_exit.o)

.debug_info     0x00000000     0xacbd
 *(.debug_info .gnu.linkonce.wi.*)
 .debug_info    0x00000000       0x50 ../P3_f_bsp//obj/HAL/src/crt0.o
 .debug_info    0x00000050      0x4a4 obj/default/hello_world.o
 .debug_info    0x000004f4       0xf3 c:/altera/13.0sp1/nios2eds/bin/gnu/h-i686-mingw32/bin/../lib/gcc/nios2-elf/4.1.2/mno-hw-mul\libgcc.a(lib2-mul.o)
 .debug_info    0x000005e7      0x6c8 c:/altera/13.0sp1/nios2eds/bin/gnu/h-i686-mingw32/bin/../lib/gcc/nios2-elf/4.1.2/../../../../nios2-elf/lib/mno-hw-mul\libsmallc.a(lib_a-printf.o)
 .debug_info    0x00000caf      0x66b c:/altera/13.0sp1/nios2eds/bin/gnu/h-i686-mingw32/bin/../lib/gcc/nios2-elf/4.1.2/../../../../nios2-elf/lib/mno-hw-mul\libsmallc.a(lib_a-putchar.o)
 .debug_info    0x0000131a      0x685 c:/altera/13.0sp1/nios2eds/bin/gnu/h-i686-mingw32/bin/../lib/gcc/nios2-elf/4.1.2/../../../../nios2-elf/lib/mno-hw-mul\libsmallc.a(lib_a-puts.o)
 .debug_info    0x0000199f       0xc2 c:/altera/13.0sp1/nios2eds/bin/gnu/h-i686-mingw32/bin/../lib/gcc/nios2-elf/4.1.2/../../../../nios2-elf/lib/mno-hw-mul\libsmallc.a(lib_a-strlen.o)
 .debug_info    0x00001a61      0x9b6 c:/altera/13.0sp1/nios2eds/bin/gnu/h-i686-mingw32/bin/../lib/gcc/nios2-elf/4.1.2/../../../../nios2-elf/lib/mno-hw-mul\libsmallc.a(lib_a-vfprintf.o)
 .debug_info    0x00002417      0x68e c:/altera/13.0sp1/nios2eds/bin/gnu/h-i686-mingw32/bin/../lib/gcc/nios2-elf/4.1.2/../../../../nios2-elf/lib/mno-hw-mul\libsmallc.a(lib_a-fvwrite_small_dev.o)
 .debug_info    0x00002aa5      0x636 c:/altera/13.0sp1/nios2eds/bin/gnu/h-i686-mingw32/bin/../lib/gcc/nios2-elf/4.1.2/../../../../nios2-elf/lib/mno-hw-mul\libsmallc.a(lib_a-impure.o)
 .debug_info    0x000030db      0x6b8 c:/altera/13.0sp1/nios2eds/bin/gnu/h-i686-mingw32/bin/../lib/gcc/nios2-elf/4.1.2/../../../../nios2-elf/lib/mno-hw-mul\libsmallc.a(lib_a-putc.o)
 .debug_info    0x00003793      0x68c c:/altera/13.0sp1/nios2eds/bin/gnu/h-i686-mingw32/bin/../lib/gcc/nios2-elf/4.1.2/../../../../nios2-elf/lib/mno-hw-mul\libsmallc.a(lib_a-writer.o)
 .debug_info    0x00003e1f       0x8c c:/altera/13.0sp1/nios2eds/bin/gnu/h-i686-mingw32/bin/../lib/gcc/nios2-elf/4.1.2/../../../../nios2-elf/lib/mno-hw-mul\libsmallc.a(lib_a-int_errno.o)
 .debug_info    0x00003eab      0x21c c:/altera/13.0sp1/nios2eds/bin/gnu/h-i686-mingw32/bin/../lib/gcc/nios2-elf/4.1.2/mno-hw-mul\libgcc.a(lib2-divmod.o)
 .debug_info    0x000040c7      0x3ff ../P3_f_bsp/\libhal_bsp.a(alt_irq_register.o)
 .debug_info    0x000044c6      0x13c ../P3_f_bsp/\libhal_bsp.a(alt_irq_vars.o)
 .debug_info    0x00004602      0x262 ../P3_f_bsp/\libhal_bsp.a(alt_load.o)
 .debug_info    0x00004864      0x1fa ../P3_f_bsp/\libhal_bsp.a(alt_main.o)
 .debug_info    0x00004a5e      0x13d ../P3_f_bsp/\libhal_bsp.a(alt_usleep.o)
 .debug_info    0x00004b9b      0x668 ../P3_f_bsp/\libhal_bsp.a(alt_write.o)
 .debug_info    0x00005203      0x598 ../P3_f_bsp/\libhal_bsp.a(alt_sys_init.o)
 .debug_info    0x0000579b      0x58e ../P3_f_bsp/\libhal_bsp.a(altera_avalon_jtag_uart_fd.o)
 .debug_info    0x00005d29      0x2de ../P3_f_bsp/\libhal_bsp.a(altera_avalon_jtag_uart_read.o)
 .debug_info    0x00006007      0x2bb ../P3_f_bsp/\libhal_bsp.a(altera_avalon_jtag_uart_write.o)
 .debug_info    0x000062c2      0x360 ../P3_f_bsp/\libhal_bsp.a(altera_avalon_timer_sc.o)
 .debug_info    0x00006622      0x180 ../P3_f_bsp/\libhal_bsp.a(alt_busy_sleep.o)
 .debug_info    0x000067a2      0x43c ../P3_f_bsp/\libhal_bsp.a(alt_close.o)
 .debug_info    0x00006bde      0x131 ../P3_f_bsp/\libhal_bsp.a(alt_dcache_flush_all.o)
 .debug_info    0x00006d0f      0x654 ../P3_f_bsp/\libhal_bsp.a(alt_dev.o)
 .debug_info    0x00007363      0x28c ../P3_f_bsp/\libhal_bsp.a(alt_dev_llist_insert.o)
 .debug_info    0x000075ef      0x139 ../P3_f_bsp/\libhal_bsp.a(alt_errno.o)
 .debug_info    0x00007728      0x131 ../P3_f_bsp/\libhal_bsp.a(alt_icache_flush_all.o)
 .debug_info    0x00007859      0x468 ../P3_f_bsp/\libhal_bsp.a(alt_iic.o)
 .debug_info    0x00007cc1      0x2e9 ../P3_f_bsp/\libhal_bsp.a(alt_iic_isr_register.o)
 .debug_info    0x00007faa      0x66a ../P3_f_bsp/\libhal_bsp.a(alt_io_redirect.o)
 .debug_info    0x00008614       0x59 ../P3_f_bsp/\libhal_bsp.a(alt_irq_entry.o)
 .debug_info    0x0000866d      0x24a ../P3_f_bsp/\libhal_bsp.a(alt_irq_handler.o)
 .debug_info    0x000088b7      0x4fa ../P3_f_bsp/\libhal_bsp.a(alt_open.o)
 .debug_info    0x00008db1      0x3c7 ../P3_f_bsp/\libhal_bsp.a(alt_release_fd.o)
 .debug_info    0x00009178      0x3d3 ../P3_f_bsp/\libhal_bsp.a(alt_tick.o)
 .debug_info    0x0000954b      0x138 ../P3_f_bsp/\libhal_bsp.a(altera_nios2_qsys_irq.o)
 .debug_info    0x00009683       0x5f ../P3_f_bsp/\libhal_bsp.a(alt_exception_entry.o)
 .debug_info    0x000096e2      0x3ed ../P3_f_bsp/\libhal_bsp.a(alt_find_dev.o)
 .debug_info    0x00009acf      0x3f4 ../P3_f_bsp/\libhal_bsp.a(alt_find_file.o)
 .debug_info    0x00009ec3      0x435 ../P3_f_bsp/\libhal_bsp.a(alt_get_fd.o)
 .debug_info    0x0000a2f8       0x9f c:/altera/13.0sp1/nios2eds/bin/gnu/h-i686-mingw32/bin/../lib/gcc/nios2-elf/4.1.2/../../../../nios2-elf/lib/mno-hw-mul\libsmallc.a(lib_a-exit.o)
 .debug_info    0x0000a397       0xef c:/altera/13.0sp1/nios2eds/bin/gnu/h-i686-mingw32/bin/../lib/gcc/nios2-elf/4.1.2/../../../../nios2-elf/lib/mno-hw-mul\libsmallc.a(lib_a-memcmp.o)
 .debug_info    0x0000a486      0x6d5 c:/altera/13.0sp1/nios2eds/bin/gnu/h-i686-mingw32/bin/../lib/gcc/nios2-elf/4.1.2/../../../../nios2-elf/lib/mno-hw-mul\libsmallc.a(lib_a-__call_atexit.o)
 .debug_info    0x0000ab5b      0x162 ../P3_f_bsp/\libhal_bsp.a(alt_exit.o)

.debug_abbrev   0x00000000     0x29e0
 *(.debug_abbrev)
 .debug_abbrev  0x00000000       0x12 ../P3_f_bsp//obj/HAL/src/crt0.o
 .debug_abbrev  0x00000012       0xf3 obj/default/hello_world.o
 .debug_abbrev  0x00000105       0x7b c:/altera/13.0sp1/nios2eds/bin/gnu/h-i686-mingw32/bin/../lib/gcc/nios2-elf/4.1.2/mno-hw-mul\libgcc.a(lib2-mul.o)
 .debug_abbrev  0x00000180      0x179 c:/altera/13.0sp1/nios2eds/bin/gnu/h-i686-mingw32/bin/../lib/gcc/nios2-elf/4.1.2/../../../../nios2-elf/lib/mno-hw-mul\libsmallc.a(lib_a-printf.o)
 .debug_abbrev  0x000002f9      0x158 c:/altera/13.0sp1/nios2eds/bin/gnu/h-i686-mingw32/bin/../lib/gcc/nios2-elf/4.1.2/../../../../nios2-elf/lib/mno-hw-mul\libsmallc.a(lib_a-putchar.o)
 .debug_abbrev  0x00000451      0x180 c:/altera/13.0sp1/nios2eds/bin/gnu/h-i686-mingw32/bin/../lib/gcc/nios2-elf/4.1.2/../../../../nios2-elf/lib/mno-hw-mul\libsmallc.a(lib_a-puts.o)
 .debug_abbrev  0x000005d1       0x7a c:/altera/13.0sp1/nios2eds/bin/gnu/h-i686-mingw32/bin/../lib/gcc/nios2-elf/4.1.2/../../../../nios2-elf/lib/mno-hw-mul\libsmallc.a(lib_a-strlen.o)
 .debug_abbrev  0x0000064b      0x263 c:/altera/13.0sp1/nios2eds/bin/gnu/h-i686-mingw32/bin/../lib/gcc/nios2-elf/4.1.2/../../../../nios2-elf/lib/mno-hw-mul\libsmallc.a(lib_a-vfprintf.o)
 .debug_abbrev  0x000008ae      0x179 c:/altera/13.0sp1/nios2eds/bin/gnu/h-i686-mingw32/bin/../lib/gcc/nios2-elf/4.1.2/../../../../nios2-elf/lib/mno-hw-mul\libsmallc.a(lib_a-fvwrite_small_dev.o)
 .debug_abbrev  0x00000a27      0x13f c:/altera/13.0sp1/nios2eds/bin/gnu/h-i686-mingw32/bin/../lib/gcc/nios2-elf/4.1.2/../../../../nios2-elf/lib/mno-hw-mul\libsmallc.a(lib_a-impure.o)
 .debug_abbrev  0x00000b66      0x167 c:/altera/13.0sp1/nios2eds/bin/gnu/h-i686-mingw32/bin/../lib/gcc/nios2-elf/4.1.2/../../../../nios2-elf/lib/mno-hw-mul\libsmallc.a(lib_a-putc.o)
 .debug_abbrev  0x00000ccd      0x16c c:/altera/13.0sp1/nios2eds/bin/gnu/h-i686-mingw32/bin/../lib/gcc/nios2-elf/4.1.2/../../../../nios2-elf/lib/mno-hw-mul\libsmallc.a(lib_a-writer.o)
 .debug_abbrev  0x00000e39       0x3b c:/altera/13.0sp1/nios2eds/bin/gnu/h-i686-mingw32/bin/../lib/gcc/nios2-elf/4.1.2/../../../../nios2-elf/lib/mno-hw-mul\libsmallc.a(lib_a-int_errno.o)
 .debug_abbrev  0x00000e74       0xe0 c:/altera/13.0sp1/nios2eds/bin/gnu/h-i686-mingw32/bin/../lib/gcc/nios2-elf/4.1.2/mno-hw-mul\libgcc.a(lib2-divmod.o)
 .debug_abbrev  0x00000f54      0x180 ../P3_f_bsp/\libhal_bsp.a(alt_irq_register.o)
 .debug_abbrev  0x000010d4       0x44 ../P3_f_bsp/\libhal_bsp.a(alt_irq_vars.o)
 .debug_abbrev  0x00001118       0x88 ../P3_f_bsp/\libhal_bsp.a(alt_load.o)
 .debug_abbrev  0x000011a0       0xb7 ../P3_f_bsp/\libhal_bsp.a(alt_main.o)
 .debug_abbrev  0x00001257       0x5d ../P3_f_bsp/\libhal_bsp.a(alt_usleep.o)
 .debug_abbrev  0x000012b4      0x100 ../P3_f_bsp/\libhal_bsp.a(alt_write.o)
 .debug_abbrev  0x000013b4      0x121 ../P3_f_bsp/\libhal_bsp.a(alt_sys_init.o)
 .debug_abbrev  0x000014d5       0xcb ../P3_f_bsp/\libhal_bsp.a(altera_avalon_jtag_uart_fd.o)
 .debug_abbrev  0x000015a0       0xb6 ../P3_f_bsp/\libhal_bsp.a(altera_avalon_jtag_uart_read.o)
 .debug_abbrev  0x00001656       0xb4 ../P3_f_bsp/\libhal_bsp.a(altera_avalon_jtag_uart_write.o)
 .debug_abbrev  0x0000170a      0x137 ../P3_f_bsp/\libhal_bsp.a(altera_avalon_timer_sc.o)
 .debug_abbrev  0x00001841       0x6c ../P3_f_bsp/\libhal_bsp.a(alt_busy_sleep.o)
 .debug_abbrev  0x000018ad       0xfb ../P3_f_bsp/\libhal_bsp.a(alt_close.o)
 .debug_abbrev  0x000019a8       0x3f ../P3_f_bsp/\libhal_bsp.a(alt_dcache_flush_all.o)
 .debug_abbrev  0x000019e7       0xc7 ../P3_f_bsp/\libhal_bsp.a(alt_dev.o)
 .debug_abbrev  0x00001aae       0xf6 ../P3_f_bsp/\libhal_bsp.a(alt_dev_llist_insert.o)
 .debug_abbrev  0x00001ba4       0x5e ../P3_f_bsp/\libhal_bsp.a(alt_errno.o)
 .debug_abbrev  0x00001c02       0x3f ../P3_f_bsp/\libhal_bsp.a(alt_icache_flush_all.o)
 .debug_abbrev  0x00001c41      0x134 ../P3_f_bsp/\libhal_bsp.a(alt_iic.o)
 .debug_abbrev  0x00001d75      0x14e ../P3_f_bsp/\libhal_bsp.a(alt_iic_isr_register.o)
 .debug_abbrev  0x00001ec3       0xf0 ../P3_f_bsp/\libhal_bsp.a(alt_io_redirect.o)
 .debug_abbrev  0x00001fb3       0x12 ../P3_f_bsp/\libhal_bsp.a(alt_irq_entry.o)
 .debug_abbrev  0x00001fc5      0x10c ../P3_f_bsp/\libhal_bsp.a(alt_irq_handler.o)
 .debug_abbrev  0x000020d1      0x112 ../P3_f_bsp/\libhal_bsp.a(alt_open.o)
 .debug_abbrev  0x000021e3       0xc1 ../P3_f_bsp/\libhal_bsp.a(alt_release_fd.o)
 .debug_abbrev  0x000022a4      0x150 ../P3_f_bsp/\libhal_bsp.a(alt_tick.o)
 .debug_abbrev  0x000023f4       0x3f ../P3_f_bsp/\libhal_bsp.a(altera_nios2_qsys_irq.o)
 .debug_abbrev  0x00002433       0x12 ../P3_f_bsp/\libhal_bsp.a(alt_exception_entry.o)
 .debug_abbrev  0x00002445       0xcf ../P3_f_bsp/\libhal_bsp.a(alt_find_dev.o)
 .debug_abbrev  0x00002514       0xcf ../P3_f_bsp/\libhal_bsp.a(alt_find_file.o)
 .debug_abbrev  0x000025e3       0xfb ../P3_f_bsp/\libhal_bsp.a(alt_get_fd.o)
 .debug_abbrev  0x000026de       0x4e c:/altera/13.0sp1/nios2eds/bin/gnu/h-i686-mingw32/bin/../lib/gcc/nios2-elf/4.1.2/../../../../nios2-elf/lib/mno-hw-mul\libsmallc.a(lib_a-exit.o)
 .debug_abbrev  0x0000272c       0x7c c:/altera/13.0sp1/nios2eds/bin/gnu/h-i686-mingw32/bin/../lib/gcc/nios2-elf/4.1.2/../../../../nios2-elf/lib/mno-hw-mul\libsmallc.a(lib_a-memcmp.o)
 .debug_abbrev  0x000027a8      0x1c6 c:/altera/13.0sp1/nios2eds/bin/gnu/h-i686-mingw32/bin/../lib/gcc/nios2-elf/4.1.2/../../../../nios2-elf/lib/mno-hw-mul\libsmallc.a(lib_a-__call_atexit.o)
 .debug_abbrev  0x0000296e       0x72 ../P3_f_bsp/\libhal_bsp.a(alt_exit.o)

.debug_line     0x00000000     0x740c
 *(.debug_line)
 .debug_line    0x00000000       0x66 ../P3_f_bsp//obj/HAL/src/crt0.o
 .debug_line    0x00000066      0x4f6 obj/default/hello_world.o
 .debug_line    0x0000055c      0x11a c:/altera/13.0sp1/nios2eds/bin/gnu/h-i686-mingw32/bin/../lib/gcc/nios2-elf/4.1.2/mno-hw-mul\libgcc.a(lib2-mul.o)
 .debug_line    0x00000676      0x2be c:/altera/13.0sp1/nios2eds/bin/gnu/h-i686-mingw32/bin/../lib/gcc/nios2-elf/4.1.2/../../../../nios2-elf/lib/mno-hw-mul\libsmallc.a(lib_a-printf.o)
 .debug_line    0x00000934      0x267 c:/altera/13.0sp1/nios2eds/bin/gnu/h-i686-mingw32/bin/../lib/gcc/nios2-elf/4.1.2/../../../../nios2-elf/lib/mno-hw-mul\libsmallc.a(lib_a-putchar.o)
 .debug_line    0x00000b9b      0x2b2 c:/altera/13.0sp1/nios2eds/bin/gnu/h-i686-mingw32/bin/../lib/gcc/nios2-elf/4.1.2/../../../../nios2-elf/lib/mno-hw-mul\libsmallc.a(lib_a-puts.o)
 .debug_line    0x00000e4d      0x250 c:/altera/13.0sp1/nios2eds/bin/gnu/h-i686-mingw32/bin/../lib/gcc/nios2-elf/4.1.2/../../../../nios2-elf/lib/mno-hw-mul\libsmallc.a(lib_a-strlen.o)
 .debug_line    0x0000109d      0x666 c:/altera/13.0sp1/nios2eds/bin/gnu/h-i686-mingw32/bin/../lib/gcc/nios2-elf/4.1.2/../../../../nios2-elf/lib/mno-hw-mul\libsmallc.a(lib_a-vfprintf.o)
 .debug_line    0x00001703      0x2a9 c:/altera/13.0sp1/nios2eds/bin/gnu/h-i686-mingw32/bin/../lib/gcc/nios2-elf/4.1.2/../../../../nios2-elf/lib/mno-hw-mul\libsmallc.a(lib_a-fvwrite_small_dev.o)
 .debug_line    0x000019ac      0x230 c:/altera/13.0sp1/nios2eds/bin/gnu/h-i686-mingw32/bin/../lib/gcc/nios2-elf/4.1.2/../../../../nios2-elf/lib/mno-hw-mul\libsmallc.a(lib_a-impure.o)
 .debug_line    0x00001bdc      0x2d2 c:/altera/13.0sp1/nios2eds/bin/gnu/h-i686-mingw32/bin/../lib/gcc/nios2-elf/4.1.2/../../../../nios2-elf/lib/mno-hw-mul\libsmallc.a(lib_a-putc.o)
 .debug_line    0x00001eae      0x29d c:/altera/13.0sp1/nios2eds/bin/gnu/h-i686-mingw32/bin/../lib/gcc/nios2-elf/4.1.2/../../../../nios2-elf/lib/mno-hw-mul\libsmallc.a(lib_a-writer.o)
 .debug_line    0x0000214b      0x1e2 c:/altera/13.0sp1/nios2eds/bin/gnu/h-i686-mingw32/bin/../lib/gcc/nios2-elf/4.1.2/../../../../nios2-elf/lib/mno-hw-mul\libsmallc.a(lib_a-int_errno.o)
 .debug_line    0x0000232d      0x24f c:/altera/13.0sp1/nios2eds/bin/gnu/h-i686-mingw32/bin/../lib/gcc/nios2-elf/4.1.2/mno-hw-mul\libgcc.a(lib2-divmod.o)
 .debug_line    0x0000257c      0x303 ../P3_f_bsp/\libhal_bsp.a(alt_irq_register.o)
 .debug_line    0x0000287f       0x72 ../P3_f_bsp/\libhal_bsp.a(alt_irq_vars.o)
 .debug_line    0x000028f1      0x217 ../P3_f_bsp/\libhal_bsp.a(alt_load.o)
 .debug_line    0x00002b08      0x2ba ../P3_f_bsp/\libhal_bsp.a(alt_main.o)
 .debug_line    0x00002dc2      0x202 ../P3_f_bsp/\libhal_bsp.a(alt_usleep.o)
 .debug_line    0x00002fc4      0x2c9 ../P3_f_bsp/\libhal_bsp.a(alt_write.o)
 .debug_line    0x0000328d      0x2c7 ../P3_f_bsp/\libhal_bsp.a(alt_sys_init.o)
 .debug_line    0x00003554      0x1d7 ../P3_f_bsp/\libhal_bsp.a(altera_avalon_jtag_uart_fd.o)
 .debug_line    0x0000372b      0x343 ../P3_f_bsp/\libhal_bsp.a(altera_avalon_jtag_uart_read.o)
 .debug_line    0x00003a6e      0x304 ../P3_f_bsp/\libhal_bsp.a(altera_avalon_jtag_uart_write.o)
 .debug_line    0x00003d72      0x2b3 ../P3_f_bsp/\libhal_bsp.a(altera_avalon_timer_sc.o)
 .debug_line    0x00004025      0x25c ../P3_f_bsp/\libhal_bsp.a(alt_busy_sleep.o)
 .debug_line    0x00004281      0x299 ../P3_f_bsp/\libhal_bsp.a(alt_close.o)
 .debug_line    0x0000451a      0x1b5 ../P3_f_bsp/\libhal_bsp.a(alt_dcache_flush_all.o)
 .debug_line    0x000046cf      0x254 ../P3_f_bsp/\libhal_bsp.a(alt_dev.o)
 .debug_line    0x00004923      0x25a ../P3_f_bsp/\libhal_bsp.a(alt_dev_llist_insert.o)
 .debug_line    0x00004b7d      0x1aa ../P3_f_bsp/\libhal_bsp.a(alt_errno.o)
 .debug_line    0x00004d27      0x1b5 ../P3_f_bsp/\libhal_bsp.a(alt_icache_flush_all.o)
 .debug_line    0x00004edc      0x2c8 ../P3_f_bsp/\libhal_bsp.a(alt_iic.o)
 .debug_line    0x000051a4      0x249 ../P3_f_bsp/\libhal_bsp.a(alt_iic_isr_register.o)
 .debug_line    0x000053ed      0x2b4 ../P3_f_bsp/\libhal_bsp.a(alt_io_redirect.o)
 .debug_line    0x000056a1       0x6b ../P3_f_bsp/\libhal_bsp.a(alt_irq_entry.o)
 .debug_line    0x0000570c      0x248 ../P3_f_bsp/\libhal_bsp.a(alt_irq_handler.o)
 .debug_line    0x00005954      0x2ff ../P3_f_bsp/\libhal_bsp.a(alt_open.o)
 .debug_line    0x00005c53       0xed ../P3_f_bsp/\libhal_bsp.a(alt_release_fd.o)
 .debug_line    0x00005d40      0x2dc ../P3_f_bsp/\libhal_bsp.a(alt_tick.o)
 .debug_line    0x0000601c      0x1ce ../P3_f_bsp/\libhal_bsp.a(altera_nios2_qsys_irq.o)
 .debug_line    0x000061ea       0xab ../P3_f_bsp/\libhal_bsp.a(alt_exception_entry.o)
 .debug_line    0x00006295      0x26b ../P3_f_bsp/\libhal_bsp.a(alt_find_dev.o)
 .debug_line    0x00006500      0x27c ../P3_f_bsp/\libhal_bsp.a(alt_find_file.o)
 .debug_line    0x0000677c      0x297 ../P3_f_bsp/\libhal_bsp.a(alt_get_fd.o)
 .debug_line    0x00006a13      0x223 c:/altera/13.0sp1/nios2eds/bin/gnu/h-i686-mingw32/bin/../lib/gcc/nios2-elf/4.1.2/../../../../nios2-elf/lib/mno-hw-mul\libsmallc.a(lib_a-exit.o)
 .debug_line    0x00006c36      0x270 c:/altera/13.0sp1/nios2eds/bin/gnu/h-i686-mingw32/bin/../lib/gcc/nios2-elf/4.1.2/../../../../nios2-elf/lib/mno-hw-mul\libsmallc.a(lib_a-memcmp.o)
 .debug_line    0x00006ea6      0x360 c:/altera/13.0sp1/nios2eds/bin/gnu/h-i686-mingw32/bin/../lib/gcc/nios2-elf/4.1.2/../../../../nios2-elf/lib/mno-hw-mul\libsmallc.a(lib_a-__call_atexit.o)
 .debug_line    0x00007206      0x206 ../P3_f_bsp/\libhal_bsp.a(alt_exit.o)

.debug_frame    0x00000000      0xab8
 *(.debug_frame)
 .debug_frame   0x00000000      0x11c obj/default/hello_world.o
 .debug_frame   0x0000011c       0x20 c:/altera/13.0sp1/nios2eds/bin/gnu/h-i686-mingw32/bin/../lib/gcc/nios2-elf/4.1.2/mno-hw-mul\libgcc.a(lib2-mul.o)
 .debug_frame   0x0000013c       0x40 c:/altera/13.0sp1/nios2eds/bin/gnu/h-i686-mingw32/bin/../lib/gcc/nios2-elf/4.1.2/../../../../nios2-elf/lib/mno-hw-mul\libsmallc.a(lib_a-printf.o)
 .debug_frame   0x0000017c       0x30 c:/altera/13.0sp1/nios2eds/bin/gnu/h-i686-mingw32/bin/../lib/gcc/nios2-elf/4.1.2/../../../../nios2-elf/lib/mno-hw-mul\libsmallc.a(lib_a-putchar.o)
 .debug_frame   0x000001ac       0x3c c:/altera/13.0sp1/nios2eds/bin/gnu/h-i686-mingw32/bin/../lib/gcc/nios2-elf/4.1.2/../../../../nios2-elf/lib/mno-hw-mul\libsmallc.a(lib_a-puts.o)
 .debug_frame   0x000001e8       0x20 c:/altera/13.0sp1/nios2eds/bin/gnu/h-i686-mingw32/bin/../lib/gcc/nios2-elf/4.1.2/../../../../nios2-elf/lib/mno-hw-mul\libsmallc.a(lib_a-strlen.o)
 .debug_frame   0x00000208       0x64 c:/altera/13.0sp1/nios2eds/bin/gnu/h-i686-mingw32/bin/../lib/gcc/nios2-elf/4.1.2/../../../../nios2-elf/lib/mno-hw-mul\libsmallc.a(lib_a-vfprintf.o)
 .debug_frame   0x0000026c       0x30 c:/altera/13.0sp1/nios2eds/bin/gnu/h-i686-mingw32/bin/../lib/gcc/nios2-elf/4.1.2/../../../../nios2-elf/lib/mno-hw-mul\libsmallc.a(lib_a-fvwrite_small_dev.o)
 .debug_frame   0x0000029c       0x48 c:/altera/13.0sp1/nios2eds/bin/gnu/h-i686-mingw32/bin/../lib/gcc/nios2-elf/4.1.2/../../../../nios2-elf/lib/mno-hw-mul\libsmallc.a(lib_a-putc.o)
 .debug_frame   0x000002e4       0x2c c:/altera/13.0sp1/nios2eds/bin/gnu/h-i686-mingw32/bin/../lib/gcc/nios2-elf/4.1.2/../../../../nios2-elf/lib/mno-hw-mul\libsmallc.a(lib_a-writer.o)
 .debug_frame   0x00000310       0x70 c:/altera/13.0sp1/nios2eds/bin/gnu/h-i686-mingw32/bin/../lib/gcc/nios2-elf/4.1.2/mno-hw-mul\libgcc.a(lib2-divmod.o)
 .debug_frame   0x00000380       0x2c ../P3_f_bsp/\libhal_bsp.a(alt_irq_register.o)
 .debug_frame   0x000003ac       0x48 ../P3_f_bsp/\libhal_bsp.a(alt_load.o)
 .debug_frame   0x000003f4       0x2c ../P3_f_bsp/\libhal_bsp.a(alt_main.o)
 .debug_frame   0x00000420       0x2c ../P3_f_bsp/\libhal_bsp.a(alt_usleep.o)
 .debug_frame   0x0000044c       0x48 ../P3_f_bsp/\libhal_bsp.a(alt_write.o)
 .debug_frame   0x00000494       0x64 ../P3_f_bsp/\libhal_bsp.a(alt_sys_init.o)
 .debug_frame   0x000004f8       0x48 ../P3_f_bsp/\libhal_bsp.a(altera_avalon_jtag_uart_fd.o)
 .debug_frame   0x00000540       0x2c ../P3_f_bsp/\libhal_bsp.a(altera_avalon_jtag_uart_read.o)
 .debug_frame   0x0000056c       0x2c ../P3_f_bsp/\libhal_bsp.a(altera_avalon_jtag_uart_write.o)
 .debug_frame   0x00000598       0x48 ../P3_f_bsp/\libhal_bsp.a(altera_avalon_timer_sc.o)
 .debug_frame   0x000005e0       0x2c ../P3_f_bsp/\libhal_bsp.a(alt_busy_sleep.o)
 .debug_frame   0x0000060c       0x48 ../P3_f_bsp/\libhal_bsp.a(alt_close.o)
 .debug_frame   0x00000654       0x2c ../P3_f_bsp/\libhal_bsp.a(alt_dcache_flush_all.o)
 .debug_frame   0x00000680       0x2c ../P3_f_bsp/\libhal_bsp.a(alt_dev.o)
 .debug_frame   0x000006ac       0x48 ../P3_f_bsp/\libhal_bsp.a(alt_dev_llist_insert.o)
 .debug_frame   0x000006f4       0x2c ../P3_f_bsp/\libhal_bsp.a(alt_icache_flush_all.o)
 .debug_frame   0x00000720       0x80 ../P3_f_bsp/\libhal_bsp.a(alt_iic.o)
 .debug_frame   0x000007a0       0x2c ../P3_f_bsp/\libhal_bsp.a(alt_iic_isr_register.o)
 .debug_frame   0x000007cc       0x4c ../P3_f_bsp/\libhal_bsp.a(alt_io_redirect.o)
 .debug_frame   0x00000818       0x2c ../P3_f_bsp/\libhal_bsp.a(alt_irq_handler.o)
 .debug_frame   0x00000844       0x68 ../P3_f_bsp/\libhal_bsp.a(alt_open.o)
 .debug_frame   0x000008ac       0x30 ../P3_f_bsp/\libhal_bsp.a(alt_release_fd.o)
 .debug_frame   0x000008dc       0x48 ../P3_f_bsp/\libhal_bsp.a(alt_tick.o)
 .debug_frame   0x00000924       0x2c ../P3_f_bsp/\libhal_bsp.a(altera_nios2_qsys_irq.o)
 .debug_frame   0x00000950       0x2c ../P3_f_bsp/\libhal_bsp.a(alt_find_dev.o)
 .debug_frame   0x0000097c       0x2c ../P3_f_bsp/\libhal_bsp.a(alt_find_file.o)
 .debug_frame   0x000009a8       0x30 ../P3_f_bsp/\libhal_bsp.a(alt_get_fd.o)
 .debug_frame   0x000009d8       0x2c c:/altera/13.0sp1/nios2eds/bin/gnu/h-i686-mingw32/bin/../lib/gcc/nios2-elf/4.1.2/../../../../nios2-elf/lib/mno-hw-mul\libsmallc.a(lib_a-exit.o)
 .debug_frame   0x00000a04       0x20 c:/altera/13.0sp1/nios2eds/bin/gnu/h-i686-mingw32/bin/../lib/gcc/nios2-elf/4.1.2/../../../../nios2-elf/lib/mno-hw-mul\libsmallc.a(lib_a-memcmp.o)
 .debug_frame   0x00000a24       0x4c c:/altera/13.0sp1/nios2eds/bin/gnu/h-i686-mingw32/bin/../lib/gcc/nios2-elf/4.1.2/../../../../nios2-elf/lib/mno-hw-mul\libsmallc.a(lib_a-__call_atexit.o)
 .debug_frame   0x00000a70       0x48 ../P3_f_bsp/\libhal_bsp.a(alt_exit.o)

.debug_str      0x00000000      0xe39
 *(.debug_str)
 .debug_str     0x00000000       0x12 obj/default/hello_world.o
 .debug_str     0x00000012      0x128 c:/altera/13.0sp1/nios2eds/bin/gnu/h-i686-mingw32/bin/../lib/gcc/nios2-elf/4.1.2/mno-hw-mul\libgcc.a(lib2-mul.o)
                                0x175 (size before relaxing)
 .debug_str     0x0000013a      0x3aa c:/altera/13.0sp1/nios2eds/bin/gnu/h-i686-mingw32/bin/../lib/gcc/nios2-elf/4.1.2/../../../../nios2-elf/lib/mno-hw-mul\libsmallc.a(lib_a-printf.o)
                                0x466 (size before relaxing)
 .debug_str     0x000004e4       0x51 c:/altera/13.0sp1/nios2eds/bin/gnu/h-i686-mingw32/bin/../lib/gcc/nios2-elf/4.1.2/../../../../nios2-elf/lib/mno-hw-mul\libsmallc.a(lib_a-putchar.o)
                                0x452 (size before relaxing)
 .debug_str     0x00000535       0x48 c:/altera/13.0sp1/nios2eds/bin/gnu/h-i686-mingw32/bin/../lib/gcc/nios2-elf/4.1.2/../../../../nios2-elf/lib/mno-hw-mul\libsmallc.a(lib_a-puts.o)
                                0x450 (size before relaxing)
 .debug_str     0x0000057d       0xe2 c:/altera/13.0sp1/nios2eds/bin/gnu/h-i686-mingw32/bin/../lib/gcc/nios2-elf/4.1.2/../../../../nios2-elf/lib/mno-hw-mul\libsmallc.a(lib_a-strlen.o)
                                0x184 (size before relaxing)
 .debug_str     0x0000065f      0x168 c:/altera/13.0sp1/nios2eds/bin/gnu/h-i686-mingw32/bin/../lib/gcc/nios2-elf/4.1.2/../../../../nios2-elf/lib/mno-hw-mul\libsmallc.a(lib_a-vfprintf.o)
                                0x5af (size before relaxing)
 .debug_str     0x000007c7       0x70 c:/altera/13.0sp1/nios2eds/bin/gnu/h-i686-mingw32/bin/../lib/gcc/nios2-elf/4.1.2/../../../../nios2-elf/lib/mno-hw-mul\libsmallc.a(lib_a-fvwrite_small_dev.o)
                                0x46a (size before relaxing)
 .debug_str     0x00000837       0xf8 c:/altera/13.0sp1/nios2eds/bin/gnu/h-i686-mingw32/bin/../lib/gcc/nios2-elf/4.1.2/../../../../nios2-elf/lib/mno-hw-mul\libsmallc.a(lib_a-impure.o)
                                0x45d (size before relaxing)
 .debug_str     0x0000092f       0x4f c:/altera/13.0sp1/nios2eds/bin/gnu/h-i686-mingw32/bin/../lib/gcc/nios2-elf/4.1.2/../../../../nios2-elf/lib/mno-hw-mul\libsmallc.a(lib_a-putc.o)
                                0x455 (size before relaxing)
 .debug_str     0x0000097e       0x4f c:/altera/13.0sp1/nios2eds/bin/gnu/h-i686-mingw32/bin/../lib/gcc/nios2-elf/4.1.2/../../../../nios2-elf/lib/mno-hw-mul\libsmallc.a(lib_a-writer.o)
                                0x451 (size before relaxing)
 .debug_str     0x000009cd       0x40 c:/altera/13.0sp1/nios2eds/bin/gnu/h-i686-mingw32/bin/../lib/gcc/nios2-elf/4.1.2/../../../../nios2-elf/lib/mno-hw-mul\libsmallc.a(lib_a-int_errno.o)
                                0x177 (size before relaxing)
 .debug_str     0x00000a0d       0x76 c:/altera/13.0sp1/nios2eds/bin/gnu/h-i686-mingw32/bin/../lib/gcc/nios2-elf/4.1.2/mno-hw-mul\libgcc.a(lib2-divmod.o)
                                0x1b4 (size before relaxing)
 .debug_str     0x00000a83       0x21 ../P3_f_bsp/\libhal_bsp.a(alt_irq_register.o)
 .debug_str     0x00000aa4       0x12 ../P3_f_bsp/\libhal_bsp.a(alt_load.o)
 .debug_str     0x00000ab6       0x12 ../P3_f_bsp/\libhal_bsp.a(alt_main.o)
 .debug_str     0x00000ac8       0x12 ../P3_f_bsp/\libhal_bsp.a(alt_usleep.o)
 .debug_str     0x00000ada       0x12 ../P3_f_bsp/\libhal_bsp.a(alt_write.o)
 .debug_str     0x00000aec       0x12 ../P3_f_bsp/\libhal_bsp.a(alt_sys_init.o)
 .debug_str     0x00000afe       0x12 ../P3_f_bsp/\libhal_bsp.a(altera_avalon_jtag_uart_read.o)
 .debug_str     0x00000b10       0x12 ../P3_f_bsp/\libhal_bsp.a(altera_avalon_jtag_uart_write.o)
 .debug_str     0x00000b22       0x12 ../P3_f_bsp/\libhal_bsp.a(altera_avalon_timer_sc.o)
 .debug_str     0x00000b34       0x12 ../P3_f_bsp/\libhal_bsp.a(alt_busy_sleep.o)
 .debug_str     0x00000b46       0x12 ../P3_f_bsp/\libhal_bsp.a(alt_close.o)
 .debug_str     0x00000b58       0x12 ../P3_f_bsp/\libhal_bsp.a(alt_dcache_flush_all.o)
 .debug_str     0x00000b6a       0x12 ../P3_f_bsp/\libhal_bsp.a(alt_dev.o)
 .debug_str     0x00000b7c       0x12 ../P3_f_bsp/\libhal_bsp.a(alt_dev_llist_insert.o)
 .debug_str     0x00000b8e       0x12 ../P3_f_bsp/\libhal_bsp.a(alt_errno.o)
 .debug_str     0x00000ba0       0x12 ../P3_f_bsp/\libhal_bsp.a(alt_icache_flush_all.o)
 .debug_str     0x00000bb2       0x18 ../P3_f_bsp/\libhal_bsp.a(alt_iic.o)
 .debug_str     0x00000bca       0x1a ../P3_f_bsp/\libhal_bsp.a(alt_iic_isr_register.o)
 .debug_str     0x00000be4       0x12 ../P3_f_bsp/\libhal_bsp.a(alt_io_redirect.o)
 .debug_str     0x00000bf6       0x12 ../P3_f_bsp/\libhal_bsp.a(alt_irq_handler.o)
 .debug_str     0x00000c08       0x12 ../P3_f_bsp/\libhal_bsp.a(alt_open.o)
 .debug_str     0x00000c1a       0x1a ../P3_f_bsp/\libhal_bsp.a(alt_tick.o)
 .debug_str     0x00000c34       0x12 ../P3_f_bsp/\libhal_bsp.a(altera_nios2_qsys_irq.o)
 .debug_str     0x00000c46       0x12 ../P3_f_bsp/\libhal_bsp.a(alt_find_dev.o)
 .debug_str     0x00000c58       0x12 ../P3_f_bsp/\libhal_bsp.a(alt_find_file.o)
 .debug_str     0x00000c6a       0x12 ../P3_f_bsp/\libhal_bsp.a(alt_get_fd.o)
 .debug_str     0x00000c7c       0xde c:/altera/13.0sp1/nios2eds/bin/gnu/h-i686-mingw32/bin/../lib/gcc/nios2-elf/4.1.2/../../../../nios2-elf/lib/mno-hw-mul\libsmallc.a(lib_a-exit.o)
                                0x178 (size before relaxing)
 .debug_str     0x00000d5a       0x45 c:/altera/13.0sp1/nios2eds/bin/gnu/h-i686-mingw32/bin/../lib/gcc/nios2-elf/4.1.2/../../../../nios2-elf/lib/mno-hw-mul\libsmallc.a(lib_a-memcmp.o)
                                0x17e (size before relaxing)
 .debug_str     0x00000d9f       0x7e c:/altera/13.0sp1/nios2eds/bin/gnu/h-i686-mingw32/bin/../lib/gcc/nios2-elf/4.1.2/../../../../nios2-elf/lib/mno-hw-mul\libsmallc.a(lib_a-__call_atexit.o)
                                0x491 (size before relaxing)
 .debug_str     0x00000e1d       0x1c ../P3_f_bsp/\libhal_bsp.a(alt_exit.o)

.debug_loc      0x00000000     0x1a4d
 *(.debug_loc)
 .debug_loc     0x00000000      0x183 obj/default/hello_world.o
 .debug_loc     0x00000183       0x4f c:/altera/13.0sp1/nios2eds/bin/gnu/h-i686-mingw32/bin/../lib/gcc/nios2-elf/4.1.2/mno-hw-mul\libgcc.a(lib2-mul.o)
 .debug_loc     0x000001d2       0x8d c:/altera/13.0sp1/nios2eds/bin/gnu/h-i686-mingw32/bin/../lib/gcc/nios2-elf/4.1.2/../../../../nios2-elf/lib/mno-hw-mul\libsmallc.a(lib_a-printf.o)
 .debug_loc     0x0000025f       0x44 c:/altera/13.0sp1/nios2eds/bin/gnu/h-i686-mingw32/bin/../lib/gcc/nios2-elf/4.1.2/../../../../nios2-elf/lib/mno-hw-mul\libsmallc.a(lib_a-putchar.o)
 .debug_loc     0x000002a3       0xa2 c:/altera/13.0sp1/nios2eds/bin/gnu/h-i686-mingw32/bin/../lib/gcc/nios2-elf/4.1.2/../../../../nios2-elf/lib/mno-hw-mul\libsmallc.a(lib_a-puts.o)
 .debug_loc     0x00000345       0x1e c:/altera/13.0sp1/nios2eds/bin/gnu/h-i686-mingw32/bin/../lib/gcc/nios2-elf/4.1.2/../../../../nios2-elf/lib/mno-hw-mul\libsmallc.a(lib_a-strlen.o)
 .debug_loc     0x00000363      0x878 c:/altera/13.0sp1/nios2eds/bin/gnu/h-i686-mingw32/bin/../lib/gcc/nios2-elf/4.1.2/../../../../nios2-elf/lib/mno-hw-mul\libsmallc.a(lib_a-vfprintf.o)
 .debug_loc     0x00000bdb      0x162 c:/altera/13.0sp1/nios2eds/bin/gnu/h-i686-mingw32/bin/../lib/gcc/nios2-elf/4.1.2/../../../../nios2-elf/lib/mno-hw-mul\libsmallc.a(lib_a-fvwrite_small_dev.o)
 .debug_loc     0x00000d3d       0xd4 c:/altera/13.0sp1/nios2eds/bin/gnu/h-i686-mingw32/bin/../lib/gcc/nios2-elf/4.1.2/../../../../nios2-elf/lib/mno-hw-mul\libsmallc.a(lib_a-putc.o)
 .debug_loc     0x00000e11       0x97 c:/altera/13.0sp1/nios2eds/bin/gnu/h-i686-mingw32/bin/../lib/gcc/nios2-elf/4.1.2/../../../../nios2-elf/lib/mno-hw-mul\libsmallc.a(lib_a-writer.o)
 .debug_loc     0x00000ea8      0x1d2 c:/altera/13.0sp1/nios2eds/bin/gnu/h-i686-mingw32/bin/../lib/gcc/nios2-elf/4.1.2/mno-hw-mul\libgcc.a(lib2-divmod.o)
 .debug_loc     0x0000107a       0x2c ../P3_f_bsp/\libhal_bsp.a(alt_irq_register.o)
 .debug_loc     0x000010a6       0x56 ../P3_f_bsp/\libhal_bsp.a(alt_load.o)
 .debug_loc     0x000010fc       0x2b ../P3_f_bsp/\libhal_bsp.a(alt_main.o)
 .debug_loc     0x00001127       0x2b ../P3_f_bsp/\libhal_bsp.a(alt_usleep.o)
 .debug_loc     0x00001152       0x56 ../P3_f_bsp/\libhal_bsp.a(alt_write.o)
 .debug_loc     0x000011a8       0x81 ../P3_f_bsp/\libhal_bsp.a(alt_sys_init.o)
 .debug_loc     0x00001229       0x56 ../P3_f_bsp/\libhal_bsp.a(altera_avalon_jtag_uart_fd.o)
 .debug_loc     0x0000127f       0x2b ../P3_f_bsp/\libhal_bsp.a(altera_avalon_jtag_uart_read.o)
 .debug_loc     0x000012aa       0x2b ../P3_f_bsp/\libhal_bsp.a(altera_avalon_jtag_uart_write.o)
 .debug_loc     0x000012d5       0x56 ../P3_f_bsp/\libhal_bsp.a(altera_avalon_timer_sc.o)
 .debug_loc     0x0000132b       0x2b ../P3_f_bsp/\libhal_bsp.a(alt_busy_sleep.o)
 .debug_loc     0x00001356       0x56 ../P3_f_bsp/\libhal_bsp.a(alt_close.o)
 .debug_loc     0x000013ac       0x2b ../P3_f_bsp/\libhal_bsp.a(alt_dcache_flush_all.o)
 .debug_loc     0x000013d7       0x2b ../P3_f_bsp/\libhal_bsp.a(alt_dev.o)
 .debug_loc     0x00001402       0x56 ../P3_f_bsp/\libhal_bsp.a(alt_dev_llist_insert.o)
 .debug_loc     0x00001458       0x2b ../P3_f_bsp/\libhal_bsp.a(alt_icache_flush_all.o)
 .debug_loc     0x00001483       0xac ../P3_f_bsp/\libhal_bsp.a(alt_iic.o)
 .debug_loc     0x0000152f       0x2b ../P3_f_bsp/\libhal_bsp.a(alt_iic_isr_register.o)
 .debug_loc     0x0000155a       0x56 ../P3_f_bsp/\libhal_bsp.a(alt_io_redirect.o)
 .debug_loc     0x000015b0       0x2b ../P3_f_bsp/\libhal_bsp.a(alt_irq_handler.o)
 .debug_loc     0x000015db       0x81 ../P3_f_bsp/\libhal_bsp.a(alt_open.o)
 .debug_loc     0x0000165c       0x2b ../P3_f_bsp/\libhal_bsp.a(alt_release_fd.o)
 .debug_loc     0x00001687       0x56 ../P3_f_bsp/\libhal_bsp.a(alt_tick.o)
 .debug_loc     0x000016dd       0x2b ../P3_f_bsp/\libhal_bsp.a(altera_nios2_qsys_irq.o)
 .debug_loc     0x00001708       0x2b ../P3_f_bsp/\libhal_bsp.a(alt_find_dev.o)
 .debug_loc     0x00001733       0x2b ../P3_f_bsp/\libhal_bsp.a(alt_find_file.o)
 .debug_loc     0x0000175e       0x2b ../P3_f_bsp/\libhal_bsp.a(alt_get_fd.o)
 .debug_loc     0x00001789       0x3d c:/altera/13.0sp1/nios2eds/bin/gnu/h-i686-mingw32/bin/../lib/gcc/nios2-elf/4.1.2/../../../../nios2-elf/lib/mno-hw-mul\libsmallc.a(lib_a-exit.o)
 .debug_loc     0x000017c6       0x70 c:/altera/13.0sp1/nios2eds/bin/gnu/h-i686-mingw32/bin/../lib/gcc/nios2-elf/4.1.2/../../../../nios2-elf/lib/mno-hw-mul\libsmallc.a(lib_a-memcmp.o)
 .debug_loc     0x00001836      0x1c1 c:/altera/13.0sp1/nios2eds/bin/gnu/h-i686-mingw32/bin/../lib/gcc/nios2-elf/4.1.2/../../../../nios2-elf/lib/mno-hw-mul\libsmallc.a(lib_a-__call_atexit.o)
 .debug_loc     0x000019f7       0x56 ../P3_f_bsp/\libhal_bsp.a(alt_exit.o)

.debug_macinfo
 *(.debug_macinfo)

.debug_weaknames
 *(.debug_weaknames)

.debug_funcnames
 *(.debug_funcnames)

.debug_typenames
 *(.debug_typenames)

.debug_varnames
 *(.debug_varnames)

.debug_alt_sim_info
                0x00000000       0x40
 *(.debug_alt_sim_info)
 .debug_alt_sim_info
                0x00000000       0x10 ../P3_f_bsp//obj/HAL/src/crt0.o
 .debug_alt_sim_info
                0x00000010       0x30 ../P3_f_bsp/\libhal_bsp.a(alt_busy_sleep.o)
                0x00008000                __alt_data_end = 0x8000
                0x00008000                PROVIDE (__alt_stack_pointer, __alt_data_end)
                0x00007ad0                PROVIDE (__alt_stack_limit, __alt_stack_base)
                0x00007ad0                PROVIDE (__alt_heap_start, end)
                0x00008000                PROVIDE (__alt_heap_limit, 0x8000)
OUTPUT(P3_f.elf elf32-littlenios2)

.debug_ranges   0x00000000      0x1d0
 .debug_ranges  0x00000000       0x20 ../P3_f_bsp//obj/HAL/src/crt0.o
 .debug_ranges  0x00000020      0x140 c:/altera/13.0sp1/nios2eds/bin/gnu/h-i686-mingw32/bin/../lib/gcc/nios2-elf/4.1.2/../../../../nios2-elf/lib/mno-hw-mul\libsmallc.a(lib_a-vfprintf.o)
 .debug_ranges  0x00000160       0x28 ../P3_f_bsp/\libhal_bsp.a(alt_irq_entry.o)
 .debug_ranges  0x00000188       0x30 ../P3_f_bsp/\libhal_bsp.a(alt_exception_entry.o)
 .debug_ranges  0x000001b8       0x18 c:/altera/13.0sp1/nios2eds/bin/gnu/h-i686-mingw32/bin/../lib/gcc/nios2-elf/4.1.2/../../../../nios2-elf/lib/mno-hw-mul\libsmallc.a(lib_a-__call_atexit.o)
