Archive member included because of file (symbol)

c:/altera/13.0sp1/nios2eds/bin/gnu/h-i686-mingw32/bin/../lib/gcc/nios2-elf/4.1.2/mno-hw-mul\libgcc.a(lib2-mul.o)
                              obj/default/hello_world.o (__mulsi3)
c:/altera/13.0sp1/nios2eds/bin/gnu/h-i686-mingw32/bin/../lib/gcc/nios2-elf/4.1.2/../../../../nios2-elf/lib/mno-hw-mul\libsmallc.a(lib_a-printf.o)
                              obj/default/hello_world.o (printf)
c:/altera/13.0sp1/nios2eds/bin/gnu/h-i686-mingw32/bin/../lib/gcc/nios2-elf/4.1.2/../../../../nios2-elf/lib/mno-hw-mul\libsmallc.a(lib_a-putchar.o)
                              obj/default/hello_world.o (putchar)
c:/altera/13.0sp1/nios2eds/bin/gnu/h-i686-mingw32/bin/../lib/gcc/nios2-elf/4.1.2/../../../../nios2-elf/lib/mno-hw-mul\libsmallc.a(lib_a-puts.o)
                              obj/default/hello_world.o (puts)
c:/altera/13.0sp1/nios2eds/bin/gnu/h-i686-mingw32/bin/../lib/gcc/nios2-elf/4.1.2/../../../../nios2-elf/lib/mno-hw-mul\libsmallc.a(lib_a-strlen.o)
                              c:/altera/13.0sp1/nios2eds/bin/gnu/h-i686-mingw32/bin/../lib/gcc/nios2-elf/4.1.2/../../../../nios2-elf/lib/mno-hw-mul\libsmallc.a(lib_a-puts.o) (strlen)
c:/altera/13.0sp1/nios2eds/bin/gnu/h-i686-mingw32/bin/../lib/gcc/nios2-elf/4.1.2/../../../../nios2-elf/lib/mno-hw-mul\libsmallc.a(lib_a-vfprintf.o)
                              c:/altera/13.0sp1/nios2eds/bin/gnu/h-i686-mingw32/bin/../lib/gcc/nios2-elf/4.1.2/../../../../nios2-elf/lib/mno-hw-mul\libsmallc.a(lib_a-printf.o) (___vfprintf_internal_r)
c:/altera/13.0sp1/nios2eds/bin/gnu/h-i686-mingw32/bin/../lib/gcc/nios2-elf/4.1.2/../../../../nios2-elf/lib/mno-hw-mul\libsmallc.a(lib_a-fvwrite_small_dev.o)
                              c:/altera/13.0sp1/nios2eds/bin/gnu/h-i686-mingw32/bin/../lib/gcc/nios2-elf/4.1.2/../../../../nios2-elf/lib/mno-hw-mul\libsmallc.a(lib_a-printf.o) (__sfvwrite_small_dev)
c:/altera/13.0sp1/nios2eds/bin/gnu/h-i686-mingw32/bin/../lib/gcc/nios2-elf/4.1.2/../../../../nios2-elf/lib/mno-hw-mul\libsmallc.a(lib_a-impure.o)
                              c:/altera/13.0sp1/nios2eds/bin/gnu/h-i686-mingw32/bin/../lib/gcc/nios2-elf/4.1.2/../../../../nios2-elf/lib/mno-hw-mul\libsmallc.a(lib_a-printf.o) (_impure_ptr)
c:/altera/13.0sp1/nios2eds/bin/gnu/h-i686-mingw32/bin/../lib/gcc/nios2-elf/4.1.2/../../../../nios2-elf/lib/mno-hw-mul\libsmallc.a(lib_a-putc.o)
                              c:/altera/13.0sp1/nios2eds/bin/gnu/h-i686-mingw32/bin/../lib/gcc/nios2-elf/4.1.2/../../../../nios2-elf/lib/mno-hw-mul\libsmallc.a(lib_a-putchar.o) (_putc_r)
c:/altera/13.0sp1/nios2eds/bin/gnu/h-i686-mingw32/bin/../lib/gcc/nios2-elf/4.1.2/../../../../nios2-elf/lib/mno-hw-mul\libsmallc.a(lib_a-writer.o)
                              c:/altera/13.0sp1/nios2eds/bin/gnu/h-i686-mingw32/bin/../lib/gcc/nios2-elf/4.1.2/../../../../nios2-elf/lib/mno-hw-mul\libsmallc.a(lib_a-fvwrite_small_dev.o) (_write_r)
c:/altera/13.0sp1/nios2eds/bin/gnu/h-i686-mingw32/bin/../lib/gcc/nios2-elf/4.1.2/../../../../nios2-elf/lib/mno-hw-mul\libsmallc.a(lib_a-int_errno.o)
                              c:/altera/13.0sp1/nios2eds/bin/gnu/h-i686-mingw32/bin/../lib/gcc/nios2-elf/4.1.2/../../../../nios2-elf/lib/mno-hw-mul\libsmallc.a(lib_a-writer.o) (errno)
c:/altera/13.0sp1/nios2eds/bin/gnu/h-i686-mingw32/bin/../lib/gcc/nios2-elf/4.1.2/mno-hw-mul\libgcc.a(lib2-divmod.o)
                              c:/altera/13.0sp1/nios2eds/bin/gnu/h-i686-mingw32/bin/../lib/gcc/nios2-elf/4.1.2/../../../../nios2-elf/lib/mno-hw-mul\libsmallc.a(lib_a-vfprintf.o) (__udivsi3)
../Proyecto_3_bsp/\libhal_bsp.a(alt_load.o)
                              ../Proyecto_3_bsp//obj/HAL/src/crt0.o (alt_load)
../Proyecto_3_bsp/\libhal_bsp.a(alt_main.o)
                              ../Proyecto_3_bsp//obj/HAL/src/crt0.o (alt_main)
../Proyecto_3_bsp/\libhal_bsp.a(alt_usleep.o)
                              obj/default/hello_world.o (usleep)
../Proyecto_3_bsp/\libhal_bsp.a(alt_write.o)
                              c:/altera/13.0sp1/nios2eds/bin/gnu/h-i686-mingw32/bin/../lib/gcc/nios2-elf/4.1.2/../../../../nios2-elf/lib/mno-hw-mul\libsmallc.a(lib_a-writer.o) (write)
../Proyecto_3_bsp/\libhal_bsp.a(alt_sys_init.o)
                              ../Proyecto_3_bsp/\libhal_bsp.a(alt_main.o) (alt_irq_init)
../Proyecto_3_bsp/\libhal_bsp.a(altera_avalon_jtag_uart_fd.o)
                              ../Proyecto_3_bsp/\libhal_bsp.a(alt_sys_init.o) (altera_avalon_jtag_uart_read_fd)
../Proyecto_3_bsp/\libhal_bsp.a(altera_avalon_jtag_uart_read.o)
                              ../Proyecto_3_bsp/\libhal_bsp.a(altera_avalon_jtag_uart_fd.o) (altera_avalon_jtag_uart_read)
../Proyecto_3_bsp/\libhal_bsp.a(altera_avalon_jtag_uart_write.o)
                              ../Proyecto_3_bsp/\libhal_bsp.a(altera_avalon_jtag_uart_fd.o) (altera_avalon_jtag_uart_write)
../Proyecto_3_bsp/\libhal_bsp.a(alt_busy_sleep.o)
                              ../Proyecto_3_bsp/\libhal_bsp.a(alt_usleep.o) (alt_busy_sleep)
../Proyecto_3_bsp/\libhal_bsp.a(alt_close.o)
                              ../Proyecto_3_bsp/\libhal_bsp.a(alt_main.o) (close)
../Proyecto_3_bsp/\libhal_bsp.a(alt_dcache_flush_all.o)
                              ../Proyecto_3_bsp/\libhal_bsp.a(alt_load.o) (alt_dcache_flush_all)
../Proyecto_3_bsp/\libhal_bsp.a(alt_dev.o)
                              ../Proyecto_3_bsp/\libhal_bsp.a(alt_sys_init.o) (alt_dev_list)
../Proyecto_3_bsp/\libhal_bsp.a(alt_dev_llist_insert.o)
                              ../Proyecto_3_bsp/\libhal_bsp.a(alt_sys_init.o) (alt_dev_llist_insert)
../Proyecto_3_bsp/\libhal_bsp.a(alt_errno.o)
                              ../Proyecto_3_bsp/\libhal_bsp.a(alt_write.o) (alt_errno)
../Proyecto_3_bsp/\libhal_bsp.a(alt_icache_flush_all.o)
                              ../Proyecto_3_bsp/\libhal_bsp.a(alt_load.o) (alt_icache_flush_all)
../Proyecto_3_bsp/\libhal_bsp.a(alt_io_redirect.o)
                              ../Proyecto_3_bsp/\libhal_bsp.a(alt_main.o) (alt_io_redirect)
../Proyecto_3_bsp/\libhal_bsp.a(alt_open.o)
                              ../Proyecto_3_bsp/\libhal_bsp.a(alt_io_redirect.o) (open)
../Proyecto_3_bsp/\libhal_bsp.a(alt_release_fd.o)
                              ../Proyecto_3_bsp/\libhal_bsp.a(alt_close.o) (alt_release_fd)
../Proyecto_3_bsp/\libhal_bsp.a(altera_nios2_qsys_irq.o)
                              ../Proyecto_3_bsp/\libhal_bsp.a(alt_sys_init.o) (altera_nios2_qsys_irq_init)
../Proyecto_3_bsp/\libhal_bsp.a(alt_find_dev.o)
                              ../Proyecto_3_bsp/\libhal_bsp.a(alt_open.o) (alt_find_dev)
../Proyecto_3_bsp/\libhal_bsp.a(alt_find_file.o)
                              ../Proyecto_3_bsp/\libhal_bsp.a(alt_open.o) (alt_find_file)
../Proyecto_3_bsp/\libhal_bsp.a(alt_get_fd.o)
                              ../Proyecto_3_bsp/\libhal_bsp.a(alt_open.o) (alt_get_fd)
c:/altera/13.0sp1/nios2eds/bin/gnu/h-i686-mingw32/bin/../lib/gcc/nios2-elf/4.1.2/../../../../nios2-elf/lib/mno-hw-mul\libsmallc.a(lib_a-exit.o)
                              ../Proyecto_3_bsp/\libhal_bsp.a(alt_main.o) (exit)
c:/altera/13.0sp1/nios2eds/bin/gnu/h-i686-mingw32/bin/../lib/gcc/nios2-elf/4.1.2/../../../../nios2-elf/lib/mno-hw-mul\libsmallc.a(lib_a-memcmp.o)
                              ../Proyecto_3_bsp/\libhal_bsp.a(alt_find_dev.o) (memcmp)
c:/altera/13.0sp1/nios2eds/bin/gnu/h-i686-mingw32/bin/../lib/gcc/nios2-elf/4.1.2/../../../../nios2-elf/lib/mno-hw-mul\libsmallc.a(lib_a-__call_atexit.o)
                              c:/altera/13.0sp1/nios2eds/bin/gnu/h-i686-mingw32/bin/../lib/gcc/nios2-elf/4.1.2/../../../../nios2-elf/lib/mno-hw-mul\libsmallc.a(lib_a-exit.o) (__call_exitprocs)
../Proyecto_3_bsp/\libhal_bsp.a(alt_exit.o)
                              c:/altera/13.0sp1/nios2eds/bin/gnu/h-i686-mingw32/bin/../lib/gcc/nios2-elf/4.1.2/../../../../nios2-elf/lib/mno-hw-mul\libsmallc.a(lib_a-exit.o) (_exit)

Allocating common symbols
Common symbol       size              file

x                   0x4               obj/default/hello_world.o
errno               0x4               c:/altera/13.0sp1/nios2eds/bin/gnu/h-i686-mingw32/bin/../lib/gcc/nios2-elf/4.1.2/../../../../nios2-elf/lib/mno-hw-mul\libsmallc.a(lib_a-int_errno.o)
jx                  0x4               obj/default/hello_world.o
mat1                0x20              obj/default/hello_world.o
kx                  0x4               obj/default/hello_world.o
mat2                0x20              obj/default/hello_world.o
lfsr                0x1               obj/default/hello_world.o
t1                  0x4               obj/default/hello_world.o
ix                  0x4               obj/default/hello_world.o
res                 0x80              obj/default/hello_world.o

Discarded input sections

 .gnu.warning.__alt_invalid
                0x00000000        0x0 ../Proyecto_3_bsp/\libhal_bsp.a(alt_sys_init.o)

Memory Configuration

Name             Origin             Length             Attributes
reset            0x00004000         0x00000020
RAM              0x00004020         0x00003fe0
*default*        0x00000000         0xffffffff

Linker script and memory map

LOAD ../Proyecto_3_bsp//obj/HAL/src/crt0.o
LOAD obj/default/hello_world.o
LOAD c:/altera/13.0sp1/nios2eds/bin/gnu/h-i686-mingw32/bin/../lib/gcc/nios2-elf/4.1.2/../../../../nios2-elf/lib/mno-hw-mul\libstdc++.a
LOAD c:/altera/13.0sp1/nios2eds/bin/gnu/h-i686-mingw32/bin/../lib/gcc/nios2-elf/4.1.2/../../../../nios2-elf/lib/mno-hw-mul\libm.a
LOAD c:/altera/13.0sp1/nios2eds/bin/gnu/h-i686-mingw32/bin/../lib/gcc/nios2-elf/4.1.2/mno-hw-mul\libgcc.a
START GROUP
LOAD c:/altera/13.0sp1/nios2eds/bin/gnu/h-i686-mingw32/bin/../lib/gcc/nios2-elf/4.1.2/../../../../nios2-elf/lib/mno-hw-mul\libsmallc.a
LOAD c:/altera/13.0sp1/nios2eds/bin/gnu/h-i686-mingw32/bin/../lib/gcc/nios2-elf/4.1.2/mno-hw-mul\libgcc.a
LOAD ../Proyecto_3_bsp/\libhal_bsp.a
END GROUP
LOAD c:/altera/13.0sp1/nios2eds/bin/gnu/h-i686-mingw32/bin/../lib/gcc/nios2-elf/4.1.2/mno-hw-mul\libgcc.a
                0x00004000                __alt_mem_RAM = 0x4000

.entry          0x00004000       0x20
 *(.entry)
 .entry         0x00004000       0x20 ../Proyecto_3_bsp//obj/HAL/src/crt0.o
                0x00004000                __reset

.exceptions     0x00004020        0x0
                0x00004020                PROVIDE (__ram_exceptions_start, ABSOLUTE (.))
                0x00004020                . = ALIGN (0x20)
 *(.irq)
 *(.exceptions.entry.label)
 *(.exceptions.entry.user)
 *(.exceptions.entry)
 *(.exceptions.irqtest.user)
 *(.exceptions.irqtest)
 *(.exceptions.irqhandler.user)
 *(.exceptions.irqhandler)
 *(.exceptions.irqreturn.user)
 *(.exceptions.irqreturn)
 *(.exceptions.notirq.label)
 *(.exceptions.notirq.user)
 *(.exceptions.notirq)
 *(.exceptions.soft.user)
 *(.exceptions.soft)
 *(.exceptions.unknown.user)
 *(.exceptions.unknown)
 *(.exceptions.exit.label)
 *(.exceptions.exit.user)
 *(.exceptions.exit)
 *(.exceptions)
                0x00004020                PROVIDE (__ram_exceptions_end, ABSOLUTE (.))
                0x00004020                PROVIDE (__flash_exceptions_start, LOADADDR (.exceptions))

.text           0x00004020     0x2874
                0x00004020                PROVIDE (stext, ABSOLUTE (.))
 *(.interp)
 *(.hash)
 *(.dynsym)
 *(.dynstr)
 *(.gnu.version)
 *(.gnu.version_d)
 *(.gnu.version_r)
 *(.rel.init)
 *(.rela.init)
 *(.rel.text .rel.text.* .rel.gnu.linkonce.t.*)
 *(.rela.text .rela.text.* .rela.gnu.linkonce.t.*)
 *(.rel.fini)
 *(.rela.fini)
 *(.rel.rodata .rel.rodata.* .rel.gnu.linkonce.r.*)
 *(.rela.rodata .rela.rodata.* .rela.gnu.linkonce.r.*)
 *(.rel.data .rel.data.* .rel.gnu.linkonce.d.*)
 *(.rela.data .rela.data.* .rela.gnu.linkonce.d.*)
 *(.rel.tdata .rel.tdata.* .rel.gnu.linkonce.td.*)
 *(.rela.tdata .rela.tdata.* .rela.gnu.linkonce.td.*)
 *(.rel.tbss .rel.tbss.* .rel.gnu.linkonce.tb.*)
 *(.rela.tbss .rela.tbss.* .rela.gnu.linkonce.tb.*)
 *(.rel.ctors)
 *(.rela.ctors)
 *(.rel.dtors)
 *(.rela.dtors)
 *(.rel.got)
 *(.rela.got)
 *(.rel.sdata .rel.sdata.* .rel.gnu.linkonce.s.*)
 *(.rela.sdata .rela.sdata.* .rela.gnu.linkonce.s.*)
 *(.rel.sbss .rel.sbss.* .rel.gnu.linkonce.sb.*)
 *(.rela.sbss .rela.sbss.* .rela.gnu.linkonce.sb.*)
 *(.rel.sdata2 .rel.sdata2.* .rel.gnu.linkonce.s2.*)
 *(.rela.sdata2 .rela.sdata2.* .rela.gnu.linkonce.s2.*)
 *(.rel.sbss2 .rel.sbss2.* .rel.gnu.linkonce.sb2.*)
 *(.rela.sbss2 .rela.sbss2.* .rela.gnu.linkonce.sb2.*)
 *(.rel.bss .rel.bss.* .rel.gnu.linkonce.b.*)
 *(.rela.bss .rela.bss.* .rela.gnu.linkonce.b.*)
 *(.rel.plt)
 *(.rela.plt)
 *(.rel.dyn)
 *(.init)
 *(.plt)
 *(.text .stub .text.* .gnu.linkonce.t.*)
 .text          0x00004020       0x3c ../Proyecto_3_bsp//obj/HAL/src/crt0.o
                0x00004020                _start
 .text          0x0000405c      0x7e4 obj/default/hello_world.o
                0x0000405c                init_mat
                0x0000417c                print_mat
                0x00004314                mult_mat
                0x00004604                get_random
                0x00004674                init_timer
                0x000046b8                parte_1
                0x00004808                main
 .text          0x00004840       0x38 c:/altera/13.0sp1/nios2eds/bin/gnu/h-i686-mingw32/bin/../lib/gcc/nios2-elf/4.1.2/mno-hw-mul\libgcc.a(lib2-mul.o)
                0x00004840                __mulsi3
 .text          0x00004878       0x98 c:/altera/13.0sp1/nios2eds/bin/gnu/h-i686-mingw32/bin/../lib/gcc/nios2-elf/4.1.2/../../../../nios2-elf/lib/mno-hw-mul\libsmallc.a(lib_a-printf.o)
                0x00004878                printf
                0x000048cc                _printf_r
 .text          0x00004910       0x24 c:/altera/13.0sp1/nios2eds/bin/gnu/h-i686-mingw32/bin/../lib/gcc/nios2-elf/4.1.2/../../../../nios2-elf/lib/mno-hw-mul\libsmallc.a(lib_a-putchar.o)
                0x00004910                putchar
                0x0000492c                _putchar_r
 .text          0x00004934       0xa4 c:/altera/13.0sp1/nios2eds/bin/gnu/h-i686-mingw32/bin/../lib/gcc/nios2-elf/4.1.2/../../../../nios2-elf/lib/mno-hw-mul\libsmallc.a(lib_a-puts.o)
                0x00004934                _puts_r
                0x000049c4                puts
 .text          0x000049d8       0x20 c:/altera/13.0sp1/nios2eds/bin/gnu/h-i686-mingw32/bin/../lib/gcc/nios2-elf/4.1.2/../../../../nios2-elf/lib/mno-hw-mul\libsmallc.a(lib_a-strlen.o)
                0x000049d8                strlen
 .text          0x000049f8      0x740 c:/altera/13.0sp1/nios2eds/bin/gnu/h-i686-mingw32/bin/../lib/gcc/nios2-elf/4.1.2/../../../../nios2-elf/lib/mno-hw-mul\libsmallc.a(lib_a-vfprintf.o)
                0x00004a78                ___vfprintf_internal_r
                0x00005114                __vfprintf_internal
 .text          0x00005138       0xbc c:/altera/13.0sp1/nios2eds/bin/gnu/h-i686-mingw32/bin/../lib/gcc/nios2-elf/4.1.2/../../../../nios2-elf/lib/mno-hw-mul\libsmallc.a(lib_a-fvwrite_small_dev.o)
                0x00005138                __sfvwrite_small_dev
 .text          0x000051f4        0x0 c:/altera/13.0sp1/nios2eds/bin/gnu/h-i686-mingw32/bin/../lib/gcc/nios2-elf/4.1.2/../../../../nios2-elf/lib/mno-hw-mul\libsmallc.a(lib_a-impure.o)
 .text          0x000051f4       0xe4 c:/altera/13.0sp1/nios2eds/bin/gnu/h-i686-mingw32/bin/../lib/gcc/nios2-elf/4.1.2/../../../../nios2-elf/lib/mno-hw-mul\libsmallc.a(lib_a-putc.o)
                0x000051f4                putc
                0x00005264                _putc_r
 .text          0x000052d8       0x78 c:/altera/13.0sp1/nios2eds/bin/gnu/h-i686-mingw32/bin/../lib/gcc/nios2-elf/4.1.2/../../../../nios2-elf/lib/mno-hw-mul\libsmallc.a(lib_a-writer.o)
                0x000052d8                _write_r
 .text          0x00005350        0x0 c:/altera/13.0sp1/nios2eds/bin/gnu/h-i686-mingw32/bin/../lib/gcc/nios2-elf/4.1.2/../../../../nios2-elf/lib/mno-hw-mul\libsmallc.a(lib_a-int_errno.o)
 .text          0x00005350      0x14c c:/altera/13.0sp1/nios2eds/bin/gnu/h-i686-mingw32/bin/../lib/gcc/nios2-elf/4.1.2/mno-hw-mul\libgcc.a(lib2-divmod.o)
                0x000053cc                __divsi3
                0x0000542c                __modsi3
                0x0000548c                __udivsi3
                0x00005494                __umodsi3
 .text          0x0000549c       0xec ../Proyecto_3_bsp/\libhal_bsp.a(alt_load.o)
                0x0000549c                alt_load
 .text          0x00005588       0x5c ../Proyecto_3_bsp/\libhal_bsp.a(alt_main.o)
                0x00005588                alt_main
 .text          0x000055e4       0x30 ../Proyecto_3_bsp/\libhal_bsp.a(alt_usleep.o)
                0x000055e4                usleep
 .text          0x00005614      0x184 ../Proyecto_3_bsp/\libhal_bsp.a(alt_write.o)
                0x00005614                write
 .text          0x00005798       0xa0 ../Proyecto_3_bsp/\libhal_bsp.a(alt_sys_init.o)
                0x00005798                alt_irq_init
                0x000057cc                alt_sys_init
 .text          0x00005838       0xb0 ../Proyecto_3_bsp/\libhal_bsp.a(altera_avalon_jtag_uart_fd.o)
                0x00005838                altera_avalon_jtag_uart_read_fd
                0x00005890                altera_avalon_jtag_uart_write_fd
 .text          0x000058e8      0x104 ../Proyecto_3_bsp/\libhal_bsp.a(altera_avalon_jtag_uart_read.o)
                0x000058e8                altera_avalon_jtag_uart_read
 .text          0x000059ec       0xa4 ../Proyecto_3_bsp/\libhal_bsp.a(altera_avalon_jtag_uart_write.o)
                0x000059ec                altera_avalon_jtag_uart_write
 .text          0x00005a90      0x15c ../Proyecto_3_bsp/\libhal_bsp.a(alt_busy_sleep.o)
                0x00005a90                alt_busy_sleep
 .text          0x00005bec      0x160 ../Proyecto_3_bsp/\libhal_bsp.a(alt_close.o)
                0x00005bec                close
 .text          0x00005d4c       0x1c ../Proyecto_3_bsp/\libhal_bsp.a(alt_dcache_flush_all.o)
                0x00005d4c                alt_dcache_flush_all
 .text          0x00005d68       0x2c ../Proyecto_3_bsp/\libhal_bsp.a(alt_dev.o)
 .text          0x00005d94      0x114 ../Proyecto_3_bsp/\libhal_bsp.a(alt_dev_llist_insert.o)
                0x00005d94                alt_dev_llist_insert
 .text          0x00005ea8        0x0 ../Proyecto_3_bsp/\libhal_bsp.a(alt_errno.o)
 .text          0x00005ea8       0x1c ../Proyecto_3_bsp/\libhal_bsp.a(alt_icache_flush_all.o)
                0x00005ea8                alt_icache_flush_all
 .text          0x00005ec4      0x150 ../Proyecto_3_bsp/\libhal_bsp.a(alt_io_redirect.o)
                0x00005f9c                alt_io_redirect
 .text          0x00006014      0x2e4 ../Proyecto_3_bsp/\libhal_bsp.a(alt_open.o)
                0x0000610c                open
 .text          0x000062f8       0x78 ../Proyecto_3_bsp/\libhal_bsp.a(alt_release_fd.o)
                0x000062f8                alt_release_fd
 .text          0x00006370       0x20 ../Proyecto_3_bsp/\libhal_bsp.a(altera_nios2_qsys_irq.o)
                0x00006370                altera_nios2_qsys_irq_init
 .text          0x00006390       0x94 ../Proyecto_3_bsp/\libhal_bsp.a(alt_find_dev.o)
                0x00006390                alt_find_dev
 .text          0x00006424      0x120 ../Proyecto_3_bsp/\libhal_bsp.a(alt_find_file.o)
                0x00006424                alt_find_file
 .text          0x00006544       0xd0 ../Proyecto_3_bsp/\libhal_bsp.a(alt_get_fd.o)
                0x00006544                alt_get_fd
 .text          0x00006614       0x20 c:/altera/13.0sp1/nios2eds/bin/gnu/h-i686-mingw32/bin/../lib/gcc/nios2-elf/4.1.2/../../../../nios2-elf/lib/mno-hw-mul\libsmallc.a(lib_a-exit.o)
                0x00006614                exit
 .text          0x00006634       0x3c c:/altera/13.0sp1/nios2eds/bin/gnu/h-i686-mingw32/bin/../lib/gcc/nios2-elf/4.1.2/../../../../nios2-elf/lib/mno-hw-mul\libsmallc.a(lib_a-memcmp.o)
                0x00006634                memcmp
 .text          0x00006670      0x1c0 c:/altera/13.0sp1/nios2eds/bin/gnu/h-i686-mingw32/bin/../lib/gcc/nios2-elf/4.1.2/../../../../nios2-elf/lib/mno-hw-mul\libsmallc.a(lib_a-__call_atexit.o)
                0x00006674                __call_exitprocs
 .text          0x00006830       0x60 ../Proyecto_3_bsp/\libhal_bsp.a(alt_exit.o)
                0x00006870                _exit
 *(.gnu.warning.*)
 *(.fini)
                0x00006890                PROVIDE (__etext, ABSOLUTE (.))
                0x00006890                PROVIDE (_etext, ABSOLUTE (.))
                0x00006890                PROVIDE (etext, ABSOLUTE (.))
 *(.eh_frame_hdr)
                0x00006890                . = ALIGN (0x4)
                0x00006890                PROVIDE (__preinit_array_start, ABSOLUTE (.))
 *(.preinit_array)
                0x00006890                PROVIDE (__preinit_array_end, ABSOLUTE (.))
                0x00006890                PROVIDE (__init_array_start, ABSOLUTE (.))
 *(.init_array)
                0x00006890                PROVIDE (__init_array_end, ABSOLUTE (.))
                0x00006890                PROVIDE (__fini_array_start, ABSOLUTE (.))
 *(.fini_array)
                0x00006890                PROVIDE (__fini_array_end, ABSOLUTE (.))
 *(.eh_frame)
 *(.gcc_except_table)
 *(.dynamic)
                0x00006890                PROVIDE (__CTOR_LIST__, ABSOLUTE (.))
 *(.ctors)
 *(SORT(.ctors.*))
 .ctors.65535   0x00006890        0x4 c:/altera/13.0sp1/nios2eds/bin/gnu/h-i686-mingw32/bin/../lib/gcc/nios2-elf/4.1.2/../../../../nios2-elf/lib/mno-hw-mul\libsmallc.a(lib_a-__call_atexit.o)
                0x00006894                PROVIDE (__CTOR_END__, ABSOLUTE (.))
                0x00006894                PROVIDE (__DTOR_LIST__, ABSOLUTE (.))
 *(.dtors)
 *(SORT(.dtors.*))
                0x00006894                PROVIDE (__DTOR_END__, ABSOLUTE (.))
 *(.jcr)
                0x00006894                . = ALIGN (0x4)

.rodata         0x00006894       0x98
                0x00006894                PROVIDE (__ram_rodata_start, ABSOLUTE (.))
                0x00006894                . = ALIGN (0x4)
 *(.rodata .rodata.* .gnu.linkonce.r.*)
 .rodata        0x00006894       0x60 obj/default/hello_world.o
 .rodata.str1.4
                0x000068f4        0x4 c:/altera/13.0sp1/nios2eds/bin/gnu/h-i686-mingw32/bin/../lib/gcc/nios2-elf/4.1.2/../../../../nios2-elf/lib/mno-hw-mul\libsmallc.a(lib_a-puts.o)
 .rodata        0x000068f8       0x14 ../Proyecto_3_bsp/\libhal_bsp.a(alt_main.o)
 .rodata        0x0000690c       0x14 ../Proyecto_3_bsp/\libhal_bsp.a(alt_sys_init.o)
 .rodata        0x00006920        0xc ../Proyecto_3_bsp/\libhal_bsp.a(alt_dev.o)
 *(.rodata1)
                0x0000692c                . = ALIGN (0x4)
                0x0000692c                PROVIDE (__ram_rodata_end, ABSOLUTE (.))
                0x00006894                PROVIDE (__flash_rodata_start, LOADADDR (.rodata))

.rwdata         0x0000692c      0x2dc load address 0x00006c08
                0x0000692c                PROVIDE (__ram_rwdata_start, ABSOLUTE (.))
                0x0000692c                . = ALIGN (0x4)
 *(.got.plt)
 *(.got)
 *(.data1)
 *(.data .data.* .gnu.linkonce.d.*)
 .data          0x0000692c        0x0 ../Proyecto_3_bsp//obj/HAL/src/crt0.o
 .data          0x0000692c        0x0 obj/default/hello_world.o
 .data          0x0000692c        0x0 c:/altera/13.0sp1/nios2eds/bin/gnu/h-i686-mingw32/bin/../lib/gcc/nios2-elf/4.1.2/mno-hw-mul\libgcc.a(lib2-mul.o)
 .data          0x0000692c        0x0 c:/altera/13.0sp1/nios2eds/bin/gnu/h-i686-mingw32/bin/../lib/gcc/nios2-elf/4.1.2/../../../../nios2-elf/lib/mno-hw-mul\libsmallc.a(lib_a-printf.o)
 .data          0x0000692c        0x0 c:/altera/13.0sp1/nios2eds/bin/gnu/h-i686-mingw32/bin/../lib/gcc/nios2-elf/4.1.2/../../../../nios2-elf/lib/mno-hw-mul\libsmallc.a(lib_a-putchar.o)
 .data          0x0000692c        0x0 c:/altera/13.0sp1/nios2eds/bin/gnu/h-i686-mingw32/bin/../lib/gcc/nios2-elf/4.1.2/../../../../nios2-elf/lib/mno-hw-mul\libsmallc.a(lib_a-puts.o)
 .data          0x0000692c        0x0 c:/altera/13.0sp1/nios2eds/bin/gnu/h-i686-mingw32/bin/../lib/gcc/nios2-elf/4.1.2/../../../../nios2-elf/lib/mno-hw-mul\libsmallc.a(lib_a-strlen.o)
 .data          0x0000692c        0x0 c:/altera/13.0sp1/nios2eds/bin/gnu/h-i686-mingw32/bin/../lib/gcc/nios2-elf/4.1.2/../../../../nios2-elf/lib/mno-hw-mul\libsmallc.a(lib_a-vfprintf.o)
 .data          0x0000692c        0x0 c:/altera/13.0sp1/nios2eds/bin/gnu/h-i686-mingw32/bin/../lib/gcc/nios2-elf/4.1.2/../../../../nios2-elf/lib/mno-hw-mul\libsmallc.a(lib_a-fvwrite_small_dev.o)
 .data          0x0000692c       0xe0 c:/altera/13.0sp1/nios2eds/bin/gnu/h-i686-mingw32/bin/../lib/gcc/nios2-elf/4.1.2/../../../../nios2-elf/lib/mno-hw-mul\libsmallc.a(lib_a-impure.o)
 .data          0x00006a0c        0x0 c:/altera/13.0sp1/nios2eds/bin/gnu/h-i686-mingw32/bin/../lib/gcc/nios2-elf/4.1.2/../../../../nios2-elf/lib/mno-hw-mul\libsmallc.a(lib_a-putc.o)
 .data          0x00006a0c        0x0 c:/altera/13.0sp1/nios2eds/bin/gnu/h-i686-mingw32/bin/../lib/gcc/nios2-elf/4.1.2/../../../../nios2-elf/lib/mno-hw-mul\libsmallc.a(lib_a-writer.o)
 .data          0x00006a0c        0x0 c:/altera/13.0sp1/nios2eds/bin/gnu/h-i686-mingw32/bin/../lib/gcc/nios2-elf/4.1.2/../../../../nios2-elf/lib/mno-hw-mul\libsmallc.a(lib_a-int_errno.o)
 .data          0x00006a0c        0x0 c:/altera/13.0sp1/nios2eds/bin/gnu/h-i686-mingw32/bin/../lib/gcc/nios2-elf/4.1.2/mno-hw-mul\libgcc.a(lib2-divmod.o)
 .data          0x00006a0c        0x0 ../Proyecto_3_bsp/\libhal_bsp.a(alt_load.o)
 .data          0x00006a0c        0x0 ../Proyecto_3_bsp/\libhal_bsp.a(alt_main.o)
 .data          0x00006a0c        0x0 ../Proyecto_3_bsp/\libhal_bsp.a(alt_usleep.o)
 .data          0x00006a0c        0x0 ../Proyecto_3_bsp/\libhal_bsp.a(alt_write.o)
 .data          0x00006a0c       0x2c ../Proyecto_3_bsp/\libhal_bsp.a(alt_sys_init.o)
 .data          0x00006a38        0x0 ../Proyecto_3_bsp/\libhal_bsp.a(altera_avalon_jtag_uart_fd.o)
 .data          0x00006a38        0x0 ../Proyecto_3_bsp/\libhal_bsp.a(altera_avalon_jtag_uart_read.o)
 .data          0x00006a38        0x0 ../Proyecto_3_bsp/\libhal_bsp.a(altera_avalon_jtag_uart_write.o)
 .data          0x00006a38        0x0 ../Proyecto_3_bsp/\libhal_bsp.a(alt_busy_sleep.o)
 .data          0x00006a38        0x0 ../Proyecto_3_bsp/\libhal_bsp.a(alt_close.o)
 .data          0x00006a38        0x0 ../Proyecto_3_bsp/\libhal_bsp.a(alt_dcache_flush_all.o)
 .data          0x00006a38      0x1a8 ../Proyecto_3_bsp/\libhal_bsp.a(alt_dev.o)
                0x00006a38                alt_dev_null
                0x00006a60                alt_fd_list
 .data          0x00006be0        0x0 ../Proyecto_3_bsp/\libhal_bsp.a(alt_dev_llist_insert.o)
 .data          0x00006be0        0x0 ../Proyecto_3_bsp/\libhal_bsp.a(alt_errno.o)
 .data          0x00006be0        0x0 ../Proyecto_3_bsp/\libhal_bsp.a(alt_icache_flush_all.o)
 .data          0x00006be0        0x0 ../Proyecto_3_bsp/\libhal_bsp.a(alt_io_redirect.o)
 .data          0x00006be0        0x0 ../Proyecto_3_bsp/\libhal_bsp.a(alt_open.o)
 .data          0x00006be0        0x0 ../Proyecto_3_bsp/\libhal_bsp.a(alt_release_fd.o)
 .data          0x00006be0        0x0 ../Proyecto_3_bsp/\libhal_bsp.a(altera_nios2_qsys_irq.o)
 .data          0x00006be0        0x0 ../Proyecto_3_bsp/\libhal_bsp.a(alt_find_dev.o)
 .data          0x00006be0        0x0 ../Proyecto_3_bsp/\libhal_bsp.a(alt_find_file.o)
 .data          0x00006be0        0x0 ../Proyecto_3_bsp/\libhal_bsp.a(alt_get_fd.o)
 .data          0x00006be0        0x0 c:/altera/13.0sp1/nios2eds/bin/gnu/h-i686-mingw32/bin/../lib/gcc/nios2-elf/4.1.2/../../../../nios2-elf/lib/mno-hw-mul\libsmallc.a(lib_a-exit.o)
 .data          0x00006be0        0x0 c:/altera/13.0sp1/nios2eds/bin/gnu/h-i686-mingw32/bin/../lib/gcc/nios2-elf/4.1.2/../../../../nios2-elf/lib/mno-hw-mul\libsmallc.a(lib_a-memcmp.o)
 .data          0x00006be0        0x0 c:/altera/13.0sp1/nios2eds/bin/gnu/h-i686-mingw32/bin/../lib/gcc/nios2-elf/4.1.2/../../../../nios2-elf/lib/mno-hw-mul\libsmallc.a(lib_a-__call_atexit.o)
 .data          0x00006be0        0x0 ../Proyecto_3_bsp/\libhal_bsp.a(alt_exit.o)
                0x0000ebe0                _gp = ABSOLUTE ((. + 0x8000))
                0x0000ebe0                PROVIDE (gp, _gp)
 *(.rwdata .rwdata.*)
 *(.sdata .sdata.* .gnu.linkonce.s.*)
 .sdata         0x00006be0        0x8 obj/default/hello_world.o
                0x00006be0                random
                0x00006be4                timer
 .sdata         0x00006be8        0x8 c:/altera/13.0sp1/nios2eds/bin/gnu/h-i686-mingw32/bin/../lib/gcc/nios2-elf/4.1.2/../../../../nios2-elf/lib/mno-hw-mul\libsmallc.a(lib_a-impure.o)
                0x00006be8                _impure_ptr
                0x00006bec                _global_impure_ptr
 .sdata         0x00006bf0       0x14 ../Proyecto_3_bsp/\libhal_bsp.a(alt_dev.o)
                0x00006bf0                alt_fs_list
                0x00006bf8                alt_dev_list
                0x00006c00                alt_max_fd
 .sdata         0x00006c04        0x4 ../Proyecto_3_bsp/\libhal_bsp.a(alt_errno.o)
                0x00006c04                alt_errno
 *(.sdata2 .sdata2.* .gnu.linkonce.s2.*)
                0x00006c08                . = ALIGN (0x4)
                0x00006c08                _edata = ABSOLUTE (.)
                0x00006c08                PROVIDE (edata, ABSOLUTE (.))
                0x00006c08                PROVIDE (__ram_rwdata_end, ABSOLUTE (.))
                0x00006c08                PROVIDE (__flash_rwdata_start, LOADADDR (.rwdata))

.bss            0x00006ee4       0xe8
                0x00006ee4                __bss_start = ABSOLUTE (.)
                0x00006ee4                PROVIDE (__sbss_start, ABSOLUTE (.))
                0x00006ee4                PROVIDE (___sbss_start, ABSOLUTE (.))
 *(.dynsbss)
 *(.sbss .sbss.* .gnu.linkonce.sb.*)
 .sbss          0x00006ee4       0x18 obj/default/hello_world.o
                0x00006ee4                x
                0x00006ee8                jx
                0x00006eec                kx
                0x00006ef0                lfsr
                0x00006ef4                t1
                0x00006ef8                ix
 .sbss          0x00006efc        0x4 c:/altera/13.0sp1/nios2eds/bin/gnu/h-i686-mingw32/bin/../lib/gcc/nios2-elf/4.1.2/../../../../nios2-elf/lib/mno-hw-mul\libsmallc.a(lib_a-int_errno.o)
                0x00006efc                errno
 .sbss          0x00006f00        0xc ../Proyecto_3_bsp/\libhal_bsp.a(alt_main.o)
                0x00006f00                alt_argc
                0x00006f04                alt_argv
                0x00006f08                alt_envp
 *(.sbss2 .sbss2.* .gnu.linkonce.sb2.*)
 *(.scommon)
                0x00006f0c                PROVIDE (__sbss_end, ABSOLUTE (.))
                0x00006f0c                PROVIDE (___sbss_end, ABSOLUTE (.))
 *(.dynbss)
 *(.bss .bss.* .gnu.linkonce.b.*)
 .bss           0x00006f0c        0x0 ../Proyecto_3_bsp//obj/HAL/src/crt0.o
 .bss           0x00006f0c        0x0 obj/default/hello_world.o
 .bss           0x00006f0c        0x0 c:/altera/13.0sp1/nios2eds/bin/gnu/h-i686-mingw32/bin/../lib/gcc/nios2-elf/4.1.2/mno-hw-mul\libgcc.a(lib2-mul.o)
 .bss           0x00006f0c        0x0 c:/altera/13.0sp1/nios2eds/bin/gnu/h-i686-mingw32/bin/../lib/gcc/nios2-elf/4.1.2/../../../../nios2-elf/lib/mno-hw-mul\libsmallc.a(lib_a-printf.o)
 .bss           0x00006f0c        0x0 c:/altera/13.0sp1/nios2eds/bin/gnu/h-i686-mingw32/bin/../lib/gcc/nios2-elf/4.1.2/../../../../nios2-elf/lib/mno-hw-mul\libsmallc.a(lib_a-putchar.o)
 .bss           0x00006f0c        0x0 c:/altera/13.0sp1/nios2eds/bin/gnu/h-i686-mingw32/bin/../lib/gcc/nios2-elf/4.1.2/../../../../nios2-elf/lib/mno-hw-mul\libsmallc.a(lib_a-puts.o)
 .bss           0x00006f0c        0x0 c:/altera/13.0sp1/nios2eds/bin/gnu/h-i686-mingw32/bin/../lib/gcc/nios2-elf/4.1.2/../../../../nios2-elf/lib/mno-hw-mul\libsmallc.a(lib_a-strlen.o)
 .bss           0x00006f0c        0x0 c:/altera/13.0sp1/nios2eds/bin/gnu/h-i686-mingw32/bin/../lib/gcc/nios2-elf/4.1.2/../../../../nios2-elf/lib/mno-hw-mul\libsmallc.a(lib_a-vfprintf.o)
 .bss           0x00006f0c        0x0 c:/altera/13.0sp1/nios2eds/bin/gnu/h-i686-mingw32/bin/../lib/gcc/nios2-elf/4.1.2/../../../../nios2-elf/lib/mno-hw-mul\libsmallc.a(lib_a-fvwrite_small_dev.o)
 .bss           0x00006f0c        0x0 c:/altera/13.0sp1/nios2eds/bin/gnu/h-i686-mingw32/bin/../lib/gcc/nios2-elf/4.1.2/../../../../nios2-elf/lib/mno-hw-mul\libsmallc.a(lib_a-impure.o)
 .bss           0x00006f0c        0x0 c:/altera/13.0sp1/nios2eds/bin/gnu/h-i686-mingw32/bin/../lib/gcc/nios2-elf/4.1.2/../../../../nios2-elf/lib/mno-hw-mul\libsmallc.a(lib_a-putc.o)
 .bss           0x00006f0c        0x0 c:/altera/13.0sp1/nios2eds/bin/gnu/h-i686-mingw32/bin/../lib/gcc/nios2-elf/4.1.2/../../../../nios2-elf/lib/mno-hw-mul\libsmallc.a(lib_a-writer.o)
 .bss           0x00006f0c        0x0 c:/altera/13.0sp1/nios2eds/bin/gnu/h-i686-mingw32/bin/../lib/gcc/nios2-elf/4.1.2/../../../../nios2-elf/lib/mno-hw-mul\libsmallc.a(lib_a-int_errno.o)
 .bss           0x00006f0c        0x0 c:/altera/13.0sp1/nios2eds/bin/gnu/h-i686-mingw32/bin/../lib/gcc/nios2-elf/4.1.2/mno-hw-mul\libgcc.a(lib2-divmod.o)
 .bss           0x00006f0c        0x0 ../Proyecto_3_bsp/\libhal_bsp.a(alt_load.o)
 .bss           0x00006f0c        0x0 ../Proyecto_3_bsp/\libhal_bsp.a(alt_main.o)
 .bss           0x00006f0c        0x0 ../Proyecto_3_bsp/\libhal_bsp.a(alt_usleep.o)
 .bss           0x00006f0c        0x0 ../Proyecto_3_bsp/\libhal_bsp.a(alt_write.o)
 .bss           0x00006f0c        0x0 ../Proyecto_3_bsp/\libhal_bsp.a(alt_sys_init.o)
 .bss           0x00006f0c        0x0 ../Proyecto_3_bsp/\libhal_bsp.a(altera_avalon_jtag_uart_fd.o)
 .bss           0x00006f0c        0x0 ../Proyecto_3_bsp/\libhal_bsp.a(altera_avalon_jtag_uart_read.o)
 .bss           0x00006f0c        0x0 ../Proyecto_3_bsp/\libhal_bsp.a(altera_avalon_jtag_uart_write.o)
 .bss           0x00006f0c        0x0 ../Proyecto_3_bsp/\libhal_bsp.a(alt_busy_sleep.o)
 .bss           0x00006f0c        0x0 ../Proyecto_3_bsp/\libhal_bsp.a(alt_close.o)
 .bss           0x00006f0c        0x0 ../Proyecto_3_bsp/\libhal_bsp.a(alt_dcache_flush_all.o)
 .bss           0x00006f0c        0x0 ../Proyecto_3_bsp/\libhal_bsp.a(alt_dev.o)
 .bss           0x00006f0c        0x0 ../Proyecto_3_bsp/\libhal_bsp.a(alt_dev_llist_insert.o)
 .bss           0x00006f0c        0x0 ../Proyecto_3_bsp/\libhal_bsp.a(alt_errno.o)
 .bss           0x00006f0c        0x0 ../Proyecto_3_bsp/\libhal_bsp.a(alt_icache_flush_all.o)
 .bss           0x00006f0c        0x0 ../Proyecto_3_bsp/\libhal_bsp.a(alt_io_redirect.o)
 .bss           0x00006f0c        0x0 ../Proyecto_3_bsp/\libhal_bsp.a(alt_open.o)
 .bss           0x00006f0c        0x0 ../Proyecto_3_bsp/\libhal_bsp.a(alt_release_fd.o)
 .bss           0x00006f0c        0x0 ../Proyecto_3_bsp/\libhal_bsp.a(altera_nios2_qsys_irq.o)
 .bss           0x00006f0c        0x0 ../Proyecto_3_bsp/\libhal_bsp.a(alt_find_dev.o)
 .bss           0x00006f0c        0x0 ../Proyecto_3_bsp/\libhal_bsp.a(alt_find_file.o)
 .bss           0x00006f0c        0x0 ../Proyecto_3_bsp/\libhal_bsp.a(alt_get_fd.o)
 .bss           0x00006f0c        0x0 c:/altera/13.0sp1/nios2eds/bin/gnu/h-i686-mingw32/bin/../lib/gcc/nios2-elf/4.1.2/../../../../nios2-elf/lib/mno-hw-mul\libsmallc.a(lib_a-exit.o)
 .bss           0x00006f0c        0x0 c:/altera/13.0sp1/nios2eds/bin/gnu/h-i686-mingw32/bin/../lib/gcc/nios2-elf/4.1.2/../../../../nios2-elf/lib/mno-hw-mul\libsmallc.a(lib_a-memcmp.o)
 .bss           0x00006f0c        0x0 c:/altera/13.0sp1/nios2eds/bin/gnu/h-i686-mingw32/bin/../lib/gcc/nios2-elf/4.1.2/../../../../nios2-elf/lib/mno-hw-mul\libsmallc.a(lib_a-__call_atexit.o)
 .bss           0x00006f0c        0x0 ../Proyecto_3_bsp/\libhal_bsp.a(alt_exit.o)
 *(COMMON)
 COMMON         0x00006f0c       0xc0 obj/default/hello_world.o
                0x00006f0c                mat1
                0x00006f2c                mat2
                0x00006f4c                res
                0x00006fcc                . = ALIGN (0x4)
                0x00006fcc                __bss_end = ABSOLUTE (.)

.RAM            0x00006fcc        0x0
                0x00006fcc                PROVIDE (_alt_partition_RAM_start, ABSOLUTE (.))
 *(.RAM. RAM.*)
                0x00006fcc                . = ALIGN (0x4)
                0x00006fcc                PROVIDE (_alt_partition_RAM_end, ABSOLUTE (.))
                0x00006fcc                _end = ABSOLUTE (.)
                0x00006fcc                end = ABSOLUTE (.)
                0x00006fcc                __alt_stack_base = ABSOLUTE (.)
                0x00006fcc                PROVIDE (_alt_partition_RAM_load_addr, LOADADDR (.RAM))

.stab
 *(.stab)

.stabstr
 *(.stabstr)

.stab.excl
 *(.stab.excl)

.stab.exclstr
 *(.stab.exclstr)

.stab.index
 *(.stab.index)

.stab.indexstr
 *(.stab.indexstr)

.comment        0x00000000       0x26
 *(.comment)
 .comment       0x00000000       0x26 obj/default/hello_world.o
                                 0x27 (size before relaxing)
 .comment       0x00000000       0x27 c:/altera/13.0sp1/nios2eds/bin/gnu/h-i686-mingw32/bin/../lib/gcc/nios2-elf/4.1.2/mno-hw-mul\libgcc.a(lib2-mul.o)
 .comment       0x00000000       0x27 c:/altera/13.0sp1/nios2eds/bin/gnu/h-i686-mingw32/bin/../lib/gcc/nios2-elf/4.1.2/../../../../nios2-elf/lib/mno-hw-mul\libsmallc.a(lib_a-printf.o)
 .comment       0x00000000       0x27 c:/altera/13.0sp1/nios2eds/bin/gnu/h-i686-mingw32/bin/../lib/gcc/nios2-elf/4.1.2/../../../../nios2-elf/lib/mno-hw-mul\libsmallc.a(lib_a-putchar.o)
 .comment       0x00000000       0x27 c:/altera/13.0sp1/nios2eds/bin/gnu/h-i686-mingw32/bin/../lib/gcc/nios2-elf/4.1.2/../../../../nios2-elf/lib/mno-hw-mul\libsmallc.a(lib_a-puts.o)
 .comment       0x00000000       0x27 c:/altera/13.0sp1/nios2eds/bin/gnu/h-i686-mingw32/bin/../lib/gcc/nios2-elf/4.1.2/../../../../nios2-elf/lib/mno-hw-mul\libsmallc.a(lib_a-strlen.o)
 .comment       0x00000000       0x27 c:/altera/13.0sp1/nios2eds/bin/gnu/h-i686-mingw32/bin/../lib/gcc/nios2-elf/4.1.2/../../../../nios2-elf/lib/mno-hw-mul\libsmallc.a(lib_a-vfprintf.o)
 .comment       0x00000000       0x27 c:/altera/13.0sp1/nios2eds/bin/gnu/h-i686-mingw32/bin/../lib/gcc/nios2-elf/4.1.2/../../../../nios2-elf/lib/mno-hw-mul\libsmallc.a(lib_a-fvwrite_small_dev.o)
 .comment       0x00000000       0x27 c:/altera/13.0sp1/nios2eds/bin/gnu/h-i686-mingw32/bin/../lib/gcc/nios2-elf/4.1.2/../../../../nios2-elf/lib/mno-hw-mul\libsmallc.a(lib_a-impure.o)
 .comment       0x00000000       0x27 c:/altera/13.0sp1/nios2eds/bin/gnu/h-i686-mingw32/bin/../lib/gcc/nios2-elf/4.1.2/../../../../nios2-elf/lib/mno-hw-mul\libsmallc.a(lib_a-putc.o)
 .comment       0x00000000       0x27 c:/altera/13.0sp1/nios2eds/bin/gnu/h-i686-mingw32/bin/../lib/gcc/nios2-elf/4.1.2/../../../../nios2-elf/lib/mno-hw-mul\libsmallc.a(lib_a-writer.o)
 .comment       0x00000000       0x27 c:/altera/13.0sp1/nios2eds/bin/gnu/h-i686-mingw32/bin/../lib/gcc/nios2-elf/4.1.2/../../../../nios2-elf/lib/mno-hw-mul\libsmallc.a(lib_a-int_errno.o)
 .comment       0x00000000       0x27 c:/altera/13.0sp1/nios2eds/bin/gnu/h-i686-mingw32/bin/../lib/gcc/nios2-elf/4.1.2/mno-hw-mul\libgcc.a(lib2-divmod.o)
 .comment       0x00000000       0x27 ../Proyecto_3_bsp/\libhal_bsp.a(alt_load.o)
 .comment       0x00000000       0x27 ../Proyecto_3_bsp/\libhal_bsp.a(alt_main.o)
 .comment       0x00000000       0x27 ../Proyecto_3_bsp/\libhal_bsp.a(alt_usleep.o)
 .comment       0x00000000       0x27 ../Proyecto_3_bsp/\libhal_bsp.a(alt_write.o)
 .comment       0x00000000       0x27 ../Proyecto_3_bsp/\libhal_bsp.a(alt_sys_init.o)
 .comment       0x00000000       0x27 ../Proyecto_3_bsp/\libhal_bsp.a(altera_avalon_jtag_uart_fd.o)
 .comment       0x00000000       0x27 ../Proyecto_3_bsp/\libhal_bsp.a(altera_avalon_jtag_uart_read.o)
 .comment       0x00000000       0x27 ../Proyecto_3_bsp/\libhal_bsp.a(altera_avalon_jtag_uart_write.o)
 .comment       0x00000000       0x27 ../Proyecto_3_bsp/\libhal_bsp.a(alt_busy_sleep.o)
 .comment       0x00000000       0x27 ../Proyecto_3_bsp/\libhal_bsp.a(alt_close.o)
 .comment       0x00000000       0x27 ../Proyecto_3_bsp/\libhal_bsp.a(alt_dcache_flush_all.o)
 .comment       0x00000000       0x27 ../Proyecto_3_bsp/\libhal_bsp.a(alt_dev.o)
 .comment       0x00000000       0x27 ../Proyecto_3_bsp/\libhal_bsp.a(alt_dev_llist_insert.o)
 .comment       0x00000000       0x27 ../Proyecto_3_bsp/\libhal_bsp.a(alt_errno.o)
 .comment       0x00000000       0x27 ../Proyecto_3_bsp/\libhal_bsp.a(alt_icache_flush_all.o)
 .comment       0x00000000       0x27 ../Proyecto_3_bsp/\libhal_bsp.a(alt_io_redirect.o)
 .comment       0x00000000       0x27 ../Proyecto_3_bsp/\libhal_bsp.a(alt_open.o)
 .comment       0x00000000       0x27 ../Proyecto_3_bsp/\libhal_bsp.a(alt_release_fd.o)
 .comment       0x00000000       0x27 ../Proyecto_3_bsp/\libhal_bsp.a(altera_nios2_qsys_irq.o)
 .comment       0x00000000       0x27 ../Proyecto_3_bsp/\libhal_bsp.a(alt_find_dev.o)
 .comment       0x00000000       0x27 ../Proyecto_3_bsp/\libhal_bsp.a(alt_find_file.o)
 .comment       0x00000000       0x27 ../Proyecto_3_bsp/\libhal_bsp.a(alt_get_fd.o)
 .comment       0x00000000       0x27 c:/altera/13.0sp1/nios2eds/bin/gnu/h-i686-mingw32/bin/../lib/gcc/nios2-elf/4.1.2/../../../../nios2-elf/lib/mno-hw-mul\libsmallc.a(lib_a-exit.o)
 .comment       0x00000000       0x27 c:/altera/13.0sp1/nios2eds/bin/gnu/h-i686-mingw32/bin/../lib/gcc/nios2-elf/4.1.2/../../../../nios2-elf/lib/mno-hw-mul\libsmallc.a(lib_a-memcmp.o)
 .comment       0x00000000       0x27 c:/altera/13.0sp1/nios2eds/bin/gnu/h-i686-mingw32/bin/../lib/gcc/nios2-elf/4.1.2/../../../../nios2-elf/lib/mno-hw-mul\libsmallc.a(lib_a-__call_atexit.o)
 .comment       0x00000000       0x27 ../Proyecto_3_bsp/\libhal_bsp.a(alt_exit.o)

.debug
 *(.debug)

.line
 *(.line)

.debug_srcinfo
 *(.debug_srcinfo)

.debug_sfnames
 *(.debug_sfnames)

.debug_aranges  0x00000000      0x4a8
 *(.debug_aranges)
 .debug_aranges
                0x00000000       0x28 ../Proyecto_3_bsp//obj/HAL/src/crt0.o
 .debug_aranges
                0x00000028       0x20 obj/default/hello_world.o
 .debug_aranges
                0x00000048       0x20 c:/altera/13.0sp1/nios2eds/bin/gnu/h-i686-mingw32/bin/../lib/gcc/nios2-elf/4.1.2/mno-hw-mul\libgcc.a(lib2-mul.o)
 .debug_aranges
                0x00000068       0x20 c:/altera/13.0sp1/nios2eds/bin/gnu/h-i686-mingw32/bin/../lib/gcc/nios2-elf/4.1.2/../../../../nios2-elf/lib/mno-hw-mul\libsmallc.a(lib_a-printf.o)
 .debug_aranges
                0x00000088       0x20 c:/altera/13.0sp1/nios2eds/bin/gnu/h-i686-mingw32/bin/../lib/gcc/nios2-elf/4.1.2/../../../../nios2-elf/lib/mno-hw-mul\libsmallc.a(lib_a-putchar.o)
 .debug_aranges
                0x000000a8       0x20 c:/altera/13.0sp1/nios2eds/bin/gnu/h-i686-mingw32/bin/../lib/gcc/nios2-elf/4.1.2/../../../../nios2-elf/lib/mno-hw-mul\libsmallc.a(lib_a-puts.o)
 .debug_aranges
                0x000000c8       0x20 c:/altera/13.0sp1/nios2eds/bin/gnu/h-i686-mingw32/bin/../lib/gcc/nios2-elf/4.1.2/../../../../nios2-elf/lib/mno-hw-mul\libsmallc.a(lib_a-strlen.o)
 .debug_aranges
                0x000000e8       0x20 c:/altera/13.0sp1/nios2eds/bin/gnu/h-i686-mingw32/bin/../lib/gcc/nios2-elf/4.1.2/../../../../nios2-elf/lib/mno-hw-mul\libsmallc.a(lib_a-vfprintf.o)
 .debug_aranges
                0x00000108       0x20 c:/altera/13.0sp1/nios2eds/bin/gnu/h-i686-mingw32/bin/../lib/gcc/nios2-elf/4.1.2/../../../../nios2-elf/lib/mno-hw-mul\libsmallc.a(lib_a-fvwrite_small_dev.o)
 .debug_aranges
                0x00000128       0x20 c:/altera/13.0sp1/nios2eds/bin/gnu/h-i686-mingw32/bin/../lib/gcc/nios2-elf/4.1.2/../../../../nios2-elf/lib/mno-hw-mul\libsmallc.a(lib_a-putc.o)
 .debug_aranges
                0x00000148       0x20 c:/altera/13.0sp1/nios2eds/bin/gnu/h-i686-mingw32/bin/../lib/gcc/nios2-elf/4.1.2/../../../../nios2-elf/lib/mno-hw-mul\libsmallc.a(lib_a-writer.o)
 .debug_aranges
                0x00000168       0x20 c:/altera/13.0sp1/nios2eds/bin/gnu/h-i686-mingw32/bin/../lib/gcc/nios2-elf/4.1.2/mno-hw-mul\libgcc.a(lib2-divmod.o)
 .debug_aranges
                0x00000188       0x20 ../Proyecto_3_bsp/\libhal_bsp.a(alt_load.o)
 .debug_aranges
                0x000001a8       0x20 ../Proyecto_3_bsp/\libhal_bsp.a(alt_main.o)
 .debug_aranges
                0x000001c8       0x20 ../Proyecto_3_bsp/\libhal_bsp.a(alt_usleep.o)
 .debug_aranges
                0x000001e8       0x20 ../Proyecto_3_bsp/\libhal_bsp.a(alt_write.o)
 .debug_aranges
                0x00000208       0x20 ../Proyecto_3_bsp/\libhal_bsp.a(alt_sys_init.o)
 .debug_aranges
                0x00000228       0x20 ../Proyecto_3_bsp/\libhal_bsp.a(altera_avalon_jtag_uart_fd.o)
 .debug_aranges
                0x00000248       0x20 ../Proyecto_3_bsp/\libhal_bsp.a(altera_avalon_jtag_uart_read.o)
 .debug_aranges
                0x00000268       0x20 ../Proyecto_3_bsp/\libhal_bsp.a(altera_avalon_jtag_uart_write.o)
 .debug_aranges
                0x00000288       0x20 ../Proyecto_3_bsp/\libhal_bsp.a(alt_busy_sleep.o)
 .debug_aranges
                0x000002a8       0x20 ../Proyecto_3_bsp/\libhal_bsp.a(alt_close.o)
 .debug_aranges
                0x000002c8       0x20 ../Proyecto_3_bsp/\libhal_bsp.a(alt_dcache_flush_all.o)
 .debug_aranges
                0x000002e8       0x20 ../Proyecto_3_bsp/\libhal_bsp.a(alt_dev.o)
 .debug_aranges
                0x00000308       0x20 ../Proyecto_3_bsp/\libhal_bsp.a(alt_dev_llist_insert.o)
 .debug_aranges
                0x00000328       0x20 ../Proyecto_3_bsp/\libhal_bsp.a(alt_icache_flush_all.o)
 .debug_aranges
                0x00000348       0x20 ../Proyecto_3_bsp/\libhal_bsp.a(alt_io_redirect.o)
 .debug_aranges
                0x00000368       0x20 ../Proyecto_3_bsp/\libhal_bsp.a(alt_open.o)
 .debug_aranges
                0x00000388       0x20 ../Proyecto_3_bsp/\libhal_bsp.a(alt_release_fd.o)
 .debug_aranges
                0x000003a8       0x20 ../Proyecto_3_bsp/\libhal_bsp.a(altera_nios2_qsys_irq.o)
 .debug_aranges
                0x000003c8       0x20 ../Proyecto_3_bsp/\libhal_bsp.a(alt_find_dev.o)
 .debug_aranges
                0x000003e8       0x20 ../Proyecto_3_bsp/\libhal_bsp.a(alt_find_file.o)
 .debug_aranges
                0x00000408       0x20 ../Proyecto_3_bsp/\libhal_bsp.a(alt_get_fd.o)
 .debug_aranges
                0x00000428       0x20 c:/altera/13.0sp1/nios2eds/bin/gnu/h-i686-mingw32/bin/../lib/gcc/nios2-elf/4.1.2/../../../../nios2-elf/lib/mno-hw-mul\libsmallc.a(lib_a-exit.o)
 .debug_aranges
                0x00000448       0x20 c:/altera/13.0sp1/nios2eds/bin/gnu/h-i686-mingw32/bin/../lib/gcc/nios2-elf/4.1.2/../../../../nios2-elf/lib/mno-hw-mul\libsmallc.a(lib_a-memcmp.o)
 .debug_aranges
                0x00000468       0x20 c:/altera/13.0sp1/nios2eds/bin/gnu/h-i686-mingw32/bin/../lib/gcc/nios2-elf/4.1.2/../../../../nios2-elf/lib/mno-hw-mul\libsmallc.a(lib_a-__call_atexit.o)
 .debug_aranges
                0x00000488       0x20 ../Proyecto_3_bsp/\libhal_bsp.a(alt_exit.o)

.debug_pubnames
                0x00000000      0x728
 *(.debug_pubnames)
 .debug_pubnames
                0x00000000       0xc7 obj/default/hello_world.o
 .debug_pubnames
                0x000000c7       0x1f c:/altera/13.0sp1/nios2eds/bin/gnu/h-i686-mingw32/bin/../lib/gcc/nios2-elf/4.1.2/mno-hw-mul\libgcc.a(lib2-mul.o)
 .debug_pubnames
                0x000000e6       0x2b c:/altera/13.0sp1/nios2eds/bin/gnu/h-i686-mingw32/bin/../lib/gcc/nios2-elf/4.1.2/../../../../nios2-elf/lib/mno-hw-mul\libsmallc.a(lib_a-printf.o)
 .debug_pubnames
                0x00000111       0x2d c:/altera/13.0sp1/nios2eds/bin/gnu/h-i686-mingw32/bin/../lib/gcc/nios2-elf/4.1.2/../../../../nios2-elf/lib/mno-hw-mul\libsmallc.a(lib_a-putchar.o)
 .debug_pubnames
                0x0000013e       0x27 c:/altera/13.0sp1/nios2eds/bin/gnu/h-i686-mingw32/bin/../lib/gcc/nios2-elf/4.1.2/../../../../nios2-elf/lib/mno-hw-mul\libsmallc.a(lib_a-puts.o)
 .debug_pubnames
                0x00000165       0x1d c:/altera/13.0sp1/nios2eds/bin/gnu/h-i686-mingw32/bin/../lib/gcc/nios2-elf/4.1.2/../../../../nios2-elf/lib/mno-hw-mul\libsmallc.a(lib_a-strlen.o)
 .debug_pubnames
                0x00000182       0x45 c:/altera/13.0sp1/nios2eds/bin/gnu/h-i686-mingw32/bin/../lib/gcc/nios2-elf/4.1.2/../../../../nios2-elf/lib/mno-hw-mul\libsmallc.a(lib_a-vfprintf.o)
 .debug_pubnames
                0x000001c7       0x2b c:/altera/13.0sp1/nios2eds/bin/gnu/h-i686-mingw32/bin/../lib/gcc/nios2-elf/4.1.2/../../../../nios2-elf/lib/mno-hw-mul\libsmallc.a(lib_a-fvwrite_small_dev.o)
 .debug_pubnames
                0x000001f2       0x39 c:/altera/13.0sp1/nios2eds/bin/gnu/h-i686-mingw32/bin/../lib/gcc/nios2-elf/4.1.2/../../../../nios2-elf/lib/mno-hw-mul\libsmallc.a(lib_a-impure.o)
 .debug_pubnames
                0x0000022b       0x27 c:/altera/13.0sp1/nios2eds/bin/gnu/h-i686-mingw32/bin/../lib/gcc/nios2-elf/4.1.2/../../../../nios2-elf/lib/mno-hw-mul\libsmallc.a(lib_a-putc.o)
 .debug_pubnames
                0x00000252       0x1f c:/altera/13.0sp1/nios2eds/bin/gnu/h-i686-mingw32/bin/../lib/gcc/nios2-elf/4.1.2/../../../../nios2-elf/lib/mno-hw-mul\libsmallc.a(lib_a-writer.o)
 .debug_pubnames
                0x00000271       0x1c c:/altera/13.0sp1/nios2eds/bin/gnu/h-i686-mingw32/bin/../lib/gcc/nios2-elf/4.1.2/../../../../nios2-elf/lib/mno-hw-mul\libsmallc.a(lib_a-int_errno.o)
 .debug_pubnames
                0x0000028d       0x48 c:/altera/13.0sp1/nios2eds/bin/gnu/h-i686-mingw32/bin/../lib/gcc/nios2-elf/4.1.2/mno-hw-mul\libgcc.a(lib2-divmod.o)
 .debug_pubnames
                0x000002d5       0x1f ../Proyecto_3_bsp/\libhal_bsp.a(alt_load.o)
 .debug_pubnames
                0x000002f4       0x46 ../Proyecto_3_bsp/\libhal_bsp.a(alt_main.o)
 .debug_pubnames
                0x0000033a       0x1d ../Proyecto_3_bsp/\libhal_bsp.a(alt_usleep.o)
 .debug_pubnames
                0x00000357       0x1c ../Proyecto_3_bsp/\libhal_bsp.a(alt_write.o)
 .debug_pubnames
                0x00000373       0x34 ../Proyecto_3_bsp/\libhal_bsp.a(alt_sys_init.o)
 .debug_pubnames
                0x000003a7       0x5b ../Proyecto_3_bsp/\libhal_bsp.a(altera_avalon_jtag_uart_fd.o)
 .debug_pubnames
                0x00000402       0x33 ../Proyecto_3_bsp/\libhal_bsp.a(altera_avalon_jtag_uart_read.o)
 .debug_pubnames
                0x00000435       0x34 ../Proyecto_3_bsp/\libhal_bsp.a(altera_avalon_jtag_uart_write.o)
 .debug_pubnames
                0x00000469       0x25 ../Proyecto_3_bsp/\libhal_bsp.a(alt_busy_sleep.o)
 .debug_pubnames
                0x0000048e       0x1c ../Proyecto_3_bsp/\libhal_bsp.a(alt_close.o)
 .debug_pubnames
                0x000004aa       0x2b ../Proyecto_3_bsp/\libhal_bsp.a(alt_dcache_flush_all.o)
 .debug_pubnames
                0x000004d5       0x63 ../Proyecto_3_bsp/\libhal_bsp.a(alt_dev.o)
 .debug_pubnames
                0x00000538       0x2b ../Proyecto_3_bsp/\libhal_bsp.a(alt_dev_llist_insert.o)
 .debug_pubnames
                0x00000563       0x20 ../Proyecto_3_bsp/\libhal_bsp.a(alt_errno.o)
 .debug_pubnames
                0x00000583       0x2b ../Proyecto_3_bsp/\libhal_bsp.a(alt_icache_flush_all.o)
 .debug_pubnames
                0x000005ae       0x26 ../Proyecto_3_bsp/\libhal_bsp.a(alt_io_redirect.o)
 .debug_pubnames
                0x000005d4       0x1b ../Proyecto_3_bsp/\libhal_bsp.a(alt_open.o)
 .debug_pubnames
                0x000005ef       0x25 ../Proyecto_3_bsp/\libhal_bsp.a(alt_release_fd.o)
 .debug_pubnames
                0x00000614       0x31 ../Proyecto_3_bsp/\libhal_bsp.a(altera_nios2_qsys_irq.o)
 .debug_pubnames
                0x00000645       0x23 ../Proyecto_3_bsp/\libhal_bsp.a(alt_find_dev.o)
 .debug_pubnames
                0x00000668       0x24 ../Proyecto_3_bsp/\libhal_bsp.a(alt_find_file.o)
 .debug_pubnames
                0x0000068c       0x21 ../Proyecto_3_bsp/\libhal_bsp.a(alt_get_fd.o)
 .debug_pubnames
                0x000006ad       0x1b c:/altera/13.0sp1/nios2eds/bin/gnu/h-i686-mingw32/bin/../lib/gcc/nios2-elf/4.1.2/../../../../nios2-elf/lib/mno-hw-mul\libsmallc.a(lib_a-exit.o)
 .debug_pubnames
                0x000006c8       0x1d c:/altera/13.0sp1/nios2eds/bin/gnu/h-i686-mingw32/bin/../lib/gcc/nios2-elf/4.1.2/../../../../nios2-elf/lib/mno-hw-mul\libsmallc.a(lib_a-memcmp.o)
 .debug_pubnames
                0x000006e5       0x27 c:/altera/13.0sp1/nios2eds/bin/gnu/h-i686-mingw32/bin/../lib/gcc/nios2-elf/4.1.2/../../../../nios2-elf/lib/mno-hw-mul\libsmallc.a(lib_a-__call_atexit.o)
 .debug_pubnames
                0x0000070c       0x1c ../Proyecto_3_bsp/\libhal_bsp.a(alt_exit.o)

.debug_info     0x00000000     0x9556
 *(.debug_info .gnu.linkonce.wi.*)
 .debug_info    0x00000000       0x56 ../Proyecto_3_bsp//obj/HAL/src/crt0.o
 .debug_info    0x00000056      0x36e obj/default/hello_world.o
 .debug_info    0x000003c4       0xf3 c:/altera/13.0sp1/nios2eds/bin/gnu/h-i686-mingw32/bin/../lib/gcc/nios2-elf/4.1.2/mno-hw-mul\libgcc.a(lib2-mul.o)
 .debug_info    0x000004b7      0x6c8 c:/altera/13.0sp1/nios2eds/bin/gnu/h-i686-mingw32/bin/../lib/gcc/nios2-elf/4.1.2/../../../../nios2-elf/lib/mno-hw-mul\libsmallc.a(lib_a-printf.o)
 .debug_info    0x00000b7f      0x66b c:/altera/13.0sp1/nios2eds/bin/gnu/h-i686-mingw32/bin/../lib/gcc/nios2-elf/4.1.2/../../../../nios2-elf/lib/mno-hw-mul\libsmallc.a(lib_a-putchar.o)
 .debug_info    0x000011ea      0x685 c:/altera/13.0sp1/nios2eds/bin/gnu/h-i686-mingw32/bin/../lib/gcc/nios2-elf/4.1.2/../../../../nios2-elf/lib/mno-hw-mul\libsmallc.a(lib_a-puts.o)
 .debug_info    0x0000186f       0xc2 c:/altera/13.0sp1/nios2eds/bin/gnu/h-i686-mingw32/bin/../lib/gcc/nios2-elf/4.1.2/../../../../nios2-elf/lib/mno-hw-mul\libsmallc.a(lib_a-strlen.o)
 .debug_info    0x00001931      0x9b6 c:/altera/13.0sp1/nios2eds/bin/gnu/h-i686-mingw32/bin/../lib/gcc/nios2-elf/4.1.2/../../../../nios2-elf/lib/mno-hw-mul\libsmallc.a(lib_a-vfprintf.o)
 .debug_info    0x000022e7      0x68e c:/altera/13.0sp1/nios2eds/bin/gnu/h-i686-mingw32/bin/../lib/gcc/nios2-elf/4.1.2/../../../../nios2-elf/lib/mno-hw-mul\libsmallc.a(lib_a-fvwrite_small_dev.o)
 .debug_info    0x00002975      0x636 c:/altera/13.0sp1/nios2eds/bin/gnu/h-i686-mingw32/bin/../lib/gcc/nios2-elf/4.1.2/../../../../nios2-elf/lib/mno-hw-mul\libsmallc.a(lib_a-impure.o)
 .debug_info    0x00002fab      0x6b8 c:/altera/13.0sp1/nios2eds/bin/gnu/h-i686-mingw32/bin/../lib/gcc/nios2-elf/4.1.2/../../../../nios2-elf/lib/mno-hw-mul\libsmallc.a(lib_a-putc.o)
 .debug_info    0x00003663      0x68c c:/altera/13.0sp1/nios2eds/bin/gnu/h-i686-mingw32/bin/../lib/gcc/nios2-elf/4.1.2/../../../../nios2-elf/lib/mno-hw-mul\libsmallc.a(lib_a-writer.o)
 .debug_info    0x00003cef       0x8c c:/altera/13.0sp1/nios2eds/bin/gnu/h-i686-mingw32/bin/../lib/gcc/nios2-elf/4.1.2/../../../../nios2-elf/lib/mno-hw-mul\libsmallc.a(lib_a-int_errno.o)
 .debug_info    0x00003d7b      0x21c c:/altera/13.0sp1/nios2eds/bin/gnu/h-i686-mingw32/bin/../lib/gcc/nios2-elf/4.1.2/mno-hw-mul\libgcc.a(lib2-divmod.o)
 .debug_info    0x00003f97      0x268 ../Proyecto_3_bsp/\libhal_bsp.a(alt_load.o)
 .debug_info    0x000041ff      0x200 ../Proyecto_3_bsp/\libhal_bsp.a(alt_main.o)
 .debug_info    0x000043ff      0x143 ../Proyecto_3_bsp/\libhal_bsp.a(alt_usleep.o)
 .debug_info    0x00004542      0x66e ../Proyecto_3_bsp/\libhal_bsp.a(alt_write.o)
 .debug_info    0x00004bb0      0x59e ../Proyecto_3_bsp/\libhal_bsp.a(alt_sys_init.o)
 .debug_info    0x0000514e      0x594 ../Proyecto_3_bsp/\libhal_bsp.a(altera_avalon_jtag_uart_fd.o)
 .debug_info    0x000056e2      0x2e4 ../Proyecto_3_bsp/\libhal_bsp.a(altera_avalon_jtag_uart_read.o)
 .debug_info    0x000059c6      0x2c1 ../Proyecto_3_bsp/\libhal_bsp.a(altera_avalon_jtag_uart_write.o)
 .debug_info    0x00005c87      0x186 ../Proyecto_3_bsp/\libhal_bsp.a(alt_busy_sleep.o)
 .debug_info    0x00005e0d      0x442 ../Proyecto_3_bsp/\libhal_bsp.a(alt_close.o)
 .debug_info    0x0000624f      0x137 ../Proyecto_3_bsp/\libhal_bsp.a(alt_dcache_flush_all.o)
 .debug_info    0x00006386      0x65a ../Proyecto_3_bsp/\libhal_bsp.a(alt_dev.o)
 .debug_info    0x000069e0      0x292 ../Proyecto_3_bsp/\libhal_bsp.a(alt_dev_llist_insert.o)
 .debug_info    0x00006c72      0x13f ../Proyecto_3_bsp/\libhal_bsp.a(alt_errno.o)
 .debug_info    0x00006db1      0x137 ../Proyecto_3_bsp/\libhal_bsp.a(alt_icache_flush_all.o)
 .debug_info    0x00006ee8      0x670 ../Proyecto_3_bsp/\libhal_bsp.a(alt_io_redirect.o)
 .debug_info    0x00007558      0x500 ../Proyecto_3_bsp/\libhal_bsp.a(alt_open.o)
 .debug_info    0x00007a58      0x3cd ../Proyecto_3_bsp/\libhal_bsp.a(alt_release_fd.o)
 .debug_info    0x00007e25      0x13e ../Proyecto_3_bsp/\libhal_bsp.a(altera_nios2_qsys_irq.o)
 .debug_info    0x00007f63      0x3f3 ../Proyecto_3_bsp/\libhal_bsp.a(alt_find_dev.o)
 .debug_info    0x00008356      0x3fa ../Proyecto_3_bsp/\libhal_bsp.a(alt_find_file.o)
 .debug_info    0x00008750      0x43b ../Proyecto_3_bsp/\libhal_bsp.a(alt_get_fd.o)
 .debug_info    0x00008b8b       0x9f c:/altera/13.0sp1/nios2eds/bin/gnu/h-i686-mingw32/bin/../lib/gcc/nios2-elf/4.1.2/../../../../nios2-elf/lib/mno-hw-mul\libsmallc.a(lib_a-exit.o)
 .debug_info    0x00008c2a       0xef c:/altera/13.0sp1/nios2eds/bin/gnu/h-i686-mingw32/bin/../lib/gcc/nios2-elf/4.1.2/../../../../nios2-elf/lib/mno-hw-mul\libsmallc.a(lib_a-memcmp.o)
 .debug_info    0x00008d19      0x6d5 c:/altera/13.0sp1/nios2eds/bin/gnu/h-i686-mingw32/bin/../lib/gcc/nios2-elf/4.1.2/../../../../nios2-elf/lib/mno-hw-mul\libsmallc.a(lib_a-__call_atexit.o)
 .debug_info    0x000093ee      0x168 ../Proyecto_3_bsp/\libhal_bsp.a(alt_exit.o)

.debug_abbrev   0x00000000     0x21c9
 *(.debug_abbrev)
 .debug_abbrev  0x00000000       0x12 ../Proyecto_3_bsp//obj/HAL/src/crt0.o
 .debug_abbrev  0x00000012       0xd9 obj/default/hello_world.o
 .debug_abbrev  0x000000eb       0x7b c:/altera/13.0sp1/nios2eds/bin/gnu/h-i686-mingw32/bin/../lib/gcc/nios2-elf/4.1.2/mno-hw-mul\libgcc.a(lib2-mul.o)
 .debug_abbrev  0x00000166      0x179 c:/altera/13.0sp1/nios2eds/bin/gnu/h-i686-mingw32/bin/../lib/gcc/nios2-elf/4.1.2/../../../../nios2-elf/lib/mno-hw-mul\libsmallc.a(lib_a-printf.o)
 .debug_abbrev  0x000002df      0x158 c:/altera/13.0sp1/nios2eds/bin/gnu/h-i686-mingw32/bin/../lib/gcc/nios2-elf/4.1.2/../../../../nios2-elf/lib/mno-hw-mul\libsmallc.a(lib_a-putchar.o)
 .debug_abbrev  0x00000437      0x180 c:/altera/13.0sp1/nios2eds/bin/gnu/h-i686-mingw32/bin/../lib/gcc/nios2-elf/4.1.2/../../../../nios2-elf/lib/mno-hw-mul\libsmallc.a(lib_a-puts.o)
 .debug_abbrev  0x000005b7       0x7a c:/altera/13.0sp1/nios2eds/bin/gnu/h-i686-mingw32/bin/../lib/gcc/nios2-elf/4.1.2/../../../../nios2-elf/lib/mno-hw-mul\libsmallc.a(lib_a-strlen.o)
 .debug_abbrev  0x00000631      0x263 c:/altera/13.0sp1/nios2eds/bin/gnu/h-i686-mingw32/bin/../lib/gcc/nios2-elf/4.1.2/../../../../nios2-elf/lib/mno-hw-mul\libsmallc.a(lib_a-vfprintf.o)
 .debug_abbrev  0x00000894      0x179 c:/altera/13.0sp1/nios2eds/bin/gnu/h-i686-mingw32/bin/../lib/gcc/nios2-elf/4.1.2/../../../../nios2-elf/lib/mno-hw-mul\libsmallc.a(lib_a-fvwrite_small_dev.o)
 .debug_abbrev  0x00000a0d      0x13f c:/altera/13.0sp1/nios2eds/bin/gnu/h-i686-mingw32/bin/../lib/gcc/nios2-elf/4.1.2/../../../../nios2-elf/lib/mno-hw-mul\libsmallc.a(lib_a-impure.o)
 .debug_abbrev  0x00000b4c      0x167 c:/altera/13.0sp1/nios2eds/bin/gnu/h-i686-mingw32/bin/../lib/gcc/nios2-elf/4.1.2/../../../../nios2-elf/lib/mno-hw-mul\libsmallc.a(lib_a-putc.o)
 .debug_abbrev  0x00000cb3      0x16c c:/altera/13.0sp1/nios2eds/bin/gnu/h-i686-mingw32/bin/../lib/gcc/nios2-elf/4.1.2/../../../../nios2-elf/lib/mno-hw-mul\libsmallc.a(lib_a-writer.o)
 .debug_abbrev  0x00000e1f       0x3b c:/altera/13.0sp1/nios2eds/bin/gnu/h-i686-mingw32/bin/../lib/gcc/nios2-elf/4.1.2/../../../../nios2-elf/lib/mno-hw-mul\libsmallc.a(lib_a-int_errno.o)
 .debug_abbrev  0x00000e5a       0xe0 c:/altera/13.0sp1/nios2eds/bin/gnu/h-i686-mingw32/bin/../lib/gcc/nios2-elf/4.1.2/mno-hw-mul\libgcc.a(lib2-divmod.o)
 .debug_abbrev  0x00000f3a       0x88 ../Proyecto_3_bsp/\libhal_bsp.a(alt_load.o)
 .debug_abbrev  0x00000fc2       0xb7 ../Proyecto_3_bsp/\libhal_bsp.a(alt_main.o)
 .debug_abbrev  0x00001079       0x5d ../Proyecto_3_bsp/\libhal_bsp.a(alt_usleep.o)
 .debug_abbrev  0x000010d6      0x100 ../Proyecto_3_bsp/\libhal_bsp.a(alt_write.o)
 .debug_abbrev  0x000011d6      0x121 ../Proyecto_3_bsp/\libhal_bsp.a(alt_sys_init.o)
 .debug_abbrev  0x000012f7       0xcb ../Proyecto_3_bsp/\libhal_bsp.a(altera_avalon_jtag_uart_fd.o)
 .debug_abbrev  0x000013c2       0xb6 ../Proyecto_3_bsp/\libhal_bsp.a(altera_avalon_jtag_uart_read.o)
 .debug_abbrev  0x00001478       0xb4 ../Proyecto_3_bsp/\libhal_bsp.a(altera_avalon_jtag_uart_write.o)
 .debug_abbrev  0x0000152c       0x6c ../Proyecto_3_bsp/\libhal_bsp.a(alt_busy_sleep.o)
 .debug_abbrev  0x00001598       0xfb ../Proyecto_3_bsp/\libhal_bsp.a(alt_close.o)
 .debug_abbrev  0x00001693       0x3f ../Proyecto_3_bsp/\libhal_bsp.a(alt_dcache_flush_all.o)
 .debug_abbrev  0x000016d2       0xc7 ../Proyecto_3_bsp/\libhal_bsp.a(alt_dev.o)
 .debug_abbrev  0x00001799       0xf6 ../Proyecto_3_bsp/\libhal_bsp.a(alt_dev_llist_insert.o)
 .debug_abbrev  0x0000188f       0x5e ../Proyecto_3_bsp/\libhal_bsp.a(alt_errno.o)
 .debug_abbrev  0x000018ed       0x3f ../Proyecto_3_bsp/\libhal_bsp.a(alt_icache_flush_all.o)
 .debug_abbrev  0x0000192c       0xf0 ../Proyecto_3_bsp/\libhal_bsp.a(alt_io_redirect.o)
 .debug_abbrev  0x00001a1c      0x112 ../Proyecto_3_bsp/\libhal_bsp.a(alt_open.o)
 .debug_abbrev  0x00001b2e       0xc1 ../Proyecto_3_bsp/\libhal_bsp.a(alt_release_fd.o)
 .debug_abbrev  0x00001bef       0x3f ../Proyecto_3_bsp/\libhal_bsp.a(altera_nios2_qsys_irq.o)
 .debug_abbrev  0x00001c2e       0xcf ../Proyecto_3_bsp/\libhal_bsp.a(alt_find_dev.o)
 .debug_abbrev  0x00001cfd       0xcf ../Proyecto_3_bsp/\libhal_bsp.a(alt_find_file.o)
 .debug_abbrev  0x00001dcc       0xfb ../Proyecto_3_bsp/\libhal_bsp.a(alt_get_fd.o)
 .debug_abbrev  0x00001ec7       0x4e c:/altera/13.0sp1/nios2eds/bin/gnu/h-i686-mingw32/bin/../lib/gcc/nios2-elf/4.1.2/../../../../nios2-elf/lib/mno-hw-mul\libsmallc.a(lib_a-exit.o)
 .debug_abbrev  0x00001f15       0x7c c:/altera/13.0sp1/nios2eds/bin/gnu/h-i686-mingw32/bin/../lib/gcc/nios2-elf/4.1.2/../../../../nios2-elf/lib/mno-hw-mul\libsmallc.a(lib_a-memcmp.o)
 .debug_abbrev  0x00001f91      0x1c6 c:/altera/13.0sp1/nios2eds/bin/gnu/h-i686-mingw32/bin/../lib/gcc/nios2-elf/4.1.2/../../../../nios2-elf/lib/mno-hw-mul\libsmallc.a(lib_a-__call_atexit.o)
 .debug_abbrev  0x00002157       0x72 ../Proyecto_3_bsp/\libhal_bsp.a(alt_exit.o)

.debug_line     0x00000000     0x61e3
 *(.debug_line)
 .debug_line    0x00000000       0x66 ../Proyecto_3_bsp//obj/HAL/src/crt0.o
 .debug_line    0x00000066      0x440 obj/default/hello_world.o
 .debug_line    0x000004a6      0x11a c:/altera/13.0sp1/nios2eds/bin/gnu/h-i686-mingw32/bin/../lib/gcc/nios2-elf/4.1.2/mno-hw-mul\libgcc.a(lib2-mul.o)
 .debug_line    0x000005c0      0x2be c:/altera/13.0sp1/nios2eds/bin/gnu/h-i686-mingw32/bin/../lib/gcc/nios2-elf/4.1.2/../../../../nios2-elf/lib/mno-hw-mul\libsmallc.a(lib_a-printf.o)
 .debug_line    0x0000087e      0x267 c:/altera/13.0sp1/nios2eds/bin/gnu/h-i686-mingw32/bin/../lib/gcc/nios2-elf/4.1.2/../../../../nios2-elf/lib/mno-hw-mul\libsmallc.a(lib_a-putchar.o)
 .debug_line    0x00000ae5      0x2b2 c:/altera/13.0sp1/nios2eds/bin/gnu/h-i686-mingw32/bin/../lib/gcc/nios2-elf/4.1.2/../../../../nios2-elf/lib/mno-hw-mul\libsmallc.a(lib_a-puts.o)
 .debug_line    0x00000d97      0x250 c:/altera/13.0sp1/nios2eds/bin/gnu/h-i686-mingw32/bin/../lib/gcc/nios2-elf/4.1.2/../../../../nios2-elf/lib/mno-hw-mul\libsmallc.a(lib_a-strlen.o)
 .debug_line    0x00000fe7      0x666 c:/altera/13.0sp1/nios2eds/bin/gnu/h-i686-mingw32/bin/../lib/gcc/nios2-elf/4.1.2/../../../../nios2-elf/lib/mno-hw-mul\libsmallc.a(lib_a-vfprintf.o)
 .debug_line    0x0000164d      0x2a9 c:/altera/13.0sp1/nios2eds/bin/gnu/h-i686-mingw32/bin/../lib/gcc/nios2-elf/4.1.2/../../../../nios2-elf/lib/mno-hw-mul\libsmallc.a(lib_a-fvwrite_small_dev.o)
 .debug_line    0x000018f6      0x230 c:/altera/13.0sp1/nios2eds/bin/gnu/h-i686-mingw32/bin/../lib/gcc/nios2-elf/4.1.2/../../../../nios2-elf/lib/mno-hw-mul\libsmallc.a(lib_a-impure.o)
 .debug_line    0x00001b26      0x2d2 c:/altera/13.0sp1/nios2eds/bin/gnu/h-i686-mingw32/bin/../lib/gcc/nios2-elf/4.1.2/../../../../nios2-elf/lib/mno-hw-mul\libsmallc.a(lib_a-putc.o)
 .debug_line    0x00001df8      0x29d c:/altera/13.0sp1/nios2eds/bin/gnu/h-i686-mingw32/bin/../lib/gcc/nios2-elf/4.1.2/../../../../nios2-elf/lib/mno-hw-mul\libsmallc.a(lib_a-writer.o)
 .debug_line    0x00002095      0x1e2 c:/altera/13.0sp1/nios2eds/bin/gnu/h-i686-mingw32/bin/../lib/gcc/nios2-elf/4.1.2/../../../../nios2-elf/lib/mno-hw-mul\libsmallc.a(lib_a-int_errno.o)
 .debug_line    0x00002277      0x24f c:/altera/13.0sp1/nios2eds/bin/gnu/h-i686-mingw32/bin/../lib/gcc/nios2-elf/4.1.2/mno-hw-mul\libgcc.a(lib2-divmod.o)
 .debug_line    0x000024c6      0x217 ../Proyecto_3_bsp/\libhal_bsp.a(alt_load.o)
 .debug_line    0x000026dd      0x2ba ../Proyecto_3_bsp/\libhal_bsp.a(alt_main.o)
 .debug_line    0x00002997      0x202 ../Proyecto_3_bsp/\libhal_bsp.a(alt_usleep.o)
 .debug_line    0x00002b99      0x2c9 ../Proyecto_3_bsp/\libhal_bsp.a(alt_write.o)
 .debug_line    0x00002e62      0x2c7 ../Proyecto_3_bsp/\libhal_bsp.a(alt_sys_init.o)
 .debug_line    0x00003129      0x1d7 ../Proyecto_3_bsp/\libhal_bsp.a(altera_avalon_jtag_uart_fd.o)
 .debug_line    0x00003300      0x343 ../Proyecto_3_bsp/\libhal_bsp.a(altera_avalon_jtag_uart_read.o)
 .debug_line    0x00003643      0x304 ../Proyecto_3_bsp/\libhal_bsp.a(altera_avalon_jtag_uart_write.o)
 .debug_line    0x00003947      0x25c ../Proyecto_3_bsp/\libhal_bsp.a(alt_busy_sleep.o)
 .debug_line    0x00003ba3      0x299 ../Proyecto_3_bsp/\libhal_bsp.a(alt_close.o)
 .debug_line    0x00003e3c      0x1b5 ../Proyecto_3_bsp/\libhal_bsp.a(alt_dcache_flush_all.o)
 .debug_line    0x00003ff1      0x254 ../Proyecto_3_bsp/\libhal_bsp.a(alt_dev.o)
 .debug_line    0x00004245      0x25a ../Proyecto_3_bsp/\libhal_bsp.a(alt_dev_llist_insert.o)
 .debug_line    0x0000449f      0x1aa ../Proyecto_3_bsp/\libhal_bsp.a(alt_errno.o)
 .debug_line    0x00004649      0x1b5 ../Proyecto_3_bsp/\libhal_bsp.a(alt_icache_flush_all.o)
 .debug_line    0x000047fe      0x2b4 ../Proyecto_3_bsp/\libhal_bsp.a(alt_io_redirect.o)
 .debug_line    0x00004ab2      0x2ff ../Proyecto_3_bsp/\libhal_bsp.a(alt_open.o)
 .debug_line    0x00004db1       0xed ../Proyecto_3_bsp/\libhal_bsp.a(alt_release_fd.o)
 .debug_line    0x00004e9e      0x1ce ../Proyecto_3_bsp/\libhal_bsp.a(altera_nios2_qsys_irq.o)
 .debug_line    0x0000506c      0x26b ../Proyecto_3_bsp/\libhal_bsp.a(alt_find_dev.o)
 .debug_line    0x000052d7      0x27c ../Proyecto_3_bsp/\libhal_bsp.a(alt_find_file.o)
 .debug_line    0x00005553      0x297 ../Proyecto_3_bsp/\libhal_bsp.a(alt_get_fd.o)
 .debug_line    0x000057ea      0x223 c:/altera/13.0sp1/nios2eds/bin/gnu/h-i686-mingw32/bin/../lib/gcc/nios2-elf/4.1.2/../../../../nios2-elf/lib/mno-hw-mul\libsmallc.a(lib_a-exit.o)
 .debug_line    0x00005a0d      0x270 c:/altera/13.0sp1/nios2eds/bin/gnu/h-i686-mingw32/bin/../lib/gcc/nios2-elf/4.1.2/../../../../nios2-elf/lib/mno-hw-mul\libsmallc.a(lib_a-memcmp.o)
 .debug_line    0x00005c7d      0x360 c:/altera/13.0sp1/nios2eds/bin/gnu/h-i686-mingw32/bin/../lib/gcc/nios2-elf/4.1.2/../../../../nios2-elf/lib/mno-hw-mul\libsmallc.a(lib_a-__call_atexit.o)
 .debug_line    0x00005fdd      0x206 ../Proyecto_3_bsp/\libhal_bsp.a(alt_exit.o)

.debug_frame    0x00000000      0x8e8
 *(.debug_frame)
 .debug_frame   0x00000000       0xe0 obj/default/hello_world.o
 .debug_frame   0x000000e0       0x20 c:/altera/13.0sp1/nios2eds/bin/gnu/h-i686-mingw32/bin/../lib/gcc/nios2-elf/4.1.2/mno-hw-mul\libgcc.a(lib2-mul.o)
 .debug_frame   0x00000100       0x40 c:/altera/13.0sp1/nios2eds/bin/gnu/h-i686-mingw32/bin/../lib/gcc/nios2-elf/4.1.2/../../../../nios2-elf/lib/mno-hw-mul\libsmallc.a(lib_a-printf.o)
 .debug_frame   0x00000140       0x30 c:/altera/13.0sp1/nios2eds/bin/gnu/h-i686-mingw32/bin/../lib/gcc/nios2-elf/4.1.2/../../../../nios2-elf/lib/mno-hw-mul\libsmallc.a(lib_a-putchar.o)
 .debug_frame   0x00000170       0x3c c:/altera/13.0sp1/nios2eds/bin/gnu/h-i686-mingw32/bin/../lib/gcc/nios2-elf/4.1.2/../../../../nios2-elf/lib/mno-hw-mul\libsmallc.a(lib_a-puts.o)
 .debug_frame   0x000001ac       0x20 c:/altera/13.0sp1/nios2eds/bin/gnu/h-i686-mingw32/bin/../lib/gcc/nios2-elf/4.1.2/../../../../nios2-elf/lib/mno-hw-mul\libsmallc.a(lib_a-strlen.o)
 .debug_frame   0x000001cc       0x64 c:/altera/13.0sp1/nios2eds/bin/gnu/h-i686-mingw32/bin/../lib/gcc/nios2-elf/4.1.2/../../../../nios2-elf/lib/mno-hw-mul\libsmallc.a(lib_a-vfprintf.o)
 .debug_frame   0x00000230       0x30 c:/altera/13.0sp1/nios2eds/bin/gnu/h-i686-mingw32/bin/../lib/gcc/nios2-elf/4.1.2/../../../../nios2-elf/lib/mno-hw-mul\libsmallc.a(lib_a-fvwrite_small_dev.o)
 .debug_frame   0x00000260       0x48 c:/altera/13.0sp1/nios2eds/bin/gnu/h-i686-mingw32/bin/../lib/gcc/nios2-elf/4.1.2/../../../../nios2-elf/lib/mno-hw-mul\libsmallc.a(lib_a-putc.o)
 .debug_frame   0x000002a8       0x2c c:/altera/13.0sp1/nios2eds/bin/gnu/h-i686-mingw32/bin/../lib/gcc/nios2-elf/4.1.2/../../../../nios2-elf/lib/mno-hw-mul\libsmallc.a(lib_a-writer.o)
 .debug_frame   0x000002d4       0x70 c:/altera/13.0sp1/nios2eds/bin/gnu/h-i686-mingw32/bin/../lib/gcc/nios2-elf/4.1.2/mno-hw-mul\libgcc.a(lib2-divmod.o)
 .debug_frame   0x00000344       0x48 ../Proyecto_3_bsp/\libhal_bsp.a(alt_load.o)
 .debug_frame   0x0000038c       0x2c ../Proyecto_3_bsp/\libhal_bsp.a(alt_main.o)
 .debug_frame   0x000003b8       0x2c ../Proyecto_3_bsp/\libhal_bsp.a(alt_usleep.o)
 .debug_frame   0x000003e4       0x48 ../Proyecto_3_bsp/\libhal_bsp.a(alt_write.o)
 .debug_frame   0x0000042c       0x64 ../Proyecto_3_bsp/\libhal_bsp.a(alt_sys_init.o)
 .debug_frame   0x00000490       0x48 ../Proyecto_3_bsp/\libhal_bsp.a(altera_avalon_jtag_uart_fd.o)
 .debug_frame   0x000004d8       0x2c ../Proyecto_3_bsp/\libhal_bsp.a(altera_avalon_jtag_uart_read.o)
 .debug_frame   0x00000504       0x2c ../Proyecto_3_bsp/\libhal_bsp.a(altera_avalon_jtag_uart_write.o)
 .debug_frame   0x00000530       0x2c ../Proyecto_3_bsp/\libhal_bsp.a(alt_busy_sleep.o)
 .debug_frame   0x0000055c       0x48 ../Proyecto_3_bsp/\libhal_bsp.a(alt_close.o)
 .debug_frame   0x000005a4       0x2c ../Proyecto_3_bsp/\libhal_bsp.a(alt_dcache_flush_all.o)
 .debug_frame   0x000005d0       0x2c ../Proyecto_3_bsp/\libhal_bsp.a(alt_dev.o)
 .debug_frame   0x000005fc       0x48 ../Proyecto_3_bsp/\libhal_bsp.a(alt_dev_llist_insert.o)
 .debug_frame   0x00000644       0x2c ../Proyecto_3_bsp/\libhal_bsp.a(alt_icache_flush_all.o)
 .debug_frame   0x00000670       0x4c ../Proyecto_3_bsp/\libhal_bsp.a(alt_io_redirect.o)
 .debug_frame   0x000006bc       0x68 ../Proyecto_3_bsp/\libhal_bsp.a(alt_open.o)
 .debug_frame   0x00000724       0x30 ../Proyecto_3_bsp/\libhal_bsp.a(alt_release_fd.o)
 .debug_frame   0x00000754       0x2c ../Proyecto_3_bsp/\libhal_bsp.a(altera_nios2_qsys_irq.o)
 .debug_frame   0x00000780       0x2c ../Proyecto_3_bsp/\libhal_bsp.a(alt_find_dev.o)
 .debug_frame   0x000007ac       0x2c ../Proyecto_3_bsp/\libhal_bsp.a(alt_find_file.o)
 .debug_frame   0x000007d8       0x30 ../Proyecto_3_bsp/\libhal_bsp.a(alt_get_fd.o)
 .debug_frame   0x00000808       0x2c c:/altera/13.0sp1/nios2eds/bin/gnu/h-i686-mingw32/bin/../lib/gcc/nios2-elf/4.1.2/../../../../nios2-elf/lib/mno-hw-mul\libsmallc.a(lib_a-exit.o)
 .debug_frame   0x00000834       0x20 c:/altera/13.0sp1/nios2eds/bin/gnu/h-i686-mingw32/bin/../lib/gcc/nios2-elf/4.1.2/../../../../nios2-elf/lib/mno-hw-mul\libsmallc.a(lib_a-memcmp.o)
 .debug_frame   0x00000854       0x4c c:/altera/13.0sp1/nios2eds/bin/gnu/h-i686-mingw32/bin/../lib/gcc/nios2-elf/4.1.2/../../../../nios2-elf/lib/mno-hw-mul\libsmallc.a(lib_a-__call_atexit.o)
 .debug_frame   0x000008a0       0x48 ../Proyecto_3_bsp/\libhal_bsp.a(alt_exit.o)

.debug_str      0x00000000      0xda8
 *(.debug_str)
 .debug_str     0x00000000       0x12 obj/default/hello_world.o
 .debug_str     0x00000012      0x128 c:/altera/13.0sp1/nios2eds/bin/gnu/h-i686-mingw32/bin/../lib/gcc/nios2-elf/4.1.2/mno-hw-mul\libgcc.a(lib2-mul.o)
                                0x175 (size before relaxing)
 .debug_str     0x0000013a      0x3aa c:/altera/13.0sp1/nios2eds/bin/gnu/h-i686-mingw32/bin/../lib/gcc/nios2-elf/4.1.2/../../../../nios2-elf/lib/mno-hw-mul\libsmallc.a(lib_a-printf.o)
                                0x466 (size before relaxing)
 .debug_str     0x000004e4       0x51 c:/altera/13.0sp1/nios2eds/bin/gnu/h-i686-mingw32/bin/../lib/gcc/nios2-elf/4.1.2/../../../../nios2-elf/lib/mno-hw-mul\libsmallc.a(lib_a-putchar.o)
                                0x452 (size before relaxing)
 .debug_str     0x00000535       0x48 c:/altera/13.0sp1/nios2eds/bin/gnu/h-i686-mingw32/bin/../lib/gcc/nios2-elf/4.1.2/../../../../nios2-elf/lib/mno-hw-mul\libsmallc.a(lib_a-puts.o)
                                0x450 (size before relaxing)
 .debug_str     0x0000057d       0xe2 c:/altera/13.0sp1/nios2eds/bin/gnu/h-i686-mingw32/bin/../lib/gcc/nios2-elf/4.1.2/../../../../nios2-elf/lib/mno-hw-mul\libsmallc.a(lib_a-strlen.o)
                                0x184 (size before relaxing)
 .debug_str     0x0000065f      0x168 c:/altera/13.0sp1/nios2eds/bin/gnu/h-i686-mingw32/bin/../lib/gcc/nios2-elf/4.1.2/../../../../nios2-elf/lib/mno-hw-mul\libsmallc.a(lib_a-vfprintf.o)
                                0x5af (size before relaxing)
 .debug_str     0x000007c7       0x70 c:/altera/13.0sp1/nios2eds/bin/gnu/h-i686-mingw32/bin/../lib/gcc/nios2-elf/4.1.2/../../../../nios2-elf/lib/mno-hw-mul\libsmallc.a(lib_a-fvwrite_small_dev.o)
                                0x46a (size before relaxing)
 .debug_str     0x00000837       0xf8 c:/altera/13.0sp1/nios2eds/bin/gnu/h-i686-mingw32/bin/../lib/gcc/nios2-elf/4.1.2/../../../../nios2-elf/lib/mno-hw-mul\libsmallc.a(lib_a-impure.o)
                                0x45d (size before relaxing)
 .debug_str     0x0000092f       0x4f c:/altera/13.0sp1/nios2eds/bin/gnu/h-i686-mingw32/bin/../lib/gcc/nios2-elf/4.1.2/../../../../nios2-elf/lib/mno-hw-mul\libsmallc.a(lib_a-putc.o)
                                0x455 (size before relaxing)
 .debug_str     0x0000097e       0x4f c:/altera/13.0sp1/nios2eds/bin/gnu/h-i686-mingw32/bin/../lib/gcc/nios2-elf/4.1.2/../../../../nios2-elf/lib/mno-hw-mul\libsmallc.a(lib_a-writer.o)
                                0x451 (size before relaxing)
 .debug_str     0x000009cd       0x40 c:/altera/13.0sp1/nios2eds/bin/gnu/h-i686-mingw32/bin/../lib/gcc/nios2-elf/4.1.2/../../../../nios2-elf/lib/mno-hw-mul\libsmallc.a(lib_a-int_errno.o)
                                0x177 (size before relaxing)
 .debug_str     0x00000a0d       0x76 c:/altera/13.0sp1/nios2eds/bin/gnu/h-i686-mingw32/bin/../lib/gcc/nios2-elf/4.1.2/mno-hw-mul\libgcc.a(lib2-divmod.o)
                                0x1b4 (size before relaxing)
 .debug_str     0x00000a83       0x12 ../Proyecto_3_bsp/\libhal_bsp.a(alt_load.o)
 .debug_str     0x00000a95       0x12 ../Proyecto_3_bsp/\libhal_bsp.a(alt_main.o)
 .debug_str     0x00000aa7       0x12 ../Proyecto_3_bsp/\libhal_bsp.a(alt_usleep.o)
 .debug_str     0x00000ab9       0x12 ../Proyecto_3_bsp/\libhal_bsp.a(alt_write.o)
 .debug_str     0x00000acb       0x12 ../Proyecto_3_bsp/\libhal_bsp.a(alt_sys_init.o)
 .debug_str     0x00000add       0x12 ../Proyecto_3_bsp/\libhal_bsp.a(altera_avalon_jtag_uart_read.o)
 .debug_str     0x00000aef       0x12 ../Proyecto_3_bsp/\libhal_bsp.a(altera_avalon_jtag_uart_write.o)
 .debug_str     0x00000b01       0x12 ../Proyecto_3_bsp/\libhal_bsp.a(alt_busy_sleep.o)
 .debug_str     0x00000b13       0x12 ../Proyecto_3_bsp/\libhal_bsp.a(alt_close.o)
 .debug_str     0x00000b25       0x12 ../Proyecto_3_bsp/\libhal_bsp.a(alt_dcache_flush_all.o)
 .debug_str     0x00000b37       0x12 ../Proyecto_3_bsp/\libhal_bsp.a(alt_dev.o)
 .debug_str     0x00000b49       0x12 ../Proyecto_3_bsp/\libhal_bsp.a(alt_dev_llist_insert.o)
 .debug_str     0x00000b5b       0x12 ../Proyecto_3_bsp/\libhal_bsp.a(alt_errno.o)
 .debug_str     0x00000b6d       0x12 ../Proyecto_3_bsp/\libhal_bsp.a(alt_icache_flush_all.o)
 .debug_str     0x00000b7f       0x12 ../Proyecto_3_bsp/\libhal_bsp.a(alt_io_redirect.o)
 .debug_str     0x00000b91       0x12 ../Proyecto_3_bsp/\libhal_bsp.a(alt_open.o)
 .debug_str     0x00000ba3       0x12 ../Proyecto_3_bsp/\libhal_bsp.a(altera_nios2_qsys_irq.o)
 .debug_str     0x00000bb5       0x12 ../Proyecto_3_bsp/\libhal_bsp.a(alt_find_dev.o)
 .debug_str     0x00000bc7       0x12 ../Proyecto_3_bsp/\libhal_bsp.a(alt_find_file.o)
 .debug_str     0x00000bd9       0x12 ../Proyecto_3_bsp/\libhal_bsp.a(alt_get_fd.o)
 .debug_str     0x00000beb       0xde c:/altera/13.0sp1/nios2eds/bin/gnu/h-i686-mingw32/bin/../lib/gcc/nios2-elf/4.1.2/../../../../nios2-elf/lib/mno-hw-mul\libsmallc.a(lib_a-exit.o)
                                0x178 (size before relaxing)
 .debug_str     0x00000cc9       0x45 c:/altera/13.0sp1/nios2eds/bin/gnu/h-i686-mingw32/bin/../lib/gcc/nios2-elf/4.1.2/../../../../nios2-elf/lib/mno-hw-mul\libsmallc.a(lib_a-memcmp.o)
                                0x17e (size before relaxing)
 .debug_str     0x00000d0e       0x7e c:/altera/13.0sp1/nios2eds/bin/gnu/h-i686-mingw32/bin/../lib/gcc/nios2-elf/4.1.2/../../../../nios2-elf/lib/mno-hw-mul\libsmallc.a(lib_a-__call_atexit.o)
                                0x491 (size before relaxing)
 .debug_str     0x00000d8c       0x1c ../Proyecto_3_bsp/\libhal_bsp.a(alt_exit.o)

.debug_loc      0x00000000     0x181d
 *(.debug_loc)
 .debug_loc     0x00000000      0x12d obj/default/hello_world.o
 .debug_loc     0x0000012d       0x4f c:/altera/13.0sp1/nios2eds/bin/gnu/h-i686-mingw32/bin/../lib/gcc/nios2-elf/4.1.2/mno-hw-mul\libgcc.a(lib2-mul.o)
 .debug_loc     0x0000017c       0x8d c:/altera/13.0sp1/nios2eds/bin/gnu/h-i686-mingw32/bin/../lib/gcc/nios2-elf/4.1.2/../../../../nios2-elf/lib/mno-hw-mul\libsmallc.a(lib_a-printf.o)
 .debug_loc     0x00000209       0x44 c:/altera/13.0sp1/nios2eds/bin/gnu/h-i686-mingw32/bin/../lib/gcc/nios2-elf/4.1.2/../../../../nios2-elf/lib/mno-hw-mul\libsmallc.a(lib_a-putchar.o)
 .debug_loc     0x0000024d       0xa2 c:/altera/13.0sp1/nios2eds/bin/gnu/h-i686-mingw32/bin/../lib/gcc/nios2-elf/4.1.2/../../../../nios2-elf/lib/mno-hw-mul\libsmallc.a(lib_a-puts.o)
 .debug_loc     0x000002ef       0x1e c:/altera/13.0sp1/nios2eds/bin/gnu/h-i686-mingw32/bin/../lib/gcc/nios2-elf/4.1.2/../../../../nios2-elf/lib/mno-hw-mul\libsmallc.a(lib_a-strlen.o)
 .debug_loc     0x0000030d      0x878 c:/altera/13.0sp1/nios2eds/bin/gnu/h-i686-mingw32/bin/../lib/gcc/nios2-elf/4.1.2/../../../../nios2-elf/lib/mno-hw-mul\libsmallc.a(lib_a-vfprintf.o)
 .debug_loc     0x00000b85      0x162 c:/altera/13.0sp1/nios2eds/bin/gnu/h-i686-mingw32/bin/../lib/gcc/nios2-elf/4.1.2/../../../../nios2-elf/lib/mno-hw-mul\libsmallc.a(lib_a-fvwrite_small_dev.o)
 .debug_loc     0x00000ce7       0xd4 c:/altera/13.0sp1/nios2eds/bin/gnu/h-i686-mingw32/bin/../lib/gcc/nios2-elf/4.1.2/../../../../nios2-elf/lib/mno-hw-mul\libsmallc.a(lib_a-putc.o)
 .debug_loc     0x00000dbb       0x97 c:/altera/13.0sp1/nios2eds/bin/gnu/h-i686-mingw32/bin/../lib/gcc/nios2-elf/4.1.2/../../../../nios2-elf/lib/mno-hw-mul\libsmallc.a(lib_a-writer.o)
 .debug_loc     0x00000e52      0x1d2 c:/altera/13.0sp1/nios2eds/bin/gnu/h-i686-mingw32/bin/../lib/gcc/nios2-elf/4.1.2/mno-hw-mul\libgcc.a(lib2-divmod.o)
 .debug_loc     0x00001024       0x56 ../Proyecto_3_bsp/\libhal_bsp.a(alt_load.o)
 .debug_loc     0x0000107a       0x2b ../Proyecto_3_bsp/\libhal_bsp.a(alt_main.o)
 .debug_loc     0x000010a5       0x2b ../Proyecto_3_bsp/\libhal_bsp.a(alt_usleep.o)
 .debug_loc     0x000010d0       0x56 ../Proyecto_3_bsp/\libhal_bsp.a(alt_write.o)
 .debug_loc     0x00001126       0x81 ../Proyecto_3_bsp/\libhal_bsp.a(alt_sys_init.o)
 .debug_loc     0x000011a7       0x56 ../Proyecto_3_bsp/\libhal_bsp.a(altera_avalon_jtag_uart_fd.o)
 .debug_loc     0x000011fd       0x2b ../Proyecto_3_bsp/\libhal_bsp.a(altera_avalon_jtag_uart_read.o)
 .debug_loc     0x00001228       0x2b ../Proyecto_3_bsp/\libhal_bsp.a(altera_avalon_jtag_uart_write.o)
 .debug_loc     0x00001253       0x2b ../Proyecto_3_bsp/\libhal_bsp.a(alt_busy_sleep.o)
 .debug_loc     0x0000127e       0x56 ../Proyecto_3_bsp/\libhal_bsp.a(alt_close.o)
 .debug_loc     0x000012d4       0x2b ../Proyecto_3_bsp/\libhal_bsp.a(alt_dcache_flush_all.o)
 .debug_loc     0x000012ff       0x2b ../Proyecto_3_bsp/\libhal_bsp.a(alt_dev.o)
 .debug_loc     0x0000132a       0x56 ../Proyecto_3_bsp/\libhal_bsp.a(alt_dev_llist_insert.o)
 .debug_loc     0x00001380       0x2b ../Proyecto_3_bsp/\libhal_bsp.a(alt_icache_flush_all.o)
 .debug_loc     0x000013ab       0x56 ../Proyecto_3_bsp/\libhal_bsp.a(alt_io_redirect.o)
 .debug_loc     0x00001401       0x81 ../Proyecto_3_bsp/\libhal_bsp.a(alt_open.o)
 .debug_loc     0x00001482       0x2b ../Proyecto_3_bsp/\libhal_bsp.a(alt_release_fd.o)
 .debug_loc     0x000014ad       0x2b ../Proyecto_3_bsp/\libhal_bsp.a(altera_nios2_qsys_irq.o)
 .debug_loc     0x000014d8       0x2b ../Proyecto_3_bsp/\libhal_bsp.a(alt_find_dev.o)
 .debug_loc     0x00001503       0x2b ../Proyecto_3_bsp/\libhal_bsp.a(alt_find_file.o)
 .debug_loc     0x0000152e       0x2b ../Proyecto_3_bsp/\libhal_bsp.a(alt_get_fd.o)
 .debug_loc     0x00001559       0x3d c:/altera/13.0sp1/nios2eds/bin/gnu/h-i686-mingw32/bin/../lib/gcc/nios2-elf/4.1.2/../../../../nios2-elf/lib/mno-hw-mul\libsmallc.a(lib_a-exit.o)
 .debug_loc     0x00001596       0x70 c:/altera/13.0sp1/nios2eds/bin/gnu/h-i686-mingw32/bin/../lib/gcc/nios2-elf/4.1.2/../../../../nios2-elf/lib/mno-hw-mul\libsmallc.a(lib_a-memcmp.o)
 .debug_loc     0x00001606      0x1c1 c:/altera/13.0sp1/nios2eds/bin/gnu/h-i686-mingw32/bin/../lib/gcc/nios2-elf/4.1.2/../../../../nios2-elf/lib/mno-hw-mul\libsmallc.a(lib_a-__call_atexit.o)
 .debug_loc     0x000017c7       0x56 ../Proyecto_3_bsp/\libhal_bsp.a(alt_exit.o)

.debug_macinfo
 *(.debug_macinfo)

.debug_weaknames
 *(.debug_weaknames)

.debug_funcnames
 *(.debug_funcnames)

.debug_typenames
 *(.debug_typenames)

.debug_varnames
 *(.debug_varnames)

.debug_alt_sim_info
                0x00000000       0x40
 *(.debug_alt_sim_info)
 .debug_alt_sim_info
                0x00000000       0x10 ../Proyecto_3_bsp//obj/HAL/src/crt0.o
 .debug_alt_sim_info
                0x00000010       0x30 ../Proyecto_3_bsp/\libhal_bsp.a(alt_busy_sleep.o)
                0x00008000                __alt_data_end = 0x8000
                0x00008000                PROVIDE (__alt_stack_pointer, __alt_data_end)
                0x00006fcc                PROVIDE (__alt_stack_limit, __alt_stack_base)
                0x00006fcc                PROVIDE (__alt_heap_start, end)
                0x00008000                PROVIDE (__alt_heap_limit, 0x8000)
OUTPUT(Proyecto_3.elf elf32-littlenios2)

.debug_ranges   0x00000000      0x178
 .debug_ranges  0x00000000       0x20 ../Proyecto_3_bsp//obj/HAL/src/crt0.o
 .debug_ranges  0x00000020      0x140 c:/altera/13.0sp1/nios2eds/bin/gnu/h-i686-mingw32/bin/../lib/gcc/nios2-elf/4.1.2/../../../../nios2-elf/lib/mno-hw-mul\libsmallc.a(lib_a-vfprintf.o)
 .debug_ranges  0x00000160       0x18 c:/altera/13.0sp1/nios2eds/bin/gnu/h-i686-mingw32/bin/../lib/gcc/nios2-elf/4.1.2/../../../../nios2-elf/lib/mno-hw-mul\libsmallc.a(lib_a-__call_atexit.o)
