Archive member included because of file (symbol)

c:/altera/13.0sp1/nios2eds/bin/gnu/h-i686-mingw32/bin/../lib/gcc/nios2-elf/4.1.2/mno-hw-mul\libgcc.a(lib2-mul.o)
                              obj/default/hello_world.o (__mulsi3)
c:/altera/13.0sp1/nios2eds/bin/gnu/h-i686-mingw32/bin/../lib/gcc/nios2-elf/4.1.2/../../../../nios2-elf/lib/mno-hw-mul\libsmallc.a(lib_a-printf.o)
                              obj/default/hello_world.o (printf)
c:/altera/13.0sp1/nios2eds/bin/gnu/h-i686-mingw32/bin/../lib/gcc/nios2-elf/4.1.2/../../../../nios2-elf/lib/mno-hw-mul\libsmallc.a(lib_a-putchar.o)
                              obj/default/hello_world.o (putchar)
c:/altera/13.0sp1/nios2eds/bin/gnu/h-i686-mingw32/bin/../lib/gcc/nios2-elf/4.1.2/../../../../nios2-elf/lib/mno-hw-mul\libsmallc.a(lib_a-puts.o)
                              obj/default/hello_world.o (puts)
c:/altera/13.0sp1/nios2eds/bin/gnu/h-i686-mingw32/bin/../lib/gcc/nios2-elf/4.1.2/../../../../nios2-elf/lib/mno-hw-mul\libsmallc.a(lib_a-strlen.o)
                              c:/altera/13.0sp1/nios2eds/bin/gnu/h-i686-mingw32/bin/../lib/gcc/nios2-elf/4.1.2/../../../../nios2-elf/lib/mno-hw-mul\libsmallc.a(lib_a-puts.o) (strlen)
c:/altera/13.0sp1/nios2eds/bin/gnu/h-i686-mingw32/bin/../lib/gcc/nios2-elf/4.1.2/../../../../nios2-elf/lib/mno-hw-mul\libsmallc.a(lib_a-vfprintf.o)
                              c:/altera/13.0sp1/nios2eds/bin/gnu/h-i686-mingw32/bin/../lib/gcc/nios2-elf/4.1.2/../../../../nios2-elf/lib/mno-hw-mul\libsmallc.a(lib_a-printf.o) (___vfprintf_internal_r)
c:/altera/13.0sp1/nios2eds/bin/gnu/h-i686-mingw32/bin/../lib/gcc/nios2-elf/4.1.2/../../../../nios2-elf/lib/mno-hw-mul\libsmallc.a(lib_a-fvwrite_small_dev.o)
                              c:/altera/13.0sp1/nios2eds/bin/gnu/h-i686-mingw32/bin/../lib/gcc/nios2-elf/4.1.2/../../../../nios2-elf/lib/mno-hw-mul\libsmallc.a(lib_a-printf.o) (__sfvwrite_small_dev)
c:/altera/13.0sp1/nios2eds/bin/gnu/h-i686-mingw32/bin/../lib/gcc/nios2-elf/4.1.2/../../../../nios2-elf/lib/mno-hw-mul\libsmallc.a(lib_a-impure.o)
                              c:/altera/13.0sp1/nios2eds/bin/gnu/h-i686-mingw32/bin/../lib/gcc/nios2-elf/4.1.2/../../../../nios2-elf/lib/mno-hw-mul\libsmallc.a(lib_a-printf.o) (_impure_ptr)
c:/altera/13.0sp1/nios2eds/bin/gnu/h-i686-mingw32/bin/../lib/gcc/nios2-elf/4.1.2/../../../../nios2-elf/lib/mno-hw-mul\libsmallc.a(lib_a-putc.o)
                              c:/altera/13.0sp1/nios2eds/bin/gnu/h-i686-mingw32/bin/../lib/gcc/nios2-elf/4.1.2/../../../../nios2-elf/lib/mno-hw-mul\libsmallc.a(lib_a-putchar.o) (_putc_r)
c:/altera/13.0sp1/nios2eds/bin/gnu/h-i686-mingw32/bin/../lib/gcc/nios2-elf/4.1.2/../../../../nios2-elf/lib/mno-hw-mul\libsmallc.a(lib_a-writer.o)
                              c:/altera/13.0sp1/nios2eds/bin/gnu/h-i686-mingw32/bin/../lib/gcc/nios2-elf/4.1.2/../../../../nios2-elf/lib/mno-hw-mul\libsmallc.a(lib_a-fvwrite_small_dev.o) (_write_r)
c:/altera/13.0sp1/nios2eds/bin/gnu/h-i686-mingw32/bin/../lib/gcc/nios2-elf/4.1.2/../../../../nios2-elf/lib/mno-hw-mul\libsmallc.a(lib_a-int_errno.o)
                              c:/altera/13.0sp1/nios2eds/bin/gnu/h-i686-mingw32/bin/../lib/gcc/nios2-elf/4.1.2/../../../../nios2-elf/lib/mno-hw-mul\libsmallc.a(lib_a-writer.o) (errno)
c:/altera/13.0sp1/nios2eds/bin/gnu/h-i686-mingw32/bin/../lib/gcc/nios2-elf/4.1.2/mno-hw-mul\libgcc.a(lib2-divmod.o)
                              c:/altera/13.0sp1/nios2eds/bin/gnu/h-i686-mingw32/bin/../lib/gcc/nios2-elf/4.1.2/../../../../nios2-elf/lib/mno-hw-mul\libsmallc.a(lib_a-vfprintf.o) (__udivsi3)
../Hello_bsp/\libhal_bsp.a(alt_load.o)
                              ../Hello_bsp//obj/HAL/src/crt0.o (alt_load)
../Hello_bsp/\libhal_bsp.a(alt_main.o)
                              ../Hello_bsp//obj/HAL/src/crt0.o (alt_main)
../Hello_bsp/\libhal_bsp.a(alt_write.o)
                              c:/altera/13.0sp1/nios2eds/bin/gnu/h-i686-mingw32/bin/../lib/gcc/nios2-elf/4.1.2/../../../../nios2-elf/lib/mno-hw-mul\libsmallc.a(lib_a-writer.o) (write)
../Hello_bsp/\libhal_bsp.a(alt_sys_init.o)
                              ../Hello_bsp/\libhal_bsp.a(alt_main.o) (alt_sys_init)
../Hello_bsp/\libhal_bsp.a(altera_avalon_jtag_uart_fd.o)
                              ../Hello_bsp/\libhal_bsp.a(alt_sys_init.o) (altera_avalon_jtag_uart_write_fd)
../Hello_bsp/\libhal_bsp.a(altera_avalon_jtag_uart_read.o)
                              ../Hello_bsp/\libhal_bsp.a(altera_avalon_jtag_uart_fd.o) (altera_avalon_jtag_uart_read)
../Hello_bsp/\libhal_bsp.a(altera_avalon_jtag_uart_write.o)
                              ../Hello_bsp/\libhal_bsp.a(altera_avalon_jtag_uart_fd.o) (altera_avalon_jtag_uart_write)
../Hello_bsp/\libhal_bsp.a(altera_avalon_timer_sc.o)
                              ../Hello_bsp/\libhal_bsp.a(alt_sys_init.o) (alt_avalon_timer_sc_init)
../Hello_bsp/\libhal_bsp.a(alt_close.o)
                              ../Hello_bsp/\libhal_bsp.a(alt_main.o) (close)
../Hello_bsp/\libhal_bsp.a(alt_dcache_flush_all.o)
                              ../Hello_bsp/\libhal_bsp.a(alt_load.o) (alt_dcache_flush_all)
../Hello_bsp/\libhal_bsp.a(alt_dev.o)
                              ../Hello_bsp/\libhal_bsp.a(alt_sys_init.o) (alt_dev_list)
../Hello_bsp/\libhal_bsp.a(alt_dev_llist_insert.o)
                              ../Hello_bsp/\libhal_bsp.a(alt_sys_init.o) (alt_dev_llist_insert)
../Hello_bsp/\libhal_bsp.a(alt_errno.o)
                              ../Hello_bsp/\libhal_bsp.a(alt_write.o) (alt_errno)
../Hello_bsp/\libhal_bsp.a(alt_icache_flush_all.o)
                              ../Hello_bsp/\libhal_bsp.a(alt_load.o) (alt_icache_flush_all)
../Hello_bsp/\libhal_bsp.a(alt_iic.o)
                              ../Hello_bsp/\libhal_bsp.a(altera_avalon_timer_sc.o) (alt_ic_isr_register)
../Hello_bsp/\libhal_bsp.a(alt_iic_isr_register.o)
                              ../Hello_bsp/\libhal_bsp.a(alt_iic.o) (alt_iic_isr_register)
../Hello_bsp/\libhal_bsp.a(alt_io_redirect.o)
                              ../Hello_bsp/\libhal_bsp.a(alt_main.o) (alt_io_redirect)
../Hello_bsp/\libhal_bsp.a(alt_irq_entry.o)
                              ../Hello_bsp/\libhal_bsp.a(alt_iic_isr_register.o) (alt_irq_entry)
../Hello_bsp/\libhal_bsp.a(alt_irq_handler.o)
                              ../Hello_bsp/\libhal_bsp.a(alt_iic_isr_register.o) (alt_irq_handler)
../Hello_bsp/\libhal_bsp.a(alt_irq_vars.o)
                              ../Hello_bsp/\libhal_bsp.a(alt_iic.o) (alt_irq_active)
../Hello_bsp/\libhal_bsp.a(alt_open.o)
                              ../Hello_bsp/\libhal_bsp.a(alt_io_redirect.o) (open)
../Hello_bsp/\libhal_bsp.a(alt_release_fd.o)
                              ../Hello_bsp/\libhal_bsp.a(alt_close.o) (alt_release_fd)
../Hello_bsp/\libhal_bsp.a(alt_tick.o)
                              ../Hello_bsp/\libhal_bsp.a(altera_avalon_timer_sc.o) (alt_tick)
../Hello_bsp/\libhal_bsp.a(altera_nios2_qsys_irq.o)
                              ../Hello_bsp/\libhal_bsp.a(alt_sys_init.o) (altera_nios2_qsys_irq_init)
../Hello_bsp/\libhal_bsp.a(alt_exception_entry.o)
                              ../Hello_bsp/\libhal_bsp.a(alt_irq_entry.o) (alt_exception)
../Hello_bsp/\libhal_bsp.a(alt_find_dev.o)
                              ../Hello_bsp/\libhal_bsp.a(alt_open.o) (alt_find_dev)
../Hello_bsp/\libhal_bsp.a(alt_find_file.o)
                              ../Hello_bsp/\libhal_bsp.a(alt_open.o) (alt_find_file)
../Hello_bsp/\libhal_bsp.a(alt_get_fd.o)
                              ../Hello_bsp/\libhal_bsp.a(alt_open.o) (alt_get_fd)
c:/altera/13.0sp1/nios2eds/bin/gnu/h-i686-mingw32/bin/../lib/gcc/nios2-elf/4.1.2/../../../../nios2-elf/lib/mno-hw-mul\libsmallc.a(lib_a-exit.o)
                              ../Hello_bsp/\libhal_bsp.a(alt_main.o) (exit)
c:/altera/13.0sp1/nios2eds/bin/gnu/h-i686-mingw32/bin/../lib/gcc/nios2-elf/4.1.2/../../../../nios2-elf/lib/mno-hw-mul\libsmallc.a(lib_a-memcmp.o)
                              ../Hello_bsp/\libhal_bsp.a(alt_find_dev.o) (memcmp)
c:/altera/13.0sp1/nios2eds/bin/gnu/h-i686-mingw32/bin/../lib/gcc/nios2-elf/4.1.2/../../../../nios2-elf/lib/mno-hw-mul\libsmallc.a(lib_a-__call_atexit.o)
                              c:/altera/13.0sp1/nios2eds/bin/gnu/h-i686-mingw32/bin/../lib/gcc/nios2-elf/4.1.2/../../../../nios2-elf/lib/mno-hw-mul\libsmallc.a(lib_a-exit.o) (__call_exitprocs)
../Hello_bsp/\libhal_bsp.a(alt_exit.o)
                              c:/altera/13.0sp1/nios2eds/bin/gnu/h-i686-mingw32/bin/../lib/gcc/nios2-elf/4.1.2/../../../../nios2-elf/lib/mno-hw-mul\libsmallc.a(lib_a-exit.o) (_exit)

Allocating common symbols
Common symbol       size              file

alt_irq             0x100             ../Hello_bsp/\libhal_bsp.a(alt_irq_handler.o)
x                   0x4               obj/default/hello_world.o
errno               0x4               c:/altera/13.0sp1/nios2eds/bin/gnu/h-i686-mingw32/bin/../lib/gcc/nios2-elf/4.1.2/../../../../nios2-elf/lib/mno-hw-mul\libsmallc.a(lib_a-int_errno.o)
jx                  0x4               obj/default/hello_world.o
mat1                0x20              obj/default/hello_world.o
kx                  0x4               obj/default/hello_world.o
mat2                0x20              obj/default/hello_world.o
t1                  0x4               obj/default/hello_world.o
ix                  0x4               obj/default/hello_world.o
res                 0x80              obj/default/hello_world.o

Memory Configuration

Name             Origin             Length             Attributes
reset            0x00004000         0x00000020
RAM              0x00004020         0x00003fe0
*default*        0x00000000         0xffffffff

Linker script and memory map

LOAD ../Hello_bsp//obj/HAL/src/crt0.o
LOAD obj/default/hello_world.o
LOAD c:/altera/13.0sp1/nios2eds/bin/gnu/h-i686-mingw32/bin/../lib/gcc/nios2-elf/4.1.2/../../../../nios2-elf/lib/mno-hw-mul\libstdc++.a
LOAD c:/altera/13.0sp1/nios2eds/bin/gnu/h-i686-mingw32/bin/../lib/gcc/nios2-elf/4.1.2/../../../../nios2-elf/lib/mno-hw-mul\libm.a
LOAD c:/altera/13.0sp1/nios2eds/bin/gnu/h-i686-mingw32/bin/../lib/gcc/nios2-elf/4.1.2/mno-hw-mul\libgcc.a
START GROUP
LOAD c:/altera/13.0sp1/nios2eds/bin/gnu/h-i686-mingw32/bin/../lib/gcc/nios2-elf/4.1.2/../../../../nios2-elf/lib/mno-hw-mul\libsmallc.a
LOAD c:/altera/13.0sp1/nios2eds/bin/gnu/h-i686-mingw32/bin/../lib/gcc/nios2-elf/4.1.2/mno-hw-mul\libgcc.a
LOAD ../Hello_bsp/\libhal_bsp.a
END GROUP
LOAD c:/altera/13.0sp1/nios2eds/bin/gnu/h-i686-mingw32/bin/../lib/gcc/nios2-elf/4.1.2/mno-hw-mul\libgcc.a
                0x00004000                __alt_mem_RAM = 0x4000

.entry          0x00004000       0x20
 *(.entry)
 .entry         0x00004000       0x20 ../Hello_bsp//obj/HAL/src/crt0.o
                0x00004000                __reset

.exceptions     0x00004020      0x148
                0x00004020                PROVIDE (__ram_exceptions_start, ABSOLUTE (.))
                0x00004020                . = ALIGN (0x20)
 *(.irq)
 *(.exceptions.entry.label)
 .exceptions.entry.label
                0x00004020        0x0 ../Hello_bsp/\libhal_bsp.a(alt_irq_entry.o)
                0x00004020                alt_irq_entry
 .exceptions.entry.label
                0x00004020        0x0 ../Hello_bsp/\libhal_bsp.a(alt_exception_entry.o)
                0x00004020                alt_exception
 *(.exceptions.entry.user)
 *(.exceptions.entry)
 .exceptions.entry
                0x00004020       0x54 ../Hello_bsp/\libhal_bsp.a(alt_exception_entry.o)
 *(.exceptions.irqtest.user)
 *(.exceptions.irqtest)
 .exceptions.irqtest
                0x00004074       0x10 ../Hello_bsp/\libhal_bsp.a(alt_irq_entry.o)
 *(.exceptions.irqhandler.user)
 *(.exceptions.irqhandler)
 .exceptions.irqhandler
                0x00004084        0x4 ../Hello_bsp/\libhal_bsp.a(alt_irq_entry.o)
 *(.exceptions.irqreturn.user)
 *(.exceptions.irqreturn)
 .exceptions.irqreturn
                0x00004088        0x4 ../Hello_bsp/\libhal_bsp.a(alt_irq_entry.o)
 *(.exceptions.notirq.label)
 .exceptions.notirq.label
                0x0000408c        0x0 ../Hello_bsp/\libhal_bsp.a(alt_irq_entry.o)
 *(.exceptions.notirq.user)
 *(.exceptions.notirq)
 .exceptions.notirq
                0x0000408c        0x8 ../Hello_bsp/\libhal_bsp.a(alt_exception_entry.o)
 *(.exceptions.soft.user)
 *(.exceptions.soft)
 *(.exceptions.unknown.user)
 *(.exceptions.unknown)
 .exceptions.unknown
                0x00004094        0x4 ../Hello_bsp/\libhal_bsp.a(alt_exception_entry.o)
 *(.exceptions.exit.label)
 .exceptions.exit.label
                0x00004098        0x0 ../Hello_bsp/\libhal_bsp.a(alt_irq_entry.o)
 .exceptions.exit.label
                0x00004098        0x0 ../Hello_bsp/\libhal_bsp.a(alt_exception_entry.o)
 *(.exceptions.exit.user)
 *(.exceptions.exit)
 .exceptions.exit
                0x00004098       0x54 ../Hello_bsp/\libhal_bsp.a(alt_exception_entry.o)
 *(.exceptions)
 .exceptions    0x000040ec       0x7c ../Hello_bsp/\libhal_bsp.a(alt_irq_handler.o)
                0x000040ec                alt_irq_handler
                0x00004168                PROVIDE (__ram_exceptions_end, ABSOLUTE (.))
                0x00004020                PROVIDE (__flash_exceptions_start, LOADADDR (.exceptions))

.text           0x00004168     0x2178
                0x00004168                PROVIDE (stext, ABSOLUTE (.))
 *(.interp)
 *(.hash)
 *(.dynsym)
 *(.dynstr)
 *(.gnu.version)
 *(.gnu.version_d)
 *(.gnu.version_r)
 *(.rel.init)
 *(.rela.init)
 *(.rel.text .rel.text.* .rel.gnu.linkonce.t.*)
 *(.rela.text .rela.text.* .rela.gnu.linkonce.t.*)
 *(.rel.fini)
 *(.rela.fini)
 *(.rel.rodata .rel.rodata.* .rel.gnu.linkonce.r.*)
 *(.rela.rodata .rela.rodata.* .rela.gnu.linkonce.r.*)
 *(.rel.data .rel.data.* .rel.gnu.linkonce.d.*)
 *(.rela.data .rela.data.* .rela.gnu.linkonce.d.*)
 *(.rel.tdata .rel.tdata.* .rel.gnu.linkonce.td.*)
 *(.rela.tdata .rela.tdata.* .rela.gnu.linkonce.td.*)
 *(.rel.tbss .rel.tbss.* .rel.gnu.linkonce.tb.*)
 *(.rela.tbss .rela.tbss.* .rela.gnu.linkonce.tb.*)
 *(.rel.ctors)
 *(.rela.ctors)
 *(.rel.dtors)
 *(.rela.dtors)
 *(.rel.got)
 *(.rela.got)
 *(.rel.sdata .rel.sdata.* .rel.gnu.linkonce.s.*)
 *(.rela.sdata .rela.sdata.* .rela.gnu.linkonce.s.*)
 *(.rel.sbss .rel.sbss.* .rel.gnu.linkonce.sb.*)
 *(.rela.sbss .rela.sbss.* .rela.gnu.linkonce.sb.*)
 *(.rel.sdata2 .rel.sdata2.* .rel.gnu.linkonce.s2.*)
 *(.rela.sdata2 .rela.sdata2.* .rela.gnu.linkonce.s2.*)
 *(.rel.sbss2 .rel.sbss2.* .rel.gnu.linkonce.sb2.*)
 *(.rela.sbss2 .rela.sbss2.* .rela.gnu.linkonce.sb2.*)
 *(.rel.bss .rel.bss.* .rel.gnu.linkonce.b.*)
 *(.rela.bss .rela.bss.* .rela.gnu.linkonce.b.*)
 *(.rel.plt)
 *(.rela.plt)
 *(.rel.dyn)
 *(.init)
 *(.plt)
 *(.text .stub .text.* .gnu.linkonce.t.*)
 .text          0x00004168       0x3c ../Hello_bsp//obj/HAL/src/crt0.o
                0x00004168                _start
 .text          0x000041a4      0x678 obj/default/hello_world.o
                0x000041a4                init_mat
                0x000042c4                print_mat
                0x0000445c                mult_mat
                0x0000474c                get_random
                0x000047bc                main
 .text          0x0000481c       0x38 c:/altera/13.0sp1/nios2eds/bin/gnu/h-i686-mingw32/bin/../lib/gcc/nios2-elf/4.1.2/mno-hw-mul\libgcc.a(lib2-mul.o)
                0x0000481c                __mulsi3
 .text          0x00004854       0x98 c:/altera/13.0sp1/nios2eds/bin/gnu/h-i686-mingw32/bin/../lib/gcc/nios2-elf/4.1.2/../../../../nios2-elf/lib/mno-hw-mul\libsmallc.a(lib_a-printf.o)
                0x00004854                printf
                0x000048a8                _printf_r
 .text          0x000048ec       0x24 c:/altera/13.0sp1/nios2eds/bin/gnu/h-i686-mingw32/bin/../lib/gcc/nios2-elf/4.1.2/../../../../nios2-elf/lib/mno-hw-mul\libsmallc.a(lib_a-putchar.o)
                0x000048ec                putchar
                0x00004908                _putchar_r
 .text          0x00004910       0xa4 c:/altera/13.0sp1/nios2eds/bin/gnu/h-i686-mingw32/bin/../lib/gcc/nios2-elf/4.1.2/../../../../nios2-elf/lib/mno-hw-mul\libsmallc.a(lib_a-puts.o)
                0x00004910                _puts_r
                0x000049a0                puts
 .text          0x000049b4       0x20 c:/altera/13.0sp1/nios2eds/bin/gnu/h-i686-mingw32/bin/../lib/gcc/nios2-elf/4.1.2/../../../../nios2-elf/lib/mno-hw-mul\libsmallc.a(lib_a-strlen.o)
                0x000049b4                strlen
 .text          0x000049d4      0x740 c:/altera/13.0sp1/nios2eds/bin/gnu/h-i686-mingw32/bin/../lib/gcc/nios2-elf/4.1.2/../../../../nios2-elf/lib/mno-hw-mul\libsmallc.a(lib_a-vfprintf.o)
                0x00004a54                ___vfprintf_internal_r
                0x000050f0                __vfprintf_internal
 .text          0x00005114       0xbc c:/altera/13.0sp1/nios2eds/bin/gnu/h-i686-mingw32/bin/../lib/gcc/nios2-elf/4.1.2/../../../../nios2-elf/lib/mno-hw-mul\libsmallc.a(lib_a-fvwrite_small_dev.o)
                0x00005114                __sfvwrite_small_dev
 .text          0x000051d0        0x0 c:/altera/13.0sp1/nios2eds/bin/gnu/h-i686-mingw32/bin/../lib/gcc/nios2-elf/4.1.2/../../../../nios2-elf/lib/mno-hw-mul\libsmallc.a(lib_a-impure.o)
 .text          0x000051d0       0xe4 c:/altera/13.0sp1/nios2eds/bin/gnu/h-i686-mingw32/bin/../lib/gcc/nios2-elf/4.1.2/../../../../nios2-elf/lib/mno-hw-mul\libsmallc.a(lib_a-putc.o)
                0x000051d0                putc
                0x00005240                _putc_r
 .text          0x000052b4       0x78 c:/altera/13.0sp1/nios2eds/bin/gnu/h-i686-mingw32/bin/../lib/gcc/nios2-elf/4.1.2/../../../../nios2-elf/lib/mno-hw-mul\libsmallc.a(lib_a-writer.o)
                0x000052b4                _write_r
 .text          0x0000532c        0x0 c:/altera/13.0sp1/nios2eds/bin/gnu/h-i686-mingw32/bin/../lib/gcc/nios2-elf/4.1.2/../../../../nios2-elf/lib/mno-hw-mul\libsmallc.a(lib_a-int_errno.o)
 .text          0x0000532c      0x14c c:/altera/13.0sp1/nios2eds/bin/gnu/h-i686-mingw32/bin/../lib/gcc/nios2-elf/4.1.2/mno-hw-mul\libgcc.a(lib2-divmod.o)
                0x000053a8                __divsi3
                0x00005408                __modsi3
                0x00005468                __udivsi3
                0x00005470                __umodsi3
 .text          0x00005478       0xc4 ../Hello_bsp/\libhal_bsp.a(alt_load.o)
                0x00005478                alt_load
 .text          0x0000553c       0x50 ../Hello_bsp/\libhal_bsp.a(alt_main.o)
                0x0000553c                alt_main
 .text          0x0000558c      0x110 ../Hello_bsp/\libhal_bsp.a(alt_write.o)
                0x0000558c                write
 .text          0x0000569c       0x5c ../Hello_bsp/\libhal_bsp.a(alt_sys_init.o)
                0x0000569c                alt_sys_init
                0x000056d8                alt_irq_init
 .text          0x000056f8       0x50 ../Hello_bsp/\libhal_bsp.a(altera_avalon_jtag_uart_fd.o)
                0x000056f8                altera_avalon_jtag_uart_write_fd
                0x00005720                altera_avalon_jtag_uart_read_fd
 .text          0x00005748       0x6c ../Hello_bsp/\libhal_bsp.a(altera_avalon_jtag_uart_read.o)
                0x00005748                altera_avalon_jtag_uart_read
 .text          0x000057b4       0x3c ../Hello_bsp/\libhal_bsp.a(altera_avalon_jtag_uart_write.o)
                0x000057b4                altera_avalon_jtag_uart_write
 .text          0x000057f0       0x8c ../Hello_bsp/\libhal_bsp.a(altera_avalon_timer_sc.o)
                0x000057f0                alt_avalon_timer_sc_init
 .text          0x0000587c       0xe0 ../Hello_bsp/\libhal_bsp.a(alt_close.o)
                0x0000587c                close
 .text          0x0000595c        0x4 ../Hello_bsp/\libhal_bsp.a(alt_dcache_flush_all.o)
                0x0000595c                alt_dcache_flush_all
 .text          0x00005960        0x8 ../Hello_bsp/\libhal_bsp.a(alt_dev.o)
 .text          0x00005968       0x70 ../Hello_bsp/\libhal_bsp.a(alt_dev_llist_insert.o)
                0x00005968                alt_dev_llist_insert
 .text          0x000059d8        0x0 ../Hello_bsp/\libhal_bsp.a(alt_errno.o)
 .text          0x000059d8        0x4 ../Hello_bsp/\libhal_bsp.a(alt_icache_flush_all.o)
                0x000059d8                alt_icache_flush_all
 .text          0x000059dc       0xb8 ../Hello_bsp/\libhal_bsp.a(alt_iic.o)
                0x000059dc                alt_ic_irq_enabled
                0x000059f4                alt_ic_irq_enable
                0x00005a34                alt_ic_irq_disable
                0x00005a74                alt_ic_isr_register
 .text          0x00005a94       0x68 ../Hello_bsp/\libhal_bsp.a(alt_iic_isr_register.o)
                0x00005a94                alt_iic_isr_register
 .text          0x00005afc      0x110 ../Hello_bsp/\libhal_bsp.a(alt_io_redirect.o)
                0x00005b74                alt_io_redirect
 .text          0x00005c0c        0x0 ../Hello_bsp/\libhal_bsp.a(alt_irq_entry.o)
 .text          0x00005c0c        0x0 ../Hello_bsp/\libhal_bsp.a(alt_irq_handler.o)
 .text          0x00005c0c        0x0 ../Hello_bsp/\libhal_bsp.a(alt_irq_vars.o)
 .text          0x00005c0c      0x184 ../Hello_bsp/\libhal_bsp.a(alt_open.o)
                0x00005c0c                open
 .text          0x00005d90       0x68 ../Hello_bsp/\libhal_bsp.a(alt_release_fd.o)
                0x00005d90                alt_release_fd
 .text          0x00005df8       0xe0 ../Hello_bsp/\libhal_bsp.a(alt_tick.o)
                0x00005df8                alt_alarm_stop
                0x00005e2c                alt_tick
 .text          0x00005ed8        0x8 ../Hello_bsp/\libhal_bsp.a(altera_nios2_qsys_irq.o)
                0x00005ed8                altera_nios2_qsys_irq_init
 .text          0x00005ee0        0x0 ../Hello_bsp/\libhal_bsp.a(alt_exception_entry.o)
 .text          0x00005ee0       0x70 ../Hello_bsp/\libhal_bsp.a(alt_find_dev.o)
                0x00005ee0                alt_find_dev
 .text          0x00005f50       0xbc ../Hello_bsp/\libhal_bsp.a(alt_find_file.o)
                0x00005f50                alt_find_file
 .text          0x0000600c       0xa0 ../Hello_bsp/\libhal_bsp.a(alt_get_fd.o)
                0x0000600c                alt_get_fd
 .text          0x000060ac       0x20 c:/altera/13.0sp1/nios2eds/bin/gnu/h-i686-mingw32/bin/../lib/gcc/nios2-elf/4.1.2/../../../../nios2-elf/lib/mno-hw-mul\libsmallc.a(lib_a-exit.o)
                0x000060ac                exit
 .text          0x000060cc       0x3c c:/altera/13.0sp1/nios2eds/bin/gnu/h-i686-mingw32/bin/../lib/gcc/nios2-elf/4.1.2/../../../../nios2-elf/lib/mno-hw-mul\libsmallc.a(lib_a-memcmp.o)
                0x000060cc                memcmp
 .text          0x00006108      0x1c0 c:/altera/13.0sp1/nios2eds/bin/gnu/h-i686-mingw32/bin/../lib/gcc/nios2-elf/4.1.2/../../../../nios2-elf/lib/mno-hw-mul\libsmallc.a(lib_a-__call_atexit.o)
                0x0000610c                __call_exitprocs
 .text          0x000062c8       0x14 ../Hello_bsp/\libhal_bsp.a(alt_exit.o)
                0x000062c8                _exit
 *(.gnu.warning.*)
 *(.fini)
                0x000062dc                PROVIDE (__etext, ABSOLUTE (.))
                0x000062dc                PROVIDE (_etext, ABSOLUTE (.))
                0x000062dc                PROVIDE (etext, ABSOLUTE (.))
 *(.eh_frame_hdr)
                0x000062dc                . = ALIGN (0x4)
                0x000062dc                PROVIDE (__preinit_array_start, ABSOLUTE (.))
 *(.preinit_array)
                0x000062dc                PROVIDE (__preinit_array_end, ABSOLUTE (.))
                0x000062dc                PROVIDE (__init_array_start, ABSOLUTE (.))
 *(.init_array)
                0x000062dc                PROVIDE (__init_array_end, ABSOLUTE (.))
                0x000062dc                PROVIDE (__fini_array_start, ABSOLUTE (.))
 *(.fini_array)
                0x000062dc                PROVIDE (__fini_array_end, ABSOLUTE (.))
 *(.eh_frame)
 *(.gcc_except_table)
 *(.dynamic)
                0x000062dc                PROVIDE (__CTOR_LIST__, ABSOLUTE (.))
 *(.ctors)
 *(SORT(.ctors.*))
 .ctors.65535   0x000062dc        0x4 c:/altera/13.0sp1/nios2eds/bin/gnu/h-i686-mingw32/bin/../lib/gcc/nios2-elf/4.1.2/../../../../nios2-elf/lib/mno-hw-mul\libsmallc.a(lib_a-__call_atexit.o)
                0x000062e0                PROVIDE (__CTOR_END__, ABSOLUTE (.))
                0x000062e0                PROVIDE (__DTOR_LIST__, ABSOLUTE (.))
 *(.dtors)
 *(SORT(.dtors.*))
                0x000062e0                PROVIDE (__DTOR_END__, ABSOLUTE (.))
 *(.jcr)
                0x000062e0                . = ALIGN (0x4)

.rodata         0x000062e0       0x58
                0x000062e0                PROVIDE (__ram_rodata_start, ABSOLUTE (.))
                0x000062e0                . = ALIGN (0x4)
 *(.rodata .rodata.* .gnu.linkonce.r.*)
 .rodata        0x000062e0       0x34 obj/default/hello_world.o
 .rodata.str1.4
                0x00006314        0x2 c:/altera/13.0sp1/nios2eds/bin/gnu/h-i686-mingw32/bin/../lib/gcc/nios2-elf/4.1.2/../../../../nios2-elf/lib/mno-hw-mul\libsmallc.a(lib_a-puts.o)
                                  0x4 (size before relaxing)
 *fill*         0x00006316        0x2 00
 .rodata.str1.4
                0x00006318       0x11 ../Hello_bsp/\libhal_bsp.a(alt_main.o)
                                 0x14 (size before relaxing)
 .rodata.str1.4
                0x00000000       0x14 ../Hello_bsp/\libhal_bsp.a(alt_sys_init.o)
 *fill*         0x00006329        0x3 00
 .rodata.str1.4
                0x0000632c        0xc ../Hello_bsp/\libhal_bsp.a(alt_dev.o)
 *(.rodata1)
                0x00006338                . = ALIGN (0x4)
                0x00006338                PROVIDE (__ram_rodata_end, ABSOLUTE (.))
                0x000062e0                PROVIDE (__flash_rodata_start, LOADADDR (.rodata))

.rwdata         0x00006338      0x2e4 load address 0x0000661c
                0x00006338                PROVIDE (__ram_rwdata_start, ABSOLUTE (.))
                0x00006338                . = ALIGN (0x4)
 *(.got.plt)
 *(.got)
 *(.data1)
 *(.data .data.* .gnu.linkonce.d.*)
 .data          0x00006338        0x0 ../Hello_bsp//obj/HAL/src/crt0.o
 .data          0x00006338        0x0 obj/default/hello_world.o
 .data          0x00006338        0x0 c:/altera/13.0sp1/nios2eds/bin/gnu/h-i686-mingw32/bin/../lib/gcc/nios2-elf/4.1.2/mno-hw-mul\libgcc.a(lib2-mul.o)
 .data          0x00006338        0x0 c:/altera/13.0sp1/nios2eds/bin/gnu/h-i686-mingw32/bin/../lib/gcc/nios2-elf/4.1.2/../../../../nios2-elf/lib/mno-hw-mul\libsmallc.a(lib_a-printf.o)
 .data          0x00006338        0x0 c:/altera/13.0sp1/nios2eds/bin/gnu/h-i686-mingw32/bin/../lib/gcc/nios2-elf/4.1.2/../../../../nios2-elf/lib/mno-hw-mul\libsmallc.a(lib_a-putchar.o)
 .data          0x00006338        0x0 c:/altera/13.0sp1/nios2eds/bin/gnu/h-i686-mingw32/bin/../lib/gcc/nios2-elf/4.1.2/../../../../nios2-elf/lib/mno-hw-mul\libsmallc.a(lib_a-puts.o)
 .data          0x00006338        0x0 c:/altera/13.0sp1/nios2eds/bin/gnu/h-i686-mingw32/bin/../lib/gcc/nios2-elf/4.1.2/../../../../nios2-elf/lib/mno-hw-mul\libsmallc.a(lib_a-strlen.o)
 .data          0x00006338        0x0 c:/altera/13.0sp1/nios2eds/bin/gnu/h-i686-mingw32/bin/../lib/gcc/nios2-elf/4.1.2/../../../../nios2-elf/lib/mno-hw-mul\libsmallc.a(lib_a-vfprintf.o)
 .data          0x00006338        0x0 c:/altera/13.0sp1/nios2eds/bin/gnu/h-i686-mingw32/bin/../lib/gcc/nios2-elf/4.1.2/../../../../nios2-elf/lib/mno-hw-mul\libsmallc.a(lib_a-fvwrite_small_dev.o)
 .data          0x00006338       0xe0 c:/altera/13.0sp1/nios2eds/bin/gnu/h-i686-mingw32/bin/../lib/gcc/nios2-elf/4.1.2/../../../../nios2-elf/lib/mno-hw-mul\libsmallc.a(lib_a-impure.o)
 .data          0x00006418        0x0 c:/altera/13.0sp1/nios2eds/bin/gnu/h-i686-mingw32/bin/../lib/gcc/nios2-elf/4.1.2/../../../../nios2-elf/lib/mno-hw-mul\libsmallc.a(lib_a-putc.o)
 .data          0x00006418        0x0 c:/altera/13.0sp1/nios2eds/bin/gnu/h-i686-mingw32/bin/../lib/gcc/nios2-elf/4.1.2/../../../../nios2-elf/lib/mno-hw-mul\libsmallc.a(lib_a-writer.o)
 .data          0x00006418        0x0 c:/altera/13.0sp1/nios2eds/bin/gnu/h-i686-mingw32/bin/../lib/gcc/nios2-elf/4.1.2/../../../../nios2-elf/lib/mno-hw-mul\libsmallc.a(lib_a-int_errno.o)
 .data          0x00006418        0x0 c:/altera/13.0sp1/nios2eds/bin/gnu/h-i686-mingw32/bin/../lib/gcc/nios2-elf/4.1.2/mno-hw-mul\libgcc.a(lib2-divmod.o)
 .data          0x00006418        0x0 ../Hello_bsp/\libhal_bsp.a(alt_load.o)
 .data          0x00006418        0x0 ../Hello_bsp/\libhal_bsp.a(alt_main.o)
 .data          0x00006418        0x0 ../Hello_bsp/\libhal_bsp.a(alt_write.o)
 .data          0x00006418       0x2c ../Hello_bsp/\libhal_bsp.a(alt_sys_init.o)
 .data          0x00006444        0x0 ../Hello_bsp/\libhal_bsp.a(altera_avalon_jtag_uart_fd.o)
 .data          0x00006444        0x0 ../Hello_bsp/\libhal_bsp.a(altera_avalon_jtag_uart_read.o)
 .data          0x00006444        0x0 ../Hello_bsp/\libhal_bsp.a(altera_avalon_jtag_uart_write.o)
 .data          0x00006444        0x0 ../Hello_bsp/\libhal_bsp.a(altera_avalon_timer_sc.o)
 .data          0x00006444        0x0 ../Hello_bsp/\libhal_bsp.a(alt_close.o)
 .data          0x00006444        0x0 ../Hello_bsp/\libhal_bsp.a(alt_dcache_flush_all.o)
 .data          0x00006444      0x1a8 ../Hello_bsp/\libhal_bsp.a(alt_dev.o)
                0x00006444                alt_dev_null
                0x0000646c                alt_fd_list
 .data          0x000065ec        0x0 ../Hello_bsp/\libhal_bsp.a(alt_dev_llist_insert.o)
 .data          0x000065ec        0x0 ../Hello_bsp/\libhal_bsp.a(alt_errno.o)
 .data          0x000065ec        0x0 ../Hello_bsp/\libhal_bsp.a(alt_icache_flush_all.o)
 .data          0x000065ec        0x0 ../Hello_bsp/\libhal_bsp.a(alt_iic.o)
 .data          0x000065ec        0x0 ../Hello_bsp/\libhal_bsp.a(alt_iic_isr_register.o)
 .data          0x000065ec        0x0 ../Hello_bsp/\libhal_bsp.a(alt_io_redirect.o)
 .data          0x000065ec        0x0 ../Hello_bsp/\libhal_bsp.a(alt_irq_entry.o)
 .data          0x000065ec        0x0 ../Hello_bsp/\libhal_bsp.a(alt_irq_handler.o)
 .data          0x000065ec        0x0 ../Hello_bsp/\libhal_bsp.a(alt_irq_vars.o)
 .data          0x000065ec        0x0 ../Hello_bsp/\libhal_bsp.a(alt_open.o)
 .data          0x000065ec        0x0 ../Hello_bsp/\libhal_bsp.a(alt_release_fd.o)
 .data          0x000065ec        0x0 ../Hello_bsp/\libhal_bsp.a(alt_tick.o)
 .data          0x000065ec        0x0 ../Hello_bsp/\libhal_bsp.a(altera_nios2_qsys_irq.o)
 .data          0x000065ec        0x0 ../Hello_bsp/\libhal_bsp.a(alt_exception_entry.o)
 .data          0x000065ec        0x0 ../Hello_bsp/\libhal_bsp.a(alt_find_dev.o)
 .data          0x000065ec        0x0 ../Hello_bsp/\libhal_bsp.a(alt_find_file.o)
 .data          0x000065ec        0x0 ../Hello_bsp/\libhal_bsp.a(alt_get_fd.o)
 .data          0x000065ec        0x0 c:/altera/13.0sp1/nios2eds/bin/gnu/h-i686-mingw32/bin/../lib/gcc/nios2-elf/4.1.2/../../../../nios2-elf/lib/mno-hw-mul\libsmallc.a(lib_a-exit.o)
 .data          0x000065ec        0x0 c:/altera/13.0sp1/nios2eds/bin/gnu/h-i686-mingw32/bin/../lib/gcc/nios2-elf/4.1.2/../../../../nios2-elf/lib/mno-hw-mul\libsmallc.a(lib_a-memcmp.o)
 .data          0x000065ec        0x0 c:/altera/13.0sp1/nios2eds/bin/gnu/h-i686-mingw32/bin/../lib/gcc/nios2-elf/4.1.2/../../../../nios2-elf/lib/mno-hw-mul\libsmallc.a(lib_a-__call_atexit.o)
 .data          0x000065ec        0x0 ../Hello_bsp/\libhal_bsp.a(alt_exit.o)
                0x0000e5ec                _gp = ABSOLUTE ((. + 0x8000))
                0x0000e5ec                PROVIDE (gp, _gp)
 *(.rwdata .rwdata.*)
 *(.sdata .sdata.* .gnu.linkonce.s.*)
 .sdata         0x000065ec        0x1 obj/default/hello_world.o
                0x000065ec                lfsr
 *fill*         0x000065ed        0x3 00
 .sdata         0x000065f0        0x8 c:/altera/13.0sp1/nios2eds/bin/gnu/h-i686-mingw32/bin/../lib/gcc/nios2-elf/4.1.2/../../../../nios2-elf/lib/mno-hw-mul\libsmallc.a(lib_a-impure.o)
                0x000065f0                _impure_ptr
                0x000065f4                _global_impure_ptr
 .sdata         0x000065f8       0x14 ../Hello_bsp/\libhal_bsp.a(alt_dev.o)
                0x000065f8                alt_fs_list
                0x00006600                alt_dev_list
                0x00006608                alt_max_fd
 .sdata         0x0000660c        0x4 ../Hello_bsp/\libhal_bsp.a(alt_errno.o)
                0x0000660c                alt_errno
 .sdata         0x00006610        0x4 ../Hello_bsp/\libhal_bsp.a(alt_irq_vars.o)
                0x00006610                alt_priority_mask
 .sdata         0x00006614        0x8 ../Hello_bsp/\libhal_bsp.a(alt_tick.o)
                0x00006614                alt_alarm_list
 *(.sdata2 .sdata2.* .gnu.linkonce.s2.*)
                0x0000661c                . = ALIGN (0x4)
                0x0000661c                _edata = ABSOLUTE (.)
                0x0000661c                PROVIDE (edata, ABSOLUTE (.))
                0x0000661c                PROVIDE (__ram_rwdata_end, ABSOLUTE (.))
                0x0000661c                PROVIDE (__flash_rwdata_start, LOADADDR (.rwdata))

.bss            0x00006900      0x1f0
                0x00006900                __bss_start = ABSOLUTE (.)
                0x00006900                PROVIDE (__sbss_start, ABSOLUTE (.))
                0x00006900                PROVIDE (___sbss_start, ABSOLUTE (.))
 *(.dynsbss)
 *(.sbss .sbss.* .gnu.linkonce.sb.*)
 .sbss          0x00006900       0x14 obj/default/hello_world.o
                0x00006900                x
                0x00006904                jx
                0x00006908                kx
                0x0000690c                t1
                0x00006910                ix
 .sbss          0x00006914        0x4 c:/altera/13.0sp1/nios2eds/bin/gnu/h-i686-mingw32/bin/../lib/gcc/nios2-elf/4.1.2/../../../../nios2-elf/lib/mno-hw-mul\libsmallc.a(lib_a-int_errno.o)
                0x00006914                errno
 .sbss          0x00006918        0xc ../Hello_bsp/\libhal_bsp.a(alt_main.o)
                0x00006918                alt_argc
                0x0000691c                alt_argv
                0x00006920                alt_envp
 .sbss          0x00006924        0x4 ../Hello_bsp/\libhal_bsp.a(alt_irq_vars.o)
                0x00006924                alt_irq_active
 .sbss          0x00006928        0x8 ../Hello_bsp/\libhal_bsp.a(alt_tick.o)
                0x00006928                _alt_tick_rate
                0x0000692c                _alt_nticks
 *(.sbss2 .sbss2.* .gnu.linkonce.sb2.*)
 *(.scommon)
                0x00006930                PROVIDE (__sbss_end, ABSOLUTE (.))
                0x00006930                PROVIDE (___sbss_end, ABSOLUTE (.))
 *(.dynbss)
 *(.bss .bss.* .gnu.linkonce.b.*)
 .bss           0x00006930        0x0 ../Hello_bsp//obj/HAL/src/crt0.o
 .bss           0x00006930        0x0 obj/default/hello_world.o
 .bss           0x00006930        0x0 c:/altera/13.0sp1/nios2eds/bin/gnu/h-i686-mingw32/bin/../lib/gcc/nios2-elf/4.1.2/mno-hw-mul\libgcc.a(lib2-mul.o)
 .bss           0x00006930        0x0 c:/altera/13.0sp1/nios2eds/bin/gnu/h-i686-mingw32/bin/../lib/gcc/nios2-elf/4.1.2/../../../../nios2-elf/lib/mno-hw-mul\libsmallc.a(lib_a-printf.o)
 .bss           0x00006930        0x0 c:/altera/13.0sp1/nios2eds/bin/gnu/h-i686-mingw32/bin/../lib/gcc/nios2-elf/4.1.2/../../../../nios2-elf/lib/mno-hw-mul\libsmallc.a(lib_a-putchar.o)
 .bss           0x00006930        0x0 c:/altera/13.0sp1/nios2eds/bin/gnu/h-i686-mingw32/bin/../lib/gcc/nios2-elf/4.1.2/../../../../nios2-elf/lib/mno-hw-mul\libsmallc.a(lib_a-puts.o)
 .bss           0x00006930        0x0 c:/altera/13.0sp1/nios2eds/bin/gnu/h-i686-mingw32/bin/../lib/gcc/nios2-elf/4.1.2/../../../../nios2-elf/lib/mno-hw-mul\libsmallc.a(lib_a-strlen.o)
 .bss           0x00006930        0x0 c:/altera/13.0sp1/nios2eds/bin/gnu/h-i686-mingw32/bin/../lib/gcc/nios2-elf/4.1.2/../../../../nios2-elf/lib/mno-hw-mul\libsmallc.a(lib_a-vfprintf.o)
 .bss           0x00006930        0x0 c:/altera/13.0sp1/nios2eds/bin/gnu/h-i686-mingw32/bin/../lib/gcc/nios2-elf/4.1.2/../../../../nios2-elf/lib/mno-hw-mul\libsmallc.a(lib_a-fvwrite_small_dev.o)
 .bss           0x00006930        0x0 c:/altera/13.0sp1/nios2eds/bin/gnu/h-i686-mingw32/bin/../lib/gcc/nios2-elf/4.1.2/../../../../nios2-elf/lib/mno-hw-mul\libsmallc.a(lib_a-impure.o)
 .bss           0x00006930        0x0 c:/altera/13.0sp1/nios2eds/bin/gnu/h-i686-mingw32/bin/../lib/gcc/nios2-elf/4.1.2/../../../../nios2-elf/lib/mno-hw-mul\libsmallc.a(lib_a-putc.o)
 .bss           0x00006930        0x0 c:/altera/13.0sp1/nios2eds/bin/gnu/h-i686-mingw32/bin/../lib/gcc/nios2-elf/4.1.2/../../../../nios2-elf/lib/mno-hw-mul\libsmallc.a(lib_a-writer.o)
 .bss           0x00006930        0x0 c:/altera/13.0sp1/nios2eds/bin/gnu/h-i686-mingw32/bin/../lib/gcc/nios2-elf/4.1.2/../../../../nios2-elf/lib/mno-hw-mul\libsmallc.a(lib_a-int_errno.o)
 .bss           0x00006930        0x0 c:/altera/13.0sp1/nios2eds/bin/gnu/h-i686-mingw32/bin/../lib/gcc/nios2-elf/4.1.2/mno-hw-mul\libgcc.a(lib2-divmod.o)
 .bss           0x00006930        0x0 ../Hello_bsp/\libhal_bsp.a(alt_load.o)
 .bss           0x00006930        0x0 ../Hello_bsp/\libhal_bsp.a(alt_main.o)
 .bss           0x00006930        0x0 ../Hello_bsp/\libhal_bsp.a(alt_write.o)
 .bss           0x00006930        0x0 ../Hello_bsp/\libhal_bsp.a(alt_sys_init.o)
 .bss           0x00006930        0x0 ../Hello_bsp/\libhal_bsp.a(altera_avalon_jtag_uart_fd.o)
 .bss           0x00006930        0x0 ../Hello_bsp/\libhal_bsp.a(altera_avalon_jtag_uart_read.o)
 .bss           0x00006930        0x0 ../Hello_bsp/\libhal_bsp.a(altera_avalon_jtag_uart_write.o)
 .bss           0x00006930        0x0 ../Hello_bsp/\libhal_bsp.a(altera_avalon_timer_sc.o)
 .bss           0x00006930        0x0 ../Hello_bsp/\libhal_bsp.a(alt_close.o)
 .bss           0x00006930        0x0 ../Hello_bsp/\libhal_bsp.a(alt_dcache_flush_all.o)
 .bss           0x00006930        0x0 ../Hello_bsp/\libhal_bsp.a(alt_dev.o)
 .bss           0x00006930        0x0 ../Hello_bsp/\libhal_bsp.a(alt_dev_llist_insert.o)
 .bss           0x00006930        0x0 ../Hello_bsp/\libhal_bsp.a(alt_errno.o)
 .bss           0x00006930        0x0 ../Hello_bsp/\libhal_bsp.a(alt_icache_flush_all.o)
 .bss           0x00006930        0x0 ../Hello_bsp/\libhal_bsp.a(alt_iic.o)
 .bss           0x00006930        0x0 ../Hello_bsp/\libhal_bsp.a(alt_iic_isr_register.o)
 .bss           0x00006930        0x0 ../Hello_bsp/\libhal_bsp.a(alt_io_redirect.o)
 .bss           0x00006930        0x0 ../Hello_bsp/\libhal_bsp.a(alt_irq_entry.o)
 .bss           0x00006930        0x0 ../Hello_bsp/\libhal_bsp.a(alt_irq_handler.o)
 .bss           0x00006930        0x0 ../Hello_bsp/\libhal_bsp.a(alt_irq_vars.o)
 .bss           0x00006930        0x0 ../Hello_bsp/\libhal_bsp.a(alt_open.o)
 .bss           0x00006930        0x0 ../Hello_bsp/\libhal_bsp.a(alt_release_fd.o)
 .bss           0x00006930        0x0 ../Hello_bsp/\libhal_bsp.a(alt_tick.o)
 .bss           0x00006930        0x0 ../Hello_bsp/\libhal_bsp.a(altera_nios2_qsys_irq.o)
 .bss           0x00006930        0x0 ../Hello_bsp/\libhal_bsp.a(alt_exception_entry.o)
 .bss           0x00006930        0x0 ../Hello_bsp/\libhal_bsp.a(alt_find_dev.o)
 .bss           0x00006930        0x0 ../Hello_bsp/\libhal_bsp.a(alt_find_file.o)
 .bss           0x00006930        0x0 ../Hello_bsp/\libhal_bsp.a(alt_get_fd.o)
 .bss           0x00006930        0x0 c:/altera/13.0sp1/nios2eds/bin/gnu/h-i686-mingw32/bin/../lib/gcc/nios2-elf/4.1.2/../../../../nios2-elf/lib/mno-hw-mul\libsmallc.a(lib_a-exit.o)
 .bss           0x00006930        0x0 c:/altera/13.0sp1/nios2eds/bin/gnu/h-i686-mingw32/bin/../lib/gcc/nios2-elf/4.1.2/../../../../nios2-elf/lib/mno-hw-mul\libsmallc.a(lib_a-memcmp.o)
 .bss           0x00006930        0x0 c:/altera/13.0sp1/nios2eds/bin/gnu/h-i686-mingw32/bin/../lib/gcc/nios2-elf/4.1.2/../../../../nios2-elf/lib/mno-hw-mul\libsmallc.a(lib_a-__call_atexit.o)
 .bss           0x00006930        0x0 ../Hello_bsp/\libhal_bsp.a(alt_exit.o)
 *(COMMON)
 COMMON         0x00006930       0xc0 obj/default/hello_world.o
                0x00006930                mat1
                0x00006950                mat2
                0x00006970                res
 COMMON         0x000069f0      0x100 ../Hello_bsp/\libhal_bsp.a(alt_irq_handler.o)
                0x000069f0                alt_irq
                0x00006af0                . = ALIGN (0x4)
                0x00006af0                __bss_end = ABSOLUTE (.)

.RAM            0x00006af0        0x0
                0x00006af0                PROVIDE (_alt_partition_RAM_start, ABSOLUTE (.))
 *(.RAM. RAM.*)
                0x00006af0                . = ALIGN (0x4)
                0x00006af0                PROVIDE (_alt_partition_RAM_end, ABSOLUTE (.))
                0x00006af0                _end = ABSOLUTE (.)
                0x00006af0                end = ABSOLUTE (.)
                0x00006af0                __alt_stack_base = ABSOLUTE (.)
                0x00006af0                PROVIDE (_alt_partition_RAM_load_addr, LOADADDR (.RAM))

.stab
 *(.stab)

.stabstr
 *(.stabstr)

.stab.excl
 *(.stab.excl)

.stab.exclstr
 *(.stab.exclstr)

.stab.index
 *(.stab.index)

.stab.indexstr
 *(.stab.indexstr)

.comment        0x00000000       0x26
 *(.comment)
 .comment       0x00000000       0x26 obj/default/hello_world.o
                                 0x27 (size before relaxing)
 .comment       0x00000000       0x27 c:/altera/13.0sp1/nios2eds/bin/gnu/h-i686-mingw32/bin/../lib/gcc/nios2-elf/4.1.2/mno-hw-mul\libgcc.a(lib2-mul.o)
 .comment       0x00000000       0x27 c:/altera/13.0sp1/nios2eds/bin/gnu/h-i686-mingw32/bin/../lib/gcc/nios2-elf/4.1.2/../../../../nios2-elf/lib/mno-hw-mul\libsmallc.a(lib_a-printf.o)
 .comment       0x00000000       0x27 c:/altera/13.0sp1/nios2eds/bin/gnu/h-i686-mingw32/bin/../lib/gcc/nios2-elf/4.1.2/../../../../nios2-elf/lib/mno-hw-mul\libsmallc.a(lib_a-putchar.o)
 .comment       0x00000000       0x27 c:/altera/13.0sp1/nios2eds/bin/gnu/h-i686-mingw32/bin/../lib/gcc/nios2-elf/4.1.2/../../../../nios2-elf/lib/mno-hw-mul\libsmallc.a(lib_a-puts.o)
 .comment       0x00000000       0x27 c:/altera/13.0sp1/nios2eds/bin/gnu/h-i686-mingw32/bin/../lib/gcc/nios2-elf/4.1.2/../../../../nios2-elf/lib/mno-hw-mul\libsmallc.a(lib_a-strlen.o)
 .comment       0x00000000       0x27 c:/altera/13.0sp1/nios2eds/bin/gnu/h-i686-mingw32/bin/../lib/gcc/nios2-elf/4.1.2/../../../../nios2-elf/lib/mno-hw-mul\libsmallc.a(lib_a-vfprintf.o)
 .comment       0x00000000       0x27 c:/altera/13.0sp1/nios2eds/bin/gnu/h-i686-mingw32/bin/../lib/gcc/nios2-elf/4.1.2/../../../../nios2-elf/lib/mno-hw-mul\libsmallc.a(lib_a-fvwrite_small_dev.o)
 .comment       0x00000000       0x27 c:/altera/13.0sp1/nios2eds/bin/gnu/h-i686-mingw32/bin/../lib/gcc/nios2-elf/4.1.2/../../../../nios2-elf/lib/mno-hw-mul\libsmallc.a(lib_a-impure.o)
 .comment       0x00000000       0x27 c:/altera/13.0sp1/nios2eds/bin/gnu/h-i686-mingw32/bin/../lib/gcc/nios2-elf/4.1.2/../../../../nios2-elf/lib/mno-hw-mul\libsmallc.a(lib_a-putc.o)
 .comment       0x00000000       0x27 c:/altera/13.0sp1/nios2eds/bin/gnu/h-i686-mingw32/bin/../lib/gcc/nios2-elf/4.1.2/../../../../nios2-elf/lib/mno-hw-mul\libsmallc.a(lib_a-writer.o)
 .comment       0x00000000       0x27 c:/altera/13.0sp1/nios2eds/bin/gnu/h-i686-mingw32/bin/../lib/gcc/nios2-elf/4.1.2/../../../../nios2-elf/lib/mno-hw-mul\libsmallc.a(lib_a-int_errno.o)
 .comment       0x00000000       0x27 c:/altera/13.0sp1/nios2eds/bin/gnu/h-i686-mingw32/bin/../lib/gcc/nios2-elf/4.1.2/mno-hw-mul\libgcc.a(lib2-divmod.o)
 .comment       0x00000000       0x27 ../Hello_bsp/\libhal_bsp.a(alt_load.o)
 .comment       0x00000000       0x27 ../Hello_bsp/\libhal_bsp.a(alt_main.o)
 .comment       0x00000000       0x27 ../Hello_bsp/\libhal_bsp.a(alt_write.o)
 .comment       0x00000000       0x27 ../Hello_bsp/\libhal_bsp.a(alt_sys_init.o)
 .comment       0x00000000       0x27 ../Hello_bsp/\libhal_bsp.a(altera_avalon_jtag_uart_fd.o)
 .comment       0x00000000       0x27 ../Hello_bsp/\libhal_bsp.a(altera_avalon_jtag_uart_read.o)
 .comment       0x00000000       0x27 ../Hello_bsp/\libhal_bsp.a(altera_avalon_jtag_uart_write.o)
 .comment       0x00000000       0x27 ../Hello_bsp/\libhal_bsp.a(altera_avalon_timer_sc.o)
 .comment       0x00000000       0x27 ../Hello_bsp/\libhal_bsp.a(alt_close.o)
 .comment       0x00000000       0x27 ../Hello_bsp/\libhal_bsp.a(alt_dcache_flush_all.o)
 .comment       0x00000000       0x27 ../Hello_bsp/\libhal_bsp.a(alt_dev.o)
 .comment       0x00000000       0x27 ../Hello_bsp/\libhal_bsp.a(alt_dev_llist_insert.o)
 .comment       0x00000000       0x27 ../Hello_bsp/\libhal_bsp.a(alt_errno.o)
 .comment       0x00000000       0x27 ../Hello_bsp/\libhal_bsp.a(alt_icache_flush_all.o)
 .comment       0x00000000       0x27 ../Hello_bsp/\libhal_bsp.a(alt_iic.o)
 .comment       0x00000000       0x27 ../Hello_bsp/\libhal_bsp.a(alt_iic_isr_register.o)
 .comment       0x00000000       0x27 ../Hello_bsp/\libhal_bsp.a(alt_io_redirect.o)
 .comment       0x00000000       0x27 ../Hello_bsp/\libhal_bsp.a(alt_irq_handler.o)
 .comment       0x00000000       0x27 ../Hello_bsp/\libhal_bsp.a(alt_irq_vars.o)
 .comment       0x00000000       0x27 ../Hello_bsp/\libhal_bsp.a(alt_open.o)
 .comment       0x00000000       0x27 ../Hello_bsp/\libhal_bsp.a(alt_release_fd.o)
 .comment       0x00000000       0x27 ../Hello_bsp/\libhal_bsp.a(alt_tick.o)
 .comment       0x00000000       0x27 ../Hello_bsp/\libhal_bsp.a(altera_nios2_qsys_irq.o)
 .comment       0x00000000       0x27 ../Hello_bsp/\libhal_bsp.a(alt_find_dev.o)
 .comment       0x00000000       0x27 ../Hello_bsp/\libhal_bsp.a(alt_find_file.o)
 .comment       0x00000000       0x27 ../Hello_bsp/\libhal_bsp.a(alt_get_fd.o)
 .comment       0x00000000       0x27 c:/altera/13.0sp1/nios2eds/bin/gnu/h-i686-mingw32/bin/../lib/gcc/nios2-elf/4.1.2/../../../../nios2-elf/lib/mno-hw-mul\libsmallc.a(lib_a-exit.o)
 .comment       0x00000000       0x27 c:/altera/13.0sp1/nios2eds/bin/gnu/h-i686-mingw32/bin/../lib/gcc/nios2-elf/4.1.2/../../../../nios2-elf/lib/mno-hw-mul\libsmallc.a(lib_a-memcmp.o)
 .comment       0x00000000       0x27 c:/altera/13.0sp1/nios2eds/bin/gnu/h-i686-mingw32/bin/../lib/gcc/nios2-elf/4.1.2/../../../../nios2-elf/lib/mno-hw-mul\libsmallc.a(lib_a-__call_atexit.o)
 .comment       0x00000000       0x27 ../Hello_bsp/\libhal_bsp.a(alt_exit.o)

.debug
 *(.debug)

.line
 *(.line)

.debug_srcinfo
 *(.debug_srcinfo)

.debug_sfnames
 *(.debug_sfnames)

.debug_aranges  0x00000000      0x578
 *(.debug_aranges)
 .debug_aranges
                0x00000000       0x28 ../Hello_bsp//obj/HAL/src/crt0.o
 .debug_aranges
                0x00000028       0x20 obj/default/hello_world.o
 .debug_aranges
                0x00000048       0x20 c:/altera/13.0sp1/nios2eds/bin/gnu/h-i686-mingw32/bin/../lib/gcc/nios2-elf/4.1.2/mno-hw-mul\libgcc.a(lib2-mul.o)
 .debug_aranges
                0x00000068       0x20 c:/altera/13.0sp1/nios2eds/bin/gnu/h-i686-mingw32/bin/../lib/gcc/nios2-elf/4.1.2/../../../../nios2-elf/lib/mno-hw-mul\libsmallc.a(lib_a-printf.o)
 .debug_aranges
                0x00000088       0x20 c:/altera/13.0sp1/nios2eds/bin/gnu/h-i686-mingw32/bin/../lib/gcc/nios2-elf/4.1.2/../../../../nios2-elf/lib/mno-hw-mul\libsmallc.a(lib_a-putchar.o)
 .debug_aranges
                0x000000a8       0x20 c:/altera/13.0sp1/nios2eds/bin/gnu/h-i686-mingw32/bin/../lib/gcc/nios2-elf/4.1.2/../../../../nios2-elf/lib/mno-hw-mul\libsmallc.a(lib_a-puts.o)
 .debug_aranges
                0x000000c8       0x20 c:/altera/13.0sp1/nios2eds/bin/gnu/h-i686-mingw32/bin/../lib/gcc/nios2-elf/4.1.2/../../../../nios2-elf/lib/mno-hw-mul\libsmallc.a(lib_a-strlen.o)
 .debug_aranges
                0x000000e8       0x20 c:/altera/13.0sp1/nios2eds/bin/gnu/h-i686-mingw32/bin/../lib/gcc/nios2-elf/4.1.2/../../../../nios2-elf/lib/mno-hw-mul\libsmallc.a(lib_a-vfprintf.o)
 .debug_aranges
                0x00000108       0x20 c:/altera/13.0sp1/nios2eds/bin/gnu/h-i686-mingw32/bin/../lib/gcc/nios2-elf/4.1.2/../../../../nios2-elf/lib/mno-hw-mul\libsmallc.a(lib_a-fvwrite_small_dev.o)
 .debug_aranges
                0x00000128       0x20 c:/altera/13.0sp1/nios2eds/bin/gnu/h-i686-mingw32/bin/../lib/gcc/nios2-elf/4.1.2/../../../../nios2-elf/lib/mno-hw-mul\libsmallc.a(lib_a-putc.o)
 .debug_aranges
                0x00000148       0x20 c:/altera/13.0sp1/nios2eds/bin/gnu/h-i686-mingw32/bin/../lib/gcc/nios2-elf/4.1.2/../../../../nios2-elf/lib/mno-hw-mul\libsmallc.a(lib_a-writer.o)
 .debug_aranges
                0x00000168       0x20 c:/altera/13.0sp1/nios2eds/bin/gnu/h-i686-mingw32/bin/../lib/gcc/nios2-elf/4.1.2/mno-hw-mul\libgcc.a(lib2-divmod.o)
 .debug_aranges
                0x00000188       0x20 ../Hello_bsp/\libhal_bsp.a(alt_load.o)
 .debug_aranges
                0x000001a8       0x20 ../Hello_bsp/\libhal_bsp.a(alt_main.o)
 .debug_aranges
                0x000001c8       0x20 ../Hello_bsp/\libhal_bsp.a(alt_write.o)
 .debug_aranges
                0x000001e8       0x20 ../Hello_bsp/\libhal_bsp.a(alt_sys_init.o)
 .debug_aranges
                0x00000208       0x20 ../Hello_bsp/\libhal_bsp.a(altera_avalon_jtag_uart_fd.o)
 .debug_aranges
                0x00000228       0x20 ../Hello_bsp/\libhal_bsp.a(altera_avalon_jtag_uart_read.o)
 .debug_aranges
                0x00000248       0x20 ../Hello_bsp/\libhal_bsp.a(altera_avalon_jtag_uart_write.o)
 .debug_aranges
                0x00000268       0x20 ../Hello_bsp/\libhal_bsp.a(altera_avalon_timer_sc.o)
 .debug_aranges
                0x00000288       0x20 ../Hello_bsp/\libhal_bsp.a(alt_close.o)
 .debug_aranges
                0x000002a8       0x20 ../Hello_bsp/\libhal_bsp.a(alt_dcache_flush_all.o)
 .debug_aranges
                0x000002c8       0x20 ../Hello_bsp/\libhal_bsp.a(alt_dev.o)
 .debug_aranges
                0x000002e8       0x20 ../Hello_bsp/\libhal_bsp.a(alt_dev_llist_insert.o)
 .debug_aranges
                0x00000308       0x20 ../Hello_bsp/\libhal_bsp.a(alt_icache_flush_all.o)
 .debug_aranges
                0x00000328       0x20 ../Hello_bsp/\libhal_bsp.a(alt_iic.o)
 .debug_aranges
                0x00000348       0x20 ../Hello_bsp/\libhal_bsp.a(alt_iic_isr_register.o)
 .debug_aranges
                0x00000368       0x20 ../Hello_bsp/\libhal_bsp.a(alt_io_redirect.o)
 .debug_aranges
                0x00000388       0x30 ../Hello_bsp/\libhal_bsp.a(alt_irq_entry.o)
 .debug_aranges
                0x000003b8       0x28 ../Hello_bsp/\libhal_bsp.a(alt_irq_handler.o)
 .debug_aranges
                0x000003e0       0x20 ../Hello_bsp/\libhal_bsp.a(alt_open.o)
 .debug_aranges
                0x00000400       0x20 ../Hello_bsp/\libhal_bsp.a(alt_release_fd.o)
 .debug_aranges
                0x00000420       0x20 ../Hello_bsp/\libhal_bsp.a(alt_tick.o)
 .debug_aranges
                0x00000440       0x20 ../Hello_bsp/\libhal_bsp.a(altera_nios2_qsys_irq.o)
 .debug_aranges
                0x00000460       0x38 ../Hello_bsp/\libhal_bsp.a(alt_exception_entry.o)
 .debug_aranges
                0x00000498       0x20 ../Hello_bsp/\libhal_bsp.a(alt_find_dev.o)
 .debug_aranges
                0x000004b8       0x20 ../Hello_bsp/\libhal_bsp.a(alt_find_file.o)
 .debug_aranges
                0x000004d8       0x20 ../Hello_bsp/\libhal_bsp.a(alt_get_fd.o)
 .debug_aranges
                0x000004f8       0x20 c:/altera/13.0sp1/nios2eds/bin/gnu/h-i686-mingw32/bin/../lib/gcc/nios2-elf/4.1.2/../../../../nios2-elf/lib/mno-hw-mul\libsmallc.a(lib_a-exit.o)
 .debug_aranges
                0x00000518       0x20 c:/altera/13.0sp1/nios2eds/bin/gnu/h-i686-mingw32/bin/../lib/gcc/nios2-elf/4.1.2/../../../../nios2-elf/lib/mno-hw-mul\libsmallc.a(lib_a-memcmp.o)
 .debug_aranges
                0x00000538       0x20 c:/altera/13.0sp1/nios2eds/bin/gnu/h-i686-mingw32/bin/../lib/gcc/nios2-elf/4.1.2/../../../../nios2-elf/lib/mno-hw-mul\libsmallc.a(lib_a-__call_atexit.o)
 .debug_aranges
                0x00000558       0x20 ../Hello_bsp/\libhal_bsp.a(alt_exit.o)

.debug_pubnames
                0x00000000      0x853
 *(.debug_pubnames)
 .debug_pubnames
                0x00000000       0x97 obj/default/hello_world.o
 .debug_pubnames
                0x00000097       0x1f c:/altera/13.0sp1/nios2eds/bin/gnu/h-i686-mingw32/bin/../lib/gcc/nios2-elf/4.1.2/mno-hw-mul\libgcc.a(lib2-mul.o)
 .debug_pubnames
                0x000000b6       0x2b c:/altera/13.0sp1/nios2eds/bin/gnu/h-i686-mingw32/bin/../lib/gcc/nios2-elf/4.1.2/../../../../nios2-elf/lib/mno-hw-mul\libsmallc.a(lib_a-printf.o)
 .debug_pubnames
                0x000000e1       0x2d c:/altera/13.0sp1/nios2eds/bin/gnu/h-i686-mingw32/bin/../lib/gcc/nios2-elf/4.1.2/../../../../nios2-elf/lib/mno-hw-mul\libsmallc.a(lib_a-putchar.o)
 .debug_pubnames
                0x0000010e       0x27 c:/altera/13.0sp1/nios2eds/bin/gnu/h-i686-mingw32/bin/../lib/gcc/nios2-elf/4.1.2/../../../../nios2-elf/lib/mno-hw-mul\libsmallc.a(lib_a-puts.o)
 .debug_pubnames
                0x00000135       0x1d c:/altera/13.0sp1/nios2eds/bin/gnu/h-i686-mingw32/bin/../lib/gcc/nios2-elf/4.1.2/../../../../nios2-elf/lib/mno-hw-mul\libsmallc.a(lib_a-strlen.o)
 .debug_pubnames
                0x00000152       0x45 c:/altera/13.0sp1/nios2eds/bin/gnu/h-i686-mingw32/bin/../lib/gcc/nios2-elf/4.1.2/../../../../nios2-elf/lib/mno-hw-mul\libsmallc.a(lib_a-vfprintf.o)
 .debug_pubnames
                0x00000197       0x2b c:/altera/13.0sp1/nios2eds/bin/gnu/h-i686-mingw32/bin/../lib/gcc/nios2-elf/4.1.2/../../../../nios2-elf/lib/mno-hw-mul\libsmallc.a(lib_a-fvwrite_small_dev.o)
 .debug_pubnames
                0x000001c2       0x39 c:/altera/13.0sp1/nios2eds/bin/gnu/h-i686-mingw32/bin/../lib/gcc/nios2-elf/4.1.2/../../../../nios2-elf/lib/mno-hw-mul\libsmallc.a(lib_a-impure.o)
 .debug_pubnames
                0x000001fb       0x27 c:/altera/13.0sp1/nios2eds/bin/gnu/h-i686-mingw32/bin/../lib/gcc/nios2-elf/4.1.2/../../../../nios2-elf/lib/mno-hw-mul\libsmallc.a(lib_a-putc.o)
 .debug_pubnames
                0x00000222       0x1f c:/altera/13.0sp1/nios2eds/bin/gnu/h-i686-mingw32/bin/../lib/gcc/nios2-elf/4.1.2/../../../../nios2-elf/lib/mno-hw-mul\libsmallc.a(lib_a-writer.o)
 .debug_pubnames
                0x00000241       0x1c c:/altera/13.0sp1/nios2eds/bin/gnu/h-i686-mingw32/bin/../lib/gcc/nios2-elf/4.1.2/../../../../nios2-elf/lib/mno-hw-mul\libsmallc.a(lib_a-int_errno.o)
 .debug_pubnames
                0x0000025d       0x48 c:/altera/13.0sp1/nios2eds/bin/gnu/h-i686-mingw32/bin/../lib/gcc/nios2-elf/4.1.2/mno-hw-mul\libgcc.a(lib2-divmod.o)
 .debug_pubnames
                0x000002a5       0x1f ../Hello_bsp/\libhal_bsp.a(alt_load.o)
 .debug_pubnames
                0x000002c4       0x46 ../Hello_bsp/\libhal_bsp.a(alt_main.o)
 .debug_pubnames
                0x0000030a       0x1c ../Hello_bsp/\libhal_bsp.a(alt_write.o)
 .debug_pubnames
                0x00000326       0x34 ../Hello_bsp/\libhal_bsp.a(alt_sys_init.o)
 .debug_pubnames
                0x0000035a       0x5b ../Hello_bsp/\libhal_bsp.a(altera_avalon_jtag_uart_fd.o)
 .debug_pubnames
                0x000003b5       0x33 ../Hello_bsp/\libhal_bsp.a(altera_avalon_jtag_uart_read.o)
 .debug_pubnames
                0x000003e8       0x34 ../Hello_bsp/\libhal_bsp.a(altera_avalon_jtag_uart_write.o)
 .debug_pubnames
                0x0000041c       0x2f ../Hello_bsp/\libhal_bsp.a(altera_avalon_timer_sc.o)
 .debug_pubnames
                0x0000044b       0x1c ../Hello_bsp/\libhal_bsp.a(alt_close.o)
 .debug_pubnames
                0x00000467       0x2b ../Hello_bsp/\libhal_bsp.a(alt_dcache_flush_all.o)
 .debug_pubnames
                0x00000492       0x63 ../Hello_bsp/\libhal_bsp.a(alt_dev.o)
 .debug_pubnames
                0x000004f5       0x2b ../Hello_bsp/\libhal_bsp.a(alt_dev_llist_insert.o)
 .debug_pubnames
                0x00000520       0x20 ../Hello_bsp/\libhal_bsp.a(alt_errno.o)
 .debug_pubnames
                0x00000540       0x2b ../Hello_bsp/\libhal_bsp.a(alt_icache_flush_all.o)
 .debug_pubnames
                0x0000056b       0x6e ../Hello_bsp/\libhal_bsp.a(alt_iic.o)
 .debug_pubnames
                0x000005d9       0x2b ../Hello_bsp/\libhal_bsp.a(alt_iic_isr_register.o)
 .debug_pubnames
                0x00000604       0x26 ../Hello_bsp/\libhal_bsp.a(alt_io_redirect.o)
 .debug_pubnames
                0x0000062a       0x32 ../Hello_bsp/\libhal_bsp.a(alt_irq_handler.o)
 .debug_pubnames
                0x0000065c       0x3b ../Hello_bsp/\libhal_bsp.a(alt_irq_vars.o)
 .debug_pubnames
                0x00000697       0x1b ../Hello_bsp/\libhal_bsp.a(alt_open.o)
 .debug_pubnames
                0x000006b2       0x25 ../Hello_bsp/\libhal_bsp.a(alt_release_fd.o)
 .debug_pubnames
                0x000006d7       0x68 ../Hello_bsp/\libhal_bsp.a(alt_tick.o)
 .debug_pubnames
                0x0000073f       0x31 ../Hello_bsp/\libhal_bsp.a(altera_nios2_qsys_irq.o)
 .debug_pubnames
                0x00000770       0x23 ../Hello_bsp/\libhal_bsp.a(alt_find_dev.o)
 .debug_pubnames
                0x00000793       0x24 ../Hello_bsp/\libhal_bsp.a(alt_find_file.o)
 .debug_pubnames
                0x000007b7       0x21 ../Hello_bsp/\libhal_bsp.a(alt_get_fd.o)
 .debug_pubnames
                0x000007d8       0x1b c:/altera/13.0sp1/nios2eds/bin/gnu/h-i686-mingw32/bin/../lib/gcc/nios2-elf/4.1.2/../../../../nios2-elf/lib/mno-hw-mul\libsmallc.a(lib_a-exit.o)
 .debug_pubnames
                0x000007f3       0x1d c:/altera/13.0sp1/nios2eds/bin/gnu/h-i686-mingw32/bin/../lib/gcc/nios2-elf/4.1.2/../../../../nios2-elf/lib/mno-hw-mul\libsmallc.a(lib_a-memcmp.o)
 .debug_pubnames
                0x00000810       0x27 c:/altera/13.0sp1/nios2eds/bin/gnu/h-i686-mingw32/bin/../lib/gcc/nios2-elf/4.1.2/../../../../nios2-elf/lib/mno-hw-mul\libsmallc.a(lib_a-__call_atexit.o)
 .debug_pubnames
                0x00000837       0x1c ../Hello_bsp/\libhal_bsp.a(alt_exit.o)

.debug_info     0x00000000     0x8989
 *(.debug_info .gnu.linkonce.wi.*)
 .debug_info    0x00000000       0x51 ../Hello_bsp//obj/HAL/src/crt0.o
 .debug_info    0x00000051      0x2e8 obj/default/hello_world.o
 .debug_info    0x00000339       0xf3 c:/altera/13.0sp1/nios2eds/bin/gnu/h-i686-mingw32/bin/../lib/gcc/nios2-elf/4.1.2/mno-hw-mul\libgcc.a(lib2-mul.o)
 .debug_info    0x0000042c      0x6c8 c:/altera/13.0sp1/nios2eds/bin/gnu/h-i686-mingw32/bin/../lib/gcc/nios2-elf/4.1.2/../../../../nios2-elf/lib/mno-hw-mul\libsmallc.a(lib_a-printf.o)
 .debug_info    0x00000af4      0x66b c:/altera/13.0sp1/nios2eds/bin/gnu/h-i686-mingw32/bin/../lib/gcc/nios2-elf/4.1.2/../../../../nios2-elf/lib/mno-hw-mul\libsmallc.a(lib_a-putchar.o)
 .debug_info    0x0000115f      0x685 c:/altera/13.0sp1/nios2eds/bin/gnu/h-i686-mingw32/bin/../lib/gcc/nios2-elf/4.1.2/../../../../nios2-elf/lib/mno-hw-mul\libsmallc.a(lib_a-puts.o)
 .debug_info    0x000017e4       0xc2 c:/altera/13.0sp1/nios2eds/bin/gnu/h-i686-mingw32/bin/../lib/gcc/nios2-elf/4.1.2/../../../../nios2-elf/lib/mno-hw-mul\libsmallc.a(lib_a-strlen.o)
 .debug_info    0x000018a6      0x9b6 c:/altera/13.0sp1/nios2eds/bin/gnu/h-i686-mingw32/bin/../lib/gcc/nios2-elf/4.1.2/../../../../nios2-elf/lib/mno-hw-mul\libsmallc.a(lib_a-vfprintf.o)
 .debug_info    0x0000225c      0x68e c:/altera/13.0sp1/nios2eds/bin/gnu/h-i686-mingw32/bin/../lib/gcc/nios2-elf/4.1.2/../../../../nios2-elf/lib/mno-hw-mul\libsmallc.a(lib_a-fvwrite_small_dev.o)
 .debug_info    0x000028ea      0x636 c:/altera/13.0sp1/nios2eds/bin/gnu/h-i686-mingw32/bin/../lib/gcc/nios2-elf/4.1.2/../../../../nios2-elf/lib/mno-hw-mul\libsmallc.a(lib_a-impure.o)
 .debug_info    0x00002f20      0x6b8 c:/altera/13.0sp1/nios2eds/bin/gnu/h-i686-mingw32/bin/../lib/gcc/nios2-elf/4.1.2/../../../../nios2-elf/lib/mno-hw-mul\libsmallc.a(lib_a-putc.o)
 .debug_info    0x000035d8      0x68c c:/altera/13.0sp1/nios2eds/bin/gnu/h-i686-mingw32/bin/../lib/gcc/nios2-elf/4.1.2/../../../../nios2-elf/lib/mno-hw-mul\libsmallc.a(lib_a-writer.o)
 .debug_info    0x00003c64       0x8c c:/altera/13.0sp1/nios2eds/bin/gnu/h-i686-mingw32/bin/../lib/gcc/nios2-elf/4.1.2/../../../../nios2-elf/lib/mno-hw-mul\libsmallc.a(lib_a-int_errno.o)
 .debug_info    0x00003cf0      0x21c c:/altera/13.0sp1/nios2eds/bin/gnu/h-i686-mingw32/bin/../lib/gcc/nios2-elf/4.1.2/mno-hw-mul\libgcc.a(lib2-divmod.o)
 .debug_info    0x00003f0c      0x1a1 ../Hello_bsp/\libhal_bsp.a(alt_load.o)
 .debug_info    0x000040ad      0x137 ../Hello_bsp/\libhal_bsp.a(alt_main.o)
 .debug_info    0x000041e4      0x52c ../Hello_bsp/\libhal_bsp.a(alt_write.o)
 .debug_info    0x00004710      0x3ed ../Hello_bsp/\libhal_bsp.a(alt_sys_init.o)
 .debug_info    0x00004afd      0x3d8 ../Hello_bsp/\libhal_bsp.a(altera_avalon_jtag_uart_fd.o)
 .debug_info    0x00004ed5      0x1ac ../Hello_bsp/\libhal_bsp.a(altera_avalon_jtag_uart_read.o)
 .debug_info    0x00005081      0x18f ../Hello_bsp/\libhal_bsp.a(altera_avalon_jtag_uart_write.o)
 .debug_info    0x00005210      0x225 ../Hello_bsp/\libhal_bsp.a(altera_avalon_timer_sc.o)
 .debug_info    0x00005435      0x364 ../Hello_bsp/\libhal_bsp.a(alt_close.o)
 .debug_info    0x00005799       0x8d ../Hello_bsp/\libhal_bsp.a(alt_dcache_flush_all.o)
 .debug_info    0x00005826      0x4dd ../Hello_bsp/\libhal_bsp.a(alt_dev.o)
 .debug_info    0x00005d03      0x1b7 ../Hello_bsp/\libhal_bsp.a(alt_dev_llist_insert.o)
 .debug_info    0x00005eba       0xab ../Hello_bsp/\libhal_bsp.a(alt_errno.o)
 .debug_info    0x00005f65       0x8d ../Hello_bsp/\libhal_bsp.a(alt_icache_flush_all.o)
 .debug_info    0x00005ff2      0x343 ../Hello_bsp/\libhal_bsp.a(alt_iic.o)
 .debug_info    0x00006335      0x1f6 ../Hello_bsp/\libhal_bsp.a(alt_iic_isr_register.o)
 .debug_info    0x0000652b      0x4f6 ../Hello_bsp/\libhal_bsp.a(alt_io_redirect.o)
 .debug_info    0x00006a21       0x5a ../Hello_bsp/\libhal_bsp.a(alt_irq_entry.o)
 .debug_info    0x00006a7b      0x16b ../Hello_bsp/\libhal_bsp.a(alt_irq_handler.o)
 .debug_info    0x00006be6       0x92 ../Hello_bsp/\libhal_bsp.a(alt_irq_vars.o)
 .debug_info    0x00006c78      0x40c ../Hello_bsp/\libhal_bsp.a(alt_open.o)
 .debug_info    0x00007084      0x2dd ../Hello_bsp/\libhal_bsp.a(alt_release_fd.o)
 .debug_info    0x00007361      0x2a1 ../Hello_bsp/\libhal_bsp.a(alt_tick.o)
 .debug_info    0x00007602       0x8d ../Hello_bsp/\libhal_bsp.a(altera_nios2_qsys_irq.o)
 .debug_info    0x0000768f       0x60 ../Hello_bsp/\libhal_bsp.a(alt_exception_entry.o)
 .debug_info    0x000076ef      0x310 ../Hello_bsp/\libhal_bsp.a(alt_find_dev.o)
 .debug_info    0x000079ff      0x30e ../Hello_bsp/\libhal_bsp.a(alt_find_file.o)
 .debug_info    0x00007d0d      0x337 ../Hello_bsp/\libhal_bsp.a(alt_get_fd.o)
 .debug_info    0x00008044       0x9f c:/altera/13.0sp1/nios2eds/bin/gnu/h-i686-mingw32/bin/../lib/gcc/nios2-elf/4.1.2/../../../../nios2-elf/lib/mno-hw-mul\libsmallc.a(lib_a-exit.o)
 .debug_info    0x000080e3       0xef c:/altera/13.0sp1/nios2eds/bin/gnu/h-i686-mingw32/bin/../lib/gcc/nios2-elf/4.1.2/../../../../nios2-elf/lib/mno-hw-mul\libsmallc.a(lib_a-memcmp.o)
 .debug_info    0x000081d2      0x6d5 c:/altera/13.0sp1/nios2eds/bin/gnu/h-i686-mingw32/bin/../lib/gcc/nios2-elf/4.1.2/../../../../nios2-elf/lib/mno-hw-mul\libsmallc.a(lib_a-__call_atexit.o)
 .debug_info    0x000088a7       0xe2 ../Hello_bsp/\libhal_bsp.a(alt_exit.o)

.debug_abbrev   0x00000000     0x2a86
 *(.debug_abbrev)
 .debug_abbrev  0x00000000       0x12 ../Hello_bsp//obj/HAL/src/crt0.o
 .debug_abbrev  0x00000012       0xc4 obj/default/hello_world.o
 .debug_abbrev  0x000000d6       0x7b c:/altera/13.0sp1/nios2eds/bin/gnu/h-i686-mingw32/bin/../lib/gcc/nios2-elf/4.1.2/mno-hw-mul\libgcc.a(lib2-mul.o)
 .debug_abbrev  0x00000151      0x179 c:/altera/13.0sp1/nios2eds/bin/gnu/h-i686-mingw32/bin/../lib/gcc/nios2-elf/4.1.2/../../../../nios2-elf/lib/mno-hw-mul\libsmallc.a(lib_a-printf.o)
 .debug_abbrev  0x000002ca      0x158 c:/altera/13.0sp1/nios2eds/bin/gnu/h-i686-mingw32/bin/../lib/gcc/nios2-elf/4.1.2/../../../../nios2-elf/lib/mno-hw-mul\libsmallc.a(lib_a-putchar.o)
 .debug_abbrev  0x00000422      0x180 c:/altera/13.0sp1/nios2eds/bin/gnu/h-i686-mingw32/bin/../lib/gcc/nios2-elf/4.1.2/../../../../nios2-elf/lib/mno-hw-mul\libsmallc.a(lib_a-puts.o)
 .debug_abbrev  0x000005a2       0x7a c:/altera/13.0sp1/nios2eds/bin/gnu/h-i686-mingw32/bin/../lib/gcc/nios2-elf/4.1.2/../../../../nios2-elf/lib/mno-hw-mul\libsmallc.a(lib_a-strlen.o)
 .debug_abbrev  0x0000061c      0x263 c:/altera/13.0sp1/nios2eds/bin/gnu/h-i686-mingw32/bin/../lib/gcc/nios2-elf/4.1.2/../../../../nios2-elf/lib/mno-hw-mul\libsmallc.a(lib_a-vfprintf.o)
 .debug_abbrev  0x0000087f      0x179 c:/altera/13.0sp1/nios2eds/bin/gnu/h-i686-mingw32/bin/../lib/gcc/nios2-elf/4.1.2/../../../../nios2-elf/lib/mno-hw-mul\libsmallc.a(lib_a-fvwrite_small_dev.o)
 .debug_abbrev  0x000009f8      0x13f c:/altera/13.0sp1/nios2eds/bin/gnu/h-i686-mingw32/bin/../lib/gcc/nios2-elf/4.1.2/../../../../nios2-elf/lib/mno-hw-mul\libsmallc.a(lib_a-impure.o)
 .debug_abbrev  0x00000b37      0x167 c:/altera/13.0sp1/nios2eds/bin/gnu/h-i686-mingw32/bin/../lib/gcc/nios2-elf/4.1.2/../../../../nios2-elf/lib/mno-hw-mul\libsmallc.a(lib_a-putc.o)
 .debug_abbrev  0x00000c9e      0x16c c:/altera/13.0sp1/nios2eds/bin/gnu/h-i686-mingw32/bin/../lib/gcc/nios2-elf/4.1.2/../../../../nios2-elf/lib/mno-hw-mul\libsmallc.a(lib_a-writer.o)
 .debug_abbrev  0x00000e0a       0x3b c:/altera/13.0sp1/nios2eds/bin/gnu/h-i686-mingw32/bin/../lib/gcc/nios2-elf/4.1.2/../../../../nios2-elf/lib/mno-hw-mul\libsmallc.a(lib_a-int_errno.o)
 .debug_abbrev  0x00000e45       0xe0 c:/altera/13.0sp1/nios2eds/bin/gnu/h-i686-mingw32/bin/../lib/gcc/nios2-elf/4.1.2/mno-hw-mul\libgcc.a(lib2-divmod.o)
 .debug_abbrev  0x00000f25       0xb6 ../Hello_bsp/\libhal_bsp.a(alt_load.o)
 .debug_abbrev  0x00000fdb       0xb7 ../Hello_bsp/\libhal_bsp.a(alt_main.o)
 .debug_abbrev  0x00001092      0x138 ../Hello_bsp/\libhal_bsp.a(alt_write.o)
 .debug_abbrev  0x000011ca      0x13a ../Hello_bsp/\libhal_bsp.a(alt_sys_init.o)
 .debug_abbrev  0x00001304       0xf2 ../Hello_bsp/\libhal_bsp.a(altera_avalon_jtag_uart_fd.o)
 .debug_abbrev  0x000013f6       0xf0 ../Hello_bsp/\libhal_bsp.a(altera_avalon_jtag_uart_read.o)
 .debug_abbrev  0x000014e6       0xf0 ../Hello_bsp/\libhal_bsp.a(altera_avalon_jtag_uart_write.o)
 .debug_abbrev  0x000015d6      0x14b ../Hello_bsp/\libhal_bsp.a(altera_avalon_timer_sc.o)
 .debug_abbrev  0x00001721      0x124 ../Hello_bsp/\libhal_bsp.a(alt_close.o)
 .debug_abbrev  0x00001845       0x3f ../Hello_bsp/\libhal_bsp.a(alt_dcache_flush_all.o)
 .debug_abbrev  0x00001884       0xd6 ../Hello_bsp/\libhal_bsp.a(alt_dev.o)
 .debug_abbrev  0x0000195a      0x117 ../Hello_bsp/\libhal_bsp.a(alt_dev_llist_insert.o)
 .debug_abbrev  0x00001a71       0x5e ../Hello_bsp/\libhal_bsp.a(alt_errno.o)
 .debug_abbrev  0x00001acf       0x3f ../Hello_bsp/\libhal_bsp.a(alt_icache_flush_all.o)
 .debug_abbrev  0x00001b0e      0x179 ../Hello_bsp/\libhal_bsp.a(alt_iic.o)
 .debug_abbrev  0x00001c87      0x171 ../Hello_bsp/\libhal_bsp.a(alt_iic_isr_register.o)
 .debug_abbrev  0x00001df8      0x10e ../Hello_bsp/\libhal_bsp.a(alt_io_redirect.o)
 .debug_abbrev  0x00001f06       0x12 ../Hello_bsp/\libhal_bsp.a(alt_irq_entry.o)
 .debug_abbrev  0x00001f18      0x117 ../Hello_bsp/\libhal_bsp.a(alt_irq_handler.o)
 .debug_abbrev  0x0000202f       0x44 ../Hello_bsp/\libhal_bsp.a(alt_irq_vars.o)
 .debug_abbrev  0x00002073      0x177 ../Hello_bsp/\libhal_bsp.a(alt_open.o)
 .debug_abbrev  0x000021ea       0xdb ../Hello_bsp/\libhal_bsp.a(alt_release_fd.o)
 .debug_abbrev  0x000022c5      0x15f ../Hello_bsp/\libhal_bsp.a(alt_tick.o)
 .debug_abbrev  0x00002424       0x3f ../Hello_bsp/\libhal_bsp.a(altera_nios2_qsys_irq.o)
 .debug_abbrev  0x00002463       0x12 ../Hello_bsp/\libhal_bsp.a(alt_exception_entry.o)
 .debug_abbrev  0x00002475       0xed ../Hello_bsp/\libhal_bsp.a(alt_find_dev.o)
 .debug_abbrev  0x00002562       0xed ../Hello_bsp/\libhal_bsp.a(alt_find_file.o)
 .debug_abbrev  0x0000264f      0x108 ../Hello_bsp/\libhal_bsp.a(alt_get_fd.o)
 .debug_abbrev  0x00002757       0x4e c:/altera/13.0sp1/nios2eds/bin/gnu/h-i686-mingw32/bin/../lib/gcc/nios2-elf/4.1.2/../../../../nios2-elf/lib/mno-hw-mul\libsmallc.a(lib_a-exit.o)
 .debug_abbrev  0x000027a5       0x7c c:/altera/13.0sp1/nios2eds/bin/gnu/h-i686-mingw32/bin/../lib/gcc/nios2-elf/4.1.2/../../../../nios2-elf/lib/mno-hw-mul\libsmallc.a(lib_a-memcmp.o)
 .debug_abbrev  0x00002821      0x1c6 c:/altera/13.0sp1/nios2eds/bin/gnu/h-i686-mingw32/bin/../lib/gcc/nios2-elf/4.1.2/../../../../nios2-elf/lib/mno-hw-mul\libsmallc.a(lib_a-__call_atexit.o)
 .debug_abbrev  0x000029e7       0x9f ../Hello_bsp/\libhal_bsp.a(alt_exit.o)

.debug_line     0x00000000     0x6968
 *(.debug_line)
 .debug_line    0x00000000       0x66 ../Hello_bsp//obj/HAL/src/crt0.o
 .debug_line    0x00000066      0x370 obj/default/hello_world.o
 .debug_line    0x000003d6      0x11a c:/altera/13.0sp1/nios2eds/bin/gnu/h-i686-mingw32/bin/../lib/gcc/nios2-elf/4.1.2/mno-hw-mul\libgcc.a(lib2-mul.o)
 .debug_line    0x000004f0      0x2be c:/altera/13.0sp1/nios2eds/bin/gnu/h-i686-mingw32/bin/../lib/gcc/nios2-elf/4.1.2/../../../../nios2-elf/lib/mno-hw-mul\libsmallc.a(lib_a-printf.o)
 .debug_line    0x000007ae      0x267 c:/altera/13.0sp1/nios2eds/bin/gnu/h-i686-mingw32/bin/../lib/gcc/nios2-elf/4.1.2/../../../../nios2-elf/lib/mno-hw-mul\libsmallc.a(lib_a-putchar.o)
 .debug_line    0x00000a15      0x2b2 c:/altera/13.0sp1/nios2eds/bin/gnu/h-i686-mingw32/bin/../lib/gcc/nios2-elf/4.1.2/../../../../nios2-elf/lib/mno-hw-mul\libsmallc.a(lib_a-puts.o)
 .debug_line    0x00000cc7      0x250 c:/altera/13.0sp1/nios2eds/bin/gnu/h-i686-mingw32/bin/../lib/gcc/nios2-elf/4.1.2/../../../../nios2-elf/lib/mno-hw-mul\libsmallc.a(lib_a-strlen.o)
 .debug_line    0x00000f17      0x666 c:/altera/13.0sp1/nios2eds/bin/gnu/h-i686-mingw32/bin/../lib/gcc/nios2-elf/4.1.2/../../../../nios2-elf/lib/mno-hw-mul\libsmallc.a(lib_a-vfprintf.o)
 .debug_line    0x0000157d      0x2a9 c:/altera/13.0sp1/nios2eds/bin/gnu/h-i686-mingw32/bin/../lib/gcc/nios2-elf/4.1.2/../../../../nios2-elf/lib/mno-hw-mul\libsmallc.a(lib_a-fvwrite_small_dev.o)
 .debug_line    0x00001826      0x230 c:/altera/13.0sp1/nios2eds/bin/gnu/h-i686-mingw32/bin/../lib/gcc/nios2-elf/4.1.2/../../../../nios2-elf/lib/mno-hw-mul\libsmallc.a(lib_a-impure.o)
 .debug_line    0x00001a56      0x2d2 c:/altera/13.0sp1/nios2eds/bin/gnu/h-i686-mingw32/bin/../lib/gcc/nios2-elf/4.1.2/../../../../nios2-elf/lib/mno-hw-mul\libsmallc.a(lib_a-putc.o)
 .debug_line    0x00001d28      0x29d c:/altera/13.0sp1/nios2eds/bin/gnu/h-i686-mingw32/bin/../lib/gcc/nios2-elf/4.1.2/../../../../nios2-elf/lib/mno-hw-mul\libsmallc.a(lib_a-writer.o)
 .debug_line    0x00001fc5      0x1e2 c:/altera/13.0sp1/nios2eds/bin/gnu/h-i686-mingw32/bin/../lib/gcc/nios2-elf/4.1.2/../../../../nios2-elf/lib/mno-hw-mul\libsmallc.a(lib_a-int_errno.o)
 .debug_line    0x000021a7      0x24f c:/altera/13.0sp1/nios2eds/bin/gnu/h-i686-mingw32/bin/../lib/gcc/nios2-elf/4.1.2/mno-hw-mul\libgcc.a(lib2-divmod.o)
 .debug_line    0x000023f6      0x273 ../Hello_bsp/\libhal_bsp.a(alt_load.o)
 .debug_line    0x00002669      0x2ba ../Hello_bsp/\libhal_bsp.a(alt_main.o)
 .debug_line    0x00002923      0x2bf ../Hello_bsp/\libhal_bsp.a(alt_write.o)
 .debug_line    0x00002be2      0x2b3 ../Hello_bsp/\libhal_bsp.a(alt_sys_init.o)
 .debug_line    0x00002e95      0x1c9 ../Hello_bsp/\libhal_bsp.a(altera_avalon_jtag_uart_fd.o)
 .debug_line    0x0000305e      0x333 ../Hello_bsp/\libhal_bsp.a(altera_avalon_jtag_uart_read.o)
 .debug_line    0x00003391      0x2fc ../Hello_bsp/\libhal_bsp.a(altera_avalon_jtag_uart_write.o)
 .debug_line    0x0000368d      0x29d ../Hello_bsp/\libhal_bsp.a(altera_avalon_timer_sc.o)
 .debug_line    0x0000392a      0x285 ../Hello_bsp/\libhal_bsp.a(alt_close.o)
 .debug_line    0x00003baf      0x1b5 ../Hello_bsp/\libhal_bsp.a(alt_dcache_flush_all.o)
 .debug_line    0x00003d64      0x24c ../Hello_bsp/\libhal_bsp.a(alt_dev.o)
 .debug_line    0x00003fb0      0x236 ../Hello_bsp/\libhal_bsp.a(alt_dev_llist_insert.o)
 .debug_line    0x000041e6      0x1aa ../Hello_bsp/\libhal_bsp.a(alt_errno.o)
 .debug_line    0x00004390      0x1b5 ../Hello_bsp/\libhal_bsp.a(alt_icache_flush_all.o)
 .debug_line    0x00004545      0x27f ../Hello_bsp/\libhal_bsp.a(alt_iic.o)
 .debug_line    0x000047c4      0x221 ../Hello_bsp/\libhal_bsp.a(alt_iic_isr_register.o)
 .debug_line    0x000049e5      0x2b4 ../Hello_bsp/\libhal_bsp.a(alt_io_redirect.o)
 .debug_line    0x00004c99       0x6b ../Hello_bsp/\libhal_bsp.a(alt_irq_entry.o)
 .debug_line    0x00004d04      0x227 ../Hello_bsp/\libhal_bsp.a(alt_irq_handler.o)
 .debug_line    0x00004f2b       0x72 ../Hello_bsp/\libhal_bsp.a(alt_irq_vars.o)
 .debug_line    0x00004f9d      0x2a6 ../Hello_bsp/\libhal_bsp.a(alt_open.o)
 .debug_line    0x00005243       0xed ../Hello_bsp/\libhal_bsp.a(alt_release_fd.o)
 .debug_line    0x00005330      0x2b2 ../Hello_bsp/\libhal_bsp.a(alt_tick.o)
 .debug_line    0x000055e2      0x1ce ../Hello_bsp/\libhal_bsp.a(altera_nios2_qsys_irq.o)
 .debug_line    0x000057b0       0xab ../Hello_bsp/\libhal_bsp.a(alt_exception_entry.o)
 .debug_line    0x0000585b      0x25b ../Hello_bsp/\libhal_bsp.a(alt_find_dev.o)
 .debug_line    0x00005ab6      0x26c ../Hello_bsp/\libhal_bsp.a(alt_find_file.o)
 .debug_line    0x00005d22      0x277 ../Hello_bsp/\libhal_bsp.a(alt_get_fd.o)
 .debug_line    0x00005f99      0x223 c:/altera/13.0sp1/nios2eds/bin/gnu/h-i686-mingw32/bin/../lib/gcc/nios2-elf/4.1.2/../../../../nios2-elf/lib/mno-hw-mul\libsmallc.a(lib_a-exit.o)
 .debug_line    0x000061bc      0x270 c:/altera/13.0sp1/nios2eds/bin/gnu/h-i686-mingw32/bin/../lib/gcc/nios2-elf/4.1.2/../../../../nios2-elf/lib/mno-hw-mul\libsmallc.a(lib_a-memcmp.o)
 .debug_line    0x0000642c      0x360 c:/altera/13.0sp1/nios2eds/bin/gnu/h-i686-mingw32/bin/../lib/gcc/nios2-elf/4.1.2/../../../../nios2-elf/lib/mno-hw-mul\libsmallc.a(lib_a-__call_atexit.o)
 .debug_line    0x0000678c      0x1dc ../Hello_bsp/\libhal_bsp.a(alt_exit.o)

.debug_frame    0x00000000      0x838
 *(.debug_frame)
 .debug_frame   0x00000000       0xa8 obj/default/hello_world.o
 .debug_frame   0x000000a8       0x20 c:/altera/13.0sp1/nios2eds/bin/gnu/h-i686-mingw32/bin/../lib/gcc/nios2-elf/4.1.2/mno-hw-mul\libgcc.a(lib2-mul.o)
 .debug_frame   0x000000c8       0x40 c:/altera/13.0sp1/nios2eds/bin/gnu/h-i686-mingw32/bin/../lib/gcc/nios2-elf/4.1.2/../../../../nios2-elf/lib/mno-hw-mul\libsmallc.a(lib_a-printf.o)
 .debug_frame   0x00000108       0x30 c:/altera/13.0sp1/nios2eds/bin/gnu/h-i686-mingw32/bin/../lib/gcc/nios2-elf/4.1.2/../../../../nios2-elf/lib/mno-hw-mul\libsmallc.a(lib_a-putchar.o)
 .debug_frame   0x00000138       0x3c c:/altera/13.0sp1/nios2eds/bin/gnu/h-i686-mingw32/bin/../lib/gcc/nios2-elf/4.1.2/../../../../nios2-elf/lib/mno-hw-mul\libsmallc.a(lib_a-puts.o)
 .debug_frame   0x00000174       0x20 c:/altera/13.0sp1/nios2eds/bin/gnu/h-i686-mingw32/bin/../lib/gcc/nios2-elf/4.1.2/../../../../nios2-elf/lib/mno-hw-mul\libsmallc.a(lib_a-strlen.o)
 .debug_frame   0x00000194       0x64 c:/altera/13.0sp1/nios2eds/bin/gnu/h-i686-mingw32/bin/../lib/gcc/nios2-elf/4.1.2/../../../../nios2-elf/lib/mno-hw-mul\libsmallc.a(lib_a-vfprintf.o)
 .debug_frame   0x000001f8       0x30 c:/altera/13.0sp1/nios2eds/bin/gnu/h-i686-mingw32/bin/../lib/gcc/nios2-elf/4.1.2/../../../../nios2-elf/lib/mno-hw-mul\libsmallc.a(lib_a-fvwrite_small_dev.o)
 .debug_frame   0x00000228       0x48 c:/altera/13.0sp1/nios2eds/bin/gnu/h-i686-mingw32/bin/../lib/gcc/nios2-elf/4.1.2/../../../../nios2-elf/lib/mno-hw-mul\libsmallc.a(lib_a-putc.o)
 .debug_frame   0x00000270       0x2c c:/altera/13.0sp1/nios2eds/bin/gnu/h-i686-mingw32/bin/../lib/gcc/nios2-elf/4.1.2/../../../../nios2-elf/lib/mno-hw-mul\libsmallc.a(lib_a-writer.o)
 .debug_frame   0x0000029c       0x70 c:/altera/13.0sp1/nios2eds/bin/gnu/h-i686-mingw32/bin/../lib/gcc/nios2-elf/4.1.2/mno-hw-mul\libgcc.a(lib2-divmod.o)
 .debug_frame   0x0000030c       0x28 ../Hello_bsp/\libhal_bsp.a(alt_load.o)
 .debug_frame   0x00000334       0x28 ../Hello_bsp/\libhal_bsp.a(alt_main.o)
 .debug_frame   0x0000035c       0x2c ../Hello_bsp/\libhal_bsp.a(alt_write.o)
 .debug_frame   0x00000388       0x40 ../Hello_bsp/\libhal_bsp.a(alt_sys_init.o)
 .debug_frame   0x000003c8       0x40 ../Hello_bsp/\libhal_bsp.a(altera_avalon_jtag_uart_fd.o)
 .debug_frame   0x00000408       0x20 ../Hello_bsp/\libhal_bsp.a(altera_avalon_jtag_uart_read.o)
 .debug_frame   0x00000428       0x20 ../Hello_bsp/\libhal_bsp.a(altera_avalon_jtag_uart_write.o)
 .debug_frame   0x00000448       0x40 ../Hello_bsp/\libhal_bsp.a(altera_avalon_timer_sc.o)
 .debug_frame   0x00000488       0x2c ../Hello_bsp/\libhal_bsp.a(alt_close.o)
 .debug_frame   0x000004b4       0x20 ../Hello_bsp/\libhal_bsp.a(alt_dcache_flush_all.o)
 .debug_frame   0x000004d4       0x20 ../Hello_bsp/\libhal_bsp.a(alt_dev.o)
 .debug_frame   0x000004f4       0x28 ../Hello_bsp/\libhal_bsp.a(alt_dev_llist_insert.o)
 .debug_frame   0x0000051c       0x20 ../Hello_bsp/\libhal_bsp.a(alt_icache_flush_all.o)
 .debug_frame   0x0000053c       0x58 ../Hello_bsp/\libhal_bsp.a(alt_iic.o)
 .debug_frame   0x00000594       0x28 ../Hello_bsp/\libhal_bsp.a(alt_iic_isr_register.o)
 .debug_frame   0x000005bc       0x4c ../Hello_bsp/\libhal_bsp.a(alt_io_redirect.o)
 .debug_frame   0x00000608       0x28 ../Hello_bsp/\libhal_bsp.a(alt_irq_handler.o)
 .debug_frame   0x00000630       0x34 ../Hello_bsp/\libhal_bsp.a(alt_open.o)
 .debug_frame   0x00000664       0x2c ../Hello_bsp/\libhal_bsp.a(alt_release_fd.o)
 .debug_frame   0x00000690       0x3c ../Hello_bsp/\libhal_bsp.a(alt_tick.o)
 .debug_frame   0x000006cc       0x20 ../Hello_bsp/\libhal_bsp.a(altera_nios2_qsys_irq.o)
 .debug_frame   0x000006ec       0x30 ../Hello_bsp/\libhal_bsp.a(alt_find_dev.o)
 .debug_frame   0x0000071c       0x34 ../Hello_bsp/\libhal_bsp.a(alt_find_file.o)
 .debug_frame   0x00000750       0x30 ../Hello_bsp/\libhal_bsp.a(alt_get_fd.o)
 .debug_frame   0x00000780       0x2c c:/altera/13.0sp1/nios2eds/bin/gnu/h-i686-mingw32/bin/../lib/gcc/nios2-elf/4.1.2/../../../../nios2-elf/lib/mno-hw-mul\libsmallc.a(lib_a-exit.o)
 .debug_frame   0x000007ac       0x20 c:/altera/13.0sp1/nios2eds/bin/gnu/h-i686-mingw32/bin/../lib/gcc/nios2-elf/4.1.2/../../../../nios2-elf/lib/mno-hw-mul\libsmallc.a(lib_a-memcmp.o)
 .debug_frame   0x000007cc       0x4c c:/altera/13.0sp1/nios2eds/bin/gnu/h-i686-mingw32/bin/../lib/gcc/nios2-elf/4.1.2/../../../../nios2-elf/lib/mno-hw-mul\libsmallc.a(lib_a-__call_atexit.o)
 .debug_frame   0x00000818       0x20 ../Hello_bsp/\libhal_bsp.a(alt_exit.o)

.debug_str      0x00000000     0x1680
 *(.debug_str)
 .debug_str     0x00000000       0x12 obj/default/hello_world.o
 .debug_str     0x00000012      0x128 c:/altera/13.0sp1/nios2eds/bin/gnu/h-i686-mingw32/bin/../lib/gcc/nios2-elf/4.1.2/mno-hw-mul\libgcc.a(lib2-mul.o)
                                0x175 (size before relaxing)
 .debug_str     0x0000013a      0x39c c:/altera/13.0sp1/nios2eds/bin/gnu/h-i686-mingw32/bin/../lib/gcc/nios2-elf/4.1.2/../../../../nios2-elf/lib/mno-hw-mul\libsmallc.a(lib_a-printf.o)
                                0x466 (size before relaxing)
 .debug_str     0x000004d6       0x51 c:/altera/13.0sp1/nios2eds/bin/gnu/h-i686-mingw32/bin/../lib/gcc/nios2-elf/4.1.2/../../../../nios2-elf/lib/mno-hw-mul\libsmallc.a(lib_a-putchar.o)
                                0x452 (size before relaxing)
 .debug_str     0x00000527       0x48 c:/altera/13.0sp1/nios2eds/bin/gnu/h-i686-mingw32/bin/../lib/gcc/nios2-elf/4.1.2/../../../../nios2-elf/lib/mno-hw-mul\libsmallc.a(lib_a-puts.o)
                                0x450 (size before relaxing)
 .debug_str     0x0000056f       0xe2 c:/altera/13.0sp1/nios2eds/bin/gnu/h-i686-mingw32/bin/../lib/gcc/nios2-elf/4.1.2/../../../../nios2-elf/lib/mno-hw-mul\libsmallc.a(lib_a-strlen.o)
                                0x184 (size before relaxing)
 .debug_str     0x00000651      0x162 c:/altera/13.0sp1/nios2eds/bin/gnu/h-i686-mingw32/bin/../lib/gcc/nios2-elf/4.1.2/../../../../nios2-elf/lib/mno-hw-mul\libsmallc.a(lib_a-vfprintf.o)
                                0x5af (size before relaxing)
 .debug_str     0x000007b3       0x70 c:/altera/13.0sp1/nios2eds/bin/gnu/h-i686-mingw32/bin/../lib/gcc/nios2-elf/4.1.2/../../../../nios2-elf/lib/mno-hw-mul\libsmallc.a(lib_a-fvwrite_small_dev.o)
                                0x46a (size before relaxing)
 .debug_str     0x00000823       0xf8 c:/altera/13.0sp1/nios2eds/bin/gnu/h-i686-mingw32/bin/../lib/gcc/nios2-elf/4.1.2/../../../../nios2-elf/lib/mno-hw-mul\libsmallc.a(lib_a-impure.o)
                                0x45d (size before relaxing)
 .debug_str     0x0000091b       0x4f c:/altera/13.0sp1/nios2eds/bin/gnu/h-i686-mingw32/bin/../lib/gcc/nios2-elf/4.1.2/../../../../nios2-elf/lib/mno-hw-mul\libsmallc.a(lib_a-putc.o)
                                0x455 (size before relaxing)
 .debug_str     0x0000096a       0x4f c:/altera/13.0sp1/nios2eds/bin/gnu/h-i686-mingw32/bin/../lib/gcc/nios2-elf/4.1.2/../../../../nios2-elf/lib/mno-hw-mul\libsmallc.a(lib_a-writer.o)
                                0x451 (size before relaxing)
 .debug_str     0x000009b9       0x40 c:/altera/13.0sp1/nios2eds/bin/gnu/h-i686-mingw32/bin/../lib/gcc/nios2-elf/4.1.2/../../../../nios2-elf/lib/mno-hw-mul\libsmallc.a(lib_a-int_errno.o)
                                0x177 (size before relaxing)
 .debug_str     0x000009f9       0x76 c:/altera/13.0sp1/nios2eds/bin/gnu/h-i686-mingw32/bin/../lib/gcc/nios2-elf/4.1.2/mno-hw-mul\libgcc.a(lib2-divmod.o)
                                0x1b4 (size before relaxing)
 .debug_str     0x00000a6f      0x111 ../Hello_bsp/\libhal_bsp.a(alt_load.o)
                                0x1a6 (size before relaxing)
 .debug_str     0x00000b80       0x70 ../Hello_bsp/\libhal_bsp.a(alt_main.o)
                                0x131 (size before relaxing)
 .debug_str     0x00000bf0      0x166 ../Hello_bsp/\libhal_bsp.a(alt_write.o)
                                0x28c (size before relaxing)
 .debug_str     0x00000d56      0x12a ../Hello_bsp/\libhal_bsp.a(alt_sys_init.o)
                                0x292 (size before relaxing)
 .debug_str     0x00000e80       0x77 ../Hello_bsp/\libhal_bsp.a(altera_avalon_jtag_uart_fd.o)
                                0x272 (size before relaxing)
 .debug_str     0x00000ef7       0x48 ../Hello_bsp/\libhal_bsp.a(altera_avalon_jtag_uart_read.o)
                                0x1ac (size before relaxing)
 .debug_str     0x00000f3f       0x4a ../Hello_bsp/\libhal_bsp.a(altera_avalon_jtag_uart_write.o)
                                0x1a2 (size before relaxing)
 .debug_str     0x00000f89       0xb6 ../Hello_bsp/\libhal_bsp.a(altera_avalon_timer_sc.o)
                                0x1d8 (size before relaxing)
 .debug_str     0x0000103f       0x1b ../Hello_bsp/\libhal_bsp.a(alt_close.o)
                                0x19f (size before relaxing)
 .debug_str     0x0000105a       0x34 ../Hello_bsp/\libhal_bsp.a(alt_dcache_flush_all.o)
                                 0xe9 (size before relaxing)
 .debug_str     0x0000108e       0x50 ../Hello_bsp/\libhal_bsp.a(alt_dev.o)
                                0x299 (size before relaxing)
 .debug_str     0x000010de       0x59 ../Hello_bsp/\libhal_bsp.a(alt_dev_llist_insert.o)
                                0x160 (size before relaxing)
 .debug_str     0x00001137       0x14 ../Hello_bsp/\libhal_bsp.a(alt_errno.o)
                                 0xd9 (size before relaxing)
 .debug_str     0x0000114b       0x34 ../Hello_bsp/\libhal_bsp.a(alt_icache_flush_all.o)
                                 0xe9 (size before relaxing)
 .debug_str     0x0000117f       0xc4 ../Hello_bsp/\libhal_bsp.a(alt_iic.o)
                                0x1d2 (size before relaxing)
 .debug_str     0x00001243       0x4c ../Hello_bsp/\libhal_bsp.a(alt_iic_isr_register.o)
                                0x17c (size before relaxing)
 .debug_str     0x0000128f       0x56 ../Hello_bsp/\libhal_bsp.a(alt_io_redirect.o)
                                0x2aa (size before relaxing)
 .debug_str     0x000012e5       0x3a ../Hello_bsp/\libhal_bsp.a(alt_irq_handler.o)
                                0x12b (size before relaxing)
 .debug_str     0x0000131f       0x17 ../Hello_bsp/\libhal_bsp.a(alt_irq_vars.o)
                                 0xe3 (size before relaxing)
 .debug_str     0x00001336       0x2f ../Hello_bsp/\libhal_bsp.a(alt_open.o)
                                0x1df (size before relaxing)
 .debug_str     0x00001365       0x28 ../Hello_bsp/\libhal_bsp.a(alt_release_fd.o)
                                0x17c (size before relaxing)
 .debug_str     0x0000138d       0x78 ../Hello_bsp/\libhal_bsp.a(alt_tick.o)
                                0x1e6 (size before relaxing)
 .debug_str     0x00001405       0x3b ../Hello_bsp/\libhal_bsp.a(altera_nios2_qsys_irq.o)
                                 0xf0 (size before relaxing)
 .debug_str     0x00001440       0x24 ../Hello_bsp/\libhal_bsp.a(alt_find_dev.o)
                                0x180 (size before relaxing)
 .debug_str     0x00001464       0x26 ../Hello_bsp/\libhal_bsp.a(alt_find_file.o)
                                0x18e (size before relaxing)
 .debug_str     0x0000148a       0x30 ../Hello_bsp/\libhal_bsp.a(alt_get_fd.o)
                                0x1b0 (size before relaxing)
 .debug_str     0x000014ba       0xd9 c:/altera/13.0sp1/nios2eds/bin/gnu/h-i686-mingw32/bin/../lib/gcc/nios2-elf/4.1.2/../../../../nios2-elf/lib/mno-hw-mul\libsmallc.a(lib_a-exit.o)
                                0x178 (size before relaxing)
 .debug_str     0x00001593       0x45 c:/altera/13.0sp1/nios2eds/bin/gnu/h-i686-mingw32/bin/../lib/gcc/nios2-elf/4.1.2/../../../../nios2-elf/lib/mno-hw-mul\libsmallc.a(lib_a-memcmp.o)
                                0x17e (size before relaxing)
 .debug_str     0x000015d8       0x7e c:/altera/13.0sp1/nios2eds/bin/gnu/h-i686-mingw32/bin/../lib/gcc/nios2-elf/4.1.2/../../../../nios2-elf/lib/mno-hw-mul\libsmallc.a(lib_a-__call_atexit.o)
                                0x491 (size before relaxing)
 .debug_str     0x00001656       0x2a ../Hello_bsp/\libhal_bsp.a(alt_exit.o)
                                 0xe5 (size before relaxing)

.debug_loc      0x00000000     0x1f32
 *(.debug_loc)
 .debug_loc     0x00000000       0xd7 obj/default/hello_world.o
 .debug_loc     0x000000d7       0x4f c:/altera/13.0sp1/nios2eds/bin/gnu/h-i686-mingw32/bin/../lib/gcc/nios2-elf/4.1.2/mno-hw-mul\libgcc.a(lib2-mul.o)
 .debug_loc     0x00000126       0x8d c:/altera/13.0sp1/nios2eds/bin/gnu/h-i686-mingw32/bin/../lib/gcc/nios2-elf/4.1.2/../../../../nios2-elf/lib/mno-hw-mul\libsmallc.a(lib_a-printf.o)
 .debug_loc     0x000001b3       0x44 c:/altera/13.0sp1/nios2eds/bin/gnu/h-i686-mingw32/bin/../lib/gcc/nios2-elf/4.1.2/../../../../nios2-elf/lib/mno-hw-mul\libsmallc.a(lib_a-putchar.o)
 .debug_loc     0x000001f7       0xa2 c:/altera/13.0sp1/nios2eds/bin/gnu/h-i686-mingw32/bin/../lib/gcc/nios2-elf/4.1.2/../../../../nios2-elf/lib/mno-hw-mul\libsmallc.a(lib_a-puts.o)
 .debug_loc     0x00000299       0x1e c:/altera/13.0sp1/nios2eds/bin/gnu/h-i686-mingw32/bin/../lib/gcc/nios2-elf/4.1.2/../../../../nios2-elf/lib/mno-hw-mul\libsmallc.a(lib_a-strlen.o)
 .debug_loc     0x000002b7      0x878 c:/altera/13.0sp1/nios2eds/bin/gnu/h-i686-mingw32/bin/../lib/gcc/nios2-elf/4.1.2/../../../../nios2-elf/lib/mno-hw-mul\libsmallc.a(lib_a-vfprintf.o)
 .debug_loc     0x00000b2f      0x162 c:/altera/13.0sp1/nios2eds/bin/gnu/h-i686-mingw32/bin/../lib/gcc/nios2-elf/4.1.2/../../../../nios2-elf/lib/mno-hw-mul\libsmallc.a(lib_a-fvwrite_small_dev.o)
 .debug_loc     0x00000c91       0xd4 c:/altera/13.0sp1/nios2eds/bin/gnu/h-i686-mingw32/bin/../lib/gcc/nios2-elf/4.1.2/../../../../nios2-elf/lib/mno-hw-mul\libsmallc.a(lib_a-putc.o)
 .debug_loc     0x00000d65       0x97 c:/altera/13.0sp1/nios2eds/bin/gnu/h-i686-mingw32/bin/../lib/gcc/nios2-elf/4.1.2/../../../../nios2-elf/lib/mno-hw-mul\libsmallc.a(lib_a-writer.o)
 .debug_loc     0x00000dfc      0x1d2 c:/altera/13.0sp1/nios2eds/bin/gnu/h-i686-mingw32/bin/../lib/gcc/nios2-elf/4.1.2/mno-hw-mul\libgcc.a(lib2-divmod.o)
 .debug_loc     0x00000fce       0xeb ../Hello_bsp/\libhal_bsp.a(alt_load.o)
 .debug_loc     0x000010b9       0x1f ../Hello_bsp/\libhal_bsp.a(alt_main.o)
 .debug_loc     0x000010d8      0x123 ../Hello_bsp/\libhal_bsp.a(alt_write.o)
 .debug_loc     0x000011fb       0x51 ../Hello_bsp/\libhal_bsp.a(alt_sys_init.o)
 .debug_loc     0x0000124c       0xc6 ../Hello_bsp/\libhal_bsp.a(altera_avalon_jtag_uart_fd.o)
 .debug_loc     0x00001312       0x31 ../Hello_bsp/\libhal_bsp.a(altera_avalon_jtag_uart_read.o)
 .debug_loc     0x00001343       0x26 ../Hello_bsp/\libhal_bsp.a(altera_avalon_jtag_uart_write.o)
 .debug_loc     0x00001369       0xd1 ../Hello_bsp/\libhal_bsp.a(altera_avalon_timer_sc.o)
 .debug_loc     0x0000143a       0x9a ../Hello_bsp/\libhal_bsp.a(alt_close.o)
 .debug_loc     0x000014d4       0x5b ../Hello_bsp/\libhal_bsp.a(alt_dev_llist_insert.o)
 .debug_loc     0x0000152f       0x91 ../Hello_bsp/\libhal_bsp.a(alt_iic.o)
 .debug_loc     0x000015c0      0x107 ../Hello_bsp/\libhal_bsp.a(alt_iic_isr_register.o)
 .debug_loc     0x000016c7      0x139 ../Hello_bsp/\libhal_bsp.a(alt_io_redirect.o)
 .debug_loc     0x00001800       0x79 ../Hello_bsp/\libhal_bsp.a(alt_irq_handler.o)
 .debug_loc     0x00001879      0x1fe ../Hello_bsp/\libhal_bsp.a(alt_open.o)
 .debug_loc     0x00001a77       0x48 ../Hello_bsp/\libhal_bsp.a(alt_release_fd.o)
 .debug_loc     0x00001abf       0x66 ../Hello_bsp/\libhal_bsp.a(alt_tick.o)
 .debug_loc     0x00001b25       0x81 ../Hello_bsp/\libhal_bsp.a(alt_find_dev.o)
 .debug_loc     0x00001ba6       0x84 ../Hello_bsp/\libhal_bsp.a(alt_find_file.o)
 .debug_loc     0x00001c2a       0x9a ../Hello_bsp/\libhal_bsp.a(alt_get_fd.o)
 .debug_loc     0x00001cc4       0x3d c:/altera/13.0sp1/nios2eds/bin/gnu/h-i686-mingw32/bin/../lib/gcc/nios2-elf/4.1.2/../../../../nios2-elf/lib/mno-hw-mul\libsmallc.a(lib_a-exit.o)
 .debug_loc     0x00001d01       0x70 c:/altera/13.0sp1/nios2eds/bin/gnu/h-i686-mingw32/bin/../lib/gcc/nios2-elf/4.1.2/../../../../nios2-elf/lib/mno-hw-mul\libsmallc.a(lib_a-memcmp.o)
 .debug_loc     0x00001d71      0x1c1 c:/altera/13.0sp1/nios2eds/bin/gnu/h-i686-mingw32/bin/../lib/gcc/nios2-elf/4.1.2/../../../../nios2-elf/lib/mno-hw-mul\libsmallc.a(lib_a-__call_atexit.o)

.debug_macinfo
 *(.debug_macinfo)

.debug_weaknames
 *(.debug_weaknames)

.debug_funcnames
 *(.debug_funcnames)

.debug_typenames
 *(.debug_typenames)

.debug_varnames
 *(.debug_varnames)

.debug_alt_sim_info
                0x00000000       0x10
 *(.debug_alt_sim_info)
 .debug_alt_sim_info
                0x00000000       0x10 ../Hello_bsp//obj/HAL/src/crt0.o
                0x00008000                __alt_data_end = 0x8000
                0x00008000                PROVIDE (__alt_stack_pointer, __alt_data_end)
                0x00006af0                PROVIDE (__alt_stack_limit, __alt_stack_base)
                0x00006af0                PROVIDE (__alt_heap_start, end)
                0x00008000                PROVIDE (__alt_heap_limit, 0x8000)
OUTPUT(Hello.elf elf32-littlenios2)

.debug_ranges   0x00000000      0x260
 .debug_ranges  0x00000000       0x20 ../Hello_bsp//obj/HAL/src/crt0.o
 .debug_ranges  0x00000020      0x140 c:/altera/13.0sp1/nios2eds/bin/gnu/h-i686-mingw32/bin/../lib/gcc/nios2-elf/4.1.2/../../../../nios2-elf/lib/mno-hw-mul\libsmallc.a(lib_a-vfprintf.o)
 .debug_ranges  0x00000160       0x48 ../Hello_bsp/\libhal_bsp.a(alt_load.o)
 .debug_ranges  0x000001a8       0x28 ../Hello_bsp/\libhal_bsp.a(alt_irq_entry.o)
 .debug_ranges  0x000001d0       0x18 ../Hello_bsp/\libhal_bsp.a(alt_irq_handler.o)
 .debug_ranges  0x000001e8       0x30 ../Hello_bsp/\libhal_bsp.a(alt_open.o)
 .debug_ranges  0x00000218       0x30 ../Hello_bsp/\libhal_bsp.a(alt_exception_entry.o)
 .debug_ranges  0x00000248       0x18 c:/altera/13.0sp1/nios2eds/bin/gnu/h-i686-mingw32/bin/../lib/gcc/nios2-elf/4.1.2/../../../../nios2-elf/lib/mno-hw-mul\libsmallc.a(lib_a-__call_atexit.o)
