Archive member included because of file (symbol)

c:/altera/13.0sp1/nios2eds/bin/gnu/h-i686-mingw32/bin/../lib/gcc/nios2-elf/4.1.2/mno-hw-mul\libgcc.a(lib2-mul.o)
                              obj/default/hello_world.o (__mulsi3)
c:/altera/13.0sp1/nios2eds/bin/gnu/h-i686-mingw32/bin/../lib/gcc/nios2-elf/4.1.2/../../../../nios2-elf/lib/mno-hw-mul\libsmallc.a(lib_a-printf.o)
                              obj/default/hello_world.o (printf)
c:/altera/13.0sp1/nios2eds/bin/gnu/h-i686-mingw32/bin/../lib/gcc/nios2-elf/4.1.2/../../../../nios2-elf/lib/mno-hw-mul\libsmallc.a(lib_a-puts.o)
                              obj/default/hello_world.o (puts)
c:/altera/13.0sp1/nios2eds/bin/gnu/h-i686-mingw32/bin/../lib/gcc/nios2-elf/4.1.2/../../../../nios2-elf/lib/mno-hw-mul\libsmallc.a(lib_a-strlen.o)
                              c:/altera/13.0sp1/nios2eds/bin/gnu/h-i686-mingw32/bin/../lib/gcc/nios2-elf/4.1.2/../../../../nios2-elf/lib/mno-hw-mul\libsmallc.a(lib_a-puts.o) (strlen)
c:/altera/13.0sp1/nios2eds/bin/gnu/h-i686-mingw32/bin/../lib/gcc/nios2-elf/4.1.2/../../../../nios2-elf/lib/mno-hw-mul\libsmallc.a(lib_a-vfprintf.o)
                              c:/altera/13.0sp1/nios2eds/bin/gnu/h-i686-mingw32/bin/../lib/gcc/nios2-elf/4.1.2/../../../../nios2-elf/lib/mno-hw-mul\libsmallc.a(lib_a-printf.o) (___vfprintf_internal_r)
c:/altera/13.0sp1/nios2eds/bin/gnu/h-i686-mingw32/bin/../lib/gcc/nios2-elf/4.1.2/../../../../nios2-elf/lib/mno-hw-mul\libsmallc.a(lib_a-fvwrite_small_dev.o)
                              c:/altera/13.0sp1/nios2eds/bin/gnu/h-i686-mingw32/bin/../lib/gcc/nios2-elf/4.1.2/../../../../nios2-elf/lib/mno-hw-mul\libsmallc.a(lib_a-printf.o) (__sfvwrite_small_dev)
c:/altera/13.0sp1/nios2eds/bin/gnu/h-i686-mingw32/bin/../lib/gcc/nios2-elf/4.1.2/../../../../nios2-elf/lib/mno-hw-mul\libsmallc.a(lib_a-impure.o)
                              c:/altera/13.0sp1/nios2eds/bin/gnu/h-i686-mingw32/bin/../lib/gcc/nios2-elf/4.1.2/../../../../nios2-elf/lib/mno-hw-mul\libsmallc.a(lib_a-printf.o) (_impure_ptr)
c:/altera/13.0sp1/nios2eds/bin/gnu/h-i686-mingw32/bin/../lib/gcc/nios2-elf/4.1.2/../../../../nios2-elf/lib/mno-hw-mul\libsmallc.a(lib_a-writer.o)
                              c:/altera/13.0sp1/nios2eds/bin/gnu/h-i686-mingw32/bin/../lib/gcc/nios2-elf/4.1.2/../../../../nios2-elf/lib/mno-hw-mul\libsmallc.a(lib_a-fvwrite_small_dev.o) (_write_r)
c:/altera/13.0sp1/nios2eds/bin/gnu/h-i686-mingw32/bin/../lib/gcc/nios2-elf/4.1.2/../../../../nios2-elf/lib/mno-hw-mul\libsmallc.a(lib_a-int_errno.o)
                              c:/altera/13.0sp1/nios2eds/bin/gnu/h-i686-mingw32/bin/../lib/gcc/nios2-elf/4.1.2/../../../../nios2-elf/lib/mno-hw-mul\libsmallc.a(lib_a-writer.o) (errno)
c:/altera/13.0sp1/nios2eds/bin/gnu/h-i686-mingw32/bin/../lib/gcc/nios2-elf/4.1.2/mno-hw-mul\libgcc.a(lib2-divmod.o)
                              c:/altera/13.0sp1/nios2eds/bin/gnu/h-i686-mingw32/bin/../lib/gcc/nios2-elf/4.1.2/../../../../nios2-elf/lib/mno-hw-mul\libsmallc.a(lib_a-vfprintf.o) (__udivsi3)
../Final_bsp/\libhal_bsp.a(alt_load.o)
                              ../Final_bsp//obj/HAL/src/crt0.o (alt_load)
../Final_bsp/\libhal_bsp.a(alt_main.o)
                              ../Final_bsp//obj/HAL/src/crt0.o (alt_main)
../Final_bsp/\libhal_bsp.a(alt_write.o)
                              c:/altera/13.0sp1/nios2eds/bin/gnu/h-i686-mingw32/bin/../lib/gcc/nios2-elf/4.1.2/../../../../nios2-elf/lib/mno-hw-mul\libsmallc.a(lib_a-writer.o) (write)
../Final_bsp/\libhal_bsp.a(alt_sys_init.o)
                              ../Final_bsp/\libhal_bsp.a(alt_main.o) (alt_irq_init)
../Final_bsp/\libhal_bsp.a(altera_avalon_jtag_uart_fd.o)
                              ../Final_bsp/\libhal_bsp.a(alt_sys_init.o) (altera_avalon_jtag_uart_read_fd)
../Final_bsp/\libhal_bsp.a(altera_avalon_jtag_uart_read.o)
                              ../Final_bsp/\libhal_bsp.a(altera_avalon_jtag_uart_fd.o) (altera_avalon_jtag_uart_read)
../Final_bsp/\libhal_bsp.a(altera_avalon_jtag_uart_write.o)
                              ../Final_bsp/\libhal_bsp.a(altera_avalon_jtag_uart_fd.o) (altera_avalon_jtag_uart_write)
../Final_bsp/\libhal_bsp.a(altera_avalon_timer_sc.o)
                              ../Final_bsp/\libhal_bsp.a(alt_sys_init.o) (alt_avalon_timer_sc_init)
../Final_bsp/\libhal_bsp.a(alt_close.o)
                              ../Final_bsp/\libhal_bsp.a(alt_main.o) (close)
../Final_bsp/\libhal_bsp.a(alt_dcache_flush_all.o)
                              ../Final_bsp/\libhal_bsp.a(alt_load.o) (alt_dcache_flush_all)
../Final_bsp/\libhal_bsp.a(alt_dev.o)
                              ../Final_bsp/\libhal_bsp.a(alt_sys_init.o) (alt_dev_list)
../Final_bsp/\libhal_bsp.a(alt_dev_llist_insert.o)
                              ../Final_bsp/\libhal_bsp.a(alt_sys_init.o) (alt_dev_llist_insert)
../Final_bsp/\libhal_bsp.a(alt_errno.o)
                              ../Final_bsp/\libhal_bsp.a(alt_write.o) (alt_errno)
../Final_bsp/\libhal_bsp.a(alt_icache_flush_all.o)
                              ../Final_bsp/\libhal_bsp.a(alt_load.o) (alt_icache_flush_all)
../Final_bsp/\libhal_bsp.a(alt_iic.o)
                              ../Final_bsp/\libhal_bsp.a(altera_avalon_timer_sc.o) (alt_ic_isr_register)
../Final_bsp/\libhal_bsp.a(alt_iic_isr_register.o)
                              ../Final_bsp/\libhal_bsp.a(alt_iic.o) (alt_iic_isr_register)
../Final_bsp/\libhal_bsp.a(alt_io_redirect.o)
                              ../Final_bsp/\libhal_bsp.a(alt_main.o) (alt_io_redirect)
../Final_bsp/\libhal_bsp.a(alt_irq_entry.o)
                              ../Final_bsp/\libhal_bsp.a(alt_iic_isr_register.o) (alt_irq_entry)
../Final_bsp/\libhal_bsp.a(alt_irq_handler.o)
                              ../Final_bsp/\libhal_bsp.a(alt_iic_isr_register.o) (alt_irq_handler)
../Final_bsp/\libhal_bsp.a(alt_irq_vars.o)
                              ../Final_bsp/\libhal_bsp.a(alt_iic.o) (alt_irq_active)
../Final_bsp/\libhal_bsp.a(alt_open.o)
                              ../Final_bsp/\libhal_bsp.a(alt_io_redirect.o) (open)
../Final_bsp/\libhal_bsp.a(alt_release_fd.o)
                              ../Final_bsp/\libhal_bsp.a(alt_close.o) (alt_release_fd)
../Final_bsp/\libhal_bsp.a(alt_tick.o)
                              ../Final_bsp/\libhal_bsp.a(altera_avalon_timer_sc.o) (_alt_tick_rate)
../Final_bsp/\libhal_bsp.a(altera_nios2_qsys_irq.o)
                              ../Final_bsp/\libhal_bsp.a(alt_sys_init.o) (altera_nios2_qsys_irq_init)
../Final_bsp/\libhal_bsp.a(alt_exception_entry.o)
                              ../Final_bsp/\libhal_bsp.a(alt_irq_entry.o) (alt_exception)
../Final_bsp/\libhal_bsp.a(alt_find_dev.o)
                              ../Final_bsp/\libhal_bsp.a(alt_open.o) (alt_find_dev)
../Final_bsp/\libhal_bsp.a(alt_find_file.o)
                              ../Final_bsp/\libhal_bsp.a(alt_open.o) (alt_find_file)
../Final_bsp/\libhal_bsp.a(alt_get_fd.o)
                              ../Final_bsp/\libhal_bsp.a(alt_open.o) (alt_get_fd)
c:/altera/13.0sp1/nios2eds/bin/gnu/h-i686-mingw32/bin/../lib/gcc/nios2-elf/4.1.2/../../../../nios2-elf/lib/mno-hw-mul\libsmallc.a(lib_a-exit.o)
                              ../Final_bsp/\libhal_bsp.a(alt_main.o) (exit)
c:/altera/13.0sp1/nios2eds/bin/gnu/h-i686-mingw32/bin/../lib/gcc/nios2-elf/4.1.2/../../../../nios2-elf/lib/mno-hw-mul\libsmallc.a(lib_a-memcmp.o)
                              ../Final_bsp/\libhal_bsp.a(alt_find_dev.o) (memcmp)
c:/altera/13.0sp1/nios2eds/bin/gnu/h-i686-mingw32/bin/../lib/gcc/nios2-elf/4.1.2/../../../../nios2-elf/lib/mno-hw-mul\libsmallc.a(lib_a-__call_atexit.o)
                              c:/altera/13.0sp1/nios2eds/bin/gnu/h-i686-mingw32/bin/../lib/gcc/nios2-elf/4.1.2/../../../../nios2-elf/lib/mno-hw-mul\libsmallc.a(lib_a-exit.o) (__call_exitprocs)
../Final_bsp/\libhal_bsp.a(alt_exit.o)
                              c:/altera/13.0sp1/nios2eds/bin/gnu/h-i686-mingw32/bin/../lib/gcc/nios2-elf/4.1.2/../../../../nios2-elf/lib/mno-hw-mul\libsmallc.a(lib_a-exit.o) (_exit)

Allocating common symbols
Common symbol       size              file

alt_irq             0x100             ../Final_bsp/\libhal_bsp.a(alt_irq_handler.o)
errno               0x4               c:/altera/13.0sp1/nios2eds/bin/gnu/h-i686-mingw32/bin/../lib/gcc/nios2-elf/4.1.2/../../../../nios2-elf/lib/mno-hw-mul\libsmallc.a(lib_a-int_errno.o)
delta_pj            0x28              obj/default/hello_world.o
In                  0x50              obj/default/hello_world.o
d_pk                0x50              obj/default/hello_world.o
delta_pk            0x4               obj/default/hello_world.o

Memory Configuration

Name             Origin             Length             Attributes
reset            0x00004000         0x00000020
RAM              0x00004020         0x00003fe0
*default*        0x00000000         0xffffffff

Linker script and memory map

LOAD ../Final_bsp//obj/HAL/src/crt0.o
LOAD obj/default/hello_world.o
LOAD c:/altera/13.0sp1/nios2eds/bin/gnu/h-i686-mingw32/bin/../lib/gcc/nios2-elf/4.1.2/../../../../nios2-elf/lib/mno-hw-mul\libstdc++.a
LOAD c:/altera/13.0sp1/nios2eds/bin/gnu/h-i686-mingw32/bin/../lib/gcc/nios2-elf/4.1.2/../../../../nios2-elf/lib/mno-hw-mul\libm.a
LOAD c:/altera/13.0sp1/nios2eds/bin/gnu/h-i686-mingw32/bin/../lib/gcc/nios2-elf/4.1.2/mno-hw-mul\libgcc.a
START GROUP
LOAD c:/altera/13.0sp1/nios2eds/bin/gnu/h-i686-mingw32/bin/../lib/gcc/nios2-elf/4.1.2/../../../../nios2-elf/lib/mno-hw-mul\libsmallc.a
LOAD c:/altera/13.0sp1/nios2eds/bin/gnu/h-i686-mingw32/bin/../lib/gcc/nios2-elf/4.1.2/mno-hw-mul\libgcc.a
LOAD ../Final_bsp/\libhal_bsp.a
END GROUP
LOAD c:/altera/13.0sp1/nios2eds/bin/gnu/h-i686-mingw32/bin/../lib/gcc/nios2-elf/4.1.2/mno-hw-mul\libgcc.a
                0x00004000                __alt_mem_RAM = 0x4000

.entry          0x00004000       0x20
 *(.entry)
 .entry         0x00004000       0x20 ../Final_bsp//obj/HAL/src/crt0.o
                0x00004000                __reset

.exceptions     0x00004020      0x194
                0x00004020                PROVIDE (__ram_exceptions_start, ABSOLUTE (.))
                0x00004020                . = ALIGN (0x20)
 *(.irq)
 *(.exceptions.entry.label)
 .exceptions.entry.label
                0x00004020        0x0 ../Final_bsp/\libhal_bsp.a(alt_irq_entry.o)
                0x00004020                alt_irq_entry
 .exceptions.entry.label
                0x00004020        0x0 ../Final_bsp/\libhal_bsp.a(alt_exception_entry.o)
                0x00004020                alt_exception
 *(.exceptions.entry.user)
 *(.exceptions.entry)
 .exceptions.entry
                0x00004020       0x54 ../Final_bsp/\libhal_bsp.a(alt_exception_entry.o)
 *(.exceptions.irqtest.user)
 *(.exceptions.irqtest)
 .exceptions.irqtest
                0x00004074       0x10 ../Final_bsp/\libhal_bsp.a(alt_irq_entry.o)
 *(.exceptions.irqhandler.user)
 *(.exceptions.irqhandler)
 .exceptions.irqhandler
                0x00004084        0x4 ../Final_bsp/\libhal_bsp.a(alt_irq_entry.o)
 *(.exceptions.irqreturn.user)
 *(.exceptions.irqreturn)
 .exceptions.irqreturn
                0x00004088        0x4 ../Final_bsp/\libhal_bsp.a(alt_irq_entry.o)
 *(.exceptions.notirq.label)
 .exceptions.notirq.label
                0x0000408c        0x0 ../Final_bsp/\libhal_bsp.a(alt_irq_entry.o)
 *(.exceptions.notirq.user)
 *(.exceptions.notirq)
 .exceptions.notirq
                0x0000408c        0x8 ../Final_bsp/\libhal_bsp.a(alt_exception_entry.o)
 *(.exceptions.soft.user)
 *(.exceptions.soft)
 *(.exceptions.unknown.user)
 *(.exceptions.unknown)
 .exceptions.unknown
                0x00004094        0x4 ../Final_bsp/\libhal_bsp.a(alt_exception_entry.o)
 *(.exceptions.exit.label)
 .exceptions.exit.label
                0x00004098        0x0 ../Final_bsp/\libhal_bsp.a(alt_irq_entry.o)
 .exceptions.exit.label
                0x00004098        0x0 ../Final_bsp/\libhal_bsp.a(alt_exception_entry.o)
 *(.exceptions.exit.user)
 *(.exceptions.exit)
 .exceptions.exit
                0x00004098       0x54 ../Final_bsp/\libhal_bsp.a(alt_exception_entry.o)
 *(.exceptions)
 .exceptions    0x000040ec       0xc8 ../Final_bsp/\libhal_bsp.a(alt_irq_handler.o)
                0x000040ec                alt_irq_handler
                0x000041b4                PROVIDE (__ram_exceptions_end, ABSOLUTE (.))
                0x00004020                PROVIDE (__flash_exceptions_start, LOADADDR (.exceptions))

.text           0x000041b4     0x26e0
                0x000041b4                PROVIDE (stext, ABSOLUTE (.))
 *(.interp)
 *(.hash)
 *(.dynsym)
 *(.dynstr)
 *(.gnu.version)
 *(.gnu.version_d)
 *(.gnu.version_r)
 *(.rel.init)
 *(.rela.init)
 *(.rel.text .rel.text.* .rel.gnu.linkonce.t.*)
 *(.rela.text .rela.text.* .rela.gnu.linkonce.t.*)
 *(.rel.fini)
 *(.rela.fini)
 *(.rel.rodata .rel.rodata.* .rel.gnu.linkonce.r.*)
 *(.rela.rodata .rela.rodata.* .rela.gnu.linkonce.r.*)
 *(.rel.data .rel.data.* .rel.gnu.linkonce.d.*)
 *(.rela.data .rela.data.* .rela.gnu.linkonce.d.*)
 *(.rel.tdata .rel.tdata.* .rel.gnu.linkonce.td.*)
 *(.rela.tdata .rela.tdata.* .rela.gnu.linkonce.td.*)
 *(.rel.tbss .rel.tbss.* .rel.gnu.linkonce.tb.*)
 *(.rela.tbss .rela.tbss.* .rela.gnu.linkonce.tb.*)
 *(.rel.ctors)
 *(.rela.ctors)
 *(.rel.dtors)
 *(.rela.dtors)
 *(.rel.got)
 *(.rela.got)
 *(.rel.sdata .rel.sdata.* .rel.gnu.linkonce.s.*)
 *(.rela.sdata .rela.sdata.* .rela.gnu.linkonce.s.*)
 *(.rel.sbss .rel.sbss.* .rel.gnu.linkonce.sb.*)
 *(.rela.sbss .rela.sbss.* .rela.gnu.linkonce.sb.*)
 *(.rel.sdata2 .rel.sdata2.* .rel.gnu.linkonce.s2.*)
 *(.rela.sdata2 .rela.sdata2.* .rela.gnu.linkonce.s2.*)
 *(.rel.sbss2 .rel.sbss2.* .rel.gnu.linkonce.sb2.*)
 *(.rela.sbss2 .rela.sbss2.* .rela.gnu.linkonce.sb2.*)
 *(.rel.bss .rel.bss.* .rel.gnu.linkonce.b.*)
 *(.rela.bss .rela.bss.* .rela.gnu.linkonce.b.*)
 *(.rel.plt)
 *(.rela.plt)
 *(.rel.dyn)
 *(.init)
 *(.plt)
 *(.text .stub .text.* .gnu.linkonce.t.*)
 .text          0x000041b4       0x3c ../Final_bsp//obj/HAL/src/crt0.o
                0x000041b4                _start
 .text          0x000041f0      0x364 obj/default/hello_world.o
                0x000041f0                main
 .text          0x00004554       0x38 c:/altera/13.0sp1/nios2eds/bin/gnu/h-i686-mingw32/bin/../lib/gcc/nios2-elf/4.1.2/mno-hw-mul\libgcc.a(lib2-mul.o)
                0x00004554                __mulsi3
 .text          0x0000458c       0x98 c:/altera/13.0sp1/nios2eds/bin/gnu/h-i686-mingw32/bin/../lib/gcc/nios2-elf/4.1.2/../../../../nios2-elf/lib/mno-hw-mul\libsmallc.a(lib_a-printf.o)
                0x0000458c                printf
                0x000045e0                _printf_r
 .text          0x00004624       0xa4 c:/altera/13.0sp1/nios2eds/bin/gnu/h-i686-mingw32/bin/../lib/gcc/nios2-elf/4.1.2/../../../../nios2-elf/lib/mno-hw-mul\libsmallc.a(lib_a-puts.o)
                0x00004624                _puts_r
                0x000046b4                puts
 .text          0x000046c8       0x20 c:/altera/13.0sp1/nios2eds/bin/gnu/h-i686-mingw32/bin/../lib/gcc/nios2-elf/4.1.2/../../../../nios2-elf/lib/mno-hw-mul\libsmallc.a(lib_a-strlen.o)
                0x000046c8                strlen
 .text          0x000046e8      0x740 c:/altera/13.0sp1/nios2eds/bin/gnu/h-i686-mingw32/bin/../lib/gcc/nios2-elf/4.1.2/../../../../nios2-elf/lib/mno-hw-mul\libsmallc.a(lib_a-vfprintf.o)
                0x00004768                ___vfprintf_internal_r
                0x00004e04                __vfprintf_internal
 .text          0x00004e28       0xbc c:/altera/13.0sp1/nios2eds/bin/gnu/h-i686-mingw32/bin/../lib/gcc/nios2-elf/4.1.2/../../../../nios2-elf/lib/mno-hw-mul\libsmallc.a(lib_a-fvwrite_small_dev.o)
                0x00004e28                __sfvwrite_small_dev
 .text          0x00004ee4        0x0 c:/altera/13.0sp1/nios2eds/bin/gnu/h-i686-mingw32/bin/../lib/gcc/nios2-elf/4.1.2/../../../../nios2-elf/lib/mno-hw-mul\libsmallc.a(lib_a-impure.o)
 .text          0x00004ee4       0x78 c:/altera/13.0sp1/nios2eds/bin/gnu/h-i686-mingw32/bin/../lib/gcc/nios2-elf/4.1.2/../../../../nios2-elf/lib/mno-hw-mul\libsmallc.a(lib_a-writer.o)
                0x00004ee4                _write_r
 .text          0x00004f5c        0x0 c:/altera/13.0sp1/nios2eds/bin/gnu/h-i686-mingw32/bin/../lib/gcc/nios2-elf/4.1.2/../../../../nios2-elf/lib/mno-hw-mul\libsmallc.a(lib_a-int_errno.o)
 .text          0x00004f5c      0x14c c:/altera/13.0sp1/nios2eds/bin/gnu/h-i686-mingw32/bin/../lib/gcc/nios2-elf/4.1.2/mno-hw-mul\libgcc.a(lib2-divmod.o)
                0x00004fd8                __divsi3
                0x00005038                __modsi3
                0x00005098                __udivsi3
                0x000050a0                __umodsi3
 .text          0x000050a8       0xec ../Final_bsp/\libhal_bsp.a(alt_load.o)
                0x000050a8                alt_load
 .text          0x00005194       0x5c ../Final_bsp/\libhal_bsp.a(alt_main.o)
                0x00005194                alt_main
 .text          0x000051f0      0x184 ../Final_bsp/\libhal_bsp.a(alt_write.o)
                0x000051f0                write
 .text          0x00005374       0xb0 ../Final_bsp/\libhal_bsp.a(alt_sys_init.o)
                0x00005374                alt_irq_init
                0x000053a8                alt_sys_init
 .text          0x00005424       0xb0 ../Final_bsp/\libhal_bsp.a(altera_avalon_jtag_uart_fd.o)
                0x00005424                altera_avalon_jtag_uart_read_fd
                0x0000547c                altera_avalon_jtag_uart_write_fd
 .text          0x000054d4      0x104 ../Final_bsp/\libhal_bsp.a(altera_avalon_jtag_uart_read.o)
                0x000054d4                altera_avalon_jtag_uart_read
 .text          0x000055d8       0xa4 ../Final_bsp/\libhal_bsp.a(altera_avalon_jtag_uart_write.o)
                0x000055d8                altera_avalon_jtag_uart_write
 .text          0x0000567c      0x100 ../Final_bsp/\libhal_bsp.a(altera_avalon_timer_sc.o)
                0x000056ec                alt_avalon_timer_sc_init
 .text          0x0000577c      0x160 ../Final_bsp/\libhal_bsp.a(alt_close.o)
                0x0000577c                close
 .text          0x000058dc       0x1c ../Final_bsp/\libhal_bsp.a(alt_dcache_flush_all.o)
                0x000058dc                alt_dcache_flush_all
 .text          0x000058f8       0x2c ../Final_bsp/\libhal_bsp.a(alt_dev.o)
 .text          0x00005924      0x114 ../Final_bsp/\libhal_bsp.a(alt_dev_llist_insert.o)
                0x00005924                alt_dev_llist_insert
 .text          0x00005a38        0x0 ../Final_bsp/\libhal_bsp.a(alt_errno.o)
 .text          0x00005a38       0x1c ../Final_bsp/\libhal_bsp.a(alt_icache_flush_all.o)
                0x00005a38                alt_icache_flush_all
 .text          0x00005a54      0x1d4 ../Final_bsp/\libhal_bsp.a(alt_iic.o)
                0x00005a54                alt_ic_isr_register
                0x00005aa4                alt_ic_irq_enable
                0x00005b40                alt_ic_irq_disable
                0x00005be0                alt_ic_irq_enabled
 .text          0x00005c28       0xf8 ../Final_bsp/\libhal_bsp.a(alt_iic_isr_register.o)
                0x00005c28                alt_iic_isr_register
 .text          0x00005d20      0x150 ../Final_bsp/\libhal_bsp.a(alt_io_redirect.o)
                0x00005df8                alt_io_redirect
 .text          0x00005e70        0x0 ../Final_bsp/\libhal_bsp.a(alt_irq_entry.o)
 .text          0x00005e70        0x0 ../Final_bsp/\libhal_bsp.a(alt_irq_handler.o)
 .text          0x00005e70        0x0 ../Final_bsp/\libhal_bsp.a(alt_irq_vars.o)
 .text          0x00005e70      0x2e4 ../Final_bsp/\libhal_bsp.a(alt_open.o)
                0x00005f68                open
 .text          0x00006154       0x78 ../Final_bsp/\libhal_bsp.a(alt_release_fd.o)
                0x00006154                alt_release_fd
 .text          0x000061cc      0x1a4 ../Final_bsp/\libhal_bsp.a(alt_tick.o)
                0x000061cc                alt_alarm_stop
                0x00006264                alt_tick
 .text          0x00006370       0x20 ../Final_bsp/\libhal_bsp.a(altera_nios2_qsys_irq.o)
                0x00006370                altera_nios2_qsys_irq_init
 .text          0x00006390        0x0 ../Final_bsp/\libhal_bsp.a(alt_exception_entry.o)
 .text          0x00006390       0x94 ../Final_bsp/\libhal_bsp.a(alt_find_dev.o)
                0x00006390                alt_find_dev
 .text          0x00006424      0x120 ../Final_bsp/\libhal_bsp.a(alt_find_file.o)
                0x00006424                alt_find_file
 .text          0x00006544       0xd0 ../Final_bsp/\libhal_bsp.a(alt_get_fd.o)
                0x00006544                alt_get_fd
 .text          0x00006614       0x20 c:/altera/13.0sp1/nios2eds/bin/gnu/h-i686-mingw32/bin/../lib/gcc/nios2-elf/4.1.2/../../../../nios2-elf/lib/mno-hw-mul\libsmallc.a(lib_a-exit.o)
                0x00006614                exit
 .text          0x00006634       0x3c c:/altera/13.0sp1/nios2eds/bin/gnu/h-i686-mingw32/bin/../lib/gcc/nios2-elf/4.1.2/../../../../nios2-elf/lib/mno-hw-mul\libsmallc.a(lib_a-memcmp.o)
                0x00006634                memcmp
 .text          0x00006670      0x1c0 c:/altera/13.0sp1/nios2eds/bin/gnu/h-i686-mingw32/bin/../lib/gcc/nios2-elf/4.1.2/../../../../nios2-elf/lib/mno-hw-mul\libsmallc.a(lib_a-__call_atexit.o)
                0x00006674                __call_exitprocs
 .text          0x00006830       0x60 ../Final_bsp/\libhal_bsp.a(alt_exit.o)
                0x00006870                _exit
 *(.gnu.warning.*)
 *(.fini)
                0x00006890                PROVIDE (__etext, ABSOLUTE (.))
                0x00006890                PROVIDE (_etext, ABSOLUTE (.))
                0x00006890                PROVIDE (etext, ABSOLUTE (.))
 *(.eh_frame_hdr)
                0x00006890                . = ALIGN (0x4)
                0x00006890                PROVIDE (__preinit_array_start, ABSOLUTE (.))
 *(.preinit_array)
                0x00006890                PROVIDE (__preinit_array_end, ABSOLUTE (.))
                0x00006890                PROVIDE (__init_array_start, ABSOLUTE (.))
 *(.init_array)
                0x00006890                PROVIDE (__init_array_end, ABSOLUTE (.))
                0x00006890                PROVIDE (__fini_array_start, ABSOLUTE (.))
 *(.fini_array)
                0x00006890                PROVIDE (__fini_array_end, ABSOLUTE (.))
 *(.eh_frame)
 *(.gcc_except_table)
 *(.dynamic)
                0x00006890                PROVIDE (__CTOR_LIST__, ABSOLUTE (.))
 *(.ctors)
 *(SORT(.ctors.*))
 .ctors.65535   0x00006890        0x4 c:/altera/13.0sp1/nios2eds/bin/gnu/h-i686-mingw32/bin/../lib/gcc/nios2-elf/4.1.2/../../../../nios2-elf/lib/mno-hw-mul\libsmallc.a(lib_a-__call_atexit.o)
                0x00006894                PROVIDE (__CTOR_END__, ABSOLUTE (.))
                0x00006894                PROVIDE (__DTOR_LIST__, ABSOLUTE (.))
 *(.dtors)
 *(SORT(.dtors.*))
                0x00006894                PROVIDE (__DTOR_END__, ABSOLUTE (.))
 *(.jcr)
                0x00006894                . = ALIGN (0x4)

.rodata         0x00006894       0x80
                0x00006894                PROVIDE (__ram_rodata_start, ABSOLUTE (.))
                0x00006894                . = ALIGN (0x4)
 *(.rodata .rodata.* .gnu.linkonce.r.*)
 .rodata        0x00006894       0x48 obj/default/hello_world.o
 .rodata.str1.4
                0x000068dc        0x4 c:/altera/13.0sp1/nios2eds/bin/gnu/h-i686-mingw32/bin/../lib/gcc/nios2-elf/4.1.2/../../../../nios2-elf/lib/mno-hw-mul\libsmallc.a(lib_a-puts.o)
 .rodata        0x000068e0       0x14 ../Final_bsp/\libhal_bsp.a(alt_main.o)
 .rodata        0x000068f4       0x14 ../Final_bsp/\libhal_bsp.a(alt_sys_init.o)
 .rodata        0x00006908        0xc ../Final_bsp/\libhal_bsp.a(alt_dev.o)
 *(.rodata1)
                0x00006914                . = ALIGN (0x4)
                0x00006914                PROVIDE (__ram_rodata_end, ABSOLUTE (.))
                0x00006894                PROVIDE (__flash_rodata_start, LOADADDR (.rodata))

.rwdata         0x00006914      0x314 load address 0x00006c28
                0x00006914                PROVIDE (__ram_rwdata_start, ABSOLUTE (.))
                0x00006914                . = ALIGN (0x4)
 *(.got.plt)
 *(.got)
 *(.data1)
 *(.data .data.* .gnu.linkonce.d.*)
 .data          0x00006914        0x0 ../Final_bsp//obj/HAL/src/crt0.o
 .data          0x00006914        0x0 obj/default/hello_world.o
 .data          0x00006914        0x0 c:/altera/13.0sp1/nios2eds/bin/gnu/h-i686-mingw32/bin/../lib/gcc/nios2-elf/4.1.2/mno-hw-mul\libgcc.a(lib2-mul.o)
 .data          0x00006914        0x0 c:/altera/13.0sp1/nios2eds/bin/gnu/h-i686-mingw32/bin/../lib/gcc/nios2-elf/4.1.2/../../../../nios2-elf/lib/mno-hw-mul\libsmallc.a(lib_a-printf.o)
 .data          0x00006914        0x0 c:/altera/13.0sp1/nios2eds/bin/gnu/h-i686-mingw32/bin/../lib/gcc/nios2-elf/4.1.2/../../../../nios2-elf/lib/mno-hw-mul\libsmallc.a(lib_a-puts.o)
 .data          0x00006914        0x0 c:/altera/13.0sp1/nios2eds/bin/gnu/h-i686-mingw32/bin/../lib/gcc/nios2-elf/4.1.2/../../../../nios2-elf/lib/mno-hw-mul\libsmallc.a(lib_a-strlen.o)
 .data          0x00006914        0x0 c:/altera/13.0sp1/nios2eds/bin/gnu/h-i686-mingw32/bin/../lib/gcc/nios2-elf/4.1.2/../../../../nios2-elf/lib/mno-hw-mul\libsmallc.a(lib_a-vfprintf.o)
 .data          0x00006914        0x0 c:/altera/13.0sp1/nios2eds/bin/gnu/h-i686-mingw32/bin/../lib/gcc/nios2-elf/4.1.2/../../../../nios2-elf/lib/mno-hw-mul\libsmallc.a(lib_a-fvwrite_small_dev.o)
 .data          0x00006914       0xe0 c:/altera/13.0sp1/nios2eds/bin/gnu/h-i686-mingw32/bin/../lib/gcc/nios2-elf/4.1.2/../../../../nios2-elf/lib/mno-hw-mul\libsmallc.a(lib_a-impure.o)
 .data          0x000069f4        0x0 c:/altera/13.0sp1/nios2eds/bin/gnu/h-i686-mingw32/bin/../lib/gcc/nios2-elf/4.1.2/../../../../nios2-elf/lib/mno-hw-mul\libsmallc.a(lib_a-writer.o)
 .data          0x000069f4        0x0 c:/altera/13.0sp1/nios2eds/bin/gnu/h-i686-mingw32/bin/../lib/gcc/nios2-elf/4.1.2/../../../../nios2-elf/lib/mno-hw-mul\libsmallc.a(lib_a-int_errno.o)
 .data          0x000069f4        0x0 c:/altera/13.0sp1/nios2eds/bin/gnu/h-i686-mingw32/bin/../lib/gcc/nios2-elf/4.1.2/mno-hw-mul\libgcc.a(lib2-divmod.o)
 .data          0x000069f4        0x0 ../Final_bsp/\libhal_bsp.a(alt_load.o)
 .data          0x000069f4        0x0 ../Final_bsp/\libhal_bsp.a(alt_main.o)
 .data          0x000069f4        0x0 ../Final_bsp/\libhal_bsp.a(alt_write.o)
 .data          0x000069f4       0x2c ../Final_bsp/\libhal_bsp.a(alt_sys_init.o)
 .data          0x00006a20        0x0 ../Final_bsp/\libhal_bsp.a(altera_avalon_jtag_uart_fd.o)
 .data          0x00006a20        0x0 ../Final_bsp/\libhal_bsp.a(altera_avalon_jtag_uart_read.o)
 .data          0x00006a20        0x0 ../Final_bsp/\libhal_bsp.a(altera_avalon_jtag_uart_write.o)
 .data          0x00006a20        0x0 ../Final_bsp/\libhal_bsp.a(altera_avalon_timer_sc.o)
 .data          0x00006a20        0x0 ../Final_bsp/\libhal_bsp.a(alt_close.o)
 .data          0x00006a20        0x0 ../Final_bsp/\libhal_bsp.a(alt_dcache_flush_all.o)
 .data          0x00006a20      0x1a8 ../Final_bsp/\libhal_bsp.a(alt_dev.o)
                0x00006a20                alt_dev_null
                0x00006a48                alt_fd_list
 .data          0x00006bc8        0x0 ../Final_bsp/\libhal_bsp.a(alt_dev_llist_insert.o)
 .data          0x00006bc8        0x0 ../Final_bsp/\libhal_bsp.a(alt_errno.o)
 .data          0x00006bc8        0x0 ../Final_bsp/\libhal_bsp.a(alt_icache_flush_all.o)
 .data          0x00006bc8        0x0 ../Final_bsp/\libhal_bsp.a(alt_iic.o)
 .data          0x00006bc8        0x0 ../Final_bsp/\libhal_bsp.a(alt_iic_isr_register.o)
 .data          0x00006bc8        0x0 ../Final_bsp/\libhal_bsp.a(alt_io_redirect.o)
 .data          0x00006bc8        0x0 ../Final_bsp/\libhal_bsp.a(alt_irq_entry.o)
 .data          0x00006bc8        0x0 ../Final_bsp/\libhal_bsp.a(alt_irq_handler.o)
 .data          0x00006bc8        0x0 ../Final_bsp/\libhal_bsp.a(alt_irq_vars.o)
 .data          0x00006bc8        0x0 ../Final_bsp/\libhal_bsp.a(alt_open.o)
 .data          0x00006bc8        0x0 ../Final_bsp/\libhal_bsp.a(alt_release_fd.o)
 .data          0x00006bc8        0x0 ../Final_bsp/\libhal_bsp.a(alt_tick.o)
 .data          0x00006bc8        0x0 ../Final_bsp/\libhal_bsp.a(altera_nios2_qsys_irq.o)
 .data          0x00006bc8        0x0 ../Final_bsp/\libhal_bsp.a(alt_exception_entry.o)
 .data          0x00006bc8        0x0 ../Final_bsp/\libhal_bsp.a(alt_find_dev.o)
 .data          0x00006bc8        0x0 ../Final_bsp/\libhal_bsp.a(alt_find_file.o)
 .data          0x00006bc8        0x0 ../Final_bsp/\libhal_bsp.a(alt_get_fd.o)
 .data          0x00006bc8        0x0 c:/altera/13.0sp1/nios2eds/bin/gnu/h-i686-mingw32/bin/../lib/gcc/nios2-elf/4.1.2/../../../../nios2-elf/lib/mno-hw-mul\libsmallc.a(lib_a-exit.o)
 .data          0x00006bc8        0x0 c:/altera/13.0sp1/nios2eds/bin/gnu/h-i686-mingw32/bin/../lib/gcc/nios2-elf/4.1.2/../../../../nios2-elf/lib/mno-hw-mul\libsmallc.a(lib_a-memcmp.o)
 .data          0x00006bc8        0x0 c:/altera/13.0sp1/nios2eds/bin/gnu/h-i686-mingw32/bin/../lib/gcc/nios2-elf/4.1.2/../../../../nios2-elf/lib/mno-hw-mul\libsmallc.a(lib_a-__call_atexit.o)
 .data          0x00006bc8        0x0 ../Final_bsp/\libhal_bsp.a(alt_exit.o)
                0x0000ebc8                _gp = ABSOLUTE ((. + 0x8000))
                0x0000ebc8                PROVIDE (gp, _gp)
 *(.rwdata .rwdata.*)
 *(.sdata .sdata.* .gnu.linkonce.s.*)
 .sdata         0x00006bc8       0x34 obj/default/hello_world.o
                0x00006bc8                w_ji
                0x00006bcc                w_kj
                0x00006bd0                b
                0x00006bd4                training
                0x00006bd8                start
                0x00006bdc                lsfr
                0x00006be0                y_pk
                0x00006be4                y_pj
                0x00006be8                N_hidden
                0x00006bec                N_in
                0x00006bf0                N_iter
                0x00006bf4                N_dat
                0x00006bf8                eta
 .sdata         0x00006bfc        0x8 c:/altera/13.0sp1/nios2eds/bin/gnu/h-i686-mingw32/bin/../lib/gcc/nios2-elf/4.1.2/../../../../nios2-elf/lib/mno-hw-mul\libsmallc.a(lib_a-impure.o)
                0x00006bfc                _impure_ptr
                0x00006c00                _global_impure_ptr
 .sdata         0x00006c04       0x14 ../Final_bsp/\libhal_bsp.a(alt_dev.o)
                0x00006c04                alt_fs_list
                0x00006c0c                alt_dev_list
                0x00006c14                alt_max_fd
 .sdata         0x00006c18        0x4 ../Final_bsp/\libhal_bsp.a(alt_errno.o)
                0x00006c18                alt_errno
 .sdata         0x00006c1c        0x4 ../Final_bsp/\libhal_bsp.a(alt_irq_vars.o)
                0x00006c1c                alt_priority_mask
 .sdata         0x00006c20        0x8 ../Final_bsp/\libhal_bsp.a(alt_tick.o)
                0x00006c20                alt_alarm_list
 *(.sdata2 .sdata2.* .gnu.linkonce.s2.*)
                0x00006c28                . = ALIGN (0x4)
                0x00006c28                _edata = ABSOLUTE (.)
                0x00006c28                PROVIDE (edata, ABSOLUTE (.))
                0x00006c28                PROVIDE (__ram_rwdata_end, ABSOLUTE (.))
                0x00006c28                PROVIDE (__flash_rwdata_start, LOADADDR (.rwdata))

.bss            0x00006f3c      0x1e8
                0x00006f3c                __bss_start = ABSOLUTE (.)
                0x00006f3c                PROVIDE (__sbss_start, ABSOLUTE (.))
                0x00006f3c                PROVIDE (___sbss_start, ABSOLUTE (.))
 *(.dynsbss)
 *(.sbss .sbss.* .gnu.linkonce.sb.*)
 .sbss          0x00006f3c        0x4 obj/default/hello_world.o
                0x00006f3c                delta_pk
 .sbss          0x00006f40        0x4 c:/altera/13.0sp1/nios2eds/bin/gnu/h-i686-mingw32/bin/../lib/gcc/nios2-elf/4.1.2/../../../../nios2-elf/lib/mno-hw-mul\libsmallc.a(lib_a-int_errno.o)
                0x00006f40                errno
 .sbss          0x00006f44        0xc ../Final_bsp/\libhal_bsp.a(alt_main.o)
                0x00006f44                alt_argc
                0x00006f48                alt_argv
                0x00006f4c                alt_envp
 .sbss          0x00006f50        0x4 ../Final_bsp/\libhal_bsp.a(alt_irq_vars.o)
                0x00006f50                alt_irq_active
 .sbss          0x00006f54        0x8 ../Final_bsp/\libhal_bsp.a(alt_tick.o)
                0x00006f54                _alt_tick_rate
                0x00006f58                _alt_nticks
 *(.sbss2 .sbss2.* .gnu.linkonce.sb2.*)
 *(.scommon)
                0x00006f5c                PROVIDE (__sbss_end, ABSOLUTE (.))
                0x00006f5c                PROVIDE (___sbss_end, ABSOLUTE (.))
 *(.dynbss)
 *(.bss .bss.* .gnu.linkonce.b.*)
 .bss           0x00006f5c        0x0 ../Final_bsp//obj/HAL/src/crt0.o
 .bss           0x00006f5c        0x0 obj/default/hello_world.o
 .bss           0x00006f5c        0x0 c:/altera/13.0sp1/nios2eds/bin/gnu/h-i686-mingw32/bin/../lib/gcc/nios2-elf/4.1.2/mno-hw-mul\libgcc.a(lib2-mul.o)
 .bss           0x00006f5c        0x0 c:/altera/13.0sp1/nios2eds/bin/gnu/h-i686-mingw32/bin/../lib/gcc/nios2-elf/4.1.2/../../../../nios2-elf/lib/mno-hw-mul\libsmallc.a(lib_a-printf.o)
 .bss           0x00006f5c        0x0 c:/altera/13.0sp1/nios2eds/bin/gnu/h-i686-mingw32/bin/../lib/gcc/nios2-elf/4.1.2/../../../../nios2-elf/lib/mno-hw-mul\libsmallc.a(lib_a-puts.o)
 .bss           0x00006f5c        0x0 c:/altera/13.0sp1/nios2eds/bin/gnu/h-i686-mingw32/bin/../lib/gcc/nios2-elf/4.1.2/../../../../nios2-elf/lib/mno-hw-mul\libsmallc.a(lib_a-strlen.o)
 .bss           0x00006f5c        0x0 c:/altera/13.0sp1/nios2eds/bin/gnu/h-i686-mingw32/bin/../lib/gcc/nios2-elf/4.1.2/../../../../nios2-elf/lib/mno-hw-mul\libsmallc.a(lib_a-vfprintf.o)
 .bss           0x00006f5c        0x0 c:/altera/13.0sp1/nios2eds/bin/gnu/h-i686-mingw32/bin/../lib/gcc/nios2-elf/4.1.2/../../../../nios2-elf/lib/mno-hw-mul\libsmallc.a(lib_a-fvwrite_small_dev.o)
 .bss           0x00006f5c        0x0 c:/altera/13.0sp1/nios2eds/bin/gnu/h-i686-mingw32/bin/../lib/gcc/nios2-elf/4.1.2/../../../../nios2-elf/lib/mno-hw-mul\libsmallc.a(lib_a-impure.o)
 .bss           0x00006f5c        0x0 c:/altera/13.0sp1/nios2eds/bin/gnu/h-i686-mingw32/bin/../lib/gcc/nios2-elf/4.1.2/../../../../nios2-elf/lib/mno-hw-mul\libsmallc.a(lib_a-writer.o)
 .bss           0x00006f5c        0x0 c:/altera/13.0sp1/nios2eds/bin/gnu/h-i686-mingw32/bin/../lib/gcc/nios2-elf/4.1.2/../../../../nios2-elf/lib/mno-hw-mul\libsmallc.a(lib_a-int_errno.o)
 .bss           0x00006f5c        0x0 c:/altera/13.0sp1/nios2eds/bin/gnu/h-i686-mingw32/bin/../lib/gcc/nios2-elf/4.1.2/mno-hw-mul\libgcc.a(lib2-divmod.o)
 .bss           0x00006f5c        0x0 ../Final_bsp/\libhal_bsp.a(alt_load.o)
 .bss           0x00006f5c        0x0 ../Final_bsp/\libhal_bsp.a(alt_main.o)
 .bss           0x00006f5c        0x0 ../Final_bsp/\libhal_bsp.a(alt_write.o)
 .bss           0x00006f5c        0x0 ../Final_bsp/\libhal_bsp.a(alt_sys_init.o)
 .bss           0x00006f5c        0x0 ../Final_bsp/\libhal_bsp.a(altera_avalon_jtag_uart_fd.o)
 .bss           0x00006f5c        0x0 ../Final_bsp/\libhal_bsp.a(altera_avalon_jtag_uart_read.o)
 .bss           0x00006f5c        0x0 ../Final_bsp/\libhal_bsp.a(altera_avalon_jtag_uart_write.o)
 .bss           0x00006f5c        0x0 ../Final_bsp/\libhal_bsp.a(altera_avalon_timer_sc.o)
 .bss           0x00006f5c        0x0 ../Final_bsp/\libhal_bsp.a(alt_close.o)
 .bss           0x00006f5c        0x0 ../Final_bsp/\libhal_bsp.a(alt_dcache_flush_all.o)
 .bss           0x00006f5c        0x0 ../Final_bsp/\libhal_bsp.a(alt_dev.o)
 .bss           0x00006f5c        0x0 ../Final_bsp/\libhal_bsp.a(alt_dev_llist_insert.o)
 .bss           0x00006f5c        0x0 ../Final_bsp/\libhal_bsp.a(alt_errno.o)
 .bss           0x00006f5c        0x0 ../Final_bsp/\libhal_bsp.a(alt_icache_flush_all.o)
 .bss           0x00006f5c        0x0 ../Final_bsp/\libhal_bsp.a(alt_iic.o)
 .bss           0x00006f5c        0x0 ../Final_bsp/\libhal_bsp.a(alt_iic_isr_register.o)
 .bss           0x00006f5c        0x0 ../Final_bsp/\libhal_bsp.a(alt_io_redirect.o)
 .bss           0x00006f5c        0x0 ../Final_bsp/\libhal_bsp.a(alt_irq_entry.o)
 .bss           0x00006f5c        0x0 ../Final_bsp/\libhal_bsp.a(alt_irq_handler.o)
 .bss           0x00006f5c        0x0 ../Final_bsp/\libhal_bsp.a(alt_irq_vars.o)
 .bss           0x00006f5c        0x0 ../Final_bsp/\libhal_bsp.a(alt_open.o)
 .bss           0x00006f5c        0x0 ../Final_bsp/\libhal_bsp.a(alt_release_fd.o)
 .bss           0x00006f5c        0x0 ../Final_bsp/\libhal_bsp.a(alt_tick.o)
 .bss           0x00006f5c        0x0 ../Final_bsp/\libhal_bsp.a(altera_nios2_qsys_irq.o)
 .bss           0x00006f5c        0x0 ../Final_bsp/\libhal_bsp.a(alt_exception_entry.o)
 .bss           0x00006f5c        0x0 ../Final_bsp/\libhal_bsp.a(alt_find_dev.o)
 .bss           0x00006f5c        0x0 ../Final_bsp/\libhal_bsp.a(alt_find_file.o)
 .bss           0x00006f5c        0x0 ../Final_bsp/\libhal_bsp.a(alt_get_fd.o)
 .bss           0x00006f5c        0x0 c:/altera/13.0sp1/nios2eds/bin/gnu/h-i686-mingw32/bin/../lib/gcc/nios2-elf/4.1.2/../../../../nios2-elf/lib/mno-hw-mul\libsmallc.a(lib_a-exit.o)
 .bss           0x00006f5c        0x0 c:/altera/13.0sp1/nios2eds/bin/gnu/h-i686-mingw32/bin/../lib/gcc/nios2-elf/4.1.2/../../../../nios2-elf/lib/mno-hw-mul\libsmallc.a(lib_a-memcmp.o)
 .bss           0x00006f5c        0x0 c:/altera/13.0sp1/nios2eds/bin/gnu/h-i686-mingw32/bin/../lib/gcc/nios2-elf/4.1.2/../../../../nios2-elf/lib/mno-hw-mul\libsmallc.a(lib_a-__call_atexit.o)
 .bss           0x00006f5c        0x0 ../Final_bsp/\libhal_bsp.a(alt_exit.o)
 *(COMMON)
 COMMON         0x00006f5c       0xc8 obj/default/hello_world.o
                0x00006f5c                delta_pj
                0x00006f84                In
                0x00006fd4                d_pk
 COMMON         0x00007024      0x100 ../Final_bsp/\libhal_bsp.a(alt_irq_handler.o)
                0x00007024                alt_irq
                0x00007124                . = ALIGN (0x4)
                0x00007124                __bss_end = ABSOLUTE (.)

.RAM            0x00007124        0x0
                0x00007124                PROVIDE (_alt_partition_RAM_start, ABSOLUTE (.))
 *(.RAM. RAM.*)
                0x00007124                . = ALIGN (0x4)
                0x00007124                PROVIDE (_alt_partition_RAM_end, ABSOLUTE (.))
                0x00007124                _end = ABSOLUTE (.)
                0x00007124                end = ABSOLUTE (.)
                0x00007124                __alt_stack_base = ABSOLUTE (.)
                0x00007124                PROVIDE (_alt_partition_RAM_load_addr, LOADADDR (.RAM))

.stab
 *(.stab)

.stabstr
 *(.stabstr)

.stab.excl
 *(.stab.excl)

.stab.exclstr
 *(.stab.exclstr)

.stab.index
 *(.stab.index)

.stab.indexstr
 *(.stab.indexstr)

.comment        0x00000000       0x26
 *(.comment)
 .comment       0x00000000       0x26 obj/default/hello_world.o
                                 0x27 (size before relaxing)
 .comment       0x00000000       0x27 c:/altera/13.0sp1/nios2eds/bin/gnu/h-i686-mingw32/bin/../lib/gcc/nios2-elf/4.1.2/mno-hw-mul\libgcc.a(lib2-mul.o)
 .comment       0x00000000       0x27 c:/altera/13.0sp1/nios2eds/bin/gnu/h-i686-mingw32/bin/../lib/gcc/nios2-elf/4.1.2/../../../../nios2-elf/lib/mno-hw-mul\libsmallc.a(lib_a-printf.o)
 .comment       0x00000000       0x27 c:/altera/13.0sp1/nios2eds/bin/gnu/h-i686-mingw32/bin/../lib/gcc/nios2-elf/4.1.2/../../../../nios2-elf/lib/mno-hw-mul\libsmallc.a(lib_a-puts.o)
 .comment       0x00000000       0x27 c:/altera/13.0sp1/nios2eds/bin/gnu/h-i686-mingw32/bin/../lib/gcc/nios2-elf/4.1.2/../../../../nios2-elf/lib/mno-hw-mul\libsmallc.a(lib_a-strlen.o)
 .comment       0x00000000       0x27 c:/altera/13.0sp1/nios2eds/bin/gnu/h-i686-mingw32/bin/../lib/gcc/nios2-elf/4.1.2/../../../../nios2-elf/lib/mno-hw-mul\libsmallc.a(lib_a-vfprintf.o)
 .comment       0x00000000       0x27 c:/altera/13.0sp1/nios2eds/bin/gnu/h-i686-mingw32/bin/../lib/gcc/nios2-elf/4.1.2/../../../../nios2-elf/lib/mno-hw-mul\libsmallc.a(lib_a-fvwrite_small_dev.o)
 .comment       0x00000000       0x27 c:/altera/13.0sp1/nios2eds/bin/gnu/h-i686-mingw32/bin/../lib/gcc/nios2-elf/4.1.2/../../../../nios2-elf/lib/mno-hw-mul\libsmallc.a(lib_a-impure.o)
 .comment       0x00000000       0x27 c:/altera/13.0sp1/nios2eds/bin/gnu/h-i686-mingw32/bin/../lib/gcc/nios2-elf/4.1.2/../../../../nios2-elf/lib/mno-hw-mul\libsmallc.a(lib_a-writer.o)
 .comment       0x00000000       0x27 c:/altera/13.0sp1/nios2eds/bin/gnu/h-i686-mingw32/bin/../lib/gcc/nios2-elf/4.1.2/../../../../nios2-elf/lib/mno-hw-mul\libsmallc.a(lib_a-int_errno.o)
 .comment       0x00000000       0x27 c:/altera/13.0sp1/nios2eds/bin/gnu/h-i686-mingw32/bin/../lib/gcc/nios2-elf/4.1.2/mno-hw-mul\libgcc.a(lib2-divmod.o)
 .comment       0x00000000       0x27 ../Final_bsp/\libhal_bsp.a(alt_load.o)
 .comment       0x00000000       0x27 ../Final_bsp/\libhal_bsp.a(alt_main.o)
 .comment       0x00000000       0x27 ../Final_bsp/\libhal_bsp.a(alt_write.o)
 .comment       0x00000000       0x27 ../Final_bsp/\libhal_bsp.a(alt_sys_init.o)
 .comment       0x00000000       0x27 ../Final_bsp/\libhal_bsp.a(altera_avalon_jtag_uart_fd.o)
 .comment       0x00000000       0x27 ../Final_bsp/\libhal_bsp.a(altera_avalon_jtag_uart_read.o)
 .comment       0x00000000       0x27 ../Final_bsp/\libhal_bsp.a(altera_avalon_jtag_uart_write.o)
 .comment       0x00000000       0x27 ../Final_bsp/\libhal_bsp.a(altera_avalon_timer_sc.o)
 .comment       0x00000000       0x27 ../Final_bsp/\libhal_bsp.a(alt_close.o)
 .comment       0x00000000       0x27 ../Final_bsp/\libhal_bsp.a(alt_dcache_flush_all.o)
 .comment       0x00000000       0x27 ../Final_bsp/\libhal_bsp.a(alt_dev.o)
 .comment       0x00000000       0x27 ../Final_bsp/\libhal_bsp.a(alt_dev_llist_insert.o)
 .comment       0x00000000       0x27 ../Final_bsp/\libhal_bsp.a(alt_errno.o)
 .comment       0x00000000       0x27 ../Final_bsp/\libhal_bsp.a(alt_icache_flush_all.o)
 .comment       0x00000000       0x27 ../Final_bsp/\libhal_bsp.a(alt_iic.o)
 .comment       0x00000000       0x27 ../Final_bsp/\libhal_bsp.a(alt_iic_isr_register.o)
 .comment       0x00000000       0x27 ../Final_bsp/\libhal_bsp.a(alt_io_redirect.o)
 .comment       0x00000000       0x27 ../Final_bsp/\libhal_bsp.a(alt_irq_handler.o)
 .comment       0x00000000       0x27 ../Final_bsp/\libhal_bsp.a(alt_irq_vars.o)
 .comment       0x00000000       0x27 ../Final_bsp/\libhal_bsp.a(alt_open.o)
 .comment       0x00000000       0x27 ../Final_bsp/\libhal_bsp.a(alt_release_fd.o)
 .comment       0x00000000       0x27 ../Final_bsp/\libhal_bsp.a(alt_tick.o)
 .comment       0x00000000       0x27 ../Final_bsp/\libhal_bsp.a(altera_nios2_qsys_irq.o)
 .comment       0x00000000       0x27 ../Final_bsp/\libhal_bsp.a(alt_find_dev.o)
 .comment       0x00000000       0x27 ../Final_bsp/\libhal_bsp.a(alt_find_file.o)
 .comment       0x00000000       0x27 ../Final_bsp/\libhal_bsp.a(alt_get_fd.o)
 .comment       0x00000000       0x27 c:/altera/13.0sp1/nios2eds/bin/gnu/h-i686-mingw32/bin/../lib/gcc/nios2-elf/4.1.2/../../../../nios2-elf/lib/mno-hw-mul\libsmallc.a(lib_a-exit.o)
 .comment       0x00000000       0x27 c:/altera/13.0sp1/nios2eds/bin/gnu/h-i686-mingw32/bin/../lib/gcc/nios2-elf/4.1.2/../../../../nios2-elf/lib/mno-hw-mul\libsmallc.a(lib_a-memcmp.o)
 .comment       0x00000000       0x27 c:/altera/13.0sp1/nios2eds/bin/gnu/h-i686-mingw32/bin/../lib/gcc/nios2-elf/4.1.2/../../../../nios2-elf/lib/mno-hw-mul\libsmallc.a(lib_a-__call_atexit.o)
 .comment       0x00000000       0x27 ../Final_bsp/\libhal_bsp.a(alt_exit.o)

.debug
 *(.debug)

.line
 *(.line)

.debug_srcinfo
 *(.debug_srcinfo)

.debug_sfnames
 *(.debug_sfnames)

.debug_aranges  0x00000000      0x538
 *(.debug_aranges)
 .debug_aranges
                0x00000000       0x28 ../Final_bsp//obj/HAL/src/crt0.o
 .debug_aranges
                0x00000028       0x20 obj/default/hello_world.o
 .debug_aranges
                0x00000048       0x20 c:/altera/13.0sp1/nios2eds/bin/gnu/h-i686-mingw32/bin/../lib/gcc/nios2-elf/4.1.2/mno-hw-mul\libgcc.a(lib2-mul.o)
 .debug_aranges
                0x00000068       0x20 c:/altera/13.0sp1/nios2eds/bin/gnu/h-i686-mingw32/bin/../lib/gcc/nios2-elf/4.1.2/../../../../nios2-elf/lib/mno-hw-mul\libsmallc.a(lib_a-printf.o)
 .debug_aranges
                0x00000088       0x20 c:/altera/13.0sp1/nios2eds/bin/gnu/h-i686-mingw32/bin/../lib/gcc/nios2-elf/4.1.2/../../../../nios2-elf/lib/mno-hw-mul\libsmallc.a(lib_a-puts.o)
 .debug_aranges
                0x000000a8       0x20 c:/altera/13.0sp1/nios2eds/bin/gnu/h-i686-mingw32/bin/../lib/gcc/nios2-elf/4.1.2/../../../../nios2-elf/lib/mno-hw-mul\libsmallc.a(lib_a-strlen.o)
 .debug_aranges
                0x000000c8       0x20 c:/altera/13.0sp1/nios2eds/bin/gnu/h-i686-mingw32/bin/../lib/gcc/nios2-elf/4.1.2/../../../../nios2-elf/lib/mno-hw-mul\libsmallc.a(lib_a-vfprintf.o)
 .debug_aranges
                0x000000e8       0x20 c:/altera/13.0sp1/nios2eds/bin/gnu/h-i686-mingw32/bin/../lib/gcc/nios2-elf/4.1.2/../../../../nios2-elf/lib/mno-hw-mul\libsmallc.a(lib_a-fvwrite_small_dev.o)
 .debug_aranges
                0x00000108       0x20 c:/altera/13.0sp1/nios2eds/bin/gnu/h-i686-mingw32/bin/../lib/gcc/nios2-elf/4.1.2/../../../../nios2-elf/lib/mno-hw-mul\libsmallc.a(lib_a-writer.o)
 .debug_aranges
                0x00000128       0x20 c:/altera/13.0sp1/nios2eds/bin/gnu/h-i686-mingw32/bin/../lib/gcc/nios2-elf/4.1.2/mno-hw-mul\libgcc.a(lib2-divmod.o)
 .debug_aranges
                0x00000148       0x20 ../Final_bsp/\libhal_bsp.a(alt_load.o)
 .debug_aranges
                0x00000168       0x20 ../Final_bsp/\libhal_bsp.a(alt_main.o)
 .debug_aranges
                0x00000188       0x20 ../Final_bsp/\libhal_bsp.a(alt_write.o)
 .debug_aranges
                0x000001a8       0x20 ../Final_bsp/\libhal_bsp.a(alt_sys_init.o)
 .debug_aranges
                0x000001c8       0x20 ../Final_bsp/\libhal_bsp.a(altera_avalon_jtag_uart_fd.o)
 .debug_aranges
                0x000001e8       0x20 ../Final_bsp/\libhal_bsp.a(altera_avalon_jtag_uart_read.o)
 .debug_aranges
                0x00000208       0x20 ../Final_bsp/\libhal_bsp.a(altera_avalon_jtag_uart_write.o)
 .debug_aranges
                0x00000228       0x20 ../Final_bsp/\libhal_bsp.a(altera_avalon_timer_sc.o)
 .debug_aranges
                0x00000248       0x20 ../Final_bsp/\libhal_bsp.a(alt_close.o)
 .debug_aranges
                0x00000268       0x20 ../Final_bsp/\libhal_bsp.a(alt_dcache_flush_all.o)
 .debug_aranges
                0x00000288       0x20 ../Final_bsp/\libhal_bsp.a(alt_dev.o)
 .debug_aranges
                0x000002a8       0x20 ../Final_bsp/\libhal_bsp.a(alt_dev_llist_insert.o)
 .debug_aranges
                0x000002c8       0x20 ../Final_bsp/\libhal_bsp.a(alt_icache_flush_all.o)
 .debug_aranges
                0x000002e8       0x20 ../Final_bsp/\libhal_bsp.a(alt_iic.o)
 .debug_aranges
                0x00000308       0x20 ../Final_bsp/\libhal_bsp.a(alt_iic_isr_register.o)
 .debug_aranges
                0x00000328       0x20 ../Final_bsp/\libhal_bsp.a(alt_io_redirect.o)
 .debug_aranges
                0x00000348       0x30 ../Final_bsp/\libhal_bsp.a(alt_irq_entry.o)
 .debug_aranges
                0x00000378       0x28 ../Final_bsp/\libhal_bsp.a(alt_irq_handler.o)
 .debug_aranges
                0x000003a0       0x20 ../Final_bsp/\libhal_bsp.a(alt_open.o)
 .debug_aranges
                0x000003c0       0x20 ../Final_bsp/\libhal_bsp.a(alt_release_fd.o)
 .debug_aranges
                0x000003e0       0x20 ../Final_bsp/\libhal_bsp.a(alt_tick.o)
 .debug_aranges
                0x00000400       0x20 ../Final_bsp/\libhal_bsp.a(altera_nios2_qsys_irq.o)
 .debug_aranges
                0x00000420       0x38 ../Final_bsp/\libhal_bsp.a(alt_exception_entry.o)
 .debug_aranges
                0x00000458       0x20 ../Final_bsp/\libhal_bsp.a(alt_find_dev.o)
 .debug_aranges
                0x00000478       0x20 ../Final_bsp/\libhal_bsp.a(alt_find_file.o)
 .debug_aranges
                0x00000498       0x20 ../Final_bsp/\libhal_bsp.a(alt_get_fd.o)
 .debug_aranges
                0x000004b8       0x20 c:/altera/13.0sp1/nios2eds/bin/gnu/h-i686-mingw32/bin/../lib/gcc/nios2-elf/4.1.2/../../../../nios2-elf/lib/mno-hw-mul\libsmallc.a(lib_a-exit.o)
 .debug_aranges
                0x000004d8       0x20 c:/altera/13.0sp1/nios2eds/bin/gnu/h-i686-mingw32/bin/../lib/gcc/nios2-elf/4.1.2/../../../../nios2-elf/lib/mno-hw-mul\libsmallc.a(lib_a-memcmp.o)
 .debug_aranges
                0x000004f8       0x20 c:/altera/13.0sp1/nios2eds/bin/gnu/h-i686-mingw32/bin/../lib/gcc/nios2-elf/4.1.2/../../../../nios2-elf/lib/mno-hw-mul\libsmallc.a(lib_a-__call_atexit.o)
 .debug_aranges
                0x00000518       0x20 ../Final_bsp/\libhal_bsp.a(alt_exit.o)

.debug_pubnames
                0x00000000      0x82a
 *(.debug_pubnames)
 .debug_pubnames
                0x00000000       0xc2 obj/default/hello_world.o
 .debug_pubnames
                0x000000c2       0x1f c:/altera/13.0sp1/nios2eds/bin/gnu/h-i686-mingw32/bin/../lib/gcc/nios2-elf/4.1.2/mno-hw-mul\libgcc.a(lib2-mul.o)
 .debug_pubnames
                0x000000e1       0x2b c:/altera/13.0sp1/nios2eds/bin/gnu/h-i686-mingw32/bin/../lib/gcc/nios2-elf/4.1.2/../../../../nios2-elf/lib/mno-hw-mul\libsmallc.a(lib_a-printf.o)
 .debug_pubnames
                0x0000010c       0x27 c:/altera/13.0sp1/nios2eds/bin/gnu/h-i686-mingw32/bin/../lib/gcc/nios2-elf/4.1.2/../../../../nios2-elf/lib/mno-hw-mul\libsmallc.a(lib_a-puts.o)
 .debug_pubnames
                0x00000133       0x1d c:/altera/13.0sp1/nios2eds/bin/gnu/h-i686-mingw32/bin/../lib/gcc/nios2-elf/4.1.2/../../../../nios2-elf/lib/mno-hw-mul\libsmallc.a(lib_a-strlen.o)
 .debug_pubnames
                0x00000150       0x45 c:/altera/13.0sp1/nios2eds/bin/gnu/h-i686-mingw32/bin/../lib/gcc/nios2-elf/4.1.2/../../../../nios2-elf/lib/mno-hw-mul\libsmallc.a(lib_a-vfprintf.o)
 .debug_pubnames
                0x00000195       0x2b c:/altera/13.0sp1/nios2eds/bin/gnu/h-i686-mingw32/bin/../lib/gcc/nios2-elf/4.1.2/../../../../nios2-elf/lib/mno-hw-mul\libsmallc.a(lib_a-fvwrite_small_dev.o)
 .debug_pubnames
                0x000001c0       0x39 c:/altera/13.0sp1/nios2eds/bin/gnu/h-i686-mingw32/bin/../lib/gcc/nios2-elf/4.1.2/../../../../nios2-elf/lib/mno-hw-mul\libsmallc.a(lib_a-impure.o)
 .debug_pubnames
                0x000001f9       0x1f c:/altera/13.0sp1/nios2eds/bin/gnu/h-i686-mingw32/bin/../lib/gcc/nios2-elf/4.1.2/../../../../nios2-elf/lib/mno-hw-mul\libsmallc.a(lib_a-writer.o)
 .debug_pubnames
                0x00000218       0x1c c:/altera/13.0sp1/nios2eds/bin/gnu/h-i686-mingw32/bin/../lib/gcc/nios2-elf/4.1.2/../../../../nios2-elf/lib/mno-hw-mul\libsmallc.a(lib_a-int_errno.o)
 .debug_pubnames
                0x00000234       0x48 c:/altera/13.0sp1/nios2eds/bin/gnu/h-i686-mingw32/bin/../lib/gcc/nios2-elf/4.1.2/mno-hw-mul\libgcc.a(lib2-divmod.o)
 .debug_pubnames
                0x0000027c       0x1f ../Final_bsp/\libhal_bsp.a(alt_load.o)
 .debug_pubnames
                0x0000029b       0x46 ../Final_bsp/\libhal_bsp.a(alt_main.o)
 .debug_pubnames
                0x000002e1       0x1c ../Final_bsp/\libhal_bsp.a(alt_write.o)
 .debug_pubnames
                0x000002fd       0x34 ../Final_bsp/\libhal_bsp.a(alt_sys_init.o)
 .debug_pubnames
                0x00000331       0x5b ../Final_bsp/\libhal_bsp.a(altera_avalon_jtag_uart_fd.o)
 .debug_pubnames
                0x0000038c       0x33 ../Final_bsp/\libhal_bsp.a(altera_avalon_jtag_uart_read.o)
 .debug_pubnames
                0x000003bf       0x34 ../Final_bsp/\libhal_bsp.a(altera_avalon_jtag_uart_write.o)
 .debug_pubnames
                0x000003f3       0x2f ../Final_bsp/\libhal_bsp.a(altera_avalon_timer_sc.o)
 .debug_pubnames
                0x00000422       0x1c ../Final_bsp/\libhal_bsp.a(alt_close.o)
 .debug_pubnames
                0x0000043e       0x2b ../Final_bsp/\libhal_bsp.a(alt_dcache_flush_all.o)
 .debug_pubnames
                0x00000469       0x63 ../Final_bsp/\libhal_bsp.a(alt_dev.o)
 .debug_pubnames
                0x000004cc       0x2b ../Final_bsp/\libhal_bsp.a(alt_dev_llist_insert.o)
 .debug_pubnames
                0x000004f7       0x20 ../Final_bsp/\libhal_bsp.a(alt_errno.o)
 .debug_pubnames
                0x00000517       0x2b ../Final_bsp/\libhal_bsp.a(alt_icache_flush_all.o)
 .debug_pubnames
                0x00000542       0x6e ../Final_bsp/\libhal_bsp.a(alt_iic.o)
 .debug_pubnames
                0x000005b0       0x2b ../Final_bsp/\libhal_bsp.a(alt_iic_isr_register.o)
 .debug_pubnames
                0x000005db       0x26 ../Final_bsp/\libhal_bsp.a(alt_io_redirect.o)
 .debug_pubnames
                0x00000601       0x32 ../Final_bsp/\libhal_bsp.a(alt_irq_handler.o)
 .debug_pubnames
                0x00000633       0x3b ../Final_bsp/\libhal_bsp.a(alt_irq_vars.o)
 .debug_pubnames
                0x0000066e       0x1b ../Final_bsp/\libhal_bsp.a(alt_open.o)
 .debug_pubnames
                0x00000689       0x25 ../Final_bsp/\libhal_bsp.a(alt_release_fd.o)
 .debug_pubnames
                0x000006ae       0x68 ../Final_bsp/\libhal_bsp.a(alt_tick.o)
 .debug_pubnames
                0x00000716       0x31 ../Final_bsp/\libhal_bsp.a(altera_nios2_qsys_irq.o)
 .debug_pubnames
                0x00000747       0x23 ../Final_bsp/\libhal_bsp.a(alt_find_dev.o)
 .debug_pubnames
                0x0000076a       0x24 ../Final_bsp/\libhal_bsp.a(alt_find_file.o)
 .debug_pubnames
                0x0000078e       0x21 ../Final_bsp/\libhal_bsp.a(alt_get_fd.o)
 .debug_pubnames
                0x000007af       0x1b c:/altera/13.0sp1/nios2eds/bin/gnu/h-i686-mingw32/bin/../lib/gcc/nios2-elf/4.1.2/../../../../nios2-elf/lib/mno-hw-mul\libsmallc.a(lib_a-exit.o)
 .debug_pubnames
                0x000007ca       0x1d c:/altera/13.0sp1/nios2eds/bin/gnu/h-i686-mingw32/bin/../lib/gcc/nios2-elf/4.1.2/../../../../nios2-elf/lib/mno-hw-mul\libsmallc.a(lib_a-memcmp.o)
 .debug_pubnames
                0x000007e7       0x27 c:/altera/13.0sp1/nios2eds/bin/gnu/h-i686-mingw32/bin/../lib/gcc/nios2-elf/4.1.2/../../../../nios2-elf/lib/mno-hw-mul\libsmallc.a(lib_a-__call_atexit.o)
 .debug_pubnames
                0x0000080e       0x1c ../Final_bsp/\libhal_bsp.a(alt_exit.o)

.debug_info     0x00000000     0x9e20
 *(.debug_info .gnu.linkonce.wi.*)
 .debug_info    0x00000000       0x88 ../Final_bsp//obj/HAL/src/crt0.o
 .debug_info    0x00000088      0x356 obj/default/hello_world.o
 .debug_info    0x000003de       0xf3 c:/altera/13.0sp1/nios2eds/bin/gnu/h-i686-mingw32/bin/../lib/gcc/nios2-elf/4.1.2/mno-hw-mul\libgcc.a(lib2-mul.o)
 .debug_info    0x000004d1      0x6c8 c:/altera/13.0sp1/nios2eds/bin/gnu/h-i686-mingw32/bin/../lib/gcc/nios2-elf/4.1.2/../../../../nios2-elf/lib/mno-hw-mul\libsmallc.a(lib_a-printf.o)
 .debug_info    0x00000b99      0x685 c:/altera/13.0sp1/nios2eds/bin/gnu/h-i686-mingw32/bin/../lib/gcc/nios2-elf/4.1.2/../../../../nios2-elf/lib/mno-hw-mul\libsmallc.a(lib_a-puts.o)
 .debug_info    0x0000121e       0xc2 c:/altera/13.0sp1/nios2eds/bin/gnu/h-i686-mingw32/bin/../lib/gcc/nios2-elf/4.1.2/../../../../nios2-elf/lib/mno-hw-mul\libsmallc.a(lib_a-strlen.o)
 .debug_info    0x000012e0      0x9b6 c:/altera/13.0sp1/nios2eds/bin/gnu/h-i686-mingw32/bin/../lib/gcc/nios2-elf/4.1.2/../../../../nios2-elf/lib/mno-hw-mul\libsmallc.a(lib_a-vfprintf.o)
 .debug_info    0x00001c96      0x68e c:/altera/13.0sp1/nios2eds/bin/gnu/h-i686-mingw32/bin/../lib/gcc/nios2-elf/4.1.2/../../../../nios2-elf/lib/mno-hw-mul\libsmallc.a(lib_a-fvwrite_small_dev.o)
 .debug_info    0x00002324      0x636 c:/altera/13.0sp1/nios2eds/bin/gnu/h-i686-mingw32/bin/../lib/gcc/nios2-elf/4.1.2/../../../../nios2-elf/lib/mno-hw-mul\libsmallc.a(lib_a-impure.o)
 .debug_info    0x0000295a      0x68c c:/altera/13.0sp1/nios2eds/bin/gnu/h-i686-mingw32/bin/../lib/gcc/nios2-elf/4.1.2/../../../../nios2-elf/lib/mno-hw-mul\libsmallc.a(lib_a-writer.o)
 .debug_info    0x00002fe6       0x8c c:/altera/13.0sp1/nios2eds/bin/gnu/h-i686-mingw32/bin/../lib/gcc/nios2-elf/4.1.2/../../../../nios2-elf/lib/mno-hw-mul\libsmallc.a(lib_a-int_errno.o)
 .debug_info    0x00003072      0x21c c:/altera/13.0sp1/nios2eds/bin/gnu/h-i686-mingw32/bin/../lib/gcc/nios2-elf/4.1.2/mno-hw-mul\libgcc.a(lib2-divmod.o)
 .debug_info    0x0000328e      0x29a ../Final_bsp/\libhal_bsp.a(alt_load.o)
 .debug_info    0x00003528      0x232 ../Final_bsp/\libhal_bsp.a(alt_main.o)
 .debug_info    0x0000375a      0x6a0 ../Final_bsp/\libhal_bsp.a(alt_write.o)
 .debug_info    0x00003dfa      0x5d0 ../Final_bsp/\libhal_bsp.a(alt_sys_init.o)
 .debug_info    0x000043ca      0x5c6 ../Final_bsp/\libhal_bsp.a(altera_avalon_jtag_uart_fd.o)
 .debug_info    0x00004990      0x316 ../Final_bsp/\libhal_bsp.a(altera_avalon_jtag_uart_read.o)
 .debug_info    0x00004ca6      0x2f3 ../Final_bsp/\libhal_bsp.a(altera_avalon_jtag_uart_write.o)
 .debug_info    0x00004f99      0x398 ../Final_bsp/\libhal_bsp.a(altera_avalon_timer_sc.o)
 .debug_info    0x00005331      0x474 ../Final_bsp/\libhal_bsp.a(alt_close.o)
 .debug_info    0x000057a5      0x169 ../Final_bsp/\libhal_bsp.a(alt_dcache_flush_all.o)
 .debug_info    0x0000590e      0x68c ../Final_bsp/\libhal_bsp.a(alt_dev.o)
 .debug_info    0x00005f9a      0x2c4 ../Final_bsp/\libhal_bsp.a(alt_dev_llist_insert.o)
 .debug_info    0x0000625e      0x171 ../Final_bsp/\libhal_bsp.a(alt_errno.o)
 .debug_info    0x000063cf      0x169 ../Final_bsp/\libhal_bsp.a(alt_icache_flush_all.o)
 .debug_info    0x00006538      0x4a0 ../Final_bsp/\libhal_bsp.a(alt_iic.o)
 .debug_info    0x000069d8      0x321 ../Final_bsp/\libhal_bsp.a(alt_iic_isr_register.o)
 .debug_info    0x00006cf9      0x6a2 ../Final_bsp/\libhal_bsp.a(alt_io_redirect.o)
 .debug_info    0x0000739b       0x91 ../Final_bsp/\libhal_bsp.a(alt_irq_entry.o)
 .debug_info    0x0000742c      0x282 ../Final_bsp/\libhal_bsp.a(alt_irq_handler.o)
 .debug_info    0x000076ae      0x174 ../Final_bsp/\libhal_bsp.a(alt_irq_vars.o)
 .debug_info    0x00007822      0x532 ../Final_bsp/\libhal_bsp.a(alt_open.o)
 .debug_info    0x00007d54      0x3ff ../Final_bsp/\libhal_bsp.a(alt_release_fd.o)
 .debug_info    0x00008153      0x40b ../Final_bsp/\libhal_bsp.a(alt_tick.o)
 .debug_info    0x0000855e      0x170 ../Final_bsp/\libhal_bsp.a(altera_nios2_qsys_irq.o)
 .debug_info    0x000086ce       0x97 ../Final_bsp/\libhal_bsp.a(alt_exception_entry.o)
 .debug_info    0x00008765      0x425 ../Final_bsp/\libhal_bsp.a(alt_find_dev.o)
 .debug_info    0x00008b8a      0x42c ../Final_bsp/\libhal_bsp.a(alt_find_file.o)
 .debug_info    0x00008fb6      0x46d ../Final_bsp/\libhal_bsp.a(alt_get_fd.o)
 .debug_info    0x00009423       0x9f c:/altera/13.0sp1/nios2eds/bin/gnu/h-i686-mingw32/bin/../lib/gcc/nios2-elf/4.1.2/../../../../nios2-elf/lib/mno-hw-mul\libsmallc.a(lib_a-exit.o)
 .debug_info    0x000094c2       0xef c:/altera/13.0sp1/nios2eds/bin/gnu/h-i686-mingw32/bin/../lib/gcc/nios2-elf/4.1.2/../../../../nios2-elf/lib/mno-hw-mul\libsmallc.a(lib_a-memcmp.o)
 .debug_info    0x000095b1      0x6d5 c:/altera/13.0sp1/nios2eds/bin/gnu/h-i686-mingw32/bin/../lib/gcc/nios2-elf/4.1.2/../../../../nios2-elf/lib/mno-hw-mul\libsmallc.a(lib_a-__call_atexit.o)
 .debug_info    0x00009c86      0x19a ../Final_bsp/\libhal_bsp.a(alt_exit.o)

.debug_abbrev   0x00000000     0x2477
 *(.debug_abbrev)
 .debug_abbrev  0x00000000       0x12 ../Final_bsp//obj/HAL/src/crt0.o
 .debug_abbrev  0x00000012       0x92 obj/default/hello_world.o
 .debug_abbrev  0x000000a4       0x7b c:/altera/13.0sp1/nios2eds/bin/gnu/h-i686-mingw32/bin/../lib/gcc/nios2-elf/4.1.2/mno-hw-mul\libgcc.a(lib2-mul.o)
 .debug_abbrev  0x0000011f      0x179 c:/altera/13.0sp1/nios2eds/bin/gnu/h-i686-mingw32/bin/../lib/gcc/nios2-elf/4.1.2/../../../../nios2-elf/lib/mno-hw-mul\libsmallc.a(lib_a-printf.o)
 .debug_abbrev  0x00000298      0x180 c:/altera/13.0sp1/nios2eds/bin/gnu/h-i686-mingw32/bin/../lib/gcc/nios2-elf/4.1.2/../../../../nios2-elf/lib/mno-hw-mul\libsmallc.a(lib_a-puts.o)
 .debug_abbrev  0x00000418       0x7a c:/altera/13.0sp1/nios2eds/bin/gnu/h-i686-mingw32/bin/../lib/gcc/nios2-elf/4.1.2/../../../../nios2-elf/lib/mno-hw-mul\libsmallc.a(lib_a-strlen.o)
 .debug_abbrev  0x00000492      0x263 c:/altera/13.0sp1/nios2eds/bin/gnu/h-i686-mingw32/bin/../lib/gcc/nios2-elf/4.1.2/../../../../nios2-elf/lib/mno-hw-mul\libsmallc.a(lib_a-vfprintf.o)
 .debug_abbrev  0x000006f5      0x179 c:/altera/13.0sp1/nios2eds/bin/gnu/h-i686-mingw32/bin/../lib/gcc/nios2-elf/4.1.2/../../../../nios2-elf/lib/mno-hw-mul\libsmallc.a(lib_a-fvwrite_small_dev.o)
 .debug_abbrev  0x0000086e      0x13f c:/altera/13.0sp1/nios2eds/bin/gnu/h-i686-mingw32/bin/../lib/gcc/nios2-elf/4.1.2/../../../../nios2-elf/lib/mno-hw-mul\libsmallc.a(lib_a-impure.o)
 .debug_abbrev  0x000009ad      0x16c c:/altera/13.0sp1/nios2eds/bin/gnu/h-i686-mingw32/bin/../lib/gcc/nios2-elf/4.1.2/../../../../nios2-elf/lib/mno-hw-mul\libsmallc.a(lib_a-writer.o)
 .debug_abbrev  0x00000b19       0x3b c:/altera/13.0sp1/nios2eds/bin/gnu/h-i686-mingw32/bin/../lib/gcc/nios2-elf/4.1.2/../../../../nios2-elf/lib/mno-hw-mul\libsmallc.a(lib_a-int_errno.o)
 .debug_abbrev  0x00000b54       0xe0 c:/altera/13.0sp1/nios2eds/bin/gnu/h-i686-mingw32/bin/../lib/gcc/nios2-elf/4.1.2/mno-hw-mul\libgcc.a(lib2-divmod.o)
 .debug_abbrev  0x00000c34       0x88 ../Final_bsp/\libhal_bsp.a(alt_load.o)
 .debug_abbrev  0x00000cbc       0xb7 ../Final_bsp/\libhal_bsp.a(alt_main.o)
 .debug_abbrev  0x00000d73      0x100 ../Final_bsp/\libhal_bsp.a(alt_write.o)
 .debug_abbrev  0x00000e73      0x121 ../Final_bsp/\libhal_bsp.a(alt_sys_init.o)
 .debug_abbrev  0x00000f94       0xcb ../Final_bsp/\libhal_bsp.a(altera_avalon_jtag_uart_fd.o)
 .debug_abbrev  0x0000105f       0xb6 ../Final_bsp/\libhal_bsp.a(altera_avalon_jtag_uart_read.o)
 .debug_abbrev  0x00001115       0xb4 ../Final_bsp/\libhal_bsp.a(altera_avalon_jtag_uart_write.o)
 .debug_abbrev  0x000011c9      0x137 ../Final_bsp/\libhal_bsp.a(altera_avalon_timer_sc.o)
 .debug_abbrev  0x00001300       0xfb ../Final_bsp/\libhal_bsp.a(alt_close.o)
 .debug_abbrev  0x000013fb       0x3f ../Final_bsp/\libhal_bsp.a(alt_dcache_flush_all.o)
 .debug_abbrev  0x0000143a       0xc7 ../Final_bsp/\libhal_bsp.a(alt_dev.o)
 .debug_abbrev  0x00001501       0xf6 ../Final_bsp/\libhal_bsp.a(alt_dev_llist_insert.o)
 .debug_abbrev  0x000015f7       0x5e ../Final_bsp/\libhal_bsp.a(alt_errno.o)
 .debug_abbrev  0x00001655       0x3f ../Final_bsp/\libhal_bsp.a(alt_icache_flush_all.o)
 .debug_abbrev  0x00001694      0x134 ../Final_bsp/\libhal_bsp.a(alt_iic.o)
 .debug_abbrev  0x000017c8      0x14e ../Final_bsp/\libhal_bsp.a(alt_iic_isr_register.o)
 .debug_abbrev  0x00001916       0xf0 ../Final_bsp/\libhal_bsp.a(alt_io_redirect.o)
 .debug_abbrev  0x00001a06       0x12 ../Final_bsp/\libhal_bsp.a(alt_irq_entry.o)
 .debug_abbrev  0x00001a18      0x10c ../Final_bsp/\libhal_bsp.a(alt_irq_handler.o)
 .debug_abbrev  0x00001b24       0x44 ../Final_bsp/\libhal_bsp.a(alt_irq_vars.o)
 .debug_abbrev  0x00001b68      0x112 ../Final_bsp/\libhal_bsp.a(alt_open.o)
 .debug_abbrev  0x00001c7a       0xc1 ../Final_bsp/\libhal_bsp.a(alt_release_fd.o)
 .debug_abbrev  0x00001d3b      0x150 ../Final_bsp/\libhal_bsp.a(alt_tick.o)
 .debug_abbrev  0x00001e8b       0x3f ../Final_bsp/\libhal_bsp.a(altera_nios2_qsys_irq.o)
 .debug_abbrev  0x00001eca       0x12 ../Final_bsp/\libhal_bsp.a(alt_exception_entry.o)
 .debug_abbrev  0x00001edc       0xcf ../Final_bsp/\libhal_bsp.a(alt_find_dev.o)
 .debug_abbrev  0x00001fab       0xcf ../Final_bsp/\libhal_bsp.a(alt_find_file.o)
 .debug_abbrev  0x0000207a       0xfb ../Final_bsp/\libhal_bsp.a(alt_get_fd.o)
 .debug_abbrev  0x00002175       0x4e c:/altera/13.0sp1/nios2eds/bin/gnu/h-i686-mingw32/bin/../lib/gcc/nios2-elf/4.1.2/../../../../nios2-elf/lib/mno-hw-mul\libsmallc.a(lib_a-exit.o)
 .debug_abbrev  0x000021c3       0x7c c:/altera/13.0sp1/nios2eds/bin/gnu/h-i686-mingw32/bin/../lib/gcc/nios2-elf/4.1.2/../../../../nios2-elf/lib/mno-hw-mul\libsmallc.a(lib_a-memcmp.o)
 .debug_abbrev  0x0000223f      0x1c6 c:/altera/13.0sp1/nios2eds/bin/gnu/h-i686-mingw32/bin/../lib/gcc/nios2-elf/4.1.2/../../../../nios2-elf/lib/mno-hw-mul\libsmallc.a(lib_a-__call_atexit.o)
 .debug_abbrev  0x00002405       0x72 ../Final_bsp/\libhal_bsp.a(alt_exit.o)

.debug_line     0x00000000     0x651e
 *(.debug_line)
 .debug_line    0x00000000       0x66 ../Final_bsp//obj/HAL/src/crt0.o
 .debug_line    0x00000066      0x2a2 obj/default/hello_world.o
 .debug_line    0x00000308      0x11a c:/altera/13.0sp1/nios2eds/bin/gnu/h-i686-mingw32/bin/../lib/gcc/nios2-elf/4.1.2/mno-hw-mul\libgcc.a(lib2-mul.o)
 .debug_line    0x00000422      0x2be c:/altera/13.0sp1/nios2eds/bin/gnu/h-i686-mingw32/bin/../lib/gcc/nios2-elf/4.1.2/../../../../nios2-elf/lib/mno-hw-mul\libsmallc.a(lib_a-printf.o)
 .debug_line    0x000006e0      0x2b2 c:/altera/13.0sp1/nios2eds/bin/gnu/h-i686-mingw32/bin/../lib/gcc/nios2-elf/4.1.2/../../../../nios2-elf/lib/mno-hw-mul\libsmallc.a(lib_a-puts.o)
 .debug_line    0x00000992      0x250 c:/altera/13.0sp1/nios2eds/bin/gnu/h-i686-mingw32/bin/../lib/gcc/nios2-elf/4.1.2/../../../../nios2-elf/lib/mno-hw-mul\libsmallc.a(lib_a-strlen.o)
 .debug_line    0x00000be2      0x666 c:/altera/13.0sp1/nios2eds/bin/gnu/h-i686-mingw32/bin/../lib/gcc/nios2-elf/4.1.2/../../../../nios2-elf/lib/mno-hw-mul\libsmallc.a(lib_a-vfprintf.o)
 .debug_line    0x00001248      0x2a9 c:/altera/13.0sp1/nios2eds/bin/gnu/h-i686-mingw32/bin/../lib/gcc/nios2-elf/4.1.2/../../../../nios2-elf/lib/mno-hw-mul\libsmallc.a(lib_a-fvwrite_small_dev.o)
 .debug_line    0x000014f1      0x230 c:/altera/13.0sp1/nios2eds/bin/gnu/h-i686-mingw32/bin/../lib/gcc/nios2-elf/4.1.2/../../../../nios2-elf/lib/mno-hw-mul\libsmallc.a(lib_a-impure.o)
 .debug_line    0x00001721      0x29d c:/altera/13.0sp1/nios2eds/bin/gnu/h-i686-mingw32/bin/../lib/gcc/nios2-elf/4.1.2/../../../../nios2-elf/lib/mno-hw-mul\libsmallc.a(lib_a-writer.o)
 .debug_line    0x000019be      0x1e2 c:/altera/13.0sp1/nios2eds/bin/gnu/h-i686-mingw32/bin/../lib/gcc/nios2-elf/4.1.2/../../../../nios2-elf/lib/mno-hw-mul\libsmallc.a(lib_a-int_errno.o)
 .debug_line    0x00001ba0      0x24f c:/altera/13.0sp1/nios2eds/bin/gnu/h-i686-mingw32/bin/../lib/gcc/nios2-elf/4.1.2/mno-hw-mul\libgcc.a(lib2-divmod.o)
 .debug_line    0x00001def      0x217 ../Final_bsp/\libhal_bsp.a(alt_load.o)
 .debug_line    0x00002006      0x2ba ../Final_bsp/\libhal_bsp.a(alt_main.o)
 .debug_line    0x000022c0      0x2c9 ../Final_bsp/\libhal_bsp.a(alt_write.o)
 .debug_line    0x00002589      0x2c7 ../Final_bsp/\libhal_bsp.a(alt_sys_init.o)
 .debug_line    0x00002850      0x1d7 ../Final_bsp/\libhal_bsp.a(altera_avalon_jtag_uart_fd.o)
 .debug_line    0x00002a27      0x343 ../Final_bsp/\libhal_bsp.a(altera_avalon_jtag_uart_read.o)
 .debug_line    0x00002d6a      0x304 ../Final_bsp/\libhal_bsp.a(altera_avalon_jtag_uart_write.o)
 .debug_line    0x0000306e      0x2b3 ../Final_bsp/\libhal_bsp.a(altera_avalon_timer_sc.o)
 .debug_line    0x00003321      0x299 ../Final_bsp/\libhal_bsp.a(alt_close.o)
 .debug_line    0x000035ba      0x1b5 ../Final_bsp/\libhal_bsp.a(alt_dcache_flush_all.o)
 .debug_line    0x0000376f      0x254 ../Final_bsp/\libhal_bsp.a(alt_dev.o)
 .debug_line    0x000039c3      0x25a ../Final_bsp/\libhal_bsp.a(alt_dev_llist_insert.o)
 .debug_line    0x00003c1d      0x1aa ../Final_bsp/\libhal_bsp.a(alt_errno.o)
 .debug_line    0x00003dc7      0x1b5 ../Final_bsp/\libhal_bsp.a(alt_icache_flush_all.o)
 .debug_line    0x00003f7c      0x2c8 ../Final_bsp/\libhal_bsp.a(alt_iic.o)
 .debug_line    0x00004244      0x249 ../Final_bsp/\libhal_bsp.a(alt_iic_isr_register.o)
 .debug_line    0x0000448d      0x2b4 ../Final_bsp/\libhal_bsp.a(alt_io_redirect.o)
 .debug_line    0x00004741       0x6b ../Final_bsp/\libhal_bsp.a(alt_irq_entry.o)
 .debug_line    0x000047ac      0x248 ../Final_bsp/\libhal_bsp.a(alt_irq_handler.o)
 .debug_line    0x000049f4       0x72 ../Final_bsp/\libhal_bsp.a(alt_irq_vars.o)
 .debug_line    0x00004a66      0x2ff ../Final_bsp/\libhal_bsp.a(alt_open.o)
 .debug_line    0x00004d65       0xed ../Final_bsp/\libhal_bsp.a(alt_release_fd.o)
 .debug_line    0x00004e52      0x2dc ../Final_bsp/\libhal_bsp.a(alt_tick.o)
 .debug_line    0x0000512e      0x1ce ../Final_bsp/\libhal_bsp.a(altera_nios2_qsys_irq.o)
 .debug_line    0x000052fc       0xab ../Final_bsp/\libhal_bsp.a(alt_exception_entry.o)
 .debug_line    0x000053a7      0x26b ../Final_bsp/\libhal_bsp.a(alt_find_dev.o)
 .debug_line    0x00005612      0x27c ../Final_bsp/\libhal_bsp.a(alt_find_file.o)
 .debug_line    0x0000588e      0x297 ../Final_bsp/\libhal_bsp.a(alt_get_fd.o)
 .debug_line    0x00005b25      0x223 c:/altera/13.0sp1/nios2eds/bin/gnu/h-i686-mingw32/bin/../lib/gcc/nios2-elf/4.1.2/../../../../nios2-elf/lib/mno-hw-mul\libsmallc.a(lib_a-exit.o)
 .debug_line    0x00005d48      0x270 c:/altera/13.0sp1/nios2eds/bin/gnu/h-i686-mingw32/bin/../lib/gcc/nios2-elf/4.1.2/../../../../nios2-elf/lib/mno-hw-mul\libsmallc.a(lib_a-memcmp.o)
 .debug_line    0x00005fb8      0x360 c:/altera/13.0sp1/nios2eds/bin/gnu/h-i686-mingw32/bin/../lib/gcc/nios2-elf/4.1.2/../../../../nios2-elf/lib/mno-hw-mul\libsmallc.a(lib_a-__call_atexit.o)
 .debug_line    0x00006318      0x206 ../Final_bsp/\libhal_bsp.a(alt_exit.o)

.debug_frame    0x00000000      0x8d0
 *(.debug_frame)
 .debug_frame   0x00000000       0x30 obj/default/hello_world.o
 .debug_frame   0x00000030       0x20 c:/altera/13.0sp1/nios2eds/bin/gnu/h-i686-mingw32/bin/../lib/gcc/nios2-elf/4.1.2/mno-hw-mul\libgcc.a(lib2-mul.o)
 .debug_frame   0x00000050       0x40 c:/altera/13.0sp1/nios2eds/bin/gnu/h-i686-mingw32/bin/../lib/gcc/nios2-elf/4.1.2/../../../../nios2-elf/lib/mno-hw-mul\libsmallc.a(lib_a-printf.o)
 .debug_frame   0x00000090       0x3c c:/altera/13.0sp1/nios2eds/bin/gnu/h-i686-mingw32/bin/../lib/gcc/nios2-elf/4.1.2/../../../../nios2-elf/lib/mno-hw-mul\libsmallc.a(lib_a-puts.o)
 .debug_frame   0x000000cc       0x20 c:/altera/13.0sp1/nios2eds/bin/gnu/h-i686-mingw32/bin/../lib/gcc/nios2-elf/4.1.2/../../../../nios2-elf/lib/mno-hw-mul\libsmallc.a(lib_a-strlen.o)
 .debug_frame   0x000000ec       0x64 c:/altera/13.0sp1/nios2eds/bin/gnu/h-i686-mingw32/bin/../lib/gcc/nios2-elf/4.1.2/../../../../nios2-elf/lib/mno-hw-mul\libsmallc.a(lib_a-vfprintf.o)
 .debug_frame   0x00000150       0x30 c:/altera/13.0sp1/nios2eds/bin/gnu/h-i686-mingw32/bin/../lib/gcc/nios2-elf/4.1.2/../../../../nios2-elf/lib/mno-hw-mul\libsmallc.a(lib_a-fvwrite_small_dev.o)
 .debug_frame   0x00000180       0x2c c:/altera/13.0sp1/nios2eds/bin/gnu/h-i686-mingw32/bin/../lib/gcc/nios2-elf/4.1.2/../../../../nios2-elf/lib/mno-hw-mul\libsmallc.a(lib_a-writer.o)
 .debug_frame   0x000001ac       0x70 c:/altera/13.0sp1/nios2eds/bin/gnu/h-i686-mingw32/bin/../lib/gcc/nios2-elf/4.1.2/mno-hw-mul\libgcc.a(lib2-divmod.o)
 .debug_frame   0x0000021c       0x48 ../Final_bsp/\libhal_bsp.a(alt_load.o)
 .debug_frame   0x00000264       0x2c ../Final_bsp/\libhal_bsp.a(alt_main.o)
 .debug_frame   0x00000290       0x48 ../Final_bsp/\libhal_bsp.a(alt_write.o)
 .debug_frame   0x000002d8       0x64 ../Final_bsp/\libhal_bsp.a(alt_sys_init.o)
 .debug_frame   0x0000033c       0x48 ../Final_bsp/\libhal_bsp.a(altera_avalon_jtag_uart_fd.o)
 .debug_frame   0x00000384       0x2c ../Final_bsp/\libhal_bsp.a(altera_avalon_jtag_uart_read.o)
 .debug_frame   0x000003b0       0x2c ../Final_bsp/\libhal_bsp.a(altera_avalon_jtag_uart_write.o)
 .debug_frame   0x000003dc       0x48 ../Final_bsp/\libhal_bsp.a(altera_avalon_timer_sc.o)
 .debug_frame   0x00000424       0x48 ../Final_bsp/\libhal_bsp.a(alt_close.o)
 .debug_frame   0x0000046c       0x2c ../Final_bsp/\libhal_bsp.a(alt_dcache_flush_all.o)
 .debug_frame   0x00000498       0x2c ../Final_bsp/\libhal_bsp.a(alt_dev.o)
 .debug_frame   0x000004c4       0x48 ../Final_bsp/\libhal_bsp.a(alt_dev_llist_insert.o)
 .debug_frame   0x0000050c       0x2c ../Final_bsp/\libhal_bsp.a(alt_icache_flush_all.o)
 .debug_frame   0x00000538       0x80 ../Final_bsp/\libhal_bsp.a(alt_iic.o)
 .debug_frame   0x000005b8       0x2c ../Final_bsp/\libhal_bsp.a(alt_iic_isr_register.o)
 .debug_frame   0x000005e4       0x4c ../Final_bsp/\libhal_bsp.a(alt_io_redirect.o)
 .debug_frame   0x00000630       0x2c ../Final_bsp/\libhal_bsp.a(alt_irq_handler.o)
 .debug_frame   0x0000065c       0x68 ../Final_bsp/\libhal_bsp.a(alt_open.o)
 .debug_frame   0x000006c4       0x30 ../Final_bsp/\libhal_bsp.a(alt_release_fd.o)
 .debug_frame   0x000006f4       0x48 ../Final_bsp/\libhal_bsp.a(alt_tick.o)
 .debug_frame   0x0000073c       0x2c ../Final_bsp/\libhal_bsp.a(altera_nios2_qsys_irq.o)
 .debug_frame   0x00000768       0x2c ../Final_bsp/\libhal_bsp.a(alt_find_dev.o)
 .debug_frame   0x00000794       0x2c ../Final_bsp/\libhal_bsp.a(alt_find_file.o)
 .debug_frame   0x000007c0       0x30 ../Final_bsp/\libhal_bsp.a(alt_get_fd.o)
 .debug_frame   0x000007f0       0x2c c:/altera/13.0sp1/nios2eds/bin/gnu/h-i686-mingw32/bin/../lib/gcc/nios2-elf/4.1.2/../../../../nios2-elf/lib/mno-hw-mul\libsmallc.a(lib_a-exit.o)
 .debug_frame   0x0000081c       0x20 c:/altera/13.0sp1/nios2eds/bin/gnu/h-i686-mingw32/bin/../lib/gcc/nios2-elf/4.1.2/../../../../nios2-elf/lib/mno-hw-mul\libsmallc.a(lib_a-memcmp.o)
 .debug_frame   0x0000083c       0x4c c:/altera/13.0sp1/nios2eds/bin/gnu/h-i686-mingw32/bin/../lib/gcc/nios2-elf/4.1.2/../../../../nios2-elf/lib/mno-hw-mul\libsmallc.a(lib_a-__call_atexit.o)
 .debug_frame   0x00000888       0x48 ../Final_bsp/\libhal_bsp.a(alt_exit.o)

.debug_str      0x00000000      0xd54
 *(.debug_str)
 .debug_str     0x00000000       0x12 obj/default/hello_world.o
 .debug_str     0x00000012      0x128 c:/altera/13.0sp1/nios2eds/bin/gnu/h-i686-mingw32/bin/../lib/gcc/nios2-elf/4.1.2/mno-hw-mul\libgcc.a(lib2-mul.o)
                                0x175 (size before relaxing)
 .debug_str     0x0000013a      0x3aa c:/altera/13.0sp1/nios2eds/bin/gnu/h-i686-mingw32/bin/../lib/gcc/nios2-elf/4.1.2/../../../../nios2-elf/lib/mno-hw-mul\libsmallc.a(lib_a-printf.o)
                                0x466 (size before relaxing)
 .debug_str     0x000004e4       0x48 c:/altera/13.0sp1/nios2eds/bin/gnu/h-i686-mingw32/bin/../lib/gcc/nios2-elf/4.1.2/../../../../nios2-elf/lib/mno-hw-mul\libsmallc.a(lib_a-puts.o)
                                0x450 (size before relaxing)
 .debug_str     0x0000052c       0xe2 c:/altera/13.0sp1/nios2eds/bin/gnu/h-i686-mingw32/bin/../lib/gcc/nios2-elf/4.1.2/../../../../nios2-elf/lib/mno-hw-mul\libsmallc.a(lib_a-strlen.o)
                                0x184 (size before relaxing)
 .debug_str     0x0000060e      0x168 c:/altera/13.0sp1/nios2eds/bin/gnu/h-i686-mingw32/bin/../lib/gcc/nios2-elf/4.1.2/../../../../nios2-elf/lib/mno-hw-mul\libsmallc.a(lib_a-vfprintf.o)
                                0x5af (size before relaxing)
 .debug_str     0x00000776       0x70 c:/altera/13.0sp1/nios2eds/bin/gnu/h-i686-mingw32/bin/../lib/gcc/nios2-elf/4.1.2/../../../../nios2-elf/lib/mno-hw-mul\libsmallc.a(lib_a-fvwrite_small_dev.o)
                                0x46a (size before relaxing)
 .debug_str     0x000007e6       0xf8 c:/altera/13.0sp1/nios2eds/bin/gnu/h-i686-mingw32/bin/../lib/gcc/nios2-elf/4.1.2/../../../../nios2-elf/lib/mno-hw-mul\libsmallc.a(lib_a-impure.o)
                                0x45d (size before relaxing)
 .debug_str     0x000008de       0x4f c:/altera/13.0sp1/nios2eds/bin/gnu/h-i686-mingw32/bin/../lib/gcc/nios2-elf/4.1.2/../../../../nios2-elf/lib/mno-hw-mul\libsmallc.a(lib_a-writer.o)
                                0x451 (size before relaxing)
 .debug_str     0x0000092d       0x40 c:/altera/13.0sp1/nios2eds/bin/gnu/h-i686-mingw32/bin/../lib/gcc/nios2-elf/4.1.2/../../../../nios2-elf/lib/mno-hw-mul\libsmallc.a(lib_a-int_errno.o)
                                0x177 (size before relaxing)
 .debug_str     0x0000096d       0x76 c:/altera/13.0sp1/nios2eds/bin/gnu/h-i686-mingw32/bin/../lib/gcc/nios2-elf/4.1.2/mno-hw-mul\libgcc.a(lib2-divmod.o)
                                0x1b4 (size before relaxing)
 .debug_str     0x000009e3       0x12 ../Final_bsp/\libhal_bsp.a(alt_load.o)
 .debug_str     0x000009f5       0x12 ../Final_bsp/\libhal_bsp.a(alt_main.o)
 .debug_str     0x00000a07       0x12 ../Final_bsp/\libhal_bsp.a(alt_write.o)
 .debug_str     0x00000a19       0x12 ../Final_bsp/\libhal_bsp.a(alt_sys_init.o)
 .debug_str     0x00000a2b       0x12 ../Final_bsp/\libhal_bsp.a(altera_avalon_jtag_uart_read.o)
 .debug_str     0x00000a3d       0x12 ../Final_bsp/\libhal_bsp.a(altera_avalon_jtag_uart_write.o)
 .debug_str     0x00000a4f       0x12 ../Final_bsp/\libhal_bsp.a(altera_avalon_timer_sc.o)
 .debug_str     0x00000a61       0x12 ../Final_bsp/\libhal_bsp.a(alt_close.o)
 .debug_str     0x00000a73       0x12 ../Final_bsp/\libhal_bsp.a(alt_dcache_flush_all.o)
 .debug_str     0x00000a85       0x12 ../Final_bsp/\libhal_bsp.a(alt_dev.o)
 .debug_str     0x00000a97       0x12 ../Final_bsp/\libhal_bsp.a(alt_dev_llist_insert.o)
 .debug_str     0x00000aa9       0x12 ../Final_bsp/\libhal_bsp.a(alt_errno.o)
 .debug_str     0x00000abb       0x12 ../Final_bsp/\libhal_bsp.a(alt_icache_flush_all.o)
 .debug_str     0x00000acd       0x18 ../Final_bsp/\libhal_bsp.a(alt_iic.o)
 .debug_str     0x00000ae5       0x1a ../Final_bsp/\libhal_bsp.a(alt_iic_isr_register.o)
 .debug_str     0x00000aff       0x12 ../Final_bsp/\libhal_bsp.a(alt_io_redirect.o)
 .debug_str     0x00000b11       0x12 ../Final_bsp/\libhal_bsp.a(alt_irq_handler.o)
 .debug_str     0x00000b23       0x12 ../Final_bsp/\libhal_bsp.a(alt_open.o)
 .debug_str     0x00000b35       0x1a ../Final_bsp/\libhal_bsp.a(alt_tick.o)
 .debug_str     0x00000b4f       0x12 ../Final_bsp/\libhal_bsp.a(altera_nios2_qsys_irq.o)
 .debug_str     0x00000b61       0x12 ../Final_bsp/\libhal_bsp.a(alt_find_dev.o)
 .debug_str     0x00000b73       0x12 ../Final_bsp/\libhal_bsp.a(alt_find_file.o)
 .debug_str     0x00000b85       0x12 ../Final_bsp/\libhal_bsp.a(alt_get_fd.o)
 .debug_str     0x00000b97       0xde c:/altera/13.0sp1/nios2eds/bin/gnu/h-i686-mingw32/bin/../lib/gcc/nios2-elf/4.1.2/../../../../nios2-elf/lib/mno-hw-mul\libsmallc.a(lib_a-exit.o)
                                0x178 (size before relaxing)
 .debug_str     0x00000c75       0x45 c:/altera/13.0sp1/nios2eds/bin/gnu/h-i686-mingw32/bin/../lib/gcc/nios2-elf/4.1.2/../../../../nios2-elf/lib/mno-hw-mul\libsmallc.a(lib_a-memcmp.o)
                                0x17e (size before relaxing)
 .debug_str     0x00000cba       0x7e c:/altera/13.0sp1/nios2eds/bin/gnu/h-i686-mingw32/bin/../lib/gcc/nios2-elf/4.1.2/../../../../nios2-elf/lib/mno-hw-mul\libsmallc.a(lib_a-__call_atexit.o)
                                0x491 (size before relaxing)
 .debug_str     0x00000d38       0x1c ../Final_bsp/\libhal_bsp.a(alt_exit.o)

.debug_loc      0x00000000     0x175b
 *(.debug_loc)
 .debug_loc     0x00000000       0x2b obj/default/hello_world.o
 .debug_loc     0x0000002b       0x4f c:/altera/13.0sp1/nios2eds/bin/gnu/h-i686-mingw32/bin/../lib/gcc/nios2-elf/4.1.2/mno-hw-mul\libgcc.a(lib2-mul.o)
 .debug_loc     0x0000007a       0x8d c:/altera/13.0sp1/nios2eds/bin/gnu/h-i686-mingw32/bin/../lib/gcc/nios2-elf/4.1.2/../../../../nios2-elf/lib/mno-hw-mul\libsmallc.a(lib_a-printf.o)
 .debug_loc     0x00000107       0xa2 c:/altera/13.0sp1/nios2eds/bin/gnu/h-i686-mingw32/bin/../lib/gcc/nios2-elf/4.1.2/../../../../nios2-elf/lib/mno-hw-mul\libsmallc.a(lib_a-puts.o)
 .debug_loc     0x000001a9       0x1e c:/altera/13.0sp1/nios2eds/bin/gnu/h-i686-mingw32/bin/../lib/gcc/nios2-elf/4.1.2/../../../../nios2-elf/lib/mno-hw-mul\libsmallc.a(lib_a-strlen.o)
 .debug_loc     0x000001c7      0x878 c:/altera/13.0sp1/nios2eds/bin/gnu/h-i686-mingw32/bin/../lib/gcc/nios2-elf/4.1.2/../../../../nios2-elf/lib/mno-hw-mul\libsmallc.a(lib_a-vfprintf.o)
 .debug_loc     0x00000a3f      0x162 c:/altera/13.0sp1/nios2eds/bin/gnu/h-i686-mingw32/bin/../lib/gcc/nios2-elf/4.1.2/../../../../nios2-elf/lib/mno-hw-mul\libsmallc.a(lib_a-fvwrite_small_dev.o)
 .debug_loc     0x00000ba1       0x97 c:/altera/13.0sp1/nios2eds/bin/gnu/h-i686-mingw32/bin/../lib/gcc/nios2-elf/4.1.2/../../../../nios2-elf/lib/mno-hw-mul\libsmallc.a(lib_a-writer.o)
 .debug_loc     0x00000c38      0x1d2 c:/altera/13.0sp1/nios2eds/bin/gnu/h-i686-mingw32/bin/../lib/gcc/nios2-elf/4.1.2/mno-hw-mul\libgcc.a(lib2-divmod.o)
 .debug_loc     0x00000e0a       0x56 ../Final_bsp/\libhal_bsp.a(alt_load.o)
 .debug_loc     0x00000e60       0x2b ../Final_bsp/\libhal_bsp.a(alt_main.o)
 .debug_loc     0x00000e8b       0x56 ../Final_bsp/\libhal_bsp.a(alt_write.o)
 .debug_loc     0x00000ee1       0x81 ../Final_bsp/\libhal_bsp.a(alt_sys_init.o)
 .debug_loc     0x00000f62       0x56 ../Final_bsp/\libhal_bsp.a(altera_avalon_jtag_uart_fd.o)
 .debug_loc     0x00000fb8       0x2b ../Final_bsp/\libhal_bsp.a(altera_avalon_jtag_uart_read.o)
 .debug_loc     0x00000fe3       0x2b ../Final_bsp/\libhal_bsp.a(altera_avalon_jtag_uart_write.o)
 .debug_loc     0x0000100e       0x56 ../Final_bsp/\libhal_bsp.a(altera_avalon_timer_sc.o)
 .debug_loc     0x00001064       0x56 ../Final_bsp/\libhal_bsp.a(alt_close.o)
 .debug_loc     0x000010ba       0x2b ../Final_bsp/\libhal_bsp.a(alt_dcache_flush_all.o)
 .debug_loc     0x000010e5       0x2b ../Final_bsp/\libhal_bsp.a(alt_dev.o)
 .debug_loc     0x00001110       0x56 ../Final_bsp/\libhal_bsp.a(alt_dev_llist_insert.o)
 .debug_loc     0x00001166       0x2b ../Final_bsp/\libhal_bsp.a(alt_icache_flush_all.o)
 .debug_loc     0x00001191       0xac ../Final_bsp/\libhal_bsp.a(alt_iic.o)
 .debug_loc     0x0000123d       0x2b ../Final_bsp/\libhal_bsp.a(alt_iic_isr_register.o)
 .debug_loc     0x00001268       0x56 ../Final_bsp/\libhal_bsp.a(alt_io_redirect.o)
 .debug_loc     0x000012be       0x2b ../Final_bsp/\libhal_bsp.a(alt_irq_handler.o)
 .debug_loc     0x000012e9       0x81 ../Final_bsp/\libhal_bsp.a(alt_open.o)
 .debug_loc     0x0000136a       0x2b ../Final_bsp/\libhal_bsp.a(alt_release_fd.o)
 .debug_loc     0x00001395       0x56 ../Final_bsp/\libhal_bsp.a(alt_tick.o)
 .debug_loc     0x000013eb       0x2b ../Final_bsp/\libhal_bsp.a(altera_nios2_qsys_irq.o)
 .debug_loc     0x00001416       0x2b ../Final_bsp/\libhal_bsp.a(alt_find_dev.o)
 .debug_loc     0x00001441       0x2b ../Final_bsp/\libhal_bsp.a(alt_find_file.o)
 .debug_loc     0x0000146c       0x2b ../Final_bsp/\libhal_bsp.a(alt_get_fd.o)
 .debug_loc     0x00001497       0x3d c:/altera/13.0sp1/nios2eds/bin/gnu/h-i686-mingw32/bin/../lib/gcc/nios2-elf/4.1.2/../../../../nios2-elf/lib/mno-hw-mul\libsmallc.a(lib_a-exit.o)
 .debug_loc     0x000014d4       0x70 c:/altera/13.0sp1/nios2eds/bin/gnu/h-i686-mingw32/bin/../lib/gcc/nios2-elf/4.1.2/../../../../nios2-elf/lib/mno-hw-mul\libsmallc.a(lib_a-memcmp.o)
 .debug_loc     0x00001544      0x1c1 c:/altera/13.0sp1/nios2eds/bin/gnu/h-i686-mingw32/bin/../lib/gcc/nios2-elf/4.1.2/../../../../nios2-elf/lib/mno-hw-mul\libsmallc.a(lib_a-__call_atexit.o)
 .debug_loc     0x00001705       0x56 ../Final_bsp/\libhal_bsp.a(alt_exit.o)

.debug_macinfo
 *(.debug_macinfo)

.debug_weaknames
 *(.debug_weaknames)

.debug_funcnames
 *(.debug_funcnames)

.debug_typenames
 *(.debug_typenames)

.debug_varnames
 *(.debug_varnames)

.debug_alt_sim_info
                0x00000000       0x10
 *(.debug_alt_sim_info)
 .debug_alt_sim_info
                0x00000000       0x10 ../Final_bsp//obj/HAL/src/crt0.o
                0x00008000                __alt_data_end = 0x8000
                0x00008000                PROVIDE (__alt_stack_pointer, __alt_data_end)
                0x00007124                PROVIDE (__alt_stack_limit, __alt_stack_base)
                0x00007124                PROVIDE (__alt_heap_start, end)
                0x00008000                PROVIDE (__alt_heap_limit, 0x8000)
OUTPUT(Final.elf elf32-littlenios2)

.debug_ranges   0x00000000      0x1d0
 .debug_ranges  0x00000000       0x20 ../Final_bsp//obj/HAL/src/crt0.o
 .debug_ranges  0x00000020      0x140 c:/altera/13.0sp1/nios2eds/bin/gnu/h-i686-mingw32/bin/../lib/gcc/nios2-elf/4.1.2/../../../../nios2-elf/lib/mno-hw-mul\libsmallc.a(lib_a-vfprintf.o)
 .debug_ranges  0x00000160       0x28 ../Final_bsp/\libhal_bsp.a(alt_irq_entry.o)
 .debug_ranges  0x00000188       0x30 ../Final_bsp/\libhal_bsp.a(alt_exception_entry.o)
 .debug_ranges  0x000001b8       0x18 c:/altera/13.0sp1/nios2eds/bin/gnu/h-i686-mingw32/bin/../lib/gcc/nios2-elf/4.1.2/../../../../nios2-elf/lib/mno-hw-mul\libsmallc.a(lib_a-__call_atexit.o)
