Archive member included because of file (symbol)

c:/altera/13.0sp1/nios2eds/bin/gnu/h-i686-mingw32/bin/../lib/gcc/nios2-elf/4.1.2/mno-hw-mul\libgcc.a(_sf_to_df.o)
                              obj/default/hello_world.o (__extendsfdf2)
c:/altera/13.0sp1/nios2eds/bin/gnu/h-i686-mingw32/bin/../lib/gcc/nios2-elf/4.1.2/mno-hw-mul\libgcc.a(_make_df.o)
                              c:/altera/13.0sp1/nios2eds/bin/gnu/h-i686-mingw32/bin/../lib/gcc/nios2-elf/4.1.2/mno-hw-mul\libgcc.a(_sf_to_df.o) (__make_dp)
c:/altera/13.0sp1/nios2eds/bin/gnu/h-i686-mingw32/bin/../lib/gcc/nios2-elf/4.1.2/mno-hw-mul\libgcc.a(_unpack_sf.o)
                              c:/altera/13.0sp1/nios2eds/bin/gnu/h-i686-mingw32/bin/../lib/gcc/nios2-elf/4.1.2/mno-hw-mul\libgcc.a(_sf_to_df.o) (__unpack_f)
c:/altera/13.0sp1/nios2eds/bin/gnu/h-i686-mingw32/bin/../lib/gcc/nios2-elf/4.1.2/mno-hw-mul\libgcc.a(_pack_df.o)
                              c:/altera/13.0sp1/nios2eds/bin/gnu/h-i686-mingw32/bin/../lib/gcc/nios2-elf/4.1.2/mno-hw-mul\libgcc.a(_make_df.o) (__pack_d)
c:/altera/13.0sp1/nios2eds/bin/gnu/h-i686-mingw32/bin/../lib/gcc/nios2-elf/4.1.2/../../../../nios2-elf/lib/mno-hw-mul\libsmallc.a(lib_a-printf.o)
                              obj/default/hello_world.o (printf)
c:/altera/13.0sp1/nios2eds/bin/gnu/h-i686-mingw32/bin/../lib/gcc/nios2-elf/4.1.2/../../../../nios2-elf/lib/mno-hw-mul\libsmallc.a(lib_a-vfprintf.o)
                              c:/altera/13.0sp1/nios2eds/bin/gnu/h-i686-mingw32/bin/../lib/gcc/nios2-elf/4.1.2/../../../../nios2-elf/lib/mno-hw-mul\libsmallc.a(lib_a-printf.o) (___vfprintf_internal_r)
c:/altera/13.0sp1/nios2eds/bin/gnu/h-i686-mingw32/bin/../lib/gcc/nios2-elf/4.1.2/../../../../nios2-elf/lib/mno-hw-mul\libsmallc.a(lib_a-fvwrite_small_dev.o)
                              c:/altera/13.0sp1/nios2eds/bin/gnu/h-i686-mingw32/bin/../lib/gcc/nios2-elf/4.1.2/../../../../nios2-elf/lib/mno-hw-mul\libsmallc.a(lib_a-printf.o) (__sfvwrite_small_dev)
c:/altera/13.0sp1/nios2eds/bin/gnu/h-i686-mingw32/bin/../lib/gcc/nios2-elf/4.1.2/../../../../nios2-elf/lib/mno-hw-mul\libsmallc.a(lib_a-impure.o)
                              c:/altera/13.0sp1/nios2eds/bin/gnu/h-i686-mingw32/bin/../lib/gcc/nios2-elf/4.1.2/../../../../nios2-elf/lib/mno-hw-mul\libsmallc.a(lib_a-printf.o) (_impure_ptr)
c:/altera/13.0sp1/nios2eds/bin/gnu/h-i686-mingw32/bin/../lib/gcc/nios2-elf/4.1.2/../../../../nios2-elf/lib/mno-hw-mul\libsmallc.a(lib_a-strlen.o)
                              c:/altera/13.0sp1/nios2eds/bin/gnu/h-i686-mingw32/bin/../lib/gcc/nios2-elf/4.1.2/../../../../nios2-elf/lib/mno-hw-mul\libsmallc.a(lib_a-vfprintf.o) (strlen)
c:/altera/13.0sp1/nios2eds/bin/gnu/h-i686-mingw32/bin/../lib/gcc/nios2-elf/4.1.2/../../../../nios2-elf/lib/mno-hw-mul\libsmallc.a(lib_a-writer.o)
                              c:/altera/13.0sp1/nios2eds/bin/gnu/h-i686-mingw32/bin/../lib/gcc/nios2-elf/4.1.2/../../../../nios2-elf/lib/mno-hw-mul\libsmallc.a(lib_a-fvwrite_small_dev.o) (_write_r)
c:/altera/13.0sp1/nios2eds/bin/gnu/h-i686-mingw32/bin/../lib/gcc/nios2-elf/4.1.2/../../../../nios2-elf/lib/mno-hw-mul\libsmallc.a(lib_a-int_errno.o)
                              c:/altera/13.0sp1/nios2eds/bin/gnu/h-i686-mingw32/bin/../lib/gcc/nios2-elf/4.1.2/../../../../nios2-elf/lib/mno-hw-mul\libsmallc.a(lib_a-writer.o) (errno)
c:/altera/13.0sp1/nios2eds/bin/gnu/h-i686-mingw32/bin/../lib/gcc/nios2-elf/4.1.2/mno-hw-mul\libgcc.a(lib2-divmod.o)
                              c:/altera/13.0sp1/nios2eds/bin/gnu/h-i686-mingw32/bin/../lib/gcc/nios2-elf/4.1.2/../../../../nios2-elf/lib/mno-hw-mul\libsmallc.a(lib_a-vfprintf.o) (__udivsi3)
c:/altera/13.0sp1/nios2eds/bin/gnu/h-i686-mingw32/bin/../lib/gcc/nios2-elf/4.1.2/mno-hw-mul\libgcc.a(lib2-mul.o)
                              c:/altera/13.0sp1/nios2eds/bin/gnu/h-i686-mingw32/bin/../lib/gcc/nios2-elf/4.1.2/../../../../nios2-elf/lib/mno-hw-mul\libsmallc.a(lib_a-vfprintf.o) (__mulsi3)
../Final_bsp/\libhal_bsp.a(alt_load.o)
                              ../Final_bsp//obj/HAL/src/crt0.o (alt_load)
../Final_bsp/\libhal_bsp.a(alt_main.o)
                              ../Final_bsp//obj/HAL/src/crt0.o (alt_main)
../Final_bsp/\libhal_bsp.a(alt_write.o)
                              c:/altera/13.0sp1/nios2eds/bin/gnu/h-i686-mingw32/bin/../lib/gcc/nios2-elf/4.1.2/../../../../nios2-elf/lib/mno-hw-mul\libsmallc.a(lib_a-writer.o) (write)
../Final_bsp/\libhal_bsp.a(alt_sys_init.o)
                              ../Final_bsp/\libhal_bsp.a(alt_main.o) (alt_irq_init)
../Final_bsp/\libhal_bsp.a(altera_avalon_jtag_uart_fd.o)
                              ../Final_bsp/\libhal_bsp.a(alt_sys_init.o) (altera_avalon_jtag_uart_read_fd)
../Final_bsp/\libhal_bsp.a(altera_avalon_jtag_uart_read.o)
                              ../Final_bsp/\libhal_bsp.a(altera_avalon_jtag_uart_fd.o) (altera_avalon_jtag_uart_read)
../Final_bsp/\libhal_bsp.a(altera_avalon_jtag_uart_write.o)
                              ../Final_bsp/\libhal_bsp.a(altera_avalon_jtag_uart_fd.o) (altera_avalon_jtag_uart_write)
../Final_bsp/\libhal_bsp.a(altera_avalon_timer_sc.o)
                              ../Final_bsp/\libhal_bsp.a(alt_sys_init.o) (alt_avalon_timer_sc_init)
../Final_bsp/\libhal_bsp.a(alt_close.o)
                              ../Final_bsp/\libhal_bsp.a(alt_main.o) (close)
../Final_bsp/\libhal_bsp.a(alt_dcache_flush_all.o)
                              ../Final_bsp/\libhal_bsp.a(alt_load.o) (alt_dcache_flush_all)
../Final_bsp/\libhal_bsp.a(alt_dev.o)
                              ../Final_bsp/\libhal_bsp.a(alt_sys_init.o) (alt_dev_list)
../Final_bsp/\libhal_bsp.a(alt_dev_llist_insert.o)
                              ../Final_bsp/\libhal_bsp.a(alt_sys_init.o) (alt_dev_llist_insert)
../Final_bsp/\libhal_bsp.a(alt_errno.o)
                              ../Final_bsp/\libhal_bsp.a(alt_write.o) (alt_errno)
../Final_bsp/\libhal_bsp.a(alt_icache_flush_all.o)
                              ../Final_bsp/\libhal_bsp.a(alt_load.o) (alt_icache_flush_all)
../Final_bsp/\libhal_bsp.a(alt_iic.o)
                              ../Final_bsp/\libhal_bsp.a(altera_avalon_timer_sc.o) (alt_ic_isr_register)
../Final_bsp/\libhal_bsp.a(alt_iic_isr_register.o)
                              ../Final_bsp/\libhal_bsp.a(alt_iic.o) (alt_iic_isr_register)
../Final_bsp/\libhal_bsp.a(alt_io_redirect.o)
                              ../Final_bsp/\libhal_bsp.a(alt_main.o) (alt_io_redirect)
../Final_bsp/\libhal_bsp.a(alt_irq_entry.o)
                              ../Final_bsp/\libhal_bsp.a(alt_iic_isr_register.o) (alt_irq_entry)
../Final_bsp/\libhal_bsp.a(alt_irq_handler.o)
                              ../Final_bsp/\libhal_bsp.a(alt_iic_isr_register.o) (alt_irq_handler)
../Final_bsp/\libhal_bsp.a(alt_irq_vars.o)
                              ../Final_bsp/\libhal_bsp.a(alt_iic.o) (alt_irq_active)
../Final_bsp/\libhal_bsp.a(alt_open.o)
                              ../Final_bsp/\libhal_bsp.a(alt_io_redirect.o) (open)
../Final_bsp/\libhal_bsp.a(alt_release_fd.o)
                              ../Final_bsp/\libhal_bsp.a(alt_close.o) (alt_release_fd)
../Final_bsp/\libhal_bsp.a(alt_tick.o)
                              ../Final_bsp/\libhal_bsp.a(altera_avalon_timer_sc.o) (_alt_tick_rate)
../Final_bsp/\libhal_bsp.a(altera_nios2_qsys_irq.o)
                              ../Final_bsp/\libhal_bsp.a(alt_sys_init.o) (altera_nios2_qsys_irq_init)
../Final_bsp/\libhal_bsp.a(alt_exception_entry.o)
                              ../Final_bsp/\libhal_bsp.a(alt_irq_entry.o) (alt_exception)
../Final_bsp/\libhal_bsp.a(alt_find_dev.o)
                              ../Final_bsp/\libhal_bsp.a(alt_open.o) (alt_find_dev)
../Final_bsp/\libhal_bsp.a(alt_find_file.o)
                              ../Final_bsp/\libhal_bsp.a(alt_open.o) (alt_find_file)
../Final_bsp/\libhal_bsp.a(alt_get_fd.o)
                              ../Final_bsp/\libhal_bsp.a(alt_open.o) (alt_get_fd)
c:/altera/13.0sp1/nios2eds/bin/gnu/h-i686-mingw32/bin/../lib/gcc/nios2-elf/4.1.2/../../../../nios2-elf/lib/mno-hw-mul\libsmallc.a(lib_a-exit.o)
                              ../Final_bsp/\libhal_bsp.a(alt_main.o) (exit)
c:/altera/13.0sp1/nios2eds/bin/gnu/h-i686-mingw32/bin/../lib/gcc/nios2-elf/4.1.2/../../../../nios2-elf/lib/mno-hw-mul\libsmallc.a(lib_a-memcmp.o)
                              ../Final_bsp/\libhal_bsp.a(alt_find_dev.o) (memcmp)
c:/altera/13.0sp1/nios2eds/bin/gnu/h-i686-mingw32/bin/../lib/gcc/nios2-elf/4.1.2/../../../../nios2-elf/lib/mno-hw-mul\libsmallc.a(lib_a-__call_atexit.o)
                              c:/altera/13.0sp1/nios2eds/bin/gnu/h-i686-mingw32/bin/../lib/gcc/nios2-elf/4.1.2/../../../../nios2-elf/lib/mno-hw-mul\libsmallc.a(lib_a-exit.o) (__call_exitprocs)
../Final_bsp/\libhal_bsp.a(alt_exit.o)
                              c:/altera/13.0sp1/nios2eds/bin/gnu/h-i686-mingw32/bin/../lib/gcc/nios2-elf/4.1.2/../../../../nios2-elf/lib/mno-hw-mul\libsmallc.a(lib_a-exit.o) (_exit)

Allocating common symbols
Common symbol       size              file

alt_irq             0x100             ../Final_bsp/\libhal_bsp.a(alt_irq_handler.o)
errno               0x4               c:/altera/13.0sp1/nios2eds/bin/gnu/h-i686-mingw32/bin/../lib/gcc/nios2-elf/4.1.2/../../../../nios2-elf/lib/mno-hw-mul\libsmallc.a(lib_a-int_errno.o)

Memory Configuration

Name             Origin             Length             Attributes
reset            0x00004000         0x00000020
RAM              0x00004020         0x00003fe0
*default*        0x00000000         0xffffffff

Linker script and memory map

LOAD ../Final_bsp//obj/HAL/src/crt0.o
LOAD obj/default/hello_world.o
LOAD c:/altera/13.0sp1/nios2eds/bin/gnu/h-i686-mingw32/bin/../lib/gcc/nios2-elf/4.1.2/../../../../nios2-elf/lib/mno-hw-mul\libstdc++.a
LOAD c:/altera/13.0sp1/nios2eds/bin/gnu/h-i686-mingw32/bin/../lib/gcc/nios2-elf/4.1.2/../../../../nios2-elf/lib/mno-hw-mul\libm.a
LOAD c:/altera/13.0sp1/nios2eds/bin/gnu/h-i686-mingw32/bin/../lib/gcc/nios2-elf/4.1.2/mno-hw-mul\libgcc.a
START GROUP
LOAD c:/altera/13.0sp1/nios2eds/bin/gnu/h-i686-mingw32/bin/../lib/gcc/nios2-elf/4.1.2/../../../../nios2-elf/lib/mno-hw-mul\libsmallc.a
LOAD c:/altera/13.0sp1/nios2eds/bin/gnu/h-i686-mingw32/bin/../lib/gcc/nios2-elf/4.1.2/mno-hw-mul\libgcc.a
LOAD ../Final_bsp/\libhal_bsp.a
END GROUP
LOAD c:/altera/13.0sp1/nios2eds/bin/gnu/h-i686-mingw32/bin/../lib/gcc/nios2-elf/4.1.2/mno-hw-mul\libgcc.a
                0x00004000                __alt_mem_RAM = 0x4000

.entry          0x00004000       0x20
 *(.entry)
 .entry         0x00004000       0x20 ../Final_bsp//obj/HAL/src/crt0.o
                0x00004000                __reset

.exceptions     0x00004020      0x194
                0x00004020                PROVIDE (__ram_exceptions_start, ABSOLUTE (.))
                0x00004020                . = ALIGN (0x20)
 *(.irq)
 *(.exceptions.entry.label)
 .exceptions.entry.label
                0x00004020        0x0 ../Final_bsp/\libhal_bsp.a(alt_irq_entry.o)
                0x00004020                alt_irq_entry
 .exceptions.entry.label
                0x00004020        0x0 ../Final_bsp/\libhal_bsp.a(alt_exception_entry.o)
                0x00004020                alt_exception
 *(.exceptions.entry.user)
 *(.exceptions.entry)
 .exceptions.entry
                0x00004020       0x54 ../Final_bsp/\libhal_bsp.a(alt_exception_entry.o)
 *(.exceptions.irqtest.user)
 *(.exceptions.irqtest)
 .exceptions.irqtest
                0x00004074       0x10 ../Final_bsp/\libhal_bsp.a(alt_irq_entry.o)
 *(.exceptions.irqhandler.user)
 *(.exceptions.irqhandler)
 .exceptions.irqhandler
                0x00004084        0x4 ../Final_bsp/\libhal_bsp.a(alt_irq_entry.o)
 *(.exceptions.irqreturn.user)
 *(.exceptions.irqreturn)
 .exceptions.irqreturn
                0x00004088        0x4 ../Final_bsp/\libhal_bsp.a(alt_irq_entry.o)
 *(.exceptions.notirq.label)
 .exceptions.notirq.label
                0x0000408c        0x0 ../Final_bsp/\libhal_bsp.a(alt_irq_entry.o)
 *(.exceptions.notirq.user)
 *(.exceptions.notirq)
 .exceptions.notirq
                0x0000408c        0x8 ../Final_bsp/\libhal_bsp.a(alt_exception_entry.o)
 *(.exceptions.soft.user)
 *(.exceptions.soft)
 *(.exceptions.unknown.user)
 *(.exceptions.unknown)
 .exceptions.unknown
                0x00004094        0x4 ../Final_bsp/\libhal_bsp.a(alt_exception_entry.o)
 *(.exceptions.exit.label)
 .exceptions.exit.label
                0x00004098        0x0 ../Final_bsp/\libhal_bsp.a(alt_irq_entry.o)
 .exceptions.exit.label
                0x00004098        0x0 ../Final_bsp/\libhal_bsp.a(alt_exception_entry.o)
 *(.exceptions.exit.user)
 *(.exceptions.exit)
 .exceptions.exit
                0x00004098       0x54 ../Final_bsp/\libhal_bsp.a(alt_exception_entry.o)
 *(.exceptions)
 .exceptions    0x000040ec       0xc8 ../Final_bsp/\libhal_bsp.a(alt_irq_handler.o)
                0x000040ec                alt_irq_handler
                0x000041b4                PROVIDE (__ram_exceptions_end, ABSOLUTE (.))
                0x00004020                PROVIDE (__flash_exceptions_start, LOADADDR (.exceptions))

.text           0x000041b4     0x2790
                0x000041b4                PROVIDE (stext, ABSOLUTE (.))
 *(.interp)
 *(.hash)
 *(.dynsym)
 *(.dynstr)
 *(.gnu.version)
 *(.gnu.version_d)
 *(.gnu.version_r)
 *(.rel.init)
 *(.rela.init)
 *(.rel.text .rel.text.* .rel.gnu.linkonce.t.*)
 *(.rela.text .rela.text.* .rela.gnu.linkonce.t.*)
 *(.rel.fini)
 *(.rela.fini)
 *(.rel.rodata .rel.rodata.* .rel.gnu.linkonce.r.*)
 *(.rela.rodata .rela.rodata.* .rela.gnu.linkonce.r.*)
 *(.rel.data .rel.data.* .rel.gnu.linkonce.d.*)
 *(.rela.data .rela.data.* .rela.gnu.linkonce.d.*)
 *(.rel.tdata .rel.tdata.* .rel.gnu.linkonce.td.*)
 *(.rela.tdata .rela.tdata.* .rela.gnu.linkonce.td.*)
 *(.rel.tbss .rel.tbss.* .rel.gnu.linkonce.tb.*)
 *(.rela.tbss .rela.tbss.* .rela.gnu.linkonce.tb.*)
 *(.rel.ctors)
 *(.rela.ctors)
 *(.rel.dtors)
 *(.rela.dtors)
 *(.rel.got)
 *(.rela.got)
 *(.rel.sdata .rel.sdata.* .rel.gnu.linkonce.s.*)
 *(.rela.sdata .rela.sdata.* .rela.gnu.linkonce.s.*)
 *(.rel.sbss .rel.sbss.* .rel.gnu.linkonce.sb.*)
 *(.rela.sbss .rela.sbss.* .rela.gnu.linkonce.sb.*)
 *(.rel.sdata2 .rel.sdata2.* .rel.gnu.linkonce.s2.*)
 *(.rela.sdata2 .rela.sdata2.* .rela.gnu.linkonce.s2.*)
 *(.rel.sbss2 .rel.sbss2.* .rel.gnu.linkonce.sb2.*)
 *(.rela.sbss2 .rela.sbss2.* .rela.gnu.linkonce.sb2.*)
 *(.rel.bss .rel.bss.* .rel.gnu.linkonce.b.*)
 *(.rela.bss .rela.bss.* .rela.gnu.linkonce.b.*)
 *(.rel.plt)
 *(.rela.plt)
 *(.rel.dyn)
 *(.init)
 *(.plt)
 *(.text .stub .text.* .gnu.linkonce.t.*)
 .text          0x000041b4       0x3c ../Final_bsp//obj/HAL/src/crt0.o
                0x000041b4                _start
 .text          0x000041f0       0x50 obj/default/hello_world.o
                0x000041f0                main
 .text          0x00004240       0x54 c:/altera/13.0sp1/nios2eds/bin/gnu/h-i686-mingw32/bin/../lib/gcc/nios2-elf/4.1.2/mno-hw-mul\libgcc.a(_sf_to_df.o)
                0x00004240                __extendsfdf2
 .text          0x00004294       0x38 c:/altera/13.0sp1/nios2eds/bin/gnu/h-i686-mingw32/bin/../lib/gcc/nios2-elf/4.1.2/mno-hw-mul\libgcc.a(_make_df.o)
                0x00004294                __make_dp
 .text          0x000042cc       0xc8 c:/altera/13.0sp1/nios2eds/bin/gnu/h-i686-mingw32/bin/../lib/gcc/nios2-elf/4.1.2/mno-hw-mul\libgcc.a(_unpack_sf.o)
                0x000042cc                __unpack_f
 .text          0x00004394      0x314 c:/altera/13.0sp1/nios2eds/bin/gnu/h-i686-mingw32/bin/../lib/gcc/nios2-elf/4.1.2/mno-hw-mul\libgcc.a(_pack_df.o)
                0x00004394                __pack_d
 .text          0x000046a8       0x98 c:/altera/13.0sp1/nios2eds/bin/gnu/h-i686-mingw32/bin/../lib/gcc/nios2-elf/4.1.2/../../../../nios2-elf/lib/mno-hw-mul\libsmallc.a(lib_a-printf.o)
                0x000046a8                printf
                0x000046fc                _printf_r
 .text          0x00004740      0x740 c:/altera/13.0sp1/nios2eds/bin/gnu/h-i686-mingw32/bin/../lib/gcc/nios2-elf/4.1.2/../../../../nios2-elf/lib/mno-hw-mul\libsmallc.a(lib_a-vfprintf.o)
                0x000047c0                ___vfprintf_internal_r
                0x00004e5c                __vfprintf_internal
 .text          0x00004e80       0xbc c:/altera/13.0sp1/nios2eds/bin/gnu/h-i686-mingw32/bin/../lib/gcc/nios2-elf/4.1.2/../../../../nios2-elf/lib/mno-hw-mul\libsmallc.a(lib_a-fvwrite_small_dev.o)
                0x00004e80                __sfvwrite_small_dev
 .text          0x00004f3c        0x0 c:/altera/13.0sp1/nios2eds/bin/gnu/h-i686-mingw32/bin/../lib/gcc/nios2-elf/4.1.2/../../../../nios2-elf/lib/mno-hw-mul\libsmallc.a(lib_a-impure.o)
 .text          0x00004f3c       0x20 c:/altera/13.0sp1/nios2eds/bin/gnu/h-i686-mingw32/bin/../lib/gcc/nios2-elf/4.1.2/../../../../nios2-elf/lib/mno-hw-mul\libsmallc.a(lib_a-strlen.o)
                0x00004f3c                strlen
 .text          0x00004f5c       0x78 c:/altera/13.0sp1/nios2eds/bin/gnu/h-i686-mingw32/bin/../lib/gcc/nios2-elf/4.1.2/../../../../nios2-elf/lib/mno-hw-mul\libsmallc.a(lib_a-writer.o)
                0x00004f5c                _write_r
 .text          0x00004fd4        0x0 c:/altera/13.0sp1/nios2eds/bin/gnu/h-i686-mingw32/bin/../lib/gcc/nios2-elf/4.1.2/../../../../nios2-elf/lib/mno-hw-mul\libsmallc.a(lib_a-int_errno.o)
 .text          0x00004fd4      0x14c c:/altera/13.0sp1/nios2eds/bin/gnu/h-i686-mingw32/bin/../lib/gcc/nios2-elf/4.1.2/mno-hw-mul\libgcc.a(lib2-divmod.o)
                0x00005050                __divsi3
                0x000050b0                __modsi3
                0x00005110                __udivsi3
                0x00005118                __umodsi3
 .text          0x00005120       0x38 c:/altera/13.0sp1/nios2eds/bin/gnu/h-i686-mingw32/bin/../lib/gcc/nios2-elf/4.1.2/mno-hw-mul\libgcc.a(lib2-mul.o)
                0x00005120                __mulsi3
 .text          0x00005158       0xec ../Final_bsp/\libhal_bsp.a(alt_load.o)
                0x00005158                alt_load
 .text          0x00005244       0x5c ../Final_bsp/\libhal_bsp.a(alt_main.o)
                0x00005244                alt_main
 .text          0x000052a0      0x184 ../Final_bsp/\libhal_bsp.a(alt_write.o)
                0x000052a0                write
 .text          0x00005424       0xb0 ../Final_bsp/\libhal_bsp.a(alt_sys_init.o)
                0x00005424                alt_irq_init
                0x00005458                alt_sys_init
 .text          0x000054d4       0xb0 ../Final_bsp/\libhal_bsp.a(altera_avalon_jtag_uart_fd.o)
                0x000054d4                altera_avalon_jtag_uart_read_fd
                0x0000552c                altera_avalon_jtag_uart_write_fd
 .text          0x00005584      0x104 ../Final_bsp/\libhal_bsp.a(altera_avalon_jtag_uart_read.o)
                0x00005584                altera_avalon_jtag_uart_read
 .text          0x00005688       0xa4 ../Final_bsp/\libhal_bsp.a(altera_avalon_jtag_uart_write.o)
                0x00005688                altera_avalon_jtag_uart_write
 .text          0x0000572c      0x100 ../Final_bsp/\libhal_bsp.a(altera_avalon_timer_sc.o)
                0x0000579c                alt_avalon_timer_sc_init
 .text          0x0000582c      0x160 ../Final_bsp/\libhal_bsp.a(alt_close.o)
                0x0000582c                close
 .text          0x0000598c       0x1c ../Final_bsp/\libhal_bsp.a(alt_dcache_flush_all.o)
                0x0000598c                alt_dcache_flush_all
 .text          0x000059a8       0x2c ../Final_bsp/\libhal_bsp.a(alt_dev.o)
 .text          0x000059d4      0x114 ../Final_bsp/\libhal_bsp.a(alt_dev_llist_insert.o)
                0x000059d4                alt_dev_llist_insert
 .text          0x00005ae8        0x0 ../Final_bsp/\libhal_bsp.a(alt_errno.o)
 .text          0x00005ae8       0x1c ../Final_bsp/\libhal_bsp.a(alt_icache_flush_all.o)
                0x00005ae8                alt_icache_flush_all
 .text          0x00005b04      0x1d4 ../Final_bsp/\libhal_bsp.a(alt_iic.o)
                0x00005b04                alt_ic_isr_register
                0x00005b54                alt_ic_irq_enable
                0x00005bf0                alt_ic_irq_disable
                0x00005c90                alt_ic_irq_enabled
 .text          0x00005cd8       0xf8 ../Final_bsp/\libhal_bsp.a(alt_iic_isr_register.o)
                0x00005cd8                alt_iic_isr_register
 .text          0x00005dd0      0x150 ../Final_bsp/\libhal_bsp.a(alt_io_redirect.o)
                0x00005ea8                alt_io_redirect
 .text          0x00005f20        0x0 ../Final_bsp/\libhal_bsp.a(alt_irq_entry.o)
 .text          0x00005f20        0x0 ../Final_bsp/\libhal_bsp.a(alt_irq_handler.o)
 .text          0x00005f20        0x0 ../Final_bsp/\libhal_bsp.a(alt_irq_vars.o)
 .text          0x00005f20      0x2e4 ../Final_bsp/\libhal_bsp.a(alt_open.o)
                0x00006018                open
 .text          0x00006204       0x78 ../Final_bsp/\libhal_bsp.a(alt_release_fd.o)
                0x00006204                alt_release_fd
 .text          0x0000627c      0x1a4 ../Final_bsp/\libhal_bsp.a(alt_tick.o)
                0x0000627c                alt_alarm_stop
                0x00006314                alt_tick
 .text          0x00006420       0x20 ../Final_bsp/\libhal_bsp.a(altera_nios2_qsys_irq.o)
                0x00006420                altera_nios2_qsys_irq_init
 .text          0x00006440        0x0 ../Final_bsp/\libhal_bsp.a(alt_exception_entry.o)
 .text          0x00006440       0x94 ../Final_bsp/\libhal_bsp.a(alt_find_dev.o)
                0x00006440                alt_find_dev
 .text          0x000064d4      0x120 ../Final_bsp/\libhal_bsp.a(alt_find_file.o)
                0x000064d4                alt_find_file
 .text          0x000065f4       0xd0 ../Final_bsp/\libhal_bsp.a(alt_get_fd.o)
                0x000065f4                alt_get_fd
 .text          0x000066c4       0x20 c:/altera/13.0sp1/nios2eds/bin/gnu/h-i686-mingw32/bin/../lib/gcc/nios2-elf/4.1.2/../../../../nios2-elf/lib/mno-hw-mul\libsmallc.a(lib_a-exit.o)
                0x000066c4                exit
 .text          0x000066e4       0x3c c:/altera/13.0sp1/nios2eds/bin/gnu/h-i686-mingw32/bin/../lib/gcc/nios2-elf/4.1.2/../../../../nios2-elf/lib/mno-hw-mul\libsmallc.a(lib_a-memcmp.o)
                0x000066e4                memcmp
 .text          0x00006720      0x1c0 c:/altera/13.0sp1/nios2eds/bin/gnu/h-i686-mingw32/bin/../lib/gcc/nios2-elf/4.1.2/../../../../nios2-elf/lib/mno-hw-mul\libsmallc.a(lib_a-__call_atexit.o)
                0x00006724                __call_exitprocs
 .text          0x000068e0       0x60 ../Final_bsp/\libhal_bsp.a(alt_exit.o)
                0x00006920                _exit
 *(.gnu.warning.*)
 *(.fini)
                0x00006940                PROVIDE (__etext, ABSOLUTE (.))
                0x00006940                PROVIDE (_etext, ABSOLUTE (.))
                0x00006940                PROVIDE (etext, ABSOLUTE (.))
 *(.eh_frame_hdr)
                0x00006940                . = ALIGN (0x4)
                0x00006940                PROVIDE (__preinit_array_start, ABSOLUTE (.))
 *(.preinit_array)
                0x00006940                PROVIDE (__preinit_array_end, ABSOLUTE (.))
                0x00006940                PROVIDE (__init_array_start, ABSOLUTE (.))
 *(.init_array)
                0x00006940                PROVIDE (__init_array_end, ABSOLUTE (.))
                0x00006940                PROVIDE (__fini_array_start, ABSOLUTE (.))
 *(.fini_array)
                0x00006940                PROVIDE (__fini_array_end, ABSOLUTE (.))
 *(.eh_frame)
 *(.gcc_except_table)
 *(.dynamic)
                0x00006940                PROVIDE (__CTOR_LIST__, ABSOLUTE (.))
 *(.ctors)
 *(SORT(.ctors.*))
 .ctors.65535   0x00006940        0x4 c:/altera/13.0sp1/nios2eds/bin/gnu/h-i686-mingw32/bin/../lib/gcc/nios2-elf/4.1.2/../../../../nios2-elf/lib/mno-hw-mul\libsmallc.a(lib_a-__call_atexit.o)
                0x00006944                PROVIDE (__CTOR_END__, ABSOLUTE (.))
                0x00006944                PROVIDE (__DTOR_LIST__, ABSOLUTE (.))
 *(.dtors)
 *(SORT(.dtors.*))
                0x00006944                PROVIDE (__DTOR_END__, ABSOLUTE (.))
 *(.jcr)
                0x00006944                . = ALIGN (0x4)

.rodata         0x00006944       0x4c
                0x00006944                PROVIDE (__ram_rodata_start, ABSOLUTE (.))
                0x00006944                . = ALIGN (0x4)
 *(.rodata .rodata.* .gnu.linkonce.r.*)
 .rodata        0x00006944       0x18 obj/default/hello_world.o
 .rodata        0x0000695c       0x14 ../Final_bsp/\libhal_bsp.a(alt_main.o)
 .rodata        0x00006970       0x14 ../Final_bsp/\libhal_bsp.a(alt_sys_init.o)
 .rodata        0x00006984        0xc ../Final_bsp/\libhal_bsp.a(alt_dev.o)
 *(.rodata1)
                0x00006990                . = ALIGN (0x4)
                0x00006990                PROVIDE (__ram_rodata_end, ABSOLUTE (.))
                0x00006944                PROVIDE (__flash_rodata_start, LOADADDR (.rodata))

.rwdata         0x00006990      0x2e4 load address 0x00006c74
                0x00006990                PROVIDE (__ram_rwdata_start, ABSOLUTE (.))
                0x00006990                . = ALIGN (0x4)
 *(.got.plt)
 *(.got)
 *(.data1)
 *(.data .data.* .gnu.linkonce.d.*)
 .data          0x00006990        0x0 ../Final_bsp//obj/HAL/src/crt0.o
 .data          0x00006990        0x0 obj/default/hello_world.o
 .data          0x00006990        0x0 c:/altera/13.0sp1/nios2eds/bin/gnu/h-i686-mingw32/bin/../lib/gcc/nios2-elf/4.1.2/mno-hw-mul\libgcc.a(_sf_to_df.o)
 .data          0x00006990        0x0 c:/altera/13.0sp1/nios2eds/bin/gnu/h-i686-mingw32/bin/../lib/gcc/nios2-elf/4.1.2/mno-hw-mul\libgcc.a(_make_df.o)
 .data          0x00006990        0x0 c:/altera/13.0sp1/nios2eds/bin/gnu/h-i686-mingw32/bin/../lib/gcc/nios2-elf/4.1.2/mno-hw-mul\libgcc.a(_unpack_sf.o)
 .data          0x00006990        0x0 c:/altera/13.0sp1/nios2eds/bin/gnu/h-i686-mingw32/bin/../lib/gcc/nios2-elf/4.1.2/mno-hw-mul\libgcc.a(_pack_df.o)
 .data          0x00006990        0x0 c:/altera/13.0sp1/nios2eds/bin/gnu/h-i686-mingw32/bin/../lib/gcc/nios2-elf/4.1.2/../../../../nios2-elf/lib/mno-hw-mul\libsmallc.a(lib_a-printf.o)
 .data          0x00006990        0x0 c:/altera/13.0sp1/nios2eds/bin/gnu/h-i686-mingw32/bin/../lib/gcc/nios2-elf/4.1.2/../../../../nios2-elf/lib/mno-hw-mul\libsmallc.a(lib_a-vfprintf.o)
 .data          0x00006990        0x0 c:/altera/13.0sp1/nios2eds/bin/gnu/h-i686-mingw32/bin/../lib/gcc/nios2-elf/4.1.2/../../../../nios2-elf/lib/mno-hw-mul\libsmallc.a(lib_a-fvwrite_small_dev.o)
 .data          0x00006990       0xe0 c:/altera/13.0sp1/nios2eds/bin/gnu/h-i686-mingw32/bin/../lib/gcc/nios2-elf/4.1.2/../../../../nios2-elf/lib/mno-hw-mul\libsmallc.a(lib_a-impure.o)
 .data          0x00006a70        0x0 c:/altera/13.0sp1/nios2eds/bin/gnu/h-i686-mingw32/bin/../lib/gcc/nios2-elf/4.1.2/../../../../nios2-elf/lib/mno-hw-mul\libsmallc.a(lib_a-strlen.o)
 .data          0x00006a70        0x0 c:/altera/13.0sp1/nios2eds/bin/gnu/h-i686-mingw32/bin/../lib/gcc/nios2-elf/4.1.2/../../../../nios2-elf/lib/mno-hw-mul\libsmallc.a(lib_a-writer.o)
 .data          0x00006a70        0x0 c:/altera/13.0sp1/nios2eds/bin/gnu/h-i686-mingw32/bin/../lib/gcc/nios2-elf/4.1.2/../../../../nios2-elf/lib/mno-hw-mul\libsmallc.a(lib_a-int_errno.o)
 .data          0x00006a70        0x0 c:/altera/13.0sp1/nios2eds/bin/gnu/h-i686-mingw32/bin/../lib/gcc/nios2-elf/4.1.2/mno-hw-mul\libgcc.a(lib2-divmod.o)
 .data          0x00006a70        0x0 c:/altera/13.0sp1/nios2eds/bin/gnu/h-i686-mingw32/bin/../lib/gcc/nios2-elf/4.1.2/mno-hw-mul\libgcc.a(lib2-mul.o)
 .data          0x00006a70        0x0 ../Final_bsp/\libhal_bsp.a(alt_load.o)
 .data          0x00006a70        0x0 ../Final_bsp/\libhal_bsp.a(alt_main.o)
 .data          0x00006a70        0x0 ../Final_bsp/\libhal_bsp.a(alt_write.o)
 .data          0x00006a70       0x2c ../Final_bsp/\libhal_bsp.a(alt_sys_init.o)
 .data          0x00006a9c        0x0 ../Final_bsp/\libhal_bsp.a(altera_avalon_jtag_uart_fd.o)
 .data          0x00006a9c        0x0 ../Final_bsp/\libhal_bsp.a(altera_avalon_jtag_uart_read.o)
 .data          0x00006a9c        0x0 ../Final_bsp/\libhal_bsp.a(altera_avalon_jtag_uart_write.o)
 .data          0x00006a9c        0x0 ../Final_bsp/\libhal_bsp.a(altera_avalon_timer_sc.o)
 .data          0x00006a9c        0x0 ../Final_bsp/\libhal_bsp.a(alt_close.o)
 .data          0x00006a9c        0x0 ../Final_bsp/\libhal_bsp.a(alt_dcache_flush_all.o)
 .data          0x00006a9c      0x1a8 ../Final_bsp/\libhal_bsp.a(alt_dev.o)
                0x00006a9c                alt_dev_null
                0x00006ac4                alt_fd_list
 .data          0x00006c44        0x0 ../Final_bsp/\libhal_bsp.a(alt_dev_llist_insert.o)
 .data          0x00006c44        0x0 ../Final_bsp/\libhal_bsp.a(alt_errno.o)
 .data          0x00006c44        0x0 ../Final_bsp/\libhal_bsp.a(alt_icache_flush_all.o)
 .data          0x00006c44        0x0 ../Final_bsp/\libhal_bsp.a(alt_iic.o)
 .data          0x00006c44        0x0 ../Final_bsp/\libhal_bsp.a(alt_iic_isr_register.o)
 .data          0x00006c44        0x0 ../Final_bsp/\libhal_bsp.a(alt_io_redirect.o)
 .data          0x00006c44        0x0 ../Final_bsp/\libhal_bsp.a(alt_irq_entry.o)
 .data          0x00006c44        0x0 ../Final_bsp/\libhal_bsp.a(alt_irq_handler.o)
 .data          0x00006c44        0x0 ../Final_bsp/\libhal_bsp.a(alt_irq_vars.o)
 .data          0x00006c44        0x0 ../Final_bsp/\libhal_bsp.a(alt_open.o)
 .data          0x00006c44        0x0 ../Final_bsp/\libhal_bsp.a(alt_release_fd.o)
 .data          0x00006c44        0x0 ../Final_bsp/\libhal_bsp.a(alt_tick.o)
 .data          0x00006c44        0x0 ../Final_bsp/\libhal_bsp.a(altera_nios2_qsys_irq.o)
 .data          0x00006c44        0x0 ../Final_bsp/\libhal_bsp.a(alt_exception_entry.o)
 .data          0x00006c44        0x0 ../Final_bsp/\libhal_bsp.a(alt_find_dev.o)
 .data          0x00006c44        0x0 ../Final_bsp/\libhal_bsp.a(alt_find_file.o)
 .data          0x00006c44        0x0 ../Final_bsp/\libhal_bsp.a(alt_get_fd.o)
 .data          0x00006c44        0x0 c:/altera/13.0sp1/nios2eds/bin/gnu/h-i686-mingw32/bin/../lib/gcc/nios2-elf/4.1.2/../../../../nios2-elf/lib/mno-hw-mul\libsmallc.a(lib_a-exit.o)
 .data          0x00006c44        0x0 c:/altera/13.0sp1/nios2eds/bin/gnu/h-i686-mingw32/bin/../lib/gcc/nios2-elf/4.1.2/../../../../nios2-elf/lib/mno-hw-mul\libsmallc.a(lib_a-memcmp.o)
 .data          0x00006c44        0x0 c:/altera/13.0sp1/nios2eds/bin/gnu/h-i686-mingw32/bin/../lib/gcc/nios2-elf/4.1.2/../../../../nios2-elf/lib/mno-hw-mul\libsmallc.a(lib_a-__call_atexit.o)
 .data          0x00006c44        0x0 ../Final_bsp/\libhal_bsp.a(alt_exit.o)
                0x0000ec44                _gp = ABSOLUTE ((. + 0x8000))
                0x0000ec44                PROVIDE (gp, _gp)
 *(.rwdata .rwdata.*)
 *(.sdata .sdata.* .gnu.linkonce.s.*)
 .sdata         0x00006c44        0x4 obj/default/hello_world.o
                0x00006c44                x
 .sdata         0x00006c48        0x8 c:/altera/13.0sp1/nios2eds/bin/gnu/h-i686-mingw32/bin/../lib/gcc/nios2-elf/4.1.2/../../../../nios2-elf/lib/mno-hw-mul\libsmallc.a(lib_a-impure.o)
                0x00006c48                _impure_ptr
                0x00006c4c                _global_impure_ptr
 .sdata         0x00006c50       0x14 ../Final_bsp/\libhal_bsp.a(alt_dev.o)
                0x00006c50                alt_fs_list
                0x00006c58                alt_dev_list
                0x00006c60                alt_max_fd
 .sdata         0x00006c64        0x4 ../Final_bsp/\libhal_bsp.a(alt_errno.o)
                0x00006c64                alt_errno
 .sdata         0x00006c68        0x4 ../Final_bsp/\libhal_bsp.a(alt_irq_vars.o)
                0x00006c68                alt_priority_mask
 .sdata         0x00006c6c        0x8 ../Final_bsp/\libhal_bsp.a(alt_tick.o)
                0x00006c6c                alt_alarm_list
 *(.sdata2 .sdata2.* .gnu.linkonce.s2.*)
                0x00006c74                . = ALIGN (0x4)
                0x00006c74                _edata = ABSOLUTE (.)
                0x00006c74                PROVIDE (edata, ABSOLUTE (.))
                0x00006c74                PROVIDE (__ram_rwdata_end, ABSOLUTE (.))
                0x00006c74                PROVIDE (__flash_rwdata_start, LOADADDR (.rwdata))

.bss            0x00006f58      0x11c
                0x00006f58                __bss_start = ABSOLUTE (.)
                0x00006f58                PROVIDE (__sbss_start, ABSOLUTE (.))
                0x00006f58                PROVIDE (___sbss_start, ABSOLUTE (.))
 *(.dynsbss)
 *(.sbss .sbss.* .gnu.linkonce.sb.*)
 .sbss          0x00006f58        0x4 c:/altera/13.0sp1/nios2eds/bin/gnu/h-i686-mingw32/bin/../lib/gcc/nios2-elf/4.1.2/../../../../nios2-elf/lib/mno-hw-mul\libsmallc.a(lib_a-int_errno.o)
                0x00006f58                errno
 .sbss          0x00006f5c        0xc ../Final_bsp/\libhal_bsp.a(alt_main.o)
                0x00006f5c                alt_argc
                0x00006f60                alt_argv
                0x00006f64                alt_envp
 .sbss          0x00006f68        0x4 ../Final_bsp/\libhal_bsp.a(alt_irq_vars.o)
                0x00006f68                alt_irq_active
 .sbss          0x00006f6c        0x8 ../Final_bsp/\libhal_bsp.a(alt_tick.o)
                0x00006f6c                _alt_tick_rate
                0x00006f70                _alt_nticks
 *(.sbss2 .sbss2.* .gnu.linkonce.sb2.*)
 *(.scommon)
                0x00006f74                PROVIDE (__sbss_end, ABSOLUTE (.))
                0x00006f74                PROVIDE (___sbss_end, ABSOLUTE (.))
 *(.dynbss)
 *(.bss .bss.* .gnu.linkonce.b.*)
 .bss           0x00006f74        0x0 ../Final_bsp//obj/HAL/src/crt0.o
 .bss           0x00006f74        0x0 obj/default/hello_world.o
 .bss           0x00006f74        0x0 c:/altera/13.0sp1/nios2eds/bin/gnu/h-i686-mingw32/bin/../lib/gcc/nios2-elf/4.1.2/mno-hw-mul\libgcc.a(_sf_to_df.o)
 .bss           0x00006f74        0x0 c:/altera/13.0sp1/nios2eds/bin/gnu/h-i686-mingw32/bin/../lib/gcc/nios2-elf/4.1.2/mno-hw-mul\libgcc.a(_make_df.o)
 .bss           0x00006f74        0x0 c:/altera/13.0sp1/nios2eds/bin/gnu/h-i686-mingw32/bin/../lib/gcc/nios2-elf/4.1.2/mno-hw-mul\libgcc.a(_unpack_sf.o)
 .bss           0x00006f74        0x0 c:/altera/13.0sp1/nios2eds/bin/gnu/h-i686-mingw32/bin/../lib/gcc/nios2-elf/4.1.2/mno-hw-mul\libgcc.a(_pack_df.o)
 .bss           0x00006f74        0x0 c:/altera/13.0sp1/nios2eds/bin/gnu/h-i686-mingw32/bin/../lib/gcc/nios2-elf/4.1.2/../../../../nios2-elf/lib/mno-hw-mul\libsmallc.a(lib_a-printf.o)
 .bss           0x00006f74        0x0 c:/altera/13.0sp1/nios2eds/bin/gnu/h-i686-mingw32/bin/../lib/gcc/nios2-elf/4.1.2/../../../../nios2-elf/lib/mno-hw-mul\libsmallc.a(lib_a-vfprintf.o)
 .bss           0x00006f74        0x0 c:/altera/13.0sp1/nios2eds/bin/gnu/h-i686-mingw32/bin/../lib/gcc/nios2-elf/4.1.2/../../../../nios2-elf/lib/mno-hw-mul\libsmallc.a(lib_a-fvwrite_small_dev.o)
 .bss           0x00006f74        0x0 c:/altera/13.0sp1/nios2eds/bin/gnu/h-i686-mingw32/bin/../lib/gcc/nios2-elf/4.1.2/../../../../nios2-elf/lib/mno-hw-mul\libsmallc.a(lib_a-impure.o)
 .bss           0x00006f74        0x0 c:/altera/13.0sp1/nios2eds/bin/gnu/h-i686-mingw32/bin/../lib/gcc/nios2-elf/4.1.2/../../../../nios2-elf/lib/mno-hw-mul\libsmallc.a(lib_a-strlen.o)
 .bss           0x00006f74        0x0 c:/altera/13.0sp1/nios2eds/bin/gnu/h-i686-mingw32/bin/../lib/gcc/nios2-elf/4.1.2/../../../../nios2-elf/lib/mno-hw-mul\libsmallc.a(lib_a-writer.o)
 .bss           0x00006f74        0x0 c:/altera/13.0sp1/nios2eds/bin/gnu/h-i686-mingw32/bin/../lib/gcc/nios2-elf/4.1.2/../../../../nios2-elf/lib/mno-hw-mul\libsmallc.a(lib_a-int_errno.o)
 .bss           0x00006f74        0x0 c:/altera/13.0sp1/nios2eds/bin/gnu/h-i686-mingw32/bin/../lib/gcc/nios2-elf/4.1.2/mno-hw-mul\libgcc.a(lib2-divmod.o)
 .bss           0x00006f74        0x0 c:/altera/13.0sp1/nios2eds/bin/gnu/h-i686-mingw32/bin/../lib/gcc/nios2-elf/4.1.2/mno-hw-mul\libgcc.a(lib2-mul.o)
 .bss           0x00006f74        0x0 ../Final_bsp/\libhal_bsp.a(alt_load.o)
 .bss           0x00006f74        0x0 ../Final_bsp/\libhal_bsp.a(alt_main.o)
 .bss           0x00006f74        0x0 ../Final_bsp/\libhal_bsp.a(alt_write.o)
 .bss           0x00006f74        0x0 ../Final_bsp/\libhal_bsp.a(alt_sys_init.o)
 .bss           0x00006f74        0x0 ../Final_bsp/\libhal_bsp.a(altera_avalon_jtag_uart_fd.o)
 .bss           0x00006f74        0x0 ../Final_bsp/\libhal_bsp.a(altera_avalon_jtag_uart_read.o)
 .bss           0x00006f74        0x0 ../Final_bsp/\libhal_bsp.a(altera_avalon_jtag_uart_write.o)
 .bss           0x00006f74        0x0 ../Final_bsp/\libhal_bsp.a(altera_avalon_timer_sc.o)
 .bss           0x00006f74        0x0 ../Final_bsp/\libhal_bsp.a(alt_close.o)
 .bss           0x00006f74        0x0 ../Final_bsp/\libhal_bsp.a(alt_dcache_flush_all.o)
 .bss           0x00006f74        0x0 ../Final_bsp/\libhal_bsp.a(alt_dev.o)
 .bss           0x00006f74        0x0 ../Final_bsp/\libhal_bsp.a(alt_dev_llist_insert.o)
 .bss           0x00006f74        0x0 ../Final_bsp/\libhal_bsp.a(alt_errno.o)
 .bss           0x00006f74        0x0 ../Final_bsp/\libhal_bsp.a(alt_icache_flush_all.o)
 .bss           0x00006f74        0x0 ../Final_bsp/\libhal_bsp.a(alt_iic.o)
 .bss           0x00006f74        0x0 ../Final_bsp/\libhal_bsp.a(alt_iic_isr_register.o)
 .bss           0x00006f74        0x0 ../Final_bsp/\libhal_bsp.a(alt_io_redirect.o)
 .bss           0x00006f74        0x0 ../Final_bsp/\libhal_bsp.a(alt_irq_entry.o)
 .bss           0x00006f74        0x0 ../Final_bsp/\libhal_bsp.a(alt_irq_handler.o)
 .bss           0x00006f74        0x0 ../Final_bsp/\libhal_bsp.a(alt_irq_vars.o)
 .bss           0x00006f74        0x0 ../Final_bsp/\libhal_bsp.a(alt_open.o)
 .bss           0x00006f74        0x0 ../Final_bsp/\libhal_bsp.a(alt_release_fd.o)
 .bss           0x00006f74        0x0 ../Final_bsp/\libhal_bsp.a(alt_tick.o)
 .bss           0x00006f74        0x0 ../Final_bsp/\libhal_bsp.a(altera_nios2_qsys_irq.o)
 .bss           0x00006f74        0x0 ../Final_bsp/\libhal_bsp.a(alt_exception_entry.o)
 .bss           0x00006f74        0x0 ../Final_bsp/\libhal_bsp.a(alt_find_dev.o)
 .bss           0x00006f74        0x0 ../Final_bsp/\libhal_bsp.a(alt_find_file.o)
 .bss           0x00006f74        0x0 ../Final_bsp/\libhal_bsp.a(alt_get_fd.o)
 .bss           0x00006f74        0x0 c:/altera/13.0sp1/nios2eds/bin/gnu/h-i686-mingw32/bin/../lib/gcc/nios2-elf/4.1.2/../../../../nios2-elf/lib/mno-hw-mul\libsmallc.a(lib_a-exit.o)
 .bss           0x00006f74        0x0 c:/altera/13.0sp1/nios2eds/bin/gnu/h-i686-mingw32/bin/../lib/gcc/nios2-elf/4.1.2/../../../../nios2-elf/lib/mno-hw-mul\libsmallc.a(lib_a-memcmp.o)
 .bss           0x00006f74        0x0 c:/altera/13.0sp1/nios2eds/bin/gnu/h-i686-mingw32/bin/../lib/gcc/nios2-elf/4.1.2/../../../../nios2-elf/lib/mno-hw-mul\libsmallc.a(lib_a-__call_atexit.o)
 .bss           0x00006f74        0x0 ../Final_bsp/\libhal_bsp.a(alt_exit.o)
 *(COMMON)
 COMMON         0x00006f74      0x100 ../Final_bsp/\libhal_bsp.a(alt_irq_handler.o)
                0x00006f74                alt_irq
                0x00007074                . = ALIGN (0x4)
                0x00007074                __bss_end = ABSOLUTE (.)

.RAM            0x00007074        0x0
                0x00007074                PROVIDE (_alt_partition_RAM_start, ABSOLUTE (.))
 *(.RAM. RAM.*)
                0x00007074                . = ALIGN (0x4)
                0x00007074                PROVIDE (_alt_partition_RAM_end, ABSOLUTE (.))
                0x00007074                _end = ABSOLUTE (.)
                0x00007074                end = ABSOLUTE (.)
                0x00007074                __alt_stack_base = ABSOLUTE (.)
                0x00007074                PROVIDE (_alt_partition_RAM_load_addr, LOADADDR (.RAM))

.stab
 *(.stab)

.stabstr
 *(.stabstr)

.stab.excl
 *(.stab.excl)

.stab.exclstr
 *(.stab.exclstr)

.stab.index
 *(.stab.index)

.stab.indexstr
 *(.stab.indexstr)

.comment        0x00000000       0x26
 *(.comment)
 .comment       0x00000000       0x26 obj/default/hello_world.o
                                 0x27 (size before relaxing)
 .comment       0x00000000       0x27 c:/altera/13.0sp1/nios2eds/bin/gnu/h-i686-mingw32/bin/../lib/gcc/nios2-elf/4.1.2/mno-hw-mul\libgcc.a(_sf_to_df.o)
 .comment       0x00000000       0x27 c:/altera/13.0sp1/nios2eds/bin/gnu/h-i686-mingw32/bin/../lib/gcc/nios2-elf/4.1.2/mno-hw-mul\libgcc.a(_make_df.o)
 .comment       0x00000000       0x27 c:/altera/13.0sp1/nios2eds/bin/gnu/h-i686-mingw32/bin/../lib/gcc/nios2-elf/4.1.2/mno-hw-mul\libgcc.a(_unpack_sf.o)
 .comment       0x00000000       0x27 c:/altera/13.0sp1/nios2eds/bin/gnu/h-i686-mingw32/bin/../lib/gcc/nios2-elf/4.1.2/mno-hw-mul\libgcc.a(_pack_df.o)
 .comment       0x00000000       0x27 c:/altera/13.0sp1/nios2eds/bin/gnu/h-i686-mingw32/bin/../lib/gcc/nios2-elf/4.1.2/../../../../nios2-elf/lib/mno-hw-mul\libsmallc.a(lib_a-printf.o)
 .comment       0x00000000       0x27 c:/altera/13.0sp1/nios2eds/bin/gnu/h-i686-mingw32/bin/../lib/gcc/nios2-elf/4.1.2/../../../../nios2-elf/lib/mno-hw-mul\libsmallc.a(lib_a-vfprintf.o)
 .comment       0x00000000       0x27 c:/altera/13.0sp1/nios2eds/bin/gnu/h-i686-mingw32/bin/../lib/gcc/nios2-elf/4.1.2/../../../../nios2-elf/lib/mno-hw-mul\libsmallc.a(lib_a-fvwrite_small_dev.o)
 .comment       0x00000000       0x27 c:/altera/13.0sp1/nios2eds/bin/gnu/h-i686-mingw32/bin/../lib/gcc/nios2-elf/4.1.2/../../../../nios2-elf/lib/mno-hw-mul\libsmallc.a(lib_a-impure.o)
 .comment       0x00000000       0x27 c:/altera/13.0sp1/nios2eds/bin/gnu/h-i686-mingw32/bin/../lib/gcc/nios2-elf/4.1.2/../../../../nios2-elf/lib/mno-hw-mul\libsmallc.a(lib_a-strlen.o)
 .comment       0x00000000       0x27 c:/altera/13.0sp1/nios2eds/bin/gnu/h-i686-mingw32/bin/../lib/gcc/nios2-elf/4.1.2/../../../../nios2-elf/lib/mno-hw-mul\libsmallc.a(lib_a-writer.o)
 .comment       0x00000000       0x27 c:/altera/13.0sp1/nios2eds/bin/gnu/h-i686-mingw32/bin/../lib/gcc/nios2-elf/4.1.2/../../../../nios2-elf/lib/mno-hw-mul\libsmallc.a(lib_a-int_errno.o)
 .comment       0x00000000       0x27 c:/altera/13.0sp1/nios2eds/bin/gnu/h-i686-mingw32/bin/../lib/gcc/nios2-elf/4.1.2/mno-hw-mul\libgcc.a(lib2-divmod.o)
 .comment       0x00000000       0x27 c:/altera/13.0sp1/nios2eds/bin/gnu/h-i686-mingw32/bin/../lib/gcc/nios2-elf/4.1.2/mno-hw-mul\libgcc.a(lib2-mul.o)
 .comment       0x00000000       0x27 ../Final_bsp/\libhal_bsp.a(alt_load.o)
 .comment       0x00000000       0x27 ../Final_bsp/\libhal_bsp.a(alt_main.o)
 .comment       0x00000000       0x27 ../Final_bsp/\libhal_bsp.a(alt_write.o)
 .comment       0x00000000       0x27 ../Final_bsp/\libhal_bsp.a(alt_sys_init.o)
 .comment       0x00000000       0x27 ../Final_bsp/\libhal_bsp.a(altera_avalon_jtag_uart_fd.o)
 .comment       0x00000000       0x27 ../Final_bsp/\libhal_bsp.a(altera_avalon_jtag_uart_read.o)
 .comment       0x00000000       0x27 ../Final_bsp/\libhal_bsp.a(altera_avalon_jtag_uart_write.o)
 .comment       0x00000000       0x27 ../Final_bsp/\libhal_bsp.a(altera_avalon_timer_sc.o)
 .comment       0x00000000       0x27 ../Final_bsp/\libhal_bsp.a(alt_close.o)
 .comment       0x00000000       0x27 ../Final_bsp/\libhal_bsp.a(alt_dcache_flush_all.o)
 .comment       0x00000000       0x27 ../Final_bsp/\libhal_bsp.a(alt_dev.o)
 .comment       0x00000000       0x27 ../Final_bsp/\libhal_bsp.a(alt_dev_llist_insert.o)
 .comment       0x00000000       0x27 ../Final_bsp/\libhal_bsp.a(alt_errno.o)
 .comment       0x00000000       0x27 ../Final_bsp/\libhal_bsp.a(alt_icache_flush_all.o)
 .comment       0x00000000       0x27 ../Final_bsp/\libhal_bsp.a(alt_iic.o)
 .comment       0x00000000       0x27 ../Final_bsp/\libhal_bsp.a(alt_iic_isr_register.o)
 .comment       0x00000000       0x27 ../Final_bsp/\libhal_bsp.a(alt_io_redirect.o)
 .comment       0x00000000       0x27 ../Final_bsp/\libhal_bsp.a(alt_irq_handler.o)
 .comment       0x00000000       0x27 ../Final_bsp/\libhal_bsp.a(alt_irq_vars.o)
 .comment       0x00000000       0x27 ../Final_bsp/\libhal_bsp.a(alt_open.o)
 .comment       0x00000000       0x27 ../Final_bsp/\libhal_bsp.a(alt_release_fd.o)
 .comment       0x00000000       0x27 ../Final_bsp/\libhal_bsp.a(alt_tick.o)
 .comment       0x00000000       0x27 ../Final_bsp/\libhal_bsp.a(altera_nios2_qsys_irq.o)
 .comment       0x00000000       0x27 ../Final_bsp/\libhal_bsp.a(alt_find_dev.o)
 .comment       0x00000000       0x27 ../Final_bsp/\libhal_bsp.a(alt_find_file.o)
 .comment       0x00000000       0x27 ../Final_bsp/\libhal_bsp.a(alt_get_fd.o)
 .comment       0x00000000       0x27 c:/altera/13.0sp1/nios2eds/bin/gnu/h-i686-mingw32/bin/../lib/gcc/nios2-elf/4.1.2/../../../../nios2-elf/lib/mno-hw-mul\libsmallc.a(lib_a-exit.o)
 .comment       0x00000000       0x27 c:/altera/13.0sp1/nios2eds/bin/gnu/h-i686-mingw32/bin/../lib/gcc/nios2-elf/4.1.2/../../../../nios2-elf/lib/mno-hw-mul\libsmallc.a(lib_a-memcmp.o)
 .comment       0x00000000       0x27 c:/altera/13.0sp1/nios2eds/bin/gnu/h-i686-mingw32/bin/../lib/gcc/nios2-elf/4.1.2/../../../../nios2-elf/lib/mno-hw-mul\libsmallc.a(lib_a-__call_atexit.o)
 .comment       0x00000000       0x27 ../Final_bsp/\libhal_bsp.a(alt_exit.o)

.debug
 *(.debug)

.line
 *(.line)

.debug_srcinfo
 *(.debug_srcinfo)

.debug_sfnames
 *(.debug_sfnames)

.debug_aranges  0x00000000      0x598
 *(.debug_aranges)
 .debug_aranges
                0x00000000       0x28 ../Final_bsp//obj/HAL/src/crt0.o
 .debug_aranges
                0x00000028       0x20 obj/default/hello_world.o
 .debug_aranges
                0x00000048       0x20 c:/altera/13.0sp1/nios2eds/bin/gnu/h-i686-mingw32/bin/../lib/gcc/nios2-elf/4.1.2/mno-hw-mul\libgcc.a(_sf_to_df.o)
 .debug_aranges
                0x00000068       0x20 c:/altera/13.0sp1/nios2eds/bin/gnu/h-i686-mingw32/bin/../lib/gcc/nios2-elf/4.1.2/mno-hw-mul\libgcc.a(_make_df.o)
 .debug_aranges
                0x00000088       0x20 c:/altera/13.0sp1/nios2eds/bin/gnu/h-i686-mingw32/bin/../lib/gcc/nios2-elf/4.1.2/mno-hw-mul\libgcc.a(_unpack_sf.o)
 .debug_aranges
                0x000000a8       0x20 c:/altera/13.0sp1/nios2eds/bin/gnu/h-i686-mingw32/bin/../lib/gcc/nios2-elf/4.1.2/mno-hw-mul\libgcc.a(_pack_df.o)
 .debug_aranges
                0x000000c8       0x20 c:/altera/13.0sp1/nios2eds/bin/gnu/h-i686-mingw32/bin/../lib/gcc/nios2-elf/4.1.2/../../../../nios2-elf/lib/mno-hw-mul\libsmallc.a(lib_a-printf.o)
 .debug_aranges
                0x000000e8       0x20 c:/altera/13.0sp1/nios2eds/bin/gnu/h-i686-mingw32/bin/../lib/gcc/nios2-elf/4.1.2/../../../../nios2-elf/lib/mno-hw-mul\libsmallc.a(lib_a-vfprintf.o)
 .debug_aranges
                0x00000108       0x20 c:/altera/13.0sp1/nios2eds/bin/gnu/h-i686-mingw32/bin/../lib/gcc/nios2-elf/4.1.2/../../../../nios2-elf/lib/mno-hw-mul\libsmallc.a(lib_a-fvwrite_small_dev.o)
 .debug_aranges
                0x00000128       0x20 c:/altera/13.0sp1/nios2eds/bin/gnu/h-i686-mingw32/bin/../lib/gcc/nios2-elf/4.1.2/../../../../nios2-elf/lib/mno-hw-mul\libsmallc.a(lib_a-strlen.o)
 .debug_aranges
                0x00000148       0x20 c:/altera/13.0sp1/nios2eds/bin/gnu/h-i686-mingw32/bin/../lib/gcc/nios2-elf/4.1.2/../../../../nios2-elf/lib/mno-hw-mul\libsmallc.a(lib_a-writer.o)
 .debug_aranges
                0x00000168       0x20 c:/altera/13.0sp1/nios2eds/bin/gnu/h-i686-mingw32/bin/../lib/gcc/nios2-elf/4.1.2/mno-hw-mul\libgcc.a(lib2-divmod.o)
 .debug_aranges
                0x00000188       0x20 c:/altera/13.0sp1/nios2eds/bin/gnu/h-i686-mingw32/bin/../lib/gcc/nios2-elf/4.1.2/mno-hw-mul\libgcc.a(lib2-mul.o)
 .debug_aranges
                0x000001a8       0x20 ../Final_bsp/\libhal_bsp.a(alt_load.o)
 .debug_aranges
                0x000001c8       0x20 ../Final_bsp/\libhal_bsp.a(alt_main.o)
 .debug_aranges
                0x000001e8       0x20 ../Final_bsp/\libhal_bsp.a(alt_write.o)
 .debug_aranges
                0x00000208       0x20 ../Final_bsp/\libhal_bsp.a(alt_sys_init.o)
 .debug_aranges
                0x00000228       0x20 ../Final_bsp/\libhal_bsp.a(altera_avalon_jtag_uart_fd.o)
 .debug_aranges
                0x00000248       0x20 ../Final_bsp/\libhal_bsp.a(altera_avalon_jtag_uart_read.o)
 .debug_aranges
                0x00000268       0x20 ../Final_bsp/\libhal_bsp.a(altera_avalon_jtag_uart_write.o)
 .debug_aranges
                0x00000288       0x20 ../Final_bsp/\libhal_bsp.a(altera_avalon_timer_sc.o)
 .debug_aranges
                0x000002a8       0x20 ../Final_bsp/\libhal_bsp.a(alt_close.o)
 .debug_aranges
                0x000002c8       0x20 ../Final_bsp/\libhal_bsp.a(alt_dcache_flush_all.o)
 .debug_aranges
                0x000002e8       0x20 ../Final_bsp/\libhal_bsp.a(alt_dev.o)
 .debug_aranges
                0x00000308       0x20 ../Final_bsp/\libhal_bsp.a(alt_dev_llist_insert.o)
 .debug_aranges
                0x00000328       0x20 ../Final_bsp/\libhal_bsp.a(alt_icache_flush_all.o)
 .debug_aranges
                0x00000348       0x20 ../Final_bsp/\libhal_bsp.a(alt_iic.o)
 .debug_aranges
                0x00000368       0x20 ../Final_bsp/\libhal_bsp.a(alt_iic_isr_register.o)
 .debug_aranges
                0x00000388       0x20 ../Final_bsp/\libhal_bsp.a(alt_io_redirect.o)
 .debug_aranges
                0x000003a8       0x30 ../Final_bsp/\libhal_bsp.a(alt_irq_entry.o)
 .debug_aranges
                0x000003d8       0x28 ../Final_bsp/\libhal_bsp.a(alt_irq_handler.o)
 .debug_aranges
                0x00000400       0x20 ../Final_bsp/\libhal_bsp.a(alt_open.o)
 .debug_aranges
                0x00000420       0x20 ../Final_bsp/\libhal_bsp.a(alt_release_fd.o)
 .debug_aranges
                0x00000440       0x20 ../Final_bsp/\libhal_bsp.a(alt_tick.o)
 .debug_aranges
                0x00000460       0x20 ../Final_bsp/\libhal_bsp.a(altera_nios2_qsys_irq.o)
 .debug_aranges
                0x00000480       0x38 ../Final_bsp/\libhal_bsp.a(alt_exception_entry.o)
 .debug_aranges
                0x000004b8       0x20 ../Final_bsp/\libhal_bsp.a(alt_find_dev.o)
 .debug_aranges
                0x000004d8       0x20 ../Final_bsp/\libhal_bsp.a(alt_find_file.o)
 .debug_aranges
                0x000004f8       0x20 ../Final_bsp/\libhal_bsp.a(alt_get_fd.o)
 .debug_aranges
                0x00000518       0x20 c:/altera/13.0sp1/nios2eds/bin/gnu/h-i686-mingw32/bin/../lib/gcc/nios2-elf/4.1.2/../../../../nios2-elf/lib/mno-hw-mul\libsmallc.a(lib_a-exit.o)
 .debug_aranges
                0x00000538       0x20 c:/altera/13.0sp1/nios2eds/bin/gnu/h-i686-mingw32/bin/../lib/gcc/nios2-elf/4.1.2/../../../../nios2-elf/lib/mno-hw-mul\libsmallc.a(lib_a-memcmp.o)
 .debug_aranges
                0x00000558       0x20 c:/altera/13.0sp1/nios2eds/bin/gnu/h-i686-mingw32/bin/../lib/gcc/nios2-elf/4.1.2/../../../../nios2-elf/lib/mno-hw-mul\libsmallc.a(lib_a-__call_atexit.o)
 .debug_aranges
                0x00000578       0x20 ../Final_bsp/\libhal_bsp.a(alt_exit.o)

.debug_pubnames
                0x00000000      0x7e6
 *(.debug_pubnames)
 .debug_pubnames
                0x00000000       0x21 obj/default/hello_world.o
 .debug_pubnames
                0x00000021       0x24 c:/altera/13.0sp1/nios2eds/bin/gnu/h-i686-mingw32/bin/../lib/gcc/nios2-elf/4.1.2/mno-hw-mul\libgcc.a(_sf_to_df.o)
 .debug_pubnames
                0x00000045       0x20 c:/altera/13.0sp1/nios2eds/bin/gnu/h-i686-mingw32/bin/../lib/gcc/nios2-elf/4.1.2/mno-hw-mul\libgcc.a(_make_df.o)
 .debug_pubnames
                0x00000065       0x21 c:/altera/13.0sp1/nios2eds/bin/gnu/h-i686-mingw32/bin/../lib/gcc/nios2-elf/4.1.2/mno-hw-mul\libgcc.a(_unpack_sf.o)
 .debug_pubnames
                0x00000086       0x1f c:/altera/13.0sp1/nios2eds/bin/gnu/h-i686-mingw32/bin/../lib/gcc/nios2-elf/4.1.2/mno-hw-mul\libgcc.a(_pack_df.o)
 .debug_pubnames
                0x000000a5       0x2b c:/altera/13.0sp1/nios2eds/bin/gnu/h-i686-mingw32/bin/../lib/gcc/nios2-elf/4.1.2/../../../../nios2-elf/lib/mno-hw-mul\libsmallc.a(lib_a-printf.o)
 .debug_pubnames
                0x000000d0       0x45 c:/altera/13.0sp1/nios2eds/bin/gnu/h-i686-mingw32/bin/../lib/gcc/nios2-elf/4.1.2/../../../../nios2-elf/lib/mno-hw-mul\libsmallc.a(lib_a-vfprintf.o)
 .debug_pubnames
                0x00000115       0x2b c:/altera/13.0sp1/nios2eds/bin/gnu/h-i686-mingw32/bin/../lib/gcc/nios2-elf/4.1.2/../../../../nios2-elf/lib/mno-hw-mul\libsmallc.a(lib_a-fvwrite_small_dev.o)
 .debug_pubnames
                0x00000140       0x39 c:/altera/13.0sp1/nios2eds/bin/gnu/h-i686-mingw32/bin/../lib/gcc/nios2-elf/4.1.2/../../../../nios2-elf/lib/mno-hw-mul\libsmallc.a(lib_a-impure.o)
 .debug_pubnames
                0x00000179       0x1d c:/altera/13.0sp1/nios2eds/bin/gnu/h-i686-mingw32/bin/../lib/gcc/nios2-elf/4.1.2/../../../../nios2-elf/lib/mno-hw-mul\libsmallc.a(lib_a-strlen.o)
 .debug_pubnames
                0x00000196       0x1f c:/altera/13.0sp1/nios2eds/bin/gnu/h-i686-mingw32/bin/../lib/gcc/nios2-elf/4.1.2/../../../../nios2-elf/lib/mno-hw-mul\libsmallc.a(lib_a-writer.o)
 .debug_pubnames
                0x000001b5       0x1c c:/altera/13.0sp1/nios2eds/bin/gnu/h-i686-mingw32/bin/../lib/gcc/nios2-elf/4.1.2/../../../../nios2-elf/lib/mno-hw-mul\libsmallc.a(lib_a-int_errno.o)
 .debug_pubnames
                0x000001d1       0x48 c:/altera/13.0sp1/nios2eds/bin/gnu/h-i686-mingw32/bin/../lib/gcc/nios2-elf/4.1.2/mno-hw-mul\libgcc.a(lib2-divmod.o)
 .debug_pubnames
                0x00000219       0x1f c:/altera/13.0sp1/nios2eds/bin/gnu/h-i686-mingw32/bin/../lib/gcc/nios2-elf/4.1.2/mno-hw-mul\libgcc.a(lib2-mul.o)
 .debug_pubnames
                0x00000238       0x1f ../Final_bsp/\libhal_bsp.a(alt_load.o)
 .debug_pubnames
                0x00000257       0x46 ../Final_bsp/\libhal_bsp.a(alt_main.o)
 .debug_pubnames
                0x0000029d       0x1c ../Final_bsp/\libhal_bsp.a(alt_write.o)
 .debug_pubnames
                0x000002b9       0x34 ../Final_bsp/\libhal_bsp.a(alt_sys_init.o)
 .debug_pubnames
                0x000002ed       0x5b ../Final_bsp/\libhal_bsp.a(altera_avalon_jtag_uart_fd.o)
 .debug_pubnames
                0x00000348       0x33 ../Final_bsp/\libhal_bsp.a(altera_avalon_jtag_uart_read.o)
 .debug_pubnames
                0x0000037b       0x34 ../Final_bsp/\libhal_bsp.a(altera_avalon_jtag_uart_write.o)
 .debug_pubnames
                0x000003af       0x2f ../Final_bsp/\libhal_bsp.a(altera_avalon_timer_sc.o)
 .debug_pubnames
                0x000003de       0x1c ../Final_bsp/\libhal_bsp.a(alt_close.o)
 .debug_pubnames
                0x000003fa       0x2b ../Final_bsp/\libhal_bsp.a(alt_dcache_flush_all.o)
 .debug_pubnames
                0x00000425       0x63 ../Final_bsp/\libhal_bsp.a(alt_dev.o)
 .debug_pubnames
                0x00000488       0x2b ../Final_bsp/\libhal_bsp.a(alt_dev_llist_insert.o)
 .debug_pubnames
                0x000004b3       0x20 ../Final_bsp/\libhal_bsp.a(alt_errno.o)
 .debug_pubnames
                0x000004d3       0x2b ../Final_bsp/\libhal_bsp.a(alt_icache_flush_all.o)
 .debug_pubnames
                0x000004fe       0x6e ../Final_bsp/\libhal_bsp.a(alt_iic.o)
 .debug_pubnames
                0x0000056c       0x2b ../Final_bsp/\libhal_bsp.a(alt_iic_isr_register.o)
 .debug_pubnames
                0x00000597       0x26 ../Final_bsp/\libhal_bsp.a(alt_io_redirect.o)
 .debug_pubnames
                0x000005bd       0x32 ../Final_bsp/\libhal_bsp.a(alt_irq_handler.o)
 .debug_pubnames
                0x000005ef       0x3b ../Final_bsp/\libhal_bsp.a(alt_irq_vars.o)
 .debug_pubnames
                0x0000062a       0x1b ../Final_bsp/\libhal_bsp.a(alt_open.o)
 .debug_pubnames
                0x00000645       0x25 ../Final_bsp/\libhal_bsp.a(alt_release_fd.o)
 .debug_pubnames
                0x0000066a       0x68 ../Final_bsp/\libhal_bsp.a(alt_tick.o)
 .debug_pubnames
                0x000006d2       0x31 ../Final_bsp/\libhal_bsp.a(altera_nios2_qsys_irq.o)
 .debug_pubnames
                0x00000703       0x23 ../Final_bsp/\libhal_bsp.a(alt_find_dev.o)
 .debug_pubnames
                0x00000726       0x24 ../Final_bsp/\libhal_bsp.a(alt_find_file.o)
 .debug_pubnames
                0x0000074a       0x21 ../Final_bsp/\libhal_bsp.a(alt_get_fd.o)
 .debug_pubnames
                0x0000076b       0x1b c:/altera/13.0sp1/nios2eds/bin/gnu/h-i686-mingw32/bin/../lib/gcc/nios2-elf/4.1.2/../../../../nios2-elf/lib/mno-hw-mul\libsmallc.a(lib_a-exit.o)
 .debug_pubnames
                0x00000786       0x1d c:/altera/13.0sp1/nios2eds/bin/gnu/h-i686-mingw32/bin/../lib/gcc/nios2-elf/4.1.2/../../../../nios2-elf/lib/mno-hw-mul\libsmallc.a(lib_a-memcmp.o)
 .debug_pubnames
                0x000007a3       0x27 c:/altera/13.0sp1/nios2eds/bin/gnu/h-i686-mingw32/bin/../lib/gcc/nios2-elf/4.1.2/../../../../nios2-elf/lib/mno-hw-mul\libsmallc.a(lib_a-__call_atexit.o)
 .debug_pubnames
                0x000007ca       0x1c ../Final_bsp/\libhal_bsp.a(alt_exit.o)

.debug_info     0x00000000     0x9f16
 *(.debug_info .gnu.linkonce.wi.*)
 .debug_info    0x00000000       0x88 ../Final_bsp//obj/HAL/src/crt0.o
 .debug_info    0x00000088      0x160 obj/default/hello_world.o
 .debug_info    0x000001e8      0x245 c:/altera/13.0sp1/nios2eds/bin/gnu/h-i686-mingw32/bin/../lib/gcc/nios2-elf/4.1.2/mno-hw-mul\libgcc.a(_sf_to_df.o)
 .debug_info    0x0000042d      0x1d6 c:/altera/13.0sp1/nios2eds/bin/gnu/h-i686-mingw32/bin/../lib/gcc/nios2-elf/4.1.2/mno-hw-mul\libgcc.a(_make_df.o)
 .debug_info    0x00000603      0x25a c:/altera/13.0sp1/nios2eds/bin/gnu/h-i686-mingw32/bin/../lib/gcc/nios2-elf/4.1.2/mno-hw-mul\libgcc.a(_unpack_sf.o)
 .debug_info    0x0000085d      0x2fc c:/altera/13.0sp1/nios2eds/bin/gnu/h-i686-mingw32/bin/../lib/gcc/nios2-elf/4.1.2/mno-hw-mul\libgcc.a(_pack_df.o)
 .debug_info    0x00000b59      0x6c8 c:/altera/13.0sp1/nios2eds/bin/gnu/h-i686-mingw32/bin/../lib/gcc/nios2-elf/4.1.2/../../../../nios2-elf/lib/mno-hw-mul\libsmallc.a(lib_a-printf.o)
 .debug_info    0x00001221      0x9b6 c:/altera/13.0sp1/nios2eds/bin/gnu/h-i686-mingw32/bin/../lib/gcc/nios2-elf/4.1.2/../../../../nios2-elf/lib/mno-hw-mul\libsmallc.a(lib_a-vfprintf.o)
 .debug_info    0x00001bd7      0x68e c:/altera/13.0sp1/nios2eds/bin/gnu/h-i686-mingw32/bin/../lib/gcc/nios2-elf/4.1.2/../../../../nios2-elf/lib/mno-hw-mul\libsmallc.a(lib_a-fvwrite_small_dev.o)
 .debug_info    0x00002265      0x636 c:/altera/13.0sp1/nios2eds/bin/gnu/h-i686-mingw32/bin/../lib/gcc/nios2-elf/4.1.2/../../../../nios2-elf/lib/mno-hw-mul\libsmallc.a(lib_a-impure.o)
 .debug_info    0x0000289b       0xc2 c:/altera/13.0sp1/nios2eds/bin/gnu/h-i686-mingw32/bin/../lib/gcc/nios2-elf/4.1.2/../../../../nios2-elf/lib/mno-hw-mul\libsmallc.a(lib_a-strlen.o)
 .debug_info    0x0000295d      0x68c c:/altera/13.0sp1/nios2eds/bin/gnu/h-i686-mingw32/bin/../lib/gcc/nios2-elf/4.1.2/../../../../nios2-elf/lib/mno-hw-mul\libsmallc.a(lib_a-writer.o)
 .debug_info    0x00002fe9       0x8c c:/altera/13.0sp1/nios2eds/bin/gnu/h-i686-mingw32/bin/../lib/gcc/nios2-elf/4.1.2/../../../../nios2-elf/lib/mno-hw-mul\libsmallc.a(lib_a-int_errno.o)
 .debug_info    0x00003075      0x21c c:/altera/13.0sp1/nios2eds/bin/gnu/h-i686-mingw32/bin/../lib/gcc/nios2-elf/4.1.2/mno-hw-mul\libgcc.a(lib2-divmod.o)
 .debug_info    0x00003291       0xf3 c:/altera/13.0sp1/nios2eds/bin/gnu/h-i686-mingw32/bin/../lib/gcc/nios2-elf/4.1.2/mno-hw-mul\libgcc.a(lib2-mul.o)
 .debug_info    0x00003384      0x29a ../Final_bsp/\libhal_bsp.a(alt_load.o)
 .debug_info    0x0000361e      0x232 ../Final_bsp/\libhal_bsp.a(alt_main.o)
 .debug_info    0x00003850      0x6a0 ../Final_bsp/\libhal_bsp.a(alt_write.o)
 .debug_info    0x00003ef0      0x5d0 ../Final_bsp/\libhal_bsp.a(alt_sys_init.o)
 .debug_info    0x000044c0      0x5c6 ../Final_bsp/\libhal_bsp.a(altera_avalon_jtag_uart_fd.o)
 .debug_info    0x00004a86      0x316 ../Final_bsp/\libhal_bsp.a(altera_avalon_jtag_uart_read.o)
 .debug_info    0x00004d9c      0x2f3 ../Final_bsp/\libhal_bsp.a(altera_avalon_jtag_uart_write.o)
 .debug_info    0x0000508f      0x398 ../Final_bsp/\libhal_bsp.a(altera_avalon_timer_sc.o)
 .debug_info    0x00005427      0x474 ../Final_bsp/\libhal_bsp.a(alt_close.o)
 .debug_info    0x0000589b      0x169 ../Final_bsp/\libhal_bsp.a(alt_dcache_flush_all.o)
 .debug_info    0x00005a04      0x68c ../Final_bsp/\libhal_bsp.a(alt_dev.o)
 .debug_info    0x00006090      0x2c4 ../Final_bsp/\libhal_bsp.a(alt_dev_llist_insert.o)
 .debug_info    0x00006354      0x171 ../Final_bsp/\libhal_bsp.a(alt_errno.o)
 .debug_info    0x000064c5      0x169 ../Final_bsp/\libhal_bsp.a(alt_icache_flush_all.o)
 .debug_info    0x0000662e      0x4a0 ../Final_bsp/\libhal_bsp.a(alt_iic.o)
 .debug_info    0x00006ace      0x321 ../Final_bsp/\libhal_bsp.a(alt_iic_isr_register.o)
 .debug_info    0x00006def      0x6a2 ../Final_bsp/\libhal_bsp.a(alt_io_redirect.o)
 .debug_info    0x00007491       0x91 ../Final_bsp/\libhal_bsp.a(alt_irq_entry.o)
 .debug_info    0x00007522      0x282 ../Final_bsp/\libhal_bsp.a(alt_irq_handler.o)
 .debug_info    0x000077a4      0x174 ../Final_bsp/\libhal_bsp.a(alt_irq_vars.o)
 .debug_info    0x00007918      0x532 ../Final_bsp/\libhal_bsp.a(alt_open.o)
 .debug_info    0x00007e4a      0x3ff ../Final_bsp/\libhal_bsp.a(alt_release_fd.o)
 .debug_info    0x00008249      0x40b ../Final_bsp/\libhal_bsp.a(alt_tick.o)
 .debug_info    0x00008654      0x170 ../Final_bsp/\libhal_bsp.a(altera_nios2_qsys_irq.o)
 .debug_info    0x000087c4       0x97 ../Final_bsp/\libhal_bsp.a(alt_exception_entry.o)
 .debug_info    0x0000885b      0x425 ../Final_bsp/\libhal_bsp.a(alt_find_dev.o)
 .debug_info    0x00008c80      0x42c ../Final_bsp/\libhal_bsp.a(alt_find_file.o)
 .debug_info    0x000090ac      0x46d ../Final_bsp/\libhal_bsp.a(alt_get_fd.o)
 .debug_info    0x00009519       0x9f c:/altera/13.0sp1/nios2eds/bin/gnu/h-i686-mingw32/bin/../lib/gcc/nios2-elf/4.1.2/../../../../nios2-elf/lib/mno-hw-mul\libsmallc.a(lib_a-exit.o)
 .debug_info    0x000095b8       0xef c:/altera/13.0sp1/nios2eds/bin/gnu/h-i686-mingw32/bin/../lib/gcc/nios2-elf/4.1.2/../../../../nios2-elf/lib/mno-hw-mul\libsmallc.a(lib_a-memcmp.o)
 .debug_info    0x000096a7      0x6d5 c:/altera/13.0sp1/nios2eds/bin/gnu/h-i686-mingw32/bin/../lib/gcc/nios2-elf/4.1.2/../../../../nios2-elf/lib/mno-hw-mul\libsmallc.a(lib_a-__call_atexit.o)
 .debug_info    0x00009d7c      0x19a ../Final_bsp/\libhal_bsp.a(alt_exit.o)

.debug_abbrev   0x00000000     0x27f5
 *(.debug_abbrev)
 .debug_abbrev  0x00000000       0x12 ../Final_bsp//obj/HAL/src/crt0.o
 .debug_abbrev  0x00000012       0x50 obj/default/hello_world.o
 .debug_abbrev  0x00000062      0x128 c:/altera/13.0sp1/nios2eds/bin/gnu/h-i686-mingw32/bin/../lib/gcc/nios2-elf/4.1.2/mno-hw-mul\libgcc.a(_sf_to_df.o)
 .debug_abbrev  0x0000018a      0x10f c:/altera/13.0sp1/nios2eds/bin/gnu/h-i686-mingw32/bin/../lib/gcc/nios2-elf/4.1.2/mno-hw-mul\libgcc.a(_make_df.o)
 .debug_abbrev  0x00000299      0x158 c:/altera/13.0sp1/nios2eds/bin/gnu/h-i686-mingw32/bin/../lib/gcc/nios2-elf/4.1.2/mno-hw-mul\libgcc.a(_unpack_sf.o)
 .debug_abbrev  0x000003f1      0x1b1 c:/altera/13.0sp1/nios2eds/bin/gnu/h-i686-mingw32/bin/../lib/gcc/nios2-elf/4.1.2/mno-hw-mul\libgcc.a(_pack_df.o)
 .debug_abbrev  0x000005a2      0x179 c:/altera/13.0sp1/nios2eds/bin/gnu/h-i686-mingw32/bin/../lib/gcc/nios2-elf/4.1.2/../../../../nios2-elf/lib/mno-hw-mul\libsmallc.a(lib_a-printf.o)
 .debug_abbrev  0x0000071b      0x263 c:/altera/13.0sp1/nios2eds/bin/gnu/h-i686-mingw32/bin/../lib/gcc/nios2-elf/4.1.2/../../../../nios2-elf/lib/mno-hw-mul\libsmallc.a(lib_a-vfprintf.o)
 .debug_abbrev  0x0000097e      0x179 c:/altera/13.0sp1/nios2eds/bin/gnu/h-i686-mingw32/bin/../lib/gcc/nios2-elf/4.1.2/../../../../nios2-elf/lib/mno-hw-mul\libsmallc.a(lib_a-fvwrite_small_dev.o)
 .debug_abbrev  0x00000af7      0x13f c:/altera/13.0sp1/nios2eds/bin/gnu/h-i686-mingw32/bin/../lib/gcc/nios2-elf/4.1.2/../../../../nios2-elf/lib/mno-hw-mul\libsmallc.a(lib_a-impure.o)
 .debug_abbrev  0x00000c36       0x7a c:/altera/13.0sp1/nios2eds/bin/gnu/h-i686-mingw32/bin/../lib/gcc/nios2-elf/4.1.2/../../../../nios2-elf/lib/mno-hw-mul\libsmallc.a(lib_a-strlen.o)
 .debug_abbrev  0x00000cb0      0x16c c:/altera/13.0sp1/nios2eds/bin/gnu/h-i686-mingw32/bin/../lib/gcc/nios2-elf/4.1.2/../../../../nios2-elf/lib/mno-hw-mul\libsmallc.a(lib_a-writer.o)
 .debug_abbrev  0x00000e1c       0x3b c:/altera/13.0sp1/nios2eds/bin/gnu/h-i686-mingw32/bin/../lib/gcc/nios2-elf/4.1.2/../../../../nios2-elf/lib/mno-hw-mul\libsmallc.a(lib_a-int_errno.o)
 .debug_abbrev  0x00000e57       0xe0 c:/altera/13.0sp1/nios2eds/bin/gnu/h-i686-mingw32/bin/../lib/gcc/nios2-elf/4.1.2/mno-hw-mul\libgcc.a(lib2-divmod.o)
 .debug_abbrev  0x00000f37       0x7b c:/altera/13.0sp1/nios2eds/bin/gnu/h-i686-mingw32/bin/../lib/gcc/nios2-elf/4.1.2/mno-hw-mul\libgcc.a(lib2-mul.o)
 .debug_abbrev  0x00000fb2       0x88 ../Final_bsp/\libhal_bsp.a(alt_load.o)
 .debug_abbrev  0x0000103a       0xb7 ../Final_bsp/\libhal_bsp.a(alt_main.o)
 .debug_abbrev  0x000010f1      0x100 ../Final_bsp/\libhal_bsp.a(alt_write.o)
 .debug_abbrev  0x000011f1      0x121 ../Final_bsp/\libhal_bsp.a(alt_sys_init.o)
 .debug_abbrev  0x00001312       0xcb ../Final_bsp/\libhal_bsp.a(altera_avalon_jtag_uart_fd.o)
 .debug_abbrev  0x000013dd       0xb6 ../Final_bsp/\libhal_bsp.a(altera_avalon_jtag_uart_read.o)
 .debug_abbrev  0x00001493       0xb4 ../Final_bsp/\libhal_bsp.a(altera_avalon_jtag_uart_write.o)
 .debug_abbrev  0x00001547      0x137 ../Final_bsp/\libhal_bsp.a(altera_avalon_timer_sc.o)
 .debug_abbrev  0x0000167e       0xfb ../Final_bsp/\libhal_bsp.a(alt_close.o)
 .debug_abbrev  0x00001779       0x3f ../Final_bsp/\libhal_bsp.a(alt_dcache_flush_all.o)
 .debug_abbrev  0x000017b8       0xc7 ../Final_bsp/\libhal_bsp.a(alt_dev.o)
 .debug_abbrev  0x0000187f       0xf6 ../Final_bsp/\libhal_bsp.a(alt_dev_llist_insert.o)
 .debug_abbrev  0x00001975       0x5e ../Final_bsp/\libhal_bsp.a(alt_errno.o)
 .debug_abbrev  0x000019d3       0x3f ../Final_bsp/\libhal_bsp.a(alt_icache_flush_all.o)
 .debug_abbrev  0x00001a12      0x134 ../Final_bsp/\libhal_bsp.a(alt_iic.o)
 .debug_abbrev  0x00001b46      0x14e ../Final_bsp/\libhal_bsp.a(alt_iic_isr_register.o)
 .debug_abbrev  0x00001c94       0xf0 ../Final_bsp/\libhal_bsp.a(alt_io_redirect.o)
 .debug_abbrev  0x00001d84       0x12 ../Final_bsp/\libhal_bsp.a(alt_irq_entry.o)
 .debug_abbrev  0x00001d96      0x10c ../Final_bsp/\libhal_bsp.a(alt_irq_handler.o)
 .debug_abbrev  0x00001ea2       0x44 ../Final_bsp/\libhal_bsp.a(alt_irq_vars.o)
 .debug_abbrev  0x00001ee6      0x112 ../Final_bsp/\libhal_bsp.a(alt_open.o)
 .debug_abbrev  0x00001ff8       0xc1 ../Final_bsp/\libhal_bsp.a(alt_release_fd.o)
 .debug_abbrev  0x000020b9      0x150 ../Final_bsp/\libhal_bsp.a(alt_tick.o)
 .debug_abbrev  0x00002209       0x3f ../Final_bsp/\libhal_bsp.a(altera_nios2_qsys_irq.o)
 .debug_abbrev  0x00002248       0x12 ../Final_bsp/\libhal_bsp.a(alt_exception_entry.o)
 .debug_abbrev  0x0000225a       0xcf ../Final_bsp/\libhal_bsp.a(alt_find_dev.o)
 .debug_abbrev  0x00002329       0xcf ../Final_bsp/\libhal_bsp.a(alt_find_file.o)
 .debug_abbrev  0x000023f8       0xfb ../Final_bsp/\libhal_bsp.a(alt_get_fd.o)
 .debug_abbrev  0x000024f3       0x4e c:/altera/13.0sp1/nios2eds/bin/gnu/h-i686-mingw32/bin/../lib/gcc/nios2-elf/4.1.2/../../../../nios2-elf/lib/mno-hw-mul\libsmallc.a(lib_a-exit.o)
 .debug_abbrev  0x00002541       0x7c c:/altera/13.0sp1/nios2eds/bin/gnu/h-i686-mingw32/bin/../lib/gcc/nios2-elf/4.1.2/../../../../nios2-elf/lib/mno-hw-mul\libsmallc.a(lib_a-memcmp.o)
 .debug_abbrev  0x000025bd      0x1c6 c:/altera/13.0sp1/nios2eds/bin/gnu/h-i686-mingw32/bin/../lib/gcc/nios2-elf/4.1.2/../../../../nios2-elf/lib/mno-hw-mul\libsmallc.a(lib_a-__call_atexit.o)
 .debug_abbrev  0x00002783       0x72 ../Final_bsp/\libhal_bsp.a(alt_exit.o)

.debug_line     0x00000000     0x6707
 *(.debug_line)
 .debug_line    0x00000000       0x66 ../Final_bsp//obj/HAL/src/crt0.o
 .debug_line    0x00000066      0x1ca obj/default/hello_world.o
 .debug_line    0x00000230       0xd1 c:/altera/13.0sp1/nios2eds/bin/gnu/h-i686-mingw32/bin/../lib/gcc/nios2-elf/4.1.2/mno-hw-mul\libgcc.a(_sf_to_df.o)
 .debug_line    0x00000301       0xe9 c:/altera/13.0sp1/nios2eds/bin/gnu/h-i686-mingw32/bin/../lib/gcc/nios2-elf/4.1.2/mno-hw-mul\libgcc.a(_make_df.o)
 .debug_line    0x000003ea      0x197 c:/altera/13.0sp1/nios2eds/bin/gnu/h-i686-mingw32/bin/../lib/gcc/nios2-elf/4.1.2/mno-hw-mul\libgcc.a(_unpack_sf.o)
 .debug_line    0x00000581      0x222 c:/altera/13.0sp1/nios2eds/bin/gnu/h-i686-mingw32/bin/../lib/gcc/nios2-elf/4.1.2/mno-hw-mul\libgcc.a(_pack_df.o)
 .debug_line    0x000007a3      0x2be c:/altera/13.0sp1/nios2eds/bin/gnu/h-i686-mingw32/bin/../lib/gcc/nios2-elf/4.1.2/../../../../nios2-elf/lib/mno-hw-mul\libsmallc.a(lib_a-printf.o)
 .debug_line    0x00000a61      0x666 c:/altera/13.0sp1/nios2eds/bin/gnu/h-i686-mingw32/bin/../lib/gcc/nios2-elf/4.1.2/../../../../nios2-elf/lib/mno-hw-mul\libsmallc.a(lib_a-vfprintf.o)
 .debug_line    0x000010c7      0x2a9 c:/altera/13.0sp1/nios2eds/bin/gnu/h-i686-mingw32/bin/../lib/gcc/nios2-elf/4.1.2/../../../../nios2-elf/lib/mno-hw-mul\libsmallc.a(lib_a-fvwrite_small_dev.o)
 .debug_line    0x00001370      0x230 c:/altera/13.0sp1/nios2eds/bin/gnu/h-i686-mingw32/bin/../lib/gcc/nios2-elf/4.1.2/../../../../nios2-elf/lib/mno-hw-mul\libsmallc.a(lib_a-impure.o)
 .debug_line    0x000015a0      0x250 c:/altera/13.0sp1/nios2eds/bin/gnu/h-i686-mingw32/bin/../lib/gcc/nios2-elf/4.1.2/../../../../nios2-elf/lib/mno-hw-mul\libsmallc.a(lib_a-strlen.o)
 .debug_line    0x000017f0      0x29d c:/altera/13.0sp1/nios2eds/bin/gnu/h-i686-mingw32/bin/../lib/gcc/nios2-elf/4.1.2/../../../../nios2-elf/lib/mno-hw-mul\libsmallc.a(lib_a-writer.o)
 .debug_line    0x00001a8d      0x1e2 c:/altera/13.0sp1/nios2eds/bin/gnu/h-i686-mingw32/bin/../lib/gcc/nios2-elf/4.1.2/../../../../nios2-elf/lib/mno-hw-mul\libsmallc.a(lib_a-int_errno.o)
 .debug_line    0x00001c6f      0x24f c:/altera/13.0sp1/nios2eds/bin/gnu/h-i686-mingw32/bin/../lib/gcc/nios2-elf/4.1.2/mno-hw-mul\libgcc.a(lib2-divmod.o)
 .debug_line    0x00001ebe      0x11a c:/altera/13.0sp1/nios2eds/bin/gnu/h-i686-mingw32/bin/../lib/gcc/nios2-elf/4.1.2/mno-hw-mul\libgcc.a(lib2-mul.o)
 .debug_line    0x00001fd8      0x217 ../Final_bsp/\libhal_bsp.a(alt_load.o)
 .debug_line    0x000021ef      0x2ba ../Final_bsp/\libhal_bsp.a(alt_main.o)
 .debug_line    0x000024a9      0x2c9 ../Final_bsp/\libhal_bsp.a(alt_write.o)
 .debug_line    0x00002772      0x2c7 ../Final_bsp/\libhal_bsp.a(alt_sys_init.o)
 .debug_line    0x00002a39      0x1d7 ../Final_bsp/\libhal_bsp.a(altera_avalon_jtag_uart_fd.o)
 .debug_line    0x00002c10      0x343 ../Final_bsp/\libhal_bsp.a(altera_avalon_jtag_uart_read.o)
 .debug_line    0x00002f53      0x304 ../Final_bsp/\libhal_bsp.a(altera_avalon_jtag_uart_write.o)
 .debug_line    0x00003257      0x2b3 ../Final_bsp/\libhal_bsp.a(altera_avalon_timer_sc.o)
 .debug_line    0x0000350a      0x299 ../Final_bsp/\libhal_bsp.a(alt_close.o)
 .debug_line    0x000037a3      0x1b5 ../Final_bsp/\libhal_bsp.a(alt_dcache_flush_all.o)
 .debug_line    0x00003958      0x254 ../Final_bsp/\libhal_bsp.a(alt_dev.o)
 .debug_line    0x00003bac      0x25a ../Final_bsp/\libhal_bsp.a(alt_dev_llist_insert.o)
 .debug_line    0x00003e06      0x1aa ../Final_bsp/\libhal_bsp.a(alt_errno.o)
 .debug_line    0x00003fb0      0x1b5 ../Final_bsp/\libhal_bsp.a(alt_icache_flush_all.o)
 .debug_line    0x00004165      0x2c8 ../Final_bsp/\libhal_bsp.a(alt_iic.o)
 .debug_line    0x0000442d      0x249 ../Final_bsp/\libhal_bsp.a(alt_iic_isr_register.o)
 .debug_line    0x00004676      0x2b4 ../Final_bsp/\libhal_bsp.a(alt_io_redirect.o)
 .debug_line    0x0000492a       0x6b ../Final_bsp/\libhal_bsp.a(alt_irq_entry.o)
 .debug_line    0x00004995      0x248 ../Final_bsp/\libhal_bsp.a(alt_irq_handler.o)
 .debug_line    0x00004bdd       0x72 ../Final_bsp/\libhal_bsp.a(alt_irq_vars.o)
 .debug_line    0x00004c4f      0x2ff ../Final_bsp/\libhal_bsp.a(alt_open.o)
 .debug_line    0x00004f4e       0xed ../Final_bsp/\libhal_bsp.a(alt_release_fd.o)
 .debug_line    0x0000503b      0x2dc ../Final_bsp/\libhal_bsp.a(alt_tick.o)
 .debug_line    0x00005317      0x1ce ../Final_bsp/\libhal_bsp.a(altera_nios2_qsys_irq.o)
 .debug_line    0x000054e5       0xab ../Final_bsp/\libhal_bsp.a(alt_exception_entry.o)
 .debug_line    0x00005590      0x26b ../Final_bsp/\libhal_bsp.a(alt_find_dev.o)
 .debug_line    0x000057fb      0x27c ../Final_bsp/\libhal_bsp.a(alt_find_file.o)
 .debug_line    0x00005a77      0x297 ../Final_bsp/\libhal_bsp.a(alt_get_fd.o)
 .debug_line    0x00005d0e      0x223 c:/altera/13.0sp1/nios2eds/bin/gnu/h-i686-mingw32/bin/../lib/gcc/nios2-elf/4.1.2/../../../../nios2-elf/lib/mno-hw-mul\libsmallc.a(lib_a-exit.o)
 .debug_line    0x00005f31      0x270 c:/altera/13.0sp1/nios2eds/bin/gnu/h-i686-mingw32/bin/../lib/gcc/nios2-elf/4.1.2/../../../../nios2-elf/lib/mno-hw-mul\libsmallc.a(lib_a-memcmp.o)
 .debug_line    0x000061a1      0x360 c:/altera/13.0sp1/nios2eds/bin/gnu/h-i686-mingw32/bin/../lib/gcc/nios2-elf/4.1.2/../../../../nios2-elf/lib/mno-hw-mul\libsmallc.a(lib_a-__call_atexit.o)
 .debug_line    0x00006501      0x206 ../Final_bsp/\libhal_bsp.a(alt_exit.o)

.debug_frame    0x00000000      0x92c
 *(.debug_frame)
 .debug_frame   0x00000000       0x2c obj/default/hello_world.o
 .debug_frame   0x0000002c       0x28 c:/altera/13.0sp1/nios2eds/bin/gnu/h-i686-mingw32/bin/../lib/gcc/nios2-elf/4.1.2/mno-hw-mul\libgcc.a(_sf_to_df.o)
 .debug_frame   0x00000054       0x28 c:/altera/13.0sp1/nios2eds/bin/gnu/h-i686-mingw32/bin/../lib/gcc/nios2-elf/4.1.2/mno-hw-mul\libgcc.a(_make_df.o)
 .debug_frame   0x0000007c       0x20 c:/altera/13.0sp1/nios2eds/bin/gnu/h-i686-mingw32/bin/../lib/gcc/nios2-elf/4.1.2/mno-hw-mul\libgcc.a(_unpack_sf.o)
 .debug_frame   0x0000009c       0x2c c:/altera/13.0sp1/nios2eds/bin/gnu/h-i686-mingw32/bin/../lib/gcc/nios2-elf/4.1.2/mno-hw-mul\libgcc.a(_pack_df.o)
 .debug_frame   0x000000c8       0x40 c:/altera/13.0sp1/nios2eds/bin/gnu/h-i686-mingw32/bin/../lib/gcc/nios2-elf/4.1.2/../../../../nios2-elf/lib/mno-hw-mul\libsmallc.a(lib_a-printf.o)
 .debug_frame   0x00000108       0x64 c:/altera/13.0sp1/nios2eds/bin/gnu/h-i686-mingw32/bin/../lib/gcc/nios2-elf/4.1.2/../../../../nios2-elf/lib/mno-hw-mul\libsmallc.a(lib_a-vfprintf.o)
 .debug_frame   0x0000016c       0x30 c:/altera/13.0sp1/nios2eds/bin/gnu/h-i686-mingw32/bin/../lib/gcc/nios2-elf/4.1.2/../../../../nios2-elf/lib/mno-hw-mul\libsmallc.a(lib_a-fvwrite_small_dev.o)
 .debug_frame   0x0000019c       0x20 c:/altera/13.0sp1/nios2eds/bin/gnu/h-i686-mingw32/bin/../lib/gcc/nios2-elf/4.1.2/../../../../nios2-elf/lib/mno-hw-mul\libsmallc.a(lib_a-strlen.o)
 .debug_frame   0x000001bc       0x2c c:/altera/13.0sp1/nios2eds/bin/gnu/h-i686-mingw32/bin/../lib/gcc/nios2-elf/4.1.2/../../../../nios2-elf/lib/mno-hw-mul\libsmallc.a(lib_a-writer.o)
 .debug_frame   0x000001e8       0x70 c:/altera/13.0sp1/nios2eds/bin/gnu/h-i686-mingw32/bin/../lib/gcc/nios2-elf/4.1.2/mno-hw-mul\libgcc.a(lib2-divmod.o)
 .debug_frame   0x00000258       0x20 c:/altera/13.0sp1/nios2eds/bin/gnu/h-i686-mingw32/bin/../lib/gcc/nios2-elf/4.1.2/mno-hw-mul\libgcc.a(lib2-mul.o)
 .debug_frame   0x00000278       0x48 ../Final_bsp/\libhal_bsp.a(alt_load.o)
 .debug_frame   0x000002c0       0x2c ../Final_bsp/\libhal_bsp.a(alt_main.o)
 .debug_frame   0x000002ec       0x48 ../Final_bsp/\libhal_bsp.a(alt_write.o)
 .debug_frame   0x00000334       0x64 ../Final_bsp/\libhal_bsp.a(alt_sys_init.o)
 .debug_frame   0x00000398       0x48 ../Final_bsp/\libhal_bsp.a(altera_avalon_jtag_uart_fd.o)
 .debug_frame   0x000003e0       0x2c ../Final_bsp/\libhal_bsp.a(altera_avalon_jtag_uart_read.o)
 .debug_frame   0x0000040c       0x2c ../Final_bsp/\libhal_bsp.a(altera_avalon_jtag_uart_write.o)
 .debug_frame   0x00000438       0x48 ../Final_bsp/\libhal_bsp.a(altera_avalon_timer_sc.o)
 .debug_frame   0x00000480       0x48 ../Final_bsp/\libhal_bsp.a(alt_close.o)
 .debug_frame   0x000004c8       0x2c ../Final_bsp/\libhal_bsp.a(alt_dcache_flush_all.o)
 .debug_frame   0x000004f4       0x2c ../Final_bsp/\libhal_bsp.a(alt_dev.o)
 .debug_frame   0x00000520       0x48 ../Final_bsp/\libhal_bsp.a(alt_dev_llist_insert.o)
 .debug_frame   0x00000568       0x2c ../Final_bsp/\libhal_bsp.a(alt_icache_flush_all.o)
 .debug_frame   0x00000594       0x80 ../Final_bsp/\libhal_bsp.a(alt_iic.o)
 .debug_frame   0x00000614       0x2c ../Final_bsp/\libhal_bsp.a(alt_iic_isr_register.o)
 .debug_frame   0x00000640       0x4c ../Final_bsp/\libhal_bsp.a(alt_io_redirect.o)
 .debug_frame   0x0000068c       0x2c ../Final_bsp/\libhal_bsp.a(alt_irq_handler.o)
 .debug_frame   0x000006b8       0x68 ../Final_bsp/\libhal_bsp.a(alt_open.o)
 .debug_frame   0x00000720       0x30 ../Final_bsp/\libhal_bsp.a(alt_release_fd.o)
 .debug_frame   0x00000750       0x48 ../Final_bsp/\libhal_bsp.a(alt_tick.o)
 .debug_frame   0x00000798       0x2c ../Final_bsp/\libhal_bsp.a(altera_nios2_qsys_irq.o)
 .debug_frame   0x000007c4       0x2c ../Final_bsp/\libhal_bsp.a(alt_find_dev.o)
 .debug_frame   0x000007f0       0x2c ../Final_bsp/\libhal_bsp.a(alt_find_file.o)
 .debug_frame   0x0000081c       0x30 ../Final_bsp/\libhal_bsp.a(alt_get_fd.o)
 .debug_frame   0x0000084c       0x2c c:/altera/13.0sp1/nios2eds/bin/gnu/h-i686-mingw32/bin/../lib/gcc/nios2-elf/4.1.2/../../../../nios2-elf/lib/mno-hw-mul\libsmallc.a(lib_a-exit.o)
 .debug_frame   0x00000878       0x20 c:/altera/13.0sp1/nios2eds/bin/gnu/h-i686-mingw32/bin/../lib/gcc/nios2-elf/4.1.2/../../../../nios2-elf/lib/mno-hw-mul\libsmallc.a(lib_a-memcmp.o)
 .debug_frame   0x00000898       0x4c c:/altera/13.0sp1/nios2eds/bin/gnu/h-i686-mingw32/bin/../lib/gcc/nios2-elf/4.1.2/../../../../nios2-elf/lib/mno-hw-mul\libsmallc.a(lib_a-__call_atexit.o)
 .debug_frame   0x000008e4       0x48 ../Final_bsp/\libhal_bsp.a(alt_exit.o)

.debug_str      0x00000000      0xe59
 *(.debug_str)
 .debug_str     0x00000000       0x12 obj/default/hello_world.o
 .debug_str     0x00000012      0x1ad c:/altera/13.0sp1/nios2eds/bin/gnu/h-i686-mingw32/bin/../lib/gcc/nios2-elf/4.1.2/mno-hw-mul\libgcc.a(_sf_to_df.o)
                                0x1f2 (size before relaxing)
 .debug_str     0x000001bf       0x2c c:/altera/13.0sp1/nios2eds/bin/gnu/h-i686-mingw32/bin/../lib/gcc/nios2-elf/4.1.2/mno-hw-mul\libgcc.a(_make_df.o)
                                0x1b9 (size before relaxing)
 .debug_str     0x000001eb        0xb c:/altera/13.0sp1/nios2eds/bin/gnu/h-i686-mingw32/bin/../lib/gcc/nios2-elf/4.1.2/mno-hw-mul\libgcc.a(_unpack_sf.o)
                                0x1e2 (size before relaxing)
 .debug_str     0x000001f6       0x2f c:/altera/13.0sp1/nios2eds/bin/gnu/h-i686-mingw32/bin/../lib/gcc/nios2-elf/4.1.2/mno-hw-mul\libgcc.a(_pack_df.o)
                                0x206 (size before relaxing)
 .debug_str     0x00000225      0x3b8 c:/altera/13.0sp1/nios2eds/bin/gnu/h-i686-mingw32/bin/../lib/gcc/nios2-elf/4.1.2/../../../../nios2-elf/lib/mno-hw-mul\libsmallc.a(lib_a-printf.o)
                                0x466 (size before relaxing)
 .debug_str     0x000005dd      0x168 c:/altera/13.0sp1/nios2eds/bin/gnu/h-i686-mingw32/bin/../lib/gcc/nios2-elf/4.1.2/../../../../nios2-elf/lib/mno-hw-mul\libsmallc.a(lib_a-vfprintf.o)
                                0x5af (size before relaxing)
 .debug_str     0x00000745       0x70 c:/altera/13.0sp1/nios2eds/bin/gnu/h-i686-mingw32/bin/../lib/gcc/nios2-elf/4.1.2/../../../../nios2-elf/lib/mno-hw-mul\libsmallc.a(lib_a-fvwrite_small_dev.o)
                                0x46a (size before relaxing)
 .debug_str     0x000007b5       0xf8 c:/altera/13.0sp1/nios2eds/bin/gnu/h-i686-mingw32/bin/../lib/gcc/nios2-elf/4.1.2/../../../../nios2-elf/lib/mno-hw-mul\libsmallc.a(lib_a-impure.o)
                                0x45d (size before relaxing)
 .debug_str     0x000008ad       0xe2 c:/altera/13.0sp1/nios2eds/bin/gnu/h-i686-mingw32/bin/../lib/gcc/nios2-elf/4.1.2/../../../../nios2-elf/lib/mno-hw-mul\libsmallc.a(lib_a-strlen.o)
                                0x184 (size before relaxing)
 .debug_str     0x0000098f       0x4f c:/altera/13.0sp1/nios2eds/bin/gnu/h-i686-mingw32/bin/../lib/gcc/nios2-elf/4.1.2/../../../../nios2-elf/lib/mno-hw-mul\libsmallc.a(lib_a-writer.o)
                                0x451 (size before relaxing)
 .debug_str     0x000009de       0x40 c:/altera/13.0sp1/nios2eds/bin/gnu/h-i686-mingw32/bin/../lib/gcc/nios2-elf/4.1.2/../../../../nios2-elf/lib/mno-hw-mul\libsmallc.a(lib_a-int_errno.o)
                                0x177 (size before relaxing)
 .debug_str     0x00000a1e       0x93 c:/altera/13.0sp1/nios2eds/bin/gnu/h-i686-mingw32/bin/../lib/gcc/nios2-elf/4.1.2/mno-hw-mul\libgcc.a(lib2-divmod.o)
                                0x1b4 (size before relaxing)
 .debug_str     0x00000ab1       0x37 c:/altera/13.0sp1/nios2eds/bin/gnu/h-i686-mingw32/bin/../lib/gcc/nios2-elf/4.1.2/mno-hw-mul\libgcc.a(lib2-mul.o)
                                0x175 (size before relaxing)
 .debug_str     0x00000ae8       0x12 ../Final_bsp/\libhal_bsp.a(alt_load.o)
 .debug_str     0x00000afa       0x12 ../Final_bsp/\libhal_bsp.a(alt_main.o)
 .debug_str     0x00000b0c       0x12 ../Final_bsp/\libhal_bsp.a(alt_write.o)
 .debug_str     0x00000b1e       0x12 ../Final_bsp/\libhal_bsp.a(alt_sys_init.o)
 .debug_str     0x00000b30       0x12 ../Final_bsp/\libhal_bsp.a(altera_avalon_jtag_uart_read.o)
 .debug_str     0x00000b42       0x12 ../Final_bsp/\libhal_bsp.a(altera_avalon_jtag_uart_write.o)
 .debug_str     0x00000b54       0x12 ../Final_bsp/\libhal_bsp.a(altera_avalon_timer_sc.o)
 .debug_str     0x00000b66       0x12 ../Final_bsp/\libhal_bsp.a(alt_close.o)
 .debug_str     0x00000b78       0x12 ../Final_bsp/\libhal_bsp.a(alt_dcache_flush_all.o)
 .debug_str     0x00000b8a       0x12 ../Final_bsp/\libhal_bsp.a(alt_dev.o)
 .debug_str     0x00000b9c       0x12 ../Final_bsp/\libhal_bsp.a(alt_dev_llist_insert.o)
 .debug_str     0x00000bae       0x12 ../Final_bsp/\libhal_bsp.a(alt_errno.o)
 .debug_str     0x00000bc0       0x12 ../Final_bsp/\libhal_bsp.a(alt_icache_flush_all.o)
 .debug_str     0x00000bd2       0x18 ../Final_bsp/\libhal_bsp.a(alt_iic.o)
 .debug_str     0x00000bea       0x1a ../Final_bsp/\libhal_bsp.a(alt_iic_isr_register.o)
 .debug_str     0x00000c04       0x12 ../Final_bsp/\libhal_bsp.a(alt_io_redirect.o)
 .debug_str     0x00000c16       0x12 ../Final_bsp/\libhal_bsp.a(alt_irq_handler.o)
 .debug_str     0x00000c28       0x12 ../Final_bsp/\libhal_bsp.a(alt_open.o)
 .debug_str     0x00000c3a       0x1a ../Final_bsp/\libhal_bsp.a(alt_tick.o)
 .debug_str     0x00000c54       0x12 ../Final_bsp/\libhal_bsp.a(altera_nios2_qsys_irq.o)
 .debug_str     0x00000c66       0x12 ../Final_bsp/\libhal_bsp.a(alt_find_dev.o)
 .debug_str     0x00000c78       0x12 ../Final_bsp/\libhal_bsp.a(alt_find_file.o)
 .debug_str     0x00000c8a       0x12 ../Final_bsp/\libhal_bsp.a(alt_get_fd.o)
 .debug_str     0x00000c9c       0xde c:/altera/13.0sp1/nios2eds/bin/gnu/h-i686-mingw32/bin/../lib/gcc/nios2-elf/4.1.2/../../../../nios2-elf/lib/mno-hw-mul\libsmallc.a(lib_a-exit.o)
                                0x178 (size before relaxing)
 .debug_str     0x00000d7a       0x45 c:/altera/13.0sp1/nios2eds/bin/gnu/h-i686-mingw32/bin/../lib/gcc/nios2-elf/4.1.2/../../../../nios2-elf/lib/mno-hw-mul\libsmallc.a(lib_a-memcmp.o)
                                0x17e (size before relaxing)
 .debug_str     0x00000dbf       0x7e c:/altera/13.0sp1/nios2eds/bin/gnu/h-i686-mingw32/bin/../lib/gcc/nios2-elf/4.1.2/../../../../nios2-elf/lib/mno-hw-mul\libsmallc.a(lib_a-__call_atexit.o)
                                0x491 (size before relaxing)
 .debug_str     0x00000e3d       0x1c ../Final_bsp/\libhal_bsp.a(alt_exit.o)

.debug_loc      0x00000000     0x18f8
 *(.debug_loc)
 .debug_loc     0x00000000       0x2b obj/default/hello_world.o
 .debug_loc     0x0000002b       0x32 c:/altera/13.0sp1/nios2eds/bin/gnu/h-i686-mingw32/bin/../lib/gcc/nios2-elf/4.1.2/mno-hw-mul\libgcc.a(_sf_to_df.o)
 .debug_loc     0x0000005d       0x58 c:/altera/13.0sp1/nios2eds/bin/gnu/h-i686-mingw32/bin/../lib/gcc/nios2-elf/4.1.2/mno-hw-mul\libgcc.a(_make_df.o)
 .debug_loc     0x000000b5       0x31 c:/altera/13.0sp1/nios2eds/bin/gnu/h-i686-mingw32/bin/../lib/gcc/nios2-elf/4.1.2/mno-hw-mul\libgcc.a(_unpack_sf.o)
 .debug_loc     0x000000e6      0x184 c:/altera/13.0sp1/nios2eds/bin/gnu/h-i686-mingw32/bin/../lib/gcc/nios2-elf/4.1.2/mno-hw-mul\libgcc.a(_pack_df.o)
 .debug_loc     0x0000026a       0x8d c:/altera/13.0sp1/nios2eds/bin/gnu/h-i686-mingw32/bin/../lib/gcc/nios2-elf/4.1.2/../../../../nios2-elf/lib/mno-hw-mul\libsmallc.a(lib_a-printf.o)
 .debug_loc     0x000002f7      0x878 c:/altera/13.0sp1/nios2eds/bin/gnu/h-i686-mingw32/bin/../lib/gcc/nios2-elf/4.1.2/../../../../nios2-elf/lib/mno-hw-mul\libsmallc.a(lib_a-vfprintf.o)
 .debug_loc     0x00000b6f      0x162 c:/altera/13.0sp1/nios2eds/bin/gnu/h-i686-mingw32/bin/../lib/gcc/nios2-elf/4.1.2/../../../../nios2-elf/lib/mno-hw-mul\libsmallc.a(lib_a-fvwrite_small_dev.o)
 .debug_loc     0x00000cd1       0x1e c:/altera/13.0sp1/nios2eds/bin/gnu/h-i686-mingw32/bin/../lib/gcc/nios2-elf/4.1.2/../../../../nios2-elf/lib/mno-hw-mul\libsmallc.a(lib_a-strlen.o)
 .debug_loc     0x00000cef       0x97 c:/altera/13.0sp1/nios2eds/bin/gnu/h-i686-mingw32/bin/../lib/gcc/nios2-elf/4.1.2/../../../../nios2-elf/lib/mno-hw-mul\libsmallc.a(lib_a-writer.o)
 .debug_loc     0x00000d86      0x1d2 c:/altera/13.0sp1/nios2eds/bin/gnu/h-i686-mingw32/bin/../lib/gcc/nios2-elf/4.1.2/mno-hw-mul\libgcc.a(lib2-divmod.o)
 .debug_loc     0x00000f58       0x4f c:/altera/13.0sp1/nios2eds/bin/gnu/h-i686-mingw32/bin/../lib/gcc/nios2-elf/4.1.2/mno-hw-mul\libgcc.a(lib2-mul.o)
 .debug_loc     0x00000fa7       0x56 ../Final_bsp/\libhal_bsp.a(alt_load.o)
 .debug_loc     0x00000ffd       0x2b ../Final_bsp/\libhal_bsp.a(alt_main.o)
 .debug_loc     0x00001028       0x56 ../Final_bsp/\libhal_bsp.a(alt_write.o)
 .debug_loc     0x0000107e       0x81 ../Final_bsp/\libhal_bsp.a(alt_sys_init.o)
 .debug_loc     0x000010ff       0x56 ../Final_bsp/\libhal_bsp.a(altera_avalon_jtag_uart_fd.o)
 .debug_loc     0x00001155       0x2b ../Final_bsp/\libhal_bsp.a(altera_avalon_jtag_uart_read.o)
 .debug_loc     0x00001180       0x2b ../Final_bsp/\libhal_bsp.a(altera_avalon_jtag_uart_write.o)
 .debug_loc     0x000011ab       0x56 ../Final_bsp/\libhal_bsp.a(altera_avalon_timer_sc.o)
 .debug_loc     0x00001201       0x56 ../Final_bsp/\libhal_bsp.a(alt_close.o)
 .debug_loc     0x00001257       0x2b ../Final_bsp/\libhal_bsp.a(alt_dcache_flush_all.o)
 .debug_loc     0x00001282       0x2b ../Final_bsp/\libhal_bsp.a(alt_dev.o)
 .debug_loc     0x000012ad       0x56 ../Final_bsp/\libhal_bsp.a(alt_dev_llist_insert.o)
 .debug_loc     0x00001303       0x2b ../Final_bsp/\libhal_bsp.a(alt_icache_flush_all.o)
 .debug_loc     0x0000132e       0xac ../Final_bsp/\libhal_bsp.a(alt_iic.o)
 .debug_loc     0x000013da       0x2b ../Final_bsp/\libhal_bsp.a(alt_iic_isr_register.o)
 .debug_loc     0x00001405       0x56 ../Final_bsp/\libhal_bsp.a(alt_io_redirect.o)
 .debug_loc     0x0000145b       0x2b ../Final_bsp/\libhal_bsp.a(alt_irq_handler.o)
 .debug_loc     0x00001486       0x81 ../Final_bsp/\libhal_bsp.a(alt_open.o)
 .debug_loc     0x00001507       0x2b ../Final_bsp/\libhal_bsp.a(alt_release_fd.o)
 .debug_loc     0x00001532       0x56 ../Final_bsp/\libhal_bsp.a(alt_tick.o)
 .debug_loc     0x00001588       0x2b ../Final_bsp/\libhal_bsp.a(altera_nios2_qsys_irq.o)
 .debug_loc     0x000015b3       0x2b ../Final_bsp/\libhal_bsp.a(alt_find_dev.o)
 .debug_loc     0x000015de       0x2b ../Final_bsp/\libhal_bsp.a(alt_find_file.o)
 .debug_loc     0x00001609       0x2b ../Final_bsp/\libhal_bsp.a(alt_get_fd.o)
 .debug_loc     0x00001634       0x3d c:/altera/13.0sp1/nios2eds/bin/gnu/h-i686-mingw32/bin/../lib/gcc/nios2-elf/4.1.2/../../../../nios2-elf/lib/mno-hw-mul\libsmallc.a(lib_a-exit.o)
 .debug_loc     0x00001671       0x70 c:/altera/13.0sp1/nios2eds/bin/gnu/h-i686-mingw32/bin/../lib/gcc/nios2-elf/4.1.2/../../../../nios2-elf/lib/mno-hw-mul\libsmallc.a(lib_a-memcmp.o)
 .debug_loc     0x000016e1      0x1c1 c:/altera/13.0sp1/nios2eds/bin/gnu/h-i686-mingw32/bin/../lib/gcc/nios2-elf/4.1.2/../../../../nios2-elf/lib/mno-hw-mul\libsmallc.a(lib_a-__call_atexit.o)
 .debug_loc     0x000018a2       0x56 ../Final_bsp/\libhal_bsp.a(alt_exit.o)

.debug_macinfo
 *(.debug_macinfo)

.debug_weaknames
 *(.debug_weaknames)

.debug_funcnames
 *(.debug_funcnames)

.debug_typenames
 *(.debug_typenames)

.debug_varnames
 *(.debug_varnames)

.debug_alt_sim_info
                0x00000000       0x10
 *(.debug_alt_sim_info)
 .debug_alt_sim_info
                0x00000000       0x10 ../Final_bsp//obj/HAL/src/crt0.o
                0x00008000                __alt_data_end = 0x8000
                0x00008000                PROVIDE (__alt_stack_pointer, __alt_data_end)
                0x00007074                PROVIDE (__alt_stack_limit, __alt_stack_base)
                0x00007074                PROVIDE (__alt_heap_start, end)
                0x00008000                PROVIDE (__alt_heap_limit, 0x8000)
OUTPUT(Final.elf elf32-littlenios2)

.debug_ranges   0x00000000      0x1f8
 .debug_ranges  0x00000000       0x20 ../Final_bsp//obj/HAL/src/crt0.o
 .debug_ranges  0x00000020       0x28 c:/altera/13.0sp1/nios2eds/bin/gnu/h-i686-mingw32/bin/../lib/gcc/nios2-elf/4.1.2/mno-hw-mul\libgcc.a(_pack_df.o)
 .debug_ranges  0x00000048      0x140 c:/altera/13.0sp1/nios2eds/bin/gnu/h-i686-mingw32/bin/../lib/gcc/nios2-elf/4.1.2/../../../../nios2-elf/lib/mno-hw-mul\libsmallc.a(lib_a-vfprintf.o)
 .debug_ranges  0x00000188       0x28 ../Final_bsp/\libhal_bsp.a(alt_irq_entry.o)
 .debug_ranges  0x000001b0       0x30 ../Final_bsp/\libhal_bsp.a(alt_exception_entry.o)
 .debug_ranges  0x000001e0       0x18 c:/altera/13.0sp1/nios2eds/bin/gnu/h-i686-mingw32/bin/../lib/gcc/nios2-elf/4.1.2/../../../../nios2-elf/lib/mno-hw-mul\libsmallc.a(lib_a-__call_atexit.o)
